[0.051s] Invoking command in '/home/unitree/go2slam/build/go2_description': CMAKE_PREFIX_PATH=${CMAKE_PREFIX_PATH}:/opt/ros/jazzy /usr/bin/cmake --build /home/unitree/go2slam/build/go2_description -- -j6 -l6
[0.187s] Invoked command in '/home/unitree/go2slam/build/go2_description' returned '0': CMAKE_PREFIX_PATH=${CMAKE_PREFIX_PATH}:/opt/ros/jazzy /usr/bin/cmake --build /home/unitree/go2slam/build/go2_description -- -j6 -l6
[0.277s] Invoking command in '/home/unitree/go2slam/build/go2_description': CMAKE_PREFIX_PATH=${CMAKE_PREFIX_PATH}:/opt/ros/jazzy /usr/bin/cmake --install /home/unitree/go2slam/build/go2_description
[0.330s] -- Install configuration: ""
[0.337s] -- Up-to-date: /home/unitree/go2slam/install/go2_description/share/go2_description/launch
[0.338s] -- Up-to-date: /home/unitree/go2slam/install/go2_description/share/go2_description/launch/display.launch.py
[0.339s] -- Up-to-date: /home/unitree/go2slam/install/go2_description/share/go2_description/launch/__pycache__
[0.341s] -- Up-to-date: /home/unitree/go2slam/install/go2_description/share/go2_description/launch/__pycache__/display.launch.cpython-312.pyc
[0.343s] -- Up-to-date: /home/unitree/go2slam/install/go2_description/share/go2_description/urdf
[0.343s] -- Up-to-date: /home/unitree/go2slam/install/go2_description/share/go2_description/urdf/Amended_collision_model.png
[0.350s] -- Up-to-date: /home/unitree/go2slam/install/go2_description/share/go2_description/urdf/Normal_collision_model.png
[0.350s] -- Up-to-date: /home/unitree/go2slam/install/go2_description/share/go2_description/urdf/go2_description.urdf
[0.351s] -- Up-to-date: /home/unitree/go2slam/install/go2_description/share/go2_description/urdf/.history
[0.356s] -- Up-to-date: /home/unitree/go2slam/install/go2_description/share/go2_description/urdf/.history/go2_description_20230905115226.urdf
[0.356s] -- Up-to-date: /home/unitree/go2slam/install/go2_description/share/go2_description/urdf/.history/go2_description_20230905112752.urdf
[0.357s] -- Up-to-date: /home/unitree/go2slam/install/go2_description/share/go2_description/urdf/.history/go2_description_20230905115300.urdf
[0.358s] -- Up-to-date: /home/unitree/go2slam/install/go2_description/share/go2_description/urdf/.history/go2_description_20230905112944.urdf
[0.358s] -- Up-to-date: /home/unitree/go2slam/install/go2_description/share/go2_description/urdf/.history/go2_description_20230904193711.urdf
[0.359s] -- Up-to-date: /home/unitree/go2slam/install/go2_description/share/go2_description/urdf/.history/go2_description_20230905112143.urdf
[0.359s] -- Up-to-date: /home/unitree/go2slam/install/go2_description/share/go2_description/urdf/.history/go2_description_20230905113633.urdf
[0.360s] -- Up-to-date: /home/unitree/go2slam/install/go2_description/share/go2_description/urdf/.history/go2_description_20230905112749.urdf
[0.361s] -- Up-to-date: /home/unitree/go2slam/install/go2_description/share/go2_description/urdf/.history/go2_description_20230904144240.urdf
[0.361s] -- Up-to-date: /home/unitree/go2slam/install/go2_description/share/go2_description/urdf/.history/go2_description_20230905115022.urdf
[0.362s] -- Up-to-date: /home/unitree/go2slam/install/go2_description/share/go2_description/urdf/.history/go2_description_20230905113754.urdf
[0.363s] -- Up-to-date: /home/unitree/go2slam/install/go2_description/share/go2_description/urdf/.history/go2_description_20230905114759.urdf
[0.363s] -- Up-to-date: /home/unitree/go2slam/install/go2_description/share/go2_description/urdf/.history/go2_description_20230905113000.urdf
[0.364s] -- Up-to-date: /home/unitree/go2slam/install/go2_description/share/go2_description/urdf/.history/go2_description_20230904182446.urdf
[0.364s] -- Up-to-date: /home/unitree/go2slam/install/go2_description/share/go2_description/urdf/.history/go2_description_20230904193653.urdf
[0.365s] -- Up-to-date: /home/unitree/go2slam/install/go2_description/share/go2_description/urdf/.history/go2_description_20230904193710.urdf
[0.365s] -- Up-to-date: /home/unitree/go2slam/install/go2_description/share/go2_description/urdf/.history/go2_description_20230905113059.urdf
[0.366s] -- Up-to-date: /home/unitree/go2slam/install/go2_description/share/go2_description/urdf/.history/go2_description_20230905112735.urdf
[0.366s] -- Up-to-date: /home/unitree/go2slam/install/go2_description/share/go2_description/urdf/.history/go2_description_20230905112047.urdf
[0.366s] -- Up-to-date: /home/unitree/go2slam/install/go2_description/share/go2_description/urdf/.history/go2_description_20230905113755.urdf
[0.367s] -- Up-to-date: /home/unitree/go2slam/install/go2_description/share/go2_description/urdf/.history/go2_description_20230905113840.urdf
[0.367s] -- Up-to-date: /home/unitree/go2slam/install/go2_description/share/go2_description/urdf/.history/go2_description_20230905115040.urdf
[0.367s] -- Up-to-date: /home/unitree/go2slam/install/go2_description/share/go2_description/urdf/.history/go2_description_20230904193644.urdf
[0.367s] -- Up-to-date: /home/unitree/go2slam/install/go2_description/share/go2_description/urdf/.history/go2_description_20230905112217.urdf
[0.367s] -- Up-to-date: /home/unitree/go2slam/install/go2_description/share/go2_description/urdf/.history/go2_description_20230904193705.urdf
[0.368s] -- Up-to-date: /home/unitree/go2slam/install/go2_description/share/go2_description/urdf/.history/go2_description_20230905114819.urdf
[0.368s] -- Up-to-date: /home/unitree/go2slam/install/go2_description/share/go2_description/urdf/.history/go2_description_20230905115021.urdf
[0.368s] -- Up-to-date: /home/unitree/go2slam/install/go2_description/share/go2_description/urdf/.history/go2_description_20230905115313.urdf
[0.368s] -- Up-to-date: /home/unitree/go2slam/install/go2_description/share/go2_description/urdf/.history/go2_description_20230904193628.urdf
[0.368s] -- Up-to-date: /home/unitree/go2slam/install/go2_description/share/go2_description/urdf/.history/go2_description_20230905113839.urdf
[0.368s] -- Up-to-date: /home/unitree/go2slam/install/go2_description/share/go2_description/urdf/.history/go2_description_20230905115215.urdf
[0.369s] -- Up-to-date: /home/unitree/go2slam/install/go2_description/share/go2_description/dae
[0.369s] -- Up-to-date: /home/unitree/go2slam/install/go2_description/share/go2_description/dae/hip.dae
[0.369s] -- Up-to-date: /home/unitree/go2slam/install/go2_description/share/go2_description/dae/calf_mirror.dae
[0.369s] -- Up-to-date: /home/unitree/go2slam/install/go2_description/share/go2_description/dae/base.dae
[0.369s] -- Up-to-date: /home/unitree/go2slam/install/go2_description/share/go2_description/dae/thigh.dae
[0.369s] -- Up-to-date: /home/unitree/go2slam/install/go2_description/share/go2_description/dae/foot.dae
[0.370s] -- Up-to-date: /home/unitree/go2slam/install/go2_description/share/go2_description/dae/calf.dae
[0.370s] -- Up-to-date: /home/unitree/go2slam/install/go2_description/share/go2_description/dae/thigh_mirror.dae
[0.370s] -- Up-to-date: /home/unitree/go2slam/install/go2_description/share/go2_description/meshes
[0.370s] -- Up-to-date: /home/unitree/go2slam/install/go2_description/share/go2_description/meshes/hip.dae
[0.370s] -- Up-to-date: /home/unitree/go2slam/install/go2_description/share/go2_description/meshes/calf_mirror.dae
[0.370s] -- Up-to-date: /home/unitree/go2slam/install/go2_description/share/go2_description/meshes/thigh.dae
[0.371s] -- Up-to-date: /home/unitree/go2slam/install/go2_description/share/go2_description/meshes/trunk.dae
[0.371s] -- Up-to-date: /home/unitree/go2slam/install/go2_description/share/go2_description/meshes/foot.dae
[0.371s] -- Up-to-date: /home/unitree/go2slam/install/go2_description/share/go2_description/meshes/calf.dae
[0.371s] -- Up-to-date: /home/unitree/go2slam/install/go2_description/share/go2_description/meshes/thigh_mirror.dae
[0.372s] -- Up-to-date: /home/unitree/go2slam/install/go2_description/share/ament_index/resource_index/package_run_dependencies/go2_description
[0.372s] -- Up-to-date: /home/unitree/go2slam/install/go2_description/share/ament_index/resource_index/parent_prefix_path/go2_description
[0.372s] -- Up-to-date: /home/unitree/go2slam/install/go2_description/share/go2_description/environment/ament_prefix_path.sh
[0.372s] -- Up-to-date: /home/unitree/go2slam/install/go2_description/share/go2_description/environment/ament_prefix_path.dsv
[0.372s] -- Up-to-date: /home/unitree/go2slam/install/go2_description/share/go2_description/environment/path.sh
[0.372s] -- Up-to-date: /home/unitree/go2slam/install/go2_description/share/go2_description/environment/path.dsv
[0.372s] -- Up-to-date: /home/unitree/go2slam/install/go2_description/share/go2_description/local_setup.bash
[0.373s] -- Up-to-date: /home/unitree/go2slam/install/go2_description/share/go2_description/local_setup.sh
[0.373s] -- Up-to-date: /home/unitree/go2slam/install/go2_description/share/go2_description/local_setup.zsh
[0.373s] -- Up-to-date: /home/unitree/go2slam/install/go2_description/share/go2_description/local_setup.dsv
[0.373s] -- Installing: /home/unitree/go2slam/install/go2_description/share/go2_description/package.dsv
[0.373s] -- Up-to-date: /home/unitree/go2slam/install/go2_description/share/ament_index/resource_index/packages/go2_description
[0.373s] -- Up-to-date: /home/unitree/go2slam/install/go2_description/share/go2_description/cmake/go2_descriptionConfig.cmake
[0.374s] -- Up-to-date: /home/unitree/go2slam/install/go2_description/share/go2_description/cmake/go2_descriptionConfig-version.cmake
[0.374s] -- Up-to-date: /home/unitree/go2slam/install/go2_description/share/go2_description/package.xml
[0.411s] Invoked command in '/home/unitree/go2slam/build/go2_description' returned '0': CMAKE_PREFIX_PATH=${CMAKE_PREFIX_PATH}:/opt/ros/jazzy /usr/bin/cmake --install /home/unitree/go2slam/build/go2_description
