[0.059s] Invoking command in '/home/unitree/go2slam/build/unitree_hg': CMAKE_PREFIX_PATH=${CMAKE_PREFIX_PATH}:/opt/ros/jazzy /usr/bin/cmake --build /home/unitree/go2slam/build/unitree_hg -- -j6 -l6
[0.586s] [  1%] Built target unitree_hg__dds_connext_idl
[0.623s] [  2%] Built target unitree_hg__rosidl_generator_type_description
[0.637s] [  3%] Built target unitree_hg__rs
[0.715s] [  3%] Built target unitree_hg__cpp
[0.732s] [  3%] Built target ament_cmake_python_copy_unitree_hg
[0.783s] [ 28%] Built target unitree_hg__rosidl_generator_c
[0.965s] [ 38%] Built target unitree_hg__rosidl_typesupport_fastrtps_c
[0.967s] [ 48%] Built target unitree_hg__rosidl_typesupport_c
[1.044s] [ 57%] Built target unitree_hg__rosidl_typesupport_introspection_cpp
[1.063s] [ 66%] Built target unitree_hg__rosidl_typesupport_fastrtps_cpp
[1.069s] [ 76%] Built target unitree_hg__rosidl_typesupport_introspection_c
[1.099s] [ 85%] Built target unitree_hg__rosidl_typesupport_cpp
[1.190s] [ 85%] Built target unitree_hg
[1.261s] [ 86%] Built target unitree_hg__py
[1.375s] [ 95%] Built target unitree_hg__rosidl_generator_py
[1.453s] running egg_info
[1.553s] [ 97%] Built target unitree_hg_s__rosidl_typesupport_introspection_c
[1.554s] [ 98%] Built target unitree_hg_s__rosidl_typesupport_fastrtps_c
[1.570s] [100%] Built target unitree_hg_s__rosidl_typesupport_c
[1.644s] writing unitree_hg.egg-info/PKG-INFO
[1.645s] writing dependency_links to unitree_hg.egg-info/dependency_links.txt
[1.645s] writing top-level names to unitree_hg.egg-info/top_level.txt
[1.856s] reading manifest file 'unitree_hg.egg-info/SOURCES.txt'
[1.857s] writing manifest file 'unitree_hg.egg-info/SOURCES.txt'
[1.938s] [100%] Built target ament_cmake_python_build_unitree_hg_egg
[1.958s] Invoked command in '/home/unitree/go2slam/build/unitree_hg' returned '0': CMAKE_PREFIX_PATH=${CMAKE_PREFIX_PATH}:/opt/ros/jazzy /usr/bin/cmake --build /home/unitree/go2slam/build/unitree_hg -- -j6 -l6
[1.960s] Invoking command in '/home/unitree/go2slam/build/unitree_hg': CMAKE_PREFIX_PATH=${CMAKE_PREFIX_PATH}:/opt/ros/jazzy /usr/bin/cmake --install /home/unitree/go2slam/build/unitree_hg
[1.985s] -- Install configuration: ""
[1.987s] -- Up-to-date: /home/unitree/go2slam/install/unitree_hg/share/ament_index/resource_index/rosidl_interfaces/unitree_hg
[1.996s] -- Up-to-date: /home/unitree/go2slam/install/unitree_hg/share/unitree_hg/msg/BmsCmd.json
[2.000s] -- Up-to-date: /home/unitree/go2slam/install/unitree_hg/share/unitree_hg/msg/BmsState.json
[2.000s] -- Up-to-date: /home/unitree/go2slam/install/unitree_hg/share/unitree_hg/msg/HandCmd.json
[2.001s] -- Up-to-date: /home/unitree/go2slam/install/unitree_hg/share/unitree_hg/msg/HandState.json
[2.001s] -- Up-to-date: /home/unitree/go2slam/install/unitree_hg/share/unitree_hg/msg/IMUState.json
[2.001s] -- Up-to-date: /home/unitree/go2slam/install/unitree_hg/share/unitree_hg/msg/LowCmd.json
[2.001s] -- Up-to-date: /home/unitree/go2slam/install/unitree_hg/share/unitree_hg/msg/LowState.json
[2.001s] -- Up-to-date: /home/unitree/go2slam/install/unitree_hg/share/unitree_hg/msg/MainBoardState.json
[2.002s] -- Up-to-date: /home/unitree/go2slam/install/unitree_hg/share/unitree_hg/msg/MotorCmd.json
[2.002s] -- Up-to-date: /home/unitree/go2slam/install/unitree_hg/share/unitree_hg/msg/MotorState.json
[2.002s] -- Up-to-date: /home/unitree/go2slam/install/unitree_hg/share/unitree_hg/msg/PressSensorState.json
[2.002s] -- Up-to-date: /home/unitree/go2slam/install/unitree_hg/include/unitree_hg/unitree_hg
[2.002s] -- Up-to-date: /home/unitree/go2slam/install/unitree_hg/include/unitree_hg/unitree_hg/msg
[2.002s] -- Up-to-date: /home/unitree/go2slam/install/unitree_hg/include/unitree_hg/unitree_hg/msg/hand_state.h
[2.003s] -- Up-to-date: /home/unitree/go2slam/install/unitree_hg/include/unitree_hg/unitree_hg/msg/low_cmd.h
[2.012s] -- Up-to-date: /home/unitree/go2slam/install/unitree_hg/include/unitree_hg/unitree_hg/msg/bms_state.h
[2.017s] -- Up-to-date: /home/unitree/go2slam/install/unitree_hg/include/unitree_hg/unitree_hg/msg/rosidl_generator_c__visibility_control.h
[2.018s] -- Up-to-date: /home/unitree/go2slam/install/unitree_hg/include/unitree_hg/unitree_hg/msg/motor_cmd.h
[2.018s] -- Up-to-date: /home/unitree/go2slam/install/unitree_hg/include/unitree_hg/unitree_hg/msg/press_sensor_state.h
[2.019s] -- Up-to-date: /home/unitree/go2slam/install/unitree_hg/include/unitree_hg/unitree_hg/msg/detail
[2.019s] -- Up-to-date: /home/unitree/go2slam/install/unitree_hg/include/unitree_hg/unitree_hg/msg/detail/motor_cmd__functions.c
[2.020s] -- Up-to-date: /home/unitree/go2slam/install/unitree_hg/include/unitree_hg/unitree_hg/msg/detail/imu_state__functions.c
[2.020s] -- Installing: /home/unitree/go2slam/install/unitree_hg/include/unitree_hg/unitree_hg/msg/detail/hand_state__type_support.c
[2.021s] -- Installing: /home/unitree/go2slam/install/unitree_hg/include/unitree_hg/unitree_hg/msg/detail/bms_cmd__type_support.c
[2.021s] -- Up-to-date: /home/unitree/go2slam/install/unitree_hg/include/unitree_hg/unitree_hg/msg/detail/bms_cmd__struct.h
[2.021s] -- Up-to-date: /home/unitree/go2slam/install/unitree_hg/include/unitree_hg/unitree_hg/msg/detail/main_board_state__functions.c
[2.022s] -- Up-to-date: /home/unitree/go2slam/install/unitree_hg/include/unitree_hg/unitree_hg/msg/detail/imu_state__description.c
[2.022s] -- Up-to-date: /home/unitree/go2slam/install/unitree_hg/include/unitree_hg/unitree_hg/msg/detail/hand_state__functions.h
[2.022s] -- Installing: /home/unitree/go2slam/install/unitree_hg/include/unitree_hg/unitree_hg/msg/detail/low_state__type_support.c
[2.023s] -- Up-to-date: /home/unitree/go2slam/install/unitree_hg/include/unitree_hg/unitree_hg/msg/detail/hand_state__type_support.h
[2.023s] -- Installing: /home/unitree/go2slam/install/unitree_hg/include/unitree_hg/unitree_hg/msg/detail/imu_state__type_support.c
[2.023s] -- Up-to-date: /home/unitree/go2slam/install/unitree_hg/include/unitree_hg/unitree_hg/msg/detail/low_state__struct.h
[2.024s] -- Up-to-date: /home/unitree/go2slam/install/unitree_hg/include/unitree_hg/unitree_hg/msg/detail/low_state__type_support.h
[2.024s] -- Up-to-date: /home/unitree/go2slam/install/unitree_hg/include/unitree_hg/unitree_hg/msg/detail/low_state__description.c
[2.024s] -- Up-to-date: /home/unitree/go2slam/install/unitree_hg/include/unitree_hg/unitree_hg/msg/detail/press_sensor_state__struct.h
[2.025s] -- Up-to-date: /home/unitree/go2slam/install/unitree_hg/include/unitree_hg/unitree_hg/msg/detail/hand_state__description.c
[2.025s] -- Up-to-date: /home/unitree/go2slam/install/unitree_hg/include/unitree_hg/unitree_hg/msg/detail/hand_state__struct.h
[2.025s] -- Up-to-date: /home/unitree/go2slam/install/unitree_hg/include/unitree_hg/unitree_hg/msg/detail/motor_state__description.c
[2.026s] -- Up-to-date: /home/unitree/go2slam/install/unitree_hg/include/unitree_hg/unitree_hg/msg/detail/main_board_state__description.c
[2.026s] -- Up-to-date: /home/unitree/go2slam/install/unitree_hg/include/unitree_hg/unitree_hg/msg/detail/low_cmd__description.c
[2.026s] -- Installing: /home/unitree/go2slam/install/unitree_hg/include/unitree_hg/unitree_hg/msg/detail/low_cmd__type_support.c
[2.026s] -- Up-to-date: /home/unitree/go2slam/install/unitree_hg/include/unitree_hg/unitree_hg/msg/detail/hand_cmd__functions.h
[2.027s] -- Up-to-date: /home/unitree/go2slam/install/unitree_hg/include/unitree_hg/unitree_hg/msg/detail/motor_state__struct.h
[2.027s] -- Up-to-date: /home/unitree/go2slam/install/unitree_hg/include/unitree_hg/unitree_hg/msg/detail/low_cmd__type_support.h
[2.027s] -- Up-to-date: /home/unitree/go2slam/install/unitree_hg/include/unitree_hg/unitree_hg/msg/detail/main_board_state__type_support.h
[2.028s] -- Up-to-date: /home/unitree/go2slam/install/unitree_hg/include/unitree_hg/unitree_hg/msg/detail/bms_cmd__type_support.h
[2.028s] -- Up-to-date: /home/unitree/go2slam/install/unitree_hg/include/unitree_hg/unitree_hg/msg/detail/motor_cmd__type_support.h
[2.028s] -- Up-to-date: /home/unitree/go2slam/install/unitree_hg/include/unitree_hg/unitree_hg/msg/detail/press_sensor_state__functions.h
[2.029s] -- Up-to-date: /home/unitree/go2slam/install/unitree_hg/include/unitree_hg/unitree_hg/msg/detail/press_sensor_state__functions.c
[2.029s] -- Up-to-date: /home/unitree/go2slam/install/unitree_hg/include/unitree_hg/unitree_hg/msg/detail/motor_cmd__description.c
[2.029s] -- Up-to-date: /home/unitree/go2slam/install/unitree_hg/include/unitree_hg/unitree_hg/msg/detail/bms_cmd__functions.h
[2.030s] -- Up-to-date: /home/unitree/go2slam/install/unitree_hg/include/unitree_hg/unitree_hg/msg/detail/press_sensor_state__description.c
[2.030s] -- Up-to-date: /home/unitree/go2slam/install/unitree_hg/include/unitree_hg/unitree_hg/msg/detail/bms_state__functions.c
[2.030s] -- Up-to-date: /home/unitree/go2slam/install/unitree_hg/include/unitree_hg/unitree_hg/msg/detail/motor_state__functions.h
[2.031s] -- Up-to-date: /home/unitree/go2slam/install/unitree_hg/include/unitree_hg/unitree_hg/msg/detail/low_state__functions.c
[2.031s] -- Up-to-date: /home/unitree/go2slam/install/unitree_hg/include/unitree_hg/unitree_hg/msg/detail/bms_state__description.c
[2.031s] -- Up-to-date: /home/unitree/go2slam/install/unitree_hg/include/unitree_hg/unitree_hg/msg/detail/imu_state__type_support.h
[2.031s] -- Installing: /home/unitree/go2slam/install/unitree_hg/include/unitree_hg/unitree_hg/msg/detail/main_board_state__type_support.c
[2.032s] -- Up-to-date: /home/unitree/go2slam/install/unitree_hg/include/unitree_hg/unitree_hg/msg/detail/low_cmd__functions.h
[2.032s] -- Up-to-date: /home/unitree/go2slam/install/unitree_hg/include/unitree_hg/unitree_hg/msg/detail/motor_cmd__functions.h
[2.032s] -- Up-to-date: /home/unitree/go2slam/install/unitree_hg/include/unitree_hg/unitree_hg/msg/detail/main_board_state__struct.h
[2.032s] -- Installing: /home/unitree/go2slam/install/unitree_hg/include/unitree_hg/unitree_hg/msg/detail/motor_state__type_support.c
[2.033s] -- Up-to-date: /home/unitree/go2slam/install/unitree_hg/include/unitree_hg/unitree_hg/msg/detail/bms_state__struct.h
[2.033s] -- Up-to-date: /home/unitree/go2slam/install/unitree_hg/include/unitree_hg/unitree_hg/msg/detail/hand_cmd__type_support.h
[2.033s] -- Up-to-date: /home/unitree/go2slam/install/unitree_hg/include/unitree_hg/unitree_hg/msg/detail/press_sensor_state__type_support.h
[2.033s] -- Up-to-date: /home/unitree/go2slam/install/unitree_hg/include/unitree_hg/unitree_hg/msg/detail/bms_state__type_support.h
[2.034s] -- Up-to-date: /home/unitree/go2slam/install/unitree_hg/include/unitree_hg/unitree_hg/msg/detail/bms_cmd__description.c
[2.034s] -- Installing: /home/unitree/go2slam/install/unitree_hg/include/unitree_hg/unitree_hg/msg/detail/press_sensor_state__type_support.c
[2.034s] -- Installing: /home/unitree/go2slam/install/unitree_hg/include/unitree_hg/unitree_hg/msg/detail/motor_cmd__type_support.c
[2.034s] -- Up-to-date: /home/unitree/go2slam/install/unitree_hg/include/unitree_hg/unitree_hg/msg/detail/bms_state__functions.h
[2.034s] -- Up-to-date: /home/unitree/go2slam/install/unitree_hg/include/unitree_hg/unitree_hg/msg/detail/main_board_state__functions.h
[2.036s] -- Installing: /home/unitree/go2slam/install/unitree_hg/include/unitree_hg/unitree_hg/msg/detail/bms_state__type_support.c
[2.036s] -- Up-to-date: /home/unitree/go2slam/install/unitree_hg/include/unitree_hg/unitree_hg/msg/detail/hand_cmd__functions.c
[2.036s] -- Up-to-date: /home/unitree/go2slam/install/unitree_hg/include/unitree_hg/unitree_hg/msg/detail/hand_cmd__description.c
[2.037s] -- Up-to-date: /home/unitree/go2slam/install/unitree_hg/include/unitree_hg/unitree_hg/msg/detail/low_cmd__struct.h
[2.037s] -- Up-to-date: /home/unitree/go2slam/install/unitree_hg/include/unitree_hg/unitree_hg/msg/detail/imu_state__functions.h
[2.037s] -- Up-to-date: /home/unitree/go2slam/install/unitree_hg/include/unitree_hg/unitree_hg/msg/detail/bms_cmd__functions.c
[2.037s] -- Up-to-date: /home/unitree/go2slam/install/unitree_hg/include/unitree_hg/unitree_hg/msg/detail/low_cmd__functions.c
[2.038s] -- Up-to-date: /home/unitree/go2slam/install/unitree_hg/include/unitree_hg/unitree_hg/msg/detail/imu_state__struct.h
[2.038s] -- Up-to-date: /home/unitree/go2slam/install/unitree_hg/include/unitree_hg/unitree_hg/msg/detail/motor_state__functions.c
[2.039s] -- Up-to-date: /home/unitree/go2slam/install/unitree_hg/include/unitree_hg/unitree_hg/msg/detail/low_state__functions.h
[2.040s] -- Up-to-date: /home/unitree/go2slam/install/unitree_hg/include/unitree_hg/unitree_hg/msg/detail/hand_cmd__struct.h
[2.040s] -- Up-to-date: /home/unitree/go2slam/install/unitree_hg/include/unitree_hg/unitree_hg/msg/detail/motor_state__type_support.h
[2.040s] -- Up-to-date: /home/unitree/go2slam/install/unitree_hg/include/unitree_hg/unitree_hg/msg/detail/motor_cmd__struct.h
[2.040s] -- Up-to-date: /home/unitree/go2slam/install/unitree_hg/include/unitree_hg/unitree_hg/msg/detail/hand_state__functions.c
[2.040s] -- Installing: /home/unitree/go2slam/install/unitree_hg/include/unitree_hg/unitree_hg/msg/detail/hand_cmd__type_support.c
[2.041s] -- Up-to-date: /home/unitree/go2slam/install/unitree_hg/include/unitree_hg/unitree_hg/msg/main_board_state.h
[2.041s] -- Up-to-date: /home/unitree/go2slam/install/unitree_hg/include/unitree_hg/unitree_hg/msg/low_state.h
[2.041s] -- Up-to-date: /home/unitree/go2slam/install/unitree_hg/include/unitree_hg/unitree_hg/msg/bms_cmd.h
[2.042s] -- Up-to-date: /home/unitree/go2slam/install/unitree_hg/include/unitree_hg/unitree_hg/msg/imu_state.h
[2.042s] -- Up-to-date: /home/unitree/go2slam/install/unitree_hg/include/unitree_hg/unitree_hg/msg/motor_state.h
[2.042s] -- Up-to-date: /home/unitree/go2slam/install/unitree_hg/include/unitree_hg/unitree_hg/msg/hand_cmd.h
[2.043s] -- Up-to-date: /home/unitree/go2slam/install/unitree_hg/share/unitree_hg/environment/library_path.sh
[2.043s] -- Up-to-date: /home/unitree/go2slam/install/unitree_hg/share/unitree_hg/environment/library_path.dsv
[2.043s] -- Up-to-date: /home/unitree/go2slam/install/unitree_hg/lib/libunitree_hg__rosidl_generator_c.so
[2.043s] -- Up-to-date: /home/unitree/go2slam/install/unitree_hg/include/unitree_hg/unitree_hg
[2.044s] -- Up-to-date: /home/unitree/go2slam/install/unitree_hg/include/unitree_hg/unitree_hg/msg
[2.044s] -- Up-to-date: /home/unitree/go2slam/install/unitree_hg/include/unitree_hg/unitree_hg/msg/rosidl_typesupport_fastrtps_c__visibility_control.h
[2.044s] -- Up-to-date: /home/unitree/go2slam/install/unitree_hg/include/unitree_hg/unitree_hg/msg/detail
[2.045s] -- Up-to-date: /home/unitree/go2slam/install/unitree_hg/include/unitree_hg/unitree_hg/msg/detail/hand_cmd__rosidl_typesupport_fastrtps_c.h
[2.045s] -- Up-to-date: /home/unitree/go2slam/install/unitree_hg/include/unitree_hg/unitree_hg/msg/detail/imu_state__rosidl_typesupport_fastrtps_c.h
[2.045s] -- Up-to-date: /home/unitree/go2slam/install/unitree_hg/include/unitree_hg/unitree_hg/msg/detail/press_sensor_state__rosidl_typesupport_fastrtps_c.h
[2.045s] -- Up-to-date: /home/unitree/go2slam/install/unitree_hg/include/unitree_hg/unitree_hg/msg/detail/main_board_state__rosidl_typesupport_fastrtps_c.h
[2.046s] -- Up-to-date: /home/unitree/go2slam/install/unitree_hg/include/unitree_hg/unitree_hg/msg/detail/low_cmd__rosidl_typesupport_fastrtps_c.h
[2.046s] -- Up-to-date: /home/unitree/go2slam/install/unitree_hg/include/unitree_hg/unitree_hg/msg/detail/bms_state__rosidl_typesupport_fastrtps_c.h
[2.046s] -- Up-to-date: /home/unitree/go2slam/install/unitree_hg/include/unitree_hg/unitree_hg/msg/detail/motor_cmd__rosidl_typesupport_fastrtps_c.h
[2.046s] -- Up-to-date: /home/unitree/go2slam/install/unitree_hg/include/unitree_hg/unitree_hg/msg/detail/hand_state__rosidl_typesupport_fastrtps_c.h
[2.047s] -- Up-to-date: /home/unitree/go2slam/install/unitree_hg/include/unitree_hg/unitree_hg/msg/detail/low_state__rosidl_typesupport_fastrtps_c.h
[2.047s] -- Up-to-date: /home/unitree/go2slam/install/unitree_hg/include/unitree_hg/unitree_hg/msg/detail/motor_state__rosidl_typesupport_fastrtps_c.h
[2.047s] -- Up-to-date: /home/unitree/go2slam/install/unitree_hg/include/unitree_hg/unitree_hg/msg/detail/bms_cmd__rosidl_typesupport_fastrtps_c.h
[2.047s] -- Up-to-date: /home/unitree/go2slam/install/unitree_hg/lib/libunitree_hg__rosidl_typesupport_fastrtps_c.so
[2.047s] -- Up-to-date: /home/unitree/go2slam/install/unitree_hg/include/unitree_hg/unitree_hg
[2.048s] -- Up-to-date: /home/unitree/go2slam/install/unitree_hg/include/unitree_hg/unitree_hg/msg
[2.048s] -- Up-to-date: /home/unitree/go2slam/install/unitree_hg/include/unitree_hg/unitree_hg/msg/hand_state.hpp
[2.048s] -- Up-to-date: /home/unitree/go2slam/install/unitree_hg/include/unitree_hg/unitree_hg/msg/press_sensor_state.hpp
[2.048s] -- Up-to-date: /home/unitree/go2slam/install/unitree_hg/include/unitree_hg/unitree_hg/msg/motor_cmd.hpp
[2.049s] -- Up-to-date: /home/unitree/go2slam/install/unitree_hg/include/unitree_hg/unitree_hg/msg/motor_state.hpp
[2.049s] -- Up-to-date: /home/unitree/go2slam/install/unitree_hg/include/unitree_hg/unitree_hg/msg/bms_cmd.hpp
[2.049s] -- Up-to-date: /home/unitree/go2slam/install/unitree_hg/include/unitree_hg/unitree_hg/msg/low_cmd.hpp
[2.049s] -- Up-to-date: /home/unitree/go2slam/install/unitree_hg/include/unitree_hg/unitree_hg/msg/imu_state.hpp
[2.050s] -- Up-to-date: /home/unitree/go2slam/install/unitree_hg/include/unitree_hg/unitree_hg/msg/detail
[2.050s] -- Up-to-date: /home/unitree/go2slam/install/unitree_hg/include/unitree_hg/unitree_hg/msg/detail/motor_cmd__traits.hpp
[2.050s] -- Up-to-date: /home/unitree/go2slam/install/unitree_hg/include/unitree_hg/unitree_hg/msg/detail/main_board_state__struct.hpp
[2.051s] -- Up-to-date: /home/unitree/go2slam/install/unitree_hg/include/unitree_hg/unitree_hg/msg/detail/hand_cmd__traits.hpp
[2.051s] -- Up-to-date: /home/unitree/go2slam/install/unitree_hg/include/unitree_hg/unitree_hg/msg/detail/low_cmd__type_support.hpp
[2.051s] -- Up-to-date: /home/unitree/go2slam/install/unitree_hg/include/unitree_hg/unitree_hg/msg/detail/press_sensor_state__type_support.hpp
[2.052s] -- Up-to-date: /home/unitree/go2slam/install/unitree_hg/include/unitree_hg/unitree_hg/msg/detail/hand_state__type_support.hpp
[2.052s] -- Up-to-date: /home/unitree/go2slam/install/unitree_hg/include/unitree_hg/unitree_hg/msg/detail/bms_cmd__builder.hpp
[2.052s] -- Up-to-date: /home/unitree/go2slam/install/unitree_hg/include/unitree_hg/unitree_hg/msg/detail/low_state__builder.hpp
[2.052s] -- Up-to-date: /home/unitree/go2slam/install/unitree_hg/include/unitree_hg/unitree_hg/msg/detail/motor_state__struct.hpp
[2.053s] -- Up-to-date: /home/unitree/go2slam/install/unitree_hg/include/unitree_hg/unitree_hg/msg/detail/hand_cmd__struct.hpp
[2.053s] -- Up-to-date: /home/unitree/go2slam/install/unitree_hg/include/unitree_hg/unitree_hg/msg/detail/low_state__struct.hpp
[2.053s] -- Up-to-date: /home/unitree/go2slam/install/unitree_hg/include/unitree_hg/unitree_hg/msg/detail/imu_state__type_support.hpp
[2.054s] -- Up-to-date: /home/unitree/go2slam/install/unitree_hg/include/unitree_hg/unitree_hg/msg/detail/low_cmd__builder.hpp
[2.054s] -- Up-to-date: /home/unitree/go2slam/install/unitree_hg/include/unitree_hg/unitree_hg/msg/detail/motor_cmd__type_support.hpp
[2.055s] -- Up-to-date: /home/unitree/go2slam/install/unitree_hg/include/unitree_hg/unitree_hg/msg/detail/imu_state__struct.hpp
[2.056s] -- Up-to-date: /home/unitree/go2slam/install/unitree_hg/include/unitree_hg/unitree_hg/msg/detail/bms_state__type_support.hpp
[2.057s] -- Up-to-date: /home/unitree/go2slam/install/unitree_hg/include/unitree_hg/unitree_hg/msg/detail/bms_cmd__traits.hpp
[2.057s] -- Up-to-date: /home/unitree/go2slam/install/unitree_hg/include/unitree_hg/unitree_hg/msg/detail/bms_state__builder.hpp
[2.057s] -- Up-to-date: /home/unitree/go2slam/install/unitree_hg/include/unitree_hg/unitree_hg/msg/detail/hand_state__traits.hpp
[2.057s] -- Up-to-date: /home/unitree/go2slam/install/unitree_hg/include/unitree_hg/unitree_hg/msg/detail/main_board_state__type_support.hpp
[2.058s] -- Up-to-date: /home/unitree/go2slam/install/unitree_hg/include/unitree_hg/unitree_hg/msg/detail/low_cmd__struct.hpp
[2.058s] -- Up-to-date: /home/unitree/go2slam/install/unitree_hg/include/unitree_hg/unitree_hg/msg/detail/motor_state__type_support.hpp
[2.058s] -- Up-to-date: /home/unitree/go2slam/install/unitree_hg/include/unitree_hg/unitree_hg/msg/detail/main_board_state__builder.hpp
[2.058s] -- Up-to-date: /home/unitree/go2slam/install/unitree_hg/include/unitree_hg/unitree_hg/msg/detail/motor_cmd__builder.hpp
[2.059s] -- Up-to-date: /home/unitree/go2slam/install/unitree_hg/include/unitree_hg/unitree_hg/msg/detail/motor_cmd__struct.hpp
[2.059s] -- Up-to-date: /home/unitree/go2slam/install/unitree_hg/include/unitree_hg/unitree_hg/msg/detail/bms_state__traits.hpp
[2.059s] -- Up-to-date: /home/unitree/go2slam/install/unitree_hg/include/unitree_hg/unitree_hg/msg/detail/motor_state__builder.hpp
[2.059s] -- Up-to-date: /home/unitree/go2slam/install/unitree_hg/include/unitree_hg/unitree_hg/msg/detail/bms_cmd__type_support.hpp
[2.059s] -- Up-to-date: /home/unitree/go2slam/install/unitree_hg/include/unitree_hg/unitree_hg/msg/detail/main_board_state__traits.hpp
[2.059s] -- Up-to-date: /home/unitree/go2slam/install/unitree_hg/include/unitree_hg/unitree_hg/msg/detail/hand_cmd__type_support.hpp
[2.060s] -- Up-to-date: /home/unitree/go2slam/install/unitree_hg/include/unitree_hg/unitree_hg/msg/detail/low_state__type_support.hpp
[2.060s] -- Up-to-date: /home/unitree/go2slam/install/unitree_hg/include/unitree_hg/unitree_hg/msg/detail/press_sensor_state__builder.hpp
[2.060s] -- Up-to-date: /home/unitree/go2slam/install/unitree_hg/include/unitree_hg/unitree_hg/msg/detail/low_cmd__traits.hpp
[2.060s] -- Up-to-date: /home/unitree/go2slam/install/unitree_hg/include/unitree_hg/unitree_hg/msg/detail/motor_state__traits.hpp
[2.060s] -- Up-to-date: /home/unitree/go2slam/install/unitree_hg/include/unitree_hg/unitree_hg/msg/detail/hand_state__struct.hpp
[2.060s] -- Up-to-date: /home/unitree/go2slam/install/unitree_hg/include/unitree_hg/unitree_hg/msg/detail/hand_cmd__builder.hpp
[2.061s] -- Up-to-date: /home/unitree/go2slam/install/unitree_hg/include/unitree_hg/unitree_hg/msg/detail/imu_state__builder.hpp
[2.066s] -- Up-to-date: /home/unitree/go2slam/install/unitree_hg/include/unitree_hg/unitree_hg/msg/detail/press_sensor_state__traits.hpp
[2.067s] -- Up-to-date: /home/unitree/go2slam/install/unitree_hg/include/unitree_hg/unitree_hg/msg/detail/low_state__traits.hpp
[2.067s] -- Up-to-date: /home/unitree/go2slam/install/unitree_hg/include/unitree_hg/unitree_hg/msg/detail/press_sensor_state__struct.hpp
[2.067s] -- Up-to-date: /home/unitree/go2slam/install/unitree_hg/include/unitree_hg/unitree_hg/msg/detail/bms_state__struct.hpp
[2.068s] -- Up-to-date: /home/unitree/go2slam/install/unitree_hg/include/unitree_hg/unitree_hg/msg/detail/imu_state__traits.hpp
[2.068s] -- Up-to-date: /home/unitree/go2slam/install/unitree_hg/include/unitree_hg/unitree_hg/msg/detail/bms_cmd__struct.hpp
[2.069s] -- Up-to-date: /home/unitree/go2slam/install/unitree_hg/include/unitree_hg/unitree_hg/msg/detail/hand_state__builder.hpp
[2.069s] -- Up-to-date: /home/unitree/go2slam/install/unitree_hg/include/unitree_hg/unitree_hg/msg/hand_cmd.hpp
[2.069s] -- Up-to-date: /home/unitree/go2slam/install/unitree_hg/include/unitree_hg/unitree_hg/msg/bms_state.hpp
[2.069s] -- Up-to-date: /home/unitree/go2slam/install/unitree_hg/include/unitree_hg/unitree_hg/msg/rosidl_generator_cpp__visibility_control.hpp
[2.069s] -- Up-to-date: /home/unitree/go2slam/install/unitree_hg/include/unitree_hg/unitree_hg/msg/low_state.hpp
[2.070s] -- Up-to-date: /home/unitree/go2slam/install/unitree_hg/include/unitree_hg/unitree_hg/msg/main_board_state.hpp
[2.070s] -- Up-to-date: /home/unitree/go2slam/install/unitree_hg/include/unitree_hg/unitree_hg
[2.070s] -- Up-to-date: /home/unitree/go2slam/install/unitree_hg/include/unitree_hg/unitree_hg/msg
[2.070s] -- Up-to-date: /home/unitree/go2slam/install/unitree_hg/include/unitree_hg/unitree_hg/msg/rosidl_typesupport_fastrtps_cpp__visibility_control.h
[2.070s] -- Up-to-date: /home/unitree/go2slam/install/unitree_hg/include/unitree_hg/unitree_hg/msg/detail
[2.070s] -- Up-to-date: /home/unitree/go2slam/install/unitree_hg/include/unitree_hg/unitree_hg/msg/detail/low_state__rosidl_typesupport_fastrtps_cpp.hpp
[2.071s] -- Up-to-date: /home/unitree/go2slam/install/unitree_hg/include/unitree_hg/unitree_hg/msg/detail/bms_cmd__rosidl_typesupport_fastrtps_cpp.hpp
[2.071s] -- Up-to-date: /home/unitree/go2slam/install/unitree_hg/include/unitree_hg/unitree_hg/msg/detail/bms_state__rosidl_typesupport_fastrtps_cpp.hpp
[2.071s] -- Up-to-date: /home/unitree/go2slam/install/unitree_hg/include/unitree_hg/unitree_hg/msg/detail/hand_cmd__rosidl_typesupport_fastrtps_cpp.hpp
[2.071s] -- Up-to-date: /home/unitree/go2slam/install/unitree_hg/include/unitree_hg/unitree_hg/msg/detail/dds_fastrtps
[2.071s] -- Up-to-date: /home/unitree/go2slam/install/unitree_hg/include/unitree_hg/unitree_hg/msg/detail/motor_state__rosidl_typesupport_fastrtps_cpp.hpp
[2.071s] -- Up-to-date: /home/unitree/go2slam/install/unitree_hg/include/unitree_hg/unitree_hg/msg/detail/motor_cmd__rosidl_typesupport_fastrtps_cpp.hpp
[2.072s] -- Up-to-date: /home/unitree/go2slam/install/unitree_hg/include/unitree_hg/unitree_hg/msg/detail/imu_state__rosidl_typesupport_fastrtps_cpp.hpp
[2.072s] -- Up-to-date: /home/unitree/go2slam/install/unitree_hg/include/unitree_hg/unitree_hg/msg/detail/press_sensor_state__rosidl_typesupport_fastrtps_cpp.hpp
[2.072s] -- Up-to-date: /home/unitree/go2slam/install/unitree_hg/include/unitree_hg/unitree_hg/msg/detail/main_board_state__rosidl_typesupport_fastrtps_cpp.hpp
[2.072s] -- Up-to-date: /home/unitree/go2slam/install/unitree_hg/include/unitree_hg/unitree_hg/msg/detail/hand_state__rosidl_typesupport_fastrtps_cpp.hpp
[2.072s] -- Up-to-date: /home/unitree/go2slam/install/unitree_hg/include/unitree_hg/unitree_hg/msg/detail/low_cmd__rosidl_typesupport_fastrtps_cpp.hpp
[2.081s] -- Up-to-date: /home/unitree/go2slam/install/unitree_hg/lib/libunitree_hg__rosidl_typesupport_fastrtps_cpp.so
[2.081s] -- Up-to-date: /home/unitree/go2slam/install/unitree_hg/include/unitree_hg/unitree_hg
[2.081s] -- Up-to-date: /home/unitree/go2slam/install/unitree_hg/include/unitree_hg/unitree_hg/msg
[2.082s] -- Up-to-date: /home/unitree/go2slam/install/unitree_hg/include/unitree_hg/unitree_hg/msg/detail
[2.082s] -- Installing: /home/unitree/go2slam/install/unitree_hg/include/unitree_hg/unitree_hg/msg/detail/hand_state__type_support.c
[2.082s] -- Installing: /home/unitree/go2slam/install/unitree_hg/include/unitree_hg/unitree_hg/msg/detail/bms_cmd__type_support.c
[2.082s] -- Installing: /home/unitree/go2slam/install/unitree_hg/include/unitree_hg/unitree_hg/msg/detail/low_state__type_support.c
[2.082s] -- Installing: /home/unitree/go2slam/install/unitree_hg/include/unitree_hg/unitree_hg/msg/detail/imu_state__type_support.c
[2.082s] -- Up-to-date: /home/unitree/go2slam/install/unitree_hg/include/unitree_hg/unitree_hg/msg/detail/bms_cmd__rosidl_typesupport_introspection_c.h
[2.083s] -- Up-to-date: /home/unitree/go2slam/install/unitree_hg/include/unitree_hg/unitree_hg/msg/detail/hand_cmd__rosidl_typesupport_introspection_c.h
[2.083s] -- Installing: /home/unitree/go2slam/install/unitree_hg/include/unitree_hg/unitree_hg/msg/detail/low_cmd__type_support.c
[2.083s] -- Up-to-date: /home/unitree/go2slam/install/unitree_hg/include/unitree_hg/unitree_hg/msg/detail/low_state__rosidl_typesupport_introspection_c.h
[2.083s] -- Up-to-date: /home/unitree/go2slam/install/unitree_hg/include/unitree_hg/unitree_hg/msg/detail/hand_state__rosidl_typesupport_introspection_c.h
[2.083s] -- Up-to-date: /home/unitree/go2slam/install/unitree_hg/include/unitree_hg/unitree_hg/msg/detail/motor_cmd__rosidl_typesupport_introspection_c.h
[2.083s] -- Installing: /home/unitree/go2slam/install/unitree_hg/include/unitree_hg/unitree_hg/msg/detail/main_board_state__type_support.c
[2.084s] -- Installing: /home/unitree/go2slam/install/unitree_hg/include/unitree_hg/unitree_hg/msg/detail/motor_state__type_support.c
[2.084s] -- Up-to-date: /home/unitree/go2slam/install/unitree_hg/include/unitree_hg/unitree_hg/msg/detail/imu_state__rosidl_typesupport_introspection_c.h
[2.084s] -- Installing: /home/unitree/go2slam/install/unitree_hg/include/unitree_hg/unitree_hg/msg/detail/press_sensor_state__type_support.c
[2.084s] -- Up-to-date: /home/unitree/go2slam/install/unitree_hg/include/unitree_hg/unitree_hg/msg/detail/press_sensor_state__rosidl_typesupport_introspection_c.h
[2.084s] -- Installing: /home/unitree/go2slam/install/unitree_hg/include/unitree_hg/unitree_hg/msg/detail/motor_cmd__type_support.c
[2.084s] -- Installing: /home/unitree/go2slam/install/unitree_hg/include/unitree_hg/unitree_hg/msg/detail/bms_state__type_support.c
[2.085s] -- Up-to-date: /home/unitree/go2slam/install/unitree_hg/include/unitree_hg/unitree_hg/msg/detail/low_cmd__rosidl_typesupport_introspection_c.h
[2.085s] -- Up-to-date: /home/unitree/go2slam/install/unitree_hg/include/unitree_hg/unitree_hg/msg/detail/main_board_state__rosidl_typesupport_introspection_c.h
[2.085s] -- Up-to-date: /home/unitree/go2slam/install/unitree_hg/include/unitree_hg/unitree_hg/msg/detail/bms_state__rosidl_typesupport_introspection_c.h
[2.085s] -- Up-to-date: /home/unitree/go2slam/install/unitree_hg/include/unitree_hg/unitree_hg/msg/detail/motor_state__rosidl_typesupport_introspection_c.h
[2.086s] -- Installing: /home/unitree/go2slam/install/unitree_hg/include/unitree_hg/unitree_hg/msg/detail/hand_cmd__type_support.c
[2.086s] -- Up-to-date: /home/unitree/go2slam/install/unitree_hg/include/unitree_hg/unitree_hg/msg/rosidl_typesupport_introspection_c__visibility_control.h
[2.087s] -- Up-to-date: /home/unitree/go2slam/install/unitree_hg/lib/libunitree_hg__rosidl_typesupport_introspection_c.so
[2.087s] -- Up-to-date: /home/unitree/go2slam/install/unitree_hg/lib/libunitree_hg__rosidl_typesupport_c.so
[2.087s] -- Up-to-date: /home/unitree/go2slam/install/unitree_hg/include/unitree_hg/unitree_hg
[2.087s] -- Up-to-date: /home/unitree/go2slam/install/unitree_hg/include/unitree_hg/unitree_hg/msg
[2.087s] -- Up-to-date: /home/unitree/go2slam/install/unitree_hg/include/unitree_hg/unitree_hg/msg/detail
[2.087s] -- Up-to-date: /home/unitree/go2slam/install/unitree_hg/include/unitree_hg/unitree_hg/msg/detail/low_state__type_support.cpp
[2.088s] -- Up-to-date: /home/unitree/go2slam/install/unitree_hg/include/unitree_hg/unitree_hg/msg/detail/motor_cmd__rosidl_typesupport_introspection_cpp.hpp
[2.088s] -- Up-to-date: /home/unitree/go2slam/install/unitree_hg/include/unitree_hg/unitree_hg/msg/detail/bms_state__rosidl_typesupport_introspection_cpp.hpp
[2.088s] -- Up-to-date: /home/unitree/go2slam/install/unitree_hg/include/unitree_hg/unitree_hg/msg/detail/motor_state__type_support.cpp
[2.088s] -- Up-to-date: /home/unitree/go2slam/install/unitree_hg/include/unitree_hg/unitree_hg/msg/detail/hand_cmd__type_support.cpp
[2.088s] -- Up-to-date: /home/unitree/go2slam/install/unitree_hg/include/unitree_hg/unitree_hg/msg/detail/motor_state__rosidl_typesupport_introspection_cpp.hpp
[2.088s] -- Up-to-date: /home/unitree/go2slam/install/unitree_hg/include/unitree_hg/unitree_hg/msg/detail/low_cmd__type_support.cpp
[2.088s] -- Up-to-date: /home/unitree/go2slam/install/unitree_hg/include/unitree_hg/unitree_hg/msg/detail/low_cmd__rosidl_typesupport_introspection_cpp.hpp
[2.089s] -- Up-to-date: /home/unitree/go2slam/install/unitree_hg/include/unitree_hg/unitree_hg/msg/detail/press_sensor_state__type_support.cpp
[2.089s] -- Up-to-date: /home/unitree/go2slam/install/unitree_hg/include/unitree_hg/unitree_hg/msg/detail/hand_cmd__rosidl_typesupport_introspection_cpp.hpp
[2.089s] -- Up-to-date: /home/unitree/go2slam/install/unitree_hg/include/unitree_hg/unitree_hg/msg/detail/press_sensor_state__rosidl_typesupport_introspection_cpp.hpp
[2.089s] -- Up-to-date: /home/unitree/go2slam/install/unitree_hg/include/unitree_hg/unitree_hg/msg/detail/motor_cmd__type_support.cpp
[2.089s] -- Up-to-date: /home/unitree/go2slam/install/unitree_hg/include/unitree_hg/unitree_hg/msg/detail/hand_state__type_support.cpp
[2.090s] -- Up-to-date: /home/unitree/go2slam/install/unitree_hg/include/unitree_hg/unitree_hg/msg/detail/low_state__rosidl_typesupport_introspection_cpp.hpp
[2.090s] -- Up-to-date: /home/unitree/go2slam/install/unitree_hg/include/unitree_hg/unitree_hg/msg/detail/bms_cmd__rosidl_typesupport_introspection_cpp.hpp
[2.090s] -- Up-to-date: /home/unitree/go2slam/install/unitree_hg/include/unitree_hg/unitree_hg/msg/detail/bms_state__type_support.cpp
[2.090s] -- Up-to-date: /home/unitree/go2slam/install/unitree_hg/include/unitree_hg/unitree_hg/msg/detail/main_board_state__rosidl_typesupport_introspection_cpp.hpp
[2.090s] -- Up-to-date: /home/unitree/go2slam/install/unitree_hg/include/unitree_hg/unitree_hg/msg/detail/bms_cmd__type_support.cpp
[2.091s] -- Up-to-date: /home/unitree/go2slam/install/unitree_hg/include/unitree_hg/unitree_hg/msg/detail/main_board_state__type_support.cpp
[2.091s] -- Up-to-date: /home/unitree/go2slam/install/unitree_hg/include/unitree_hg/unitree_hg/msg/detail/imu_state__rosidl_typesupport_introspection_cpp.hpp
[2.091s] -- Up-to-date: /home/unitree/go2slam/install/unitree_hg/include/unitree_hg/unitree_hg/msg/detail/imu_state__type_support.cpp
[2.091s] -- Up-to-date: /home/unitree/go2slam/install/unitree_hg/include/unitree_hg/unitree_hg/msg/detail/hand_state__rosidl_typesupport_introspection_cpp.hpp
[2.091s] -- Up-to-date: /home/unitree/go2slam/install/unitree_hg/lib/libunitree_hg__rosidl_typesupport_introspection_cpp.so
[2.091s] -- Up-to-date: /home/unitree/go2slam/install/unitree_hg/lib/libunitree_hg__rosidl_typesupport_cpp.so
[2.092s] -- Up-to-date: /home/unitree/go2slam/install/unitree_hg/share/unitree_hg/environment/pythonpath.sh
[2.092s] -- Up-to-date: /home/unitree/go2slam/install/unitree_hg/share/unitree_hg/environment/pythonpath.dsv
[2.092s] -- Up-to-date: /home/unitree/go2slam/install/unitree_hg/lib/python3.12/site-packages/unitree_hg-0.0.0-py3.12.egg-info
[2.092s] -- Installing: /home/unitree/go2slam/install/unitree_hg/lib/python3.12/site-packages/unitree_hg-0.0.0-py3.12.egg-info/top_level.txt
[2.092s] -- Installing: /home/unitree/go2slam/install/unitree_hg/lib/python3.12/site-packages/unitree_hg-0.0.0-py3.12.egg-info/PKG-INFO
[2.092s] -- Installing: /home/unitree/go2slam/install/unitree_hg/lib/python3.12/site-packages/unitree_hg-0.0.0-py3.12.egg-info/dependency_links.txt
[2.093s] -- Installing: /home/unitree/go2slam/install/unitree_hg/lib/python3.12/site-packages/unitree_hg-0.0.0-py3.12.egg-info/SOURCES.txt
[2.093s] -- Up-to-date: /home/unitree/go2slam/install/unitree_hg/lib/python3.12/site-packages/unitree_hg
[2.093s] -- Up-to-date: /home/unitree/go2slam/install/unitree_hg/lib/python3.12/site-packages/unitree_hg/_unitree_hg_s.ep.rosidl_typesupport_fastrtps_c.c
[2.093s] -- Up-to-date: /home/unitree/go2slam/install/unitree_hg/lib/python3.12/site-packages/unitree_hg/unitree_hg_s__rosidl_typesupport_fastrtps_c.so
[2.093s] -- Up-to-date: /home/unitree/go2slam/install/unitree_hg/lib/python3.12/site-packages/unitree_hg/_unitree_hg_s.ep.rosidl_typesupport_c.c
[2.094s] -- Up-to-date: /home/unitree/go2slam/install/unitree_hg/lib/python3.12/site-packages/unitree_hg/_unitree_hg_s.ep.rosidl_typesupport_introspection_c.c
[2.094s] -- Up-to-date: /home/unitree/go2slam/install/unitree_hg/lib/python3.12/site-packages/unitree_hg/__init__.py
[2.094s] -- Up-to-date: /home/unitree/go2slam/install/unitree_hg/lib/python3.12/site-packages/unitree_hg/msg
[2.094s] -- Up-to-date: /home/unitree/go2slam/install/unitree_hg/lib/python3.12/site-packages/unitree_hg/msg/_motor_cmd_s.c
[2.094s] -- Up-to-date: /home/unitree/go2slam/install/unitree_hg/lib/python3.12/site-packages/unitree_hg/msg/_hand_state_s.c
[2.095s] -- Up-to-date: /home/unitree/go2slam/install/unitree_hg/lib/python3.12/site-packages/unitree_hg/msg/_press_sensor_state_s.c
[2.095s] -- Up-to-date: /home/unitree/go2slam/install/unitree_hg/lib/python3.12/site-packages/unitree_hg/msg/_hand_state.py
[2.095s] -- Up-to-date: /home/unitree/go2slam/install/unitree_hg/lib/python3.12/site-packages/unitree_hg/msg/_hand_cmd_s.c
[2.095s] -- Up-to-date: /home/unitree/go2slam/install/unitree_hg/lib/python3.12/site-packages/unitree_hg/msg/_low_cmd.py
[2.095s] -- Up-to-date: /home/unitree/go2slam/install/unitree_hg/lib/python3.12/site-packages/unitree_hg/msg/_hand_cmd.py
[2.095s] -- Up-to-date: /home/unitree/go2slam/install/unitree_hg/lib/python3.12/site-packages/unitree_hg/msg/_imu_state.py
[2.096s] -- Up-to-date: /home/unitree/go2slam/install/unitree_hg/lib/python3.12/site-packages/unitree_hg/msg/_low_state.py
[2.096s] -- Up-to-date: /home/unitree/go2slam/install/unitree_hg/lib/python3.12/site-packages/unitree_hg/msg/_press_sensor_state.py
[2.096s] -- Up-to-date: /home/unitree/go2slam/install/unitree_hg/lib/python3.12/site-packages/unitree_hg/msg/_motor_state.py
[2.096s] -- Up-to-date: /home/unitree/go2slam/install/unitree_hg/lib/python3.12/site-packages/unitree_hg/msg/_imu_state_s.c
[2.096s] -- Up-to-date: /home/unitree/go2slam/install/unitree_hg/lib/python3.12/site-packages/unitree_hg/msg/_low_state_s.c
[2.096s] -- Up-to-date: /home/unitree/go2slam/install/unitree_hg/lib/python3.12/site-packages/unitree_hg/msg/__init__.py
[2.097s] -- Up-to-date: /home/unitree/go2slam/install/unitree_hg/lib/python3.12/site-packages/unitree_hg/msg/_main_board_state_s.c
[2.097s] -- Up-to-date: /home/unitree/go2slam/install/unitree_hg/lib/python3.12/site-packages/unitree_hg/msg/_bms_state.py
[2.097s] -- Up-to-date: /home/unitree/go2slam/install/unitree_hg/lib/python3.12/site-packages/unitree_hg/msg/_bms_cmd.py
[2.097s] -- Up-to-date: /home/unitree/go2slam/install/unitree_hg/lib/python3.12/site-packages/unitree_hg/msg/_bms_state_s.c
[2.097s] -- Up-to-date: /home/unitree/go2slam/install/unitree_hg/lib/python3.12/site-packages/unitree_hg/msg/_bms_cmd_s.c
[2.098s] -- Up-to-date: /home/unitree/go2slam/install/unitree_hg/lib/python3.12/site-packages/unitree_hg/msg/_low_cmd_s.c
[2.098s] -- Up-to-date: /home/unitree/go2slam/install/unitree_hg/lib/python3.12/site-packages/unitree_hg/msg/_main_board_state.py
[2.098s] -- Up-to-date: /home/unitree/go2slam/install/unitree_hg/lib/python3.12/site-packages/unitree_hg/msg/_motor_cmd.py
[2.098s] -- Up-to-date: /home/unitree/go2slam/install/unitree_hg/lib/python3.12/site-packages/unitree_hg/msg/_motor_state_s.c
[2.098s] -- Up-to-date: /home/unitree/go2slam/install/unitree_hg/lib/python3.12/site-packages/unitree_hg/unitree_hg_s__rosidl_typesupport_c.so
[2.098s] -- Up-to-date: /home/unitree/go2slam/install/unitree_hg/lib/python3.12/site-packages/unitree_hg/unitree_hg_s__rosidl_typesupport_introspection_c.so
[2.141s] Listing '/home/unitree/go2slam/install/unitree_hg/lib/python3.12/site-packages/unitree_hg'...
[2.142s] Listing '/home/unitree/go2slam/install/unitree_hg/lib/python3.12/site-packages/unitree_hg/msg'...
[2.156s] -- Up-to-date: /home/unitree/go2slam/install/unitree_hg/lib/python3.12/site-packages/unitree_hg/unitree_hg_s__rosidl_typesupport_fastrtps_c.so
[2.157s] -- Up-to-date: /home/unitree/go2slam/install/unitree_hg/lib/python3.12/site-packages/unitree_hg/unitree_hg_s__rosidl_typesupport_introspection_c.so
[2.157s] -- Up-to-date: /home/unitree/go2slam/install/unitree_hg/lib/python3.12/site-packages/unitree_hg/unitree_hg_s__rosidl_typesupport_c.so
[2.158s] -- Up-to-date: /home/unitree/go2slam/install/unitree_hg/lib/libunitree_hg__rosidl_generator_py.so
[2.160s] -- Up-to-date: /home/unitree/go2slam/install/unitree_hg/share/ament_index/resource_index/rust_packages/unitree_hg
[2.161s] -- Up-to-date: /home/unitree/go2slam/install/unitree_hg/share/unitree_hg/rust
[2.161s] -- Up-to-date: /home/unitree/go2slam/install/unitree_hg/share/unitree_hg/rust/build.rs
[2.161s] -- Up-to-date: /home/unitree/go2slam/install/unitree_hg/share/unitree_hg/rust/src
[2.161s] -- Up-to-date: /home/unitree/go2slam/install/unitree_hg/share/unitree_hg/rust/src/msg
[2.161s] -- Up-to-date: /home/unitree/go2slam/install/unitree_hg/share/unitree_hg/rust/src/msg/rmw.rs
[2.162s] -- Up-to-date: /home/unitree/go2slam/install/unitree_hg/share/unitree_hg/rust/src/msg.rs
[2.162s] -- Up-to-date: /home/unitree/go2slam/install/unitree_hg/share/unitree_hg/rust/src/lib.rs
[2.162s] -- Up-to-date: /home/unitree/go2slam/install/unitree_hg/share/unitree_hg/rust/Cargo.toml
[2.163s] -- Up-to-date: /home/unitree/go2slam/install/unitree_hg/share/unitree_hg/msg/BmsCmd.idl
[2.163s] -- Up-to-date: /home/unitree/go2slam/install/unitree_hg/share/unitree_hg/msg/BmsState.idl
[2.163s] -- Up-to-date: /home/unitree/go2slam/install/unitree_hg/share/unitree_hg/msg/HandCmd.idl
[2.163s] -- Up-to-date: /home/unitree/go2slam/install/unitree_hg/share/unitree_hg/msg/HandState.idl
[2.163s] -- Up-to-date: /home/unitree/go2slam/install/unitree_hg/share/unitree_hg/msg/IMUState.idl
[2.163s] -- Up-to-date: /home/unitree/go2slam/install/unitree_hg/share/unitree_hg/msg/LowCmd.idl
[2.164s] -- Up-to-date: /home/unitree/go2slam/install/unitree_hg/share/unitree_hg/msg/LowState.idl
[2.164s] -- Up-to-date: /home/unitree/go2slam/install/unitree_hg/share/unitree_hg/msg/MainBoardState.idl
[2.164s] -- Up-to-date: /home/unitree/go2slam/install/unitree_hg/share/unitree_hg/msg/MotorCmd.idl
[2.164s] -- Up-to-date: /home/unitree/go2slam/install/unitree_hg/share/unitree_hg/msg/MotorState.idl
[2.164s] -- Up-to-date: /home/unitree/go2slam/install/unitree_hg/share/unitree_hg/msg/PressSensorState.idl
[2.164s] -- Up-to-date: /home/unitree/go2slam/install/unitree_hg/share/unitree_hg/msg/BmsCmd.msg
[2.165s] -- Up-to-date: /home/unitree/go2slam/install/unitree_hg/share/unitree_hg/msg/BmsState.msg
[2.165s] -- Up-to-date: /home/unitree/go2slam/install/unitree_hg/share/unitree_hg/msg/HandCmd.msg
[2.165s] -- Up-to-date: /home/unitree/go2slam/install/unitree_hg/share/unitree_hg/msg/HandState.msg
[2.165s] -- Up-to-date: /home/unitree/go2slam/install/unitree_hg/share/unitree_hg/msg/IMUState.msg
[2.165s] -- Up-to-date: /home/unitree/go2slam/install/unitree_hg/share/unitree_hg/msg/LowCmd.msg
[2.165s] -- Up-to-date: /home/unitree/go2slam/install/unitree_hg/share/unitree_hg/msg/LowState.msg
[2.166s] -- Up-to-date: /home/unitree/go2slam/install/unitree_hg/share/unitree_hg/msg/MainBoardState.msg
[2.166s] -- Up-to-date: /home/unitree/go2slam/install/unitree_hg/share/unitree_hg/msg/MotorCmd.msg
[2.166s] -- Up-to-date: /home/unitree/go2slam/install/unitree_hg/share/unitree_hg/msg/MotorState.msg
[2.166s] -- Up-to-date: /home/unitree/go2slam/install/unitree_hg/share/unitree_hg/msg/PressSensorState.msg
[2.168s] -- Up-to-date: /home/unitree/go2slam/install/unitree_hg/share/unitree_hg/msg/dds_connext
[2.168s] -- Up-to-date: /home/unitree/go2slam/install/unitree_hg/share/unitree_hg/msg/dds_connext/MainBoardState_.idl
[2.169s] -- Up-to-date: /home/unitree/go2slam/install/unitree_hg/share/unitree_hg/msg/dds_connext/PressSensorState_.idl
[2.169s] -- Up-to-date: /home/unitree/go2slam/install/unitree_hg/share/unitree_hg/msg/dds_connext/MotorState_.idl
[2.169s] -- Up-to-date: /home/unitree/go2slam/install/unitree_hg/share/unitree_hg/msg/dds_connext/BmsState_.idl
[2.169s] -- Up-to-date: /home/unitree/go2slam/install/unitree_hg/share/unitree_hg/msg/dds_connext/LowState_.idl
[2.169s] -- Up-to-date: /home/unitree/go2slam/install/unitree_hg/share/unitree_hg/msg/dds_connext/MotorCmd_.idl
[2.170s] -- Up-to-date: /home/unitree/go2slam/install/unitree_hg/share/unitree_hg/msg/dds_connext/LowCmd_.idl
[2.170s] -- Up-to-date: /home/unitree/go2slam/install/unitree_hg/share/unitree_hg/msg/dds_connext/HandState_.idl
[2.170s] -- Up-to-date: /home/unitree/go2slam/install/unitree_hg/share/unitree_hg/msg/dds_connext/HandCmd_.idl
[2.170s] -- Up-to-date: /home/unitree/go2slam/install/unitree_hg/share/unitree_hg/msg/dds_connext/IMUState_.idl
[2.170s] -- Up-to-date: /home/unitree/go2slam/install/unitree_hg/share/unitree_hg/msg/dds_connext/BmsCmd_.idl
[2.170s] -- Up-to-date: /home/unitree/go2slam/install/unitree_hg/share/ament_index/resource_index/package_run_dependencies/unitree_hg
[2.170s] -- Up-to-date: /home/unitree/go2slam/install/unitree_hg/share/ament_index/resource_index/parent_prefix_path/unitree_hg
[2.171s] -- Up-to-date: /home/unitree/go2slam/install/unitree_hg/share/unitree_hg/environment/ament_prefix_path.sh
[2.171s] -- Up-to-date: /home/unitree/go2slam/install/unitree_hg/share/unitree_hg/environment/ament_prefix_path.dsv
[2.171s] -- Up-to-date: /home/unitree/go2slam/install/unitree_hg/share/unitree_hg/environment/path.sh
[2.173s] -- Up-to-date: /home/unitree/go2slam/install/unitree_hg/share/unitree_hg/environment/path.dsv
[2.174s] -- Up-to-date: /home/unitree/go2slam/install/unitree_hg/share/unitree_hg/local_setup.bash
[2.179s] -- Up-to-date: /home/unitree/go2slam/install/unitree_hg/share/unitree_hg/local_setup.sh
[2.180s] -- Up-to-date: /home/unitree/go2slam/install/unitree_hg/share/unitree_hg/local_setup.zsh
[2.181s] -- Up-to-date: /home/unitree/go2slam/install/unitree_hg/share/unitree_hg/local_setup.dsv
[2.181s] -- Installing: /home/unitree/go2slam/install/unitree_hg/share/unitree_hg/package.dsv
[2.182s] -- Up-to-date: /home/unitree/go2slam/install/unitree_hg/share/ament_index/resource_index/packages/unitree_hg
[2.182s] -- Up-to-date: /home/unitree/go2slam/install/unitree_hg/share/unitree_hg/cmake/export_unitree_hg__rosidl_generator_cExport.cmake
[2.183s] -- Up-to-date: /home/unitree/go2slam/install/unitree_hg/share/unitree_hg/cmake/export_unitree_hg__rosidl_generator_cExport-noconfig.cmake
[2.184s] -- Up-to-date: /home/unitree/go2slam/install/unitree_hg/share/unitree_hg/cmake/export_unitree_hg__rosidl_typesupport_fastrtps_cExport.cmake
[2.184s] -- Up-to-date: /home/unitree/go2slam/install/unitree_hg/share/unitree_hg/cmake/export_unitree_hg__rosidl_typesupport_fastrtps_cExport-noconfig.cmake
[2.184s] -- Up-to-date: /home/unitree/go2slam/install/unitree_hg/share/unitree_hg/cmake/export_unitree_hg__rosidl_generator_cppExport.cmake
[2.185s] -- Up-to-date: /home/unitree/go2slam/install/unitree_hg/share/unitree_hg/cmake/export_unitree_hg__rosidl_typesupport_fastrtps_cppExport.cmake
[2.185s] -- Up-to-date: /home/unitree/go2slam/install/unitree_hg/share/unitree_hg/cmake/export_unitree_hg__rosidl_typesupport_fastrtps_cppExport-noconfig.cmake
[2.186s] -- Up-to-date: /home/unitree/go2slam/install/unitree_hg/share/unitree_hg/cmake/unitree_hg__rosidl_typesupport_introspection_cExport.cmake
[2.187s] -- Up-to-date: /home/unitree/go2slam/install/unitree_hg/share/unitree_hg/cmake/unitree_hg__rosidl_typesupport_introspection_cExport-noconfig.cmake
[2.188s] -- Up-to-date: /home/unitree/go2slam/install/unitree_hg/share/unitree_hg/cmake/unitree_hg__rosidl_typesupport_cExport.cmake
[2.188s] -- Up-to-date: /home/unitree/go2slam/install/unitree_hg/share/unitree_hg/cmake/unitree_hg__rosidl_typesupport_cExport-noconfig.cmake
[2.188s] -- Up-to-date: /home/unitree/go2slam/install/unitree_hg/share/unitree_hg/cmake/unitree_hg__rosidl_typesupport_introspection_cppExport.cmake
[2.188s] -- Up-to-date: /home/unitree/go2slam/install/unitree_hg/share/unitree_hg/cmake/unitree_hg__rosidl_typesupport_introspection_cppExport-noconfig.cmake
[2.189s] -- Up-to-date: /home/unitree/go2slam/install/unitree_hg/share/unitree_hg/cmake/unitree_hg__rosidl_typesupport_cppExport.cmake
[2.189s] -- Up-to-date: /home/unitree/go2slam/install/unitree_hg/share/unitree_hg/cmake/unitree_hg__rosidl_typesupport_cppExport-noconfig.cmake
[2.190s] -- Up-to-date: /home/unitree/go2slam/install/unitree_hg/share/unitree_hg/cmake/export_unitree_hg__rosidl_generator_pyExport.cmake
[2.190s] -- Up-to-date: /home/unitree/go2slam/install/unitree_hg/share/unitree_hg/cmake/export_unitree_hg__rosidl_generator_pyExport-noconfig.cmake
[2.190s] -- Up-to-date: /home/unitree/go2slam/install/unitree_hg/share/unitree_hg/cmake/rosidl_cmake-extras.cmake
[2.191s] -- Up-to-date: /home/unitree/go2slam/install/unitree_hg/share/unitree_hg/cmake/ament_cmake_export_dependencies-extras.cmake
[2.191s] -- Up-to-date: /home/unitree/go2slam/install/unitree_hg/share/unitree_hg/cmake/ament_cmake_export_include_directories-extras.cmake
[2.191s] -- Up-to-date: /home/unitree/go2slam/install/unitree_hg/share/unitree_hg/cmake/ament_cmake_export_libraries-extras.cmake
[2.191s] -- Up-to-date: /home/unitree/go2slam/install/unitree_hg/share/unitree_hg/cmake/ament_cmake_export_targets-extras.cmake
[2.192s] -- Up-to-date: /home/unitree/go2slam/install/unitree_hg/share/unitree_hg/cmake/rosidl_cmake_export_typesupport_targets-extras.cmake
[2.192s] -- Up-to-date: /home/unitree/go2slam/install/unitree_hg/share/unitree_hg/cmake/rosidl_cmake_export_typesupport_libraries-extras.cmake
[2.192s] -- Up-to-date: /home/unitree/go2slam/install/unitree_hg/share/unitree_hg/cmake/unitree_hgConfig.cmake
[2.193s] -- Up-to-date: /home/unitree/go2slam/install/unitree_hg/share/unitree_hg/cmake/unitree_hgConfig-version.cmake
[2.193s] -- Up-to-date: /home/unitree/go2slam/install/unitree_hg/share/unitree_hg/package.xml
[2.194s] Invoked command in '/home/unitree/go2slam/build/unitree_hg' returned '0': CMAKE_PREFIX_PATH=${CMAKE_PREFIX_PATH}:/opt/ros/jazzy /usr/bin/cmake --install /home/unitree/go2slam/build/unitree_hg
