[  1%] Built target unitree_api__rosidl_generator_type_description
[  3%] Built target unitree_api__dds_connext_idl
[  3%] Built target unitree_api__rs
[  3%] Built target ament_cmake_python_copy_unitree_api
[  3%] Built target unitree_api__cpp
[ 28%] Built target unitree_api__rosidl_generator_c
[ 38%] Built target unitree_api__rosidl_typesupport_fastrtps_c
[ 47%] Built target unitree_api__rosidl_typesupport_introspection_c
[ 57%] Built target unitree_api__rosidl_typesupport_c
[ 67%] Built target unitree_api__rosidl_typesupport_introspection_cpp
[ 76%] Built target unitree_api__rosidl_typesupport_fastrtps_cpp
[ 85%] Built target unitree_api__rosidl_typesupport_cpp
[ 85%] Built target unitree_api
[ 86%] Built target unitree_api__py
[ 94%] Built target unitree_api__rosidl_generator_py
running egg_info
writing unitree_api.egg-info/PKG-INFO
writing dependency_links to unitree_api.egg-info/dependency_links.txt
writing top-level names to unitree_api.egg-info/top_level.txt
[ 96%] Built target unitree_api_s__rosidl_typesupport_introspection_c
[ 98%] Built target unitree_api_s__rosidl_typesupport_c
[100%] Built target unitree_api_s__rosidl_typesupport_fastrtps_c
reading manifest file 'unitree_api.egg-info/SOURCES.txt'
writing manifest file 'unitree_api.egg-info/SOURCES.txt'
[100%] Built target ament_cmake_python_build_unitree_api_egg
-- Install configuration: ""
-- Installing: /home/unitree/go2slam/install/unitree_api/share/ament_index/resource_index/rosidl_interfaces/unitree_api
-- Installing: /home/unitree/go2slam/install/unitree_api/share/unitree_api/msg/Request.json
-- Installing: /home/unitree/go2slam/install/unitree_api/share/unitree_api/msg/RequestHeader.json
-- Installing: /home/unitree/go2slam/install/unitree_api/share/unitree_api/msg/RequestIdentity.json
-- Installing: /home/unitree/go2slam/install/unitree_api/share/unitree_api/msg/RequestLease.json
-- Installing: /home/unitree/go2slam/install/unitree_api/share/unitree_api/msg/RequestPolicy.json
-- Installing: /home/unitree/go2slam/install/unitree_api/share/unitree_api/msg/Response.json
-- Installing: /home/unitree/go2slam/install/unitree_api/share/unitree_api/msg/ResponseHeader.json
-- Installing: /home/unitree/go2slam/install/unitree_api/share/unitree_api/msg/ResponseStatus.json
-- Installing: /home/unitree/go2slam/install/unitree_api/include/unitree_api/unitree_api
-- Installing: /home/unitree/go2slam/install/unitree_api/include/unitree_api/unitree_api/msg
-- Installing: /home/unitree/go2slam/install/unitree_api/include/unitree_api/unitree_api/msg/request.h
-- Installing: /home/unitree/go2slam/install/unitree_api/include/unitree_api/unitree_api/msg/response_status.h
-- Installing: /home/unitree/go2slam/install/unitree_api/include/unitree_api/unitree_api/msg/request_header.h
-- Installing: /home/unitree/go2slam/install/unitree_api/include/unitree_api/unitree_api/msg/response_header.h
-- Installing: /home/unitree/go2slam/install/unitree_api/include/unitree_api/unitree_api/msg/rosidl_generator_c__visibility_control.h
-- Installing: /home/unitree/go2slam/install/unitree_api/include/unitree_api/unitree_api/msg/request_policy.h
-- Installing: /home/unitree/go2slam/install/unitree_api/include/unitree_api/unitree_api/msg/detail
-- Installing: /home/unitree/go2slam/install/unitree_api/include/unitree_api/unitree_api/msg/detail/request_identity__struct.h
-- Installing: /home/unitree/go2slam/install/unitree_api/include/unitree_api/unitree_api/msg/detail/request_lease__struct.h
-- Installing: /home/unitree/go2slam/install/unitree_api/include/unitree_api/unitree_api/msg/detail/request_header__struct.h
-- Installing: /home/unitree/go2slam/install/unitree_api/include/unitree_api/unitree_api/msg/detail/request_header__functions.h
-- Installing: /home/unitree/go2slam/install/unitree_api/include/unitree_api/unitree_api/msg/detail/request_header__type_support.c
-- Installing: /home/unitree/go2slam/install/unitree_api/include/unitree_api/unitree_api/msg/detail/request_identity__functions.c
-- Installing: /home/unitree/go2slam/install/unitree_api/include/unitree_api/unitree_api/msg/detail/request_identity__type_support.c
-- Installing: /home/unitree/go2slam/install/unitree_api/include/unitree_api/unitree_api/msg/detail/response_header__description.c
-- Installing: /home/unitree/go2slam/install/unitree_api/include/unitree_api/unitree_api/msg/detail/request__description.c
-- Installing: /home/unitree/go2slam/install/unitree_api/include/unitree_api/unitree_api/msg/detail/response__description.c
-- Installing: /home/unitree/go2slam/install/unitree_api/include/unitree_api/unitree_api/msg/detail/request_policy__struct.h
-- Installing: /home/unitree/go2slam/install/unitree_api/include/unitree_api/unitree_api/msg/detail/response_status__functions.c
-- Installing: /home/unitree/go2slam/install/unitree_api/include/unitree_api/unitree_api/msg/detail/response__struct.h
-- Installing: /home/unitree/go2slam/install/unitree_api/include/unitree_api/unitree_api/msg/detail/request_header__description.c
-- Installing: /home/unitree/go2slam/install/unitree_api/include/unitree_api/unitree_api/msg/detail/response_status__type_support.c
-- Installing: /home/unitree/go2slam/install/unitree_api/include/unitree_api/unitree_api/msg/detail/request_policy__type_support.c
-- Installing: /home/unitree/go2slam/install/unitree_api/include/unitree_api/unitree_api/msg/detail/request__type_support.h
-- Installing: /home/unitree/go2slam/install/unitree_api/include/unitree_api/unitree_api/msg/detail/response_status__type_support.h
-- Installing: /home/unitree/go2slam/install/unitree_api/include/unitree_api/unitree_api/msg/detail/request_policy__description.c
-- Installing: /home/unitree/go2slam/install/unitree_api/include/unitree_api/unitree_api/msg/detail/request_identity__functions.h
-- Installing: /home/unitree/go2slam/install/unitree_api/include/unitree_api/unitree_api/msg/detail/request__functions.h
-- Installing: /home/unitree/go2slam/install/unitree_api/include/unitree_api/unitree_api/msg/detail/response_header__functions.h
-- Installing: /home/unitree/go2slam/install/unitree_api/include/unitree_api/unitree_api/msg/detail/response_header__type_support.c
-- Installing: /home/unitree/go2slam/install/unitree_api/include/unitree_api/unitree_api/msg/detail/request_lease__functions.c
-- Installing: /home/unitree/go2slam/install/unitree_api/include/unitree_api/unitree_api/msg/detail/request_header__type_support.h
-- Installing: /home/unitree/go2slam/install/unitree_api/include/unitree_api/unitree_api/msg/detail/request_lease__type_support.c
-- Installing: /home/unitree/go2slam/install/unitree_api/include/unitree_api/unitree_api/msg/detail/request__struct.h
-- Installing: /home/unitree/go2slam/install/unitree_api/include/unitree_api/unitree_api/msg/detail/response__type_support.h
-- Installing: /home/unitree/go2slam/install/unitree_api/include/unitree_api/unitree_api/msg/detail/response_header__struct.h
-- Installing: /home/unitree/go2slam/install/unitree_api/include/unitree_api/unitree_api/msg/detail/request_policy__type_support.h
-- Installing: /home/unitree/go2slam/install/unitree_api/include/unitree_api/unitree_api/msg/detail/response_status__description.c
-- Installing: /home/unitree/go2slam/install/unitree_api/include/unitree_api/unitree_api/msg/detail/response_status__struct.h
-- Installing: /home/unitree/go2slam/install/unitree_api/include/unitree_api/unitree_api/msg/detail/response__type_support.c
-- Installing: /home/unitree/go2slam/install/unitree_api/include/unitree_api/unitree_api/msg/detail/response_status__functions.h
-- Installing: /home/unitree/go2slam/install/unitree_api/include/unitree_api/unitree_api/msg/detail/request__type_support.c
-- Installing: /home/unitree/go2slam/install/unitree_api/include/unitree_api/unitree_api/msg/detail/request_lease__description.c
-- Installing: /home/unitree/go2slam/install/unitree_api/include/unitree_api/unitree_api/msg/detail/request_lease__type_support.h
-- Installing: /home/unitree/go2slam/install/unitree_api/include/unitree_api/unitree_api/msg/detail/response__functions.c
-- Installing: /home/unitree/go2slam/install/unitree_api/include/unitree_api/unitree_api/msg/detail/request__functions.c
-- Installing: /home/unitree/go2slam/install/unitree_api/include/unitree_api/unitree_api/msg/detail/request_header__functions.c
-- Installing: /home/unitree/go2slam/install/unitree_api/include/unitree_api/unitree_api/msg/detail/request_identity__type_support.h
-- Installing: /home/unitree/go2slam/install/unitree_api/include/unitree_api/unitree_api/msg/detail/response_header__functions.c
-- Installing: /home/unitree/go2slam/install/unitree_api/include/unitree_api/unitree_api/msg/detail/request_policy__functions.h
-- Installing: /home/unitree/go2slam/install/unitree_api/include/unitree_api/unitree_api/msg/detail/request_lease__functions.h
-- Installing: /home/unitree/go2slam/install/unitree_api/include/unitree_api/unitree_api/msg/detail/response__functions.h
-- Installing: /home/unitree/go2slam/install/unitree_api/include/unitree_api/unitree_api/msg/detail/response_header__type_support.h
-- Installing: /home/unitree/go2slam/install/unitree_api/include/unitree_api/unitree_api/msg/detail/request_policy__functions.c
-- Installing: /home/unitree/go2slam/install/unitree_api/include/unitree_api/unitree_api/msg/detail/request_identity__description.c
-- Installing: /home/unitree/go2slam/install/unitree_api/include/unitree_api/unitree_api/msg/response.h
-- Installing: /home/unitree/go2slam/install/unitree_api/include/unitree_api/unitree_api/msg/request_identity.h
-- Installing: /home/unitree/go2slam/install/unitree_api/include/unitree_api/unitree_api/msg/request_lease.h
-- Installing: /home/unitree/go2slam/install/unitree_api/share/unitree_api/environment/library_path.sh
-- Installing: /home/unitree/go2slam/install/unitree_api/share/unitree_api/environment/library_path.dsv
-- Installing: /home/unitree/go2slam/install/unitree_api/lib/libunitree_api__rosidl_generator_c.so
-- Set non-toolchain portion of runtime path of "/home/unitree/go2slam/install/unitree_api/lib/libunitree_api__rosidl_generator_c.so" to ""
-- Up-to-date: /home/unitree/go2slam/install/unitree_api/include/unitree_api/unitree_api
-- Up-to-date: /home/unitree/go2slam/install/unitree_api/include/unitree_api/unitree_api/msg
-- Installing: /home/unitree/go2slam/install/unitree_api/include/unitree_api/unitree_api/msg/rosidl_typesupport_fastrtps_c__visibility_control.h
-- Up-to-date: /home/unitree/go2slam/install/unitree_api/include/unitree_api/unitree_api/msg/detail
-- Installing: /home/unitree/go2slam/install/unitree_api/include/unitree_api/unitree_api/msg/detail/request_identity__rosidl_typesupport_fastrtps_c.h
-- Installing: /home/unitree/go2slam/install/unitree_api/include/unitree_api/unitree_api/msg/detail/response__rosidl_typesupport_fastrtps_c.h
-- Installing: /home/unitree/go2slam/install/unitree_api/include/unitree_api/unitree_api/msg/detail/request_lease__rosidl_typesupport_fastrtps_c.h
-- Installing: /home/unitree/go2slam/install/unitree_api/include/unitree_api/unitree_api/msg/detail/request_policy__rosidl_typesupport_fastrtps_c.h
-- Installing: /home/unitree/go2slam/install/unitree_api/include/unitree_api/unitree_api/msg/detail/response_status__rosidl_typesupport_fastrtps_c.h
-- Installing: /home/unitree/go2slam/install/unitree_api/include/unitree_api/unitree_api/msg/detail/response_header__rosidl_typesupport_fastrtps_c.h
-- Installing: /home/unitree/go2slam/install/unitree_api/include/unitree_api/unitree_api/msg/detail/request__rosidl_typesupport_fastrtps_c.h
-- Installing: /home/unitree/go2slam/install/unitree_api/include/unitree_api/unitree_api/msg/detail/request_header__rosidl_typesupport_fastrtps_c.h
-- Installing: /home/unitree/go2slam/install/unitree_api/lib/libunitree_api__rosidl_typesupport_fastrtps_c.so
-- Set non-toolchain portion of runtime path of "/home/unitree/go2slam/install/unitree_api/lib/libunitree_api__rosidl_typesupport_fastrtps_c.so" to ""
-- Up-to-date: /home/unitree/go2slam/install/unitree_api/include/unitree_api/unitree_api
-- Up-to-date: /home/unitree/go2slam/install/unitree_api/include/unitree_api/unitree_api/msg
-- Installing: /home/unitree/go2slam/install/unitree_api/include/unitree_api/unitree_api/msg/response_header.hpp
-- Installing: /home/unitree/go2slam/install/unitree_api/include/unitree_api/unitree_api/msg/request_lease.hpp
-- Installing: /home/unitree/go2slam/install/unitree_api/include/unitree_api/unitree_api/msg/request_header.hpp
-- Installing: /home/unitree/go2slam/install/unitree_api/include/unitree_api/unitree_api/msg/request.hpp
-- Up-to-date: /home/unitree/go2slam/install/unitree_api/include/unitree_api/unitree_api/msg/detail
-- Installing: /home/unitree/go2slam/install/unitree_api/include/unitree_api/unitree_api/msg/detail/request_header__traits.hpp
-- Installing: /home/unitree/go2slam/install/unitree_api/include/unitree_api/unitree_api/msg/detail/response__builder.hpp
-- Installing: /home/unitree/go2slam/install/unitree_api/include/unitree_api/unitree_api/msg/detail/response__type_support.hpp
-- Installing: /home/unitree/go2slam/install/unitree_api/include/unitree_api/unitree_api/msg/detail/request__type_support.hpp
-- Installing: /home/unitree/go2slam/install/unitree_api/include/unitree_api/unitree_api/msg/detail/request_header__struct.hpp
-- Installing: /home/unitree/go2slam/install/unitree_api/include/unitree_api/unitree_api/msg/detail/request_identity__traits.hpp
-- Installing: /home/unitree/go2slam/install/unitree_api/include/unitree_api/unitree_api/msg/detail/request__struct.hpp
-- Installing: /home/unitree/go2slam/install/unitree_api/include/unitree_api/unitree_api/msg/detail/response_header__struct.hpp
-- Installing: /home/unitree/go2slam/install/unitree_api/include/unitree_api/unitree_api/msg/detail/request__traits.hpp
-- Installing: /home/unitree/go2slam/install/unitree_api/include/unitree_api/unitree_api/msg/detail/request_lease__builder.hpp
-- Installing: /home/unitree/go2slam/install/unitree_api/include/unitree_api/unitree_api/msg/detail/request__builder.hpp
-- Installing: /home/unitree/go2slam/install/unitree_api/include/unitree_api/unitree_api/msg/detail/response_status__builder.hpp
-- Installing: /home/unitree/go2slam/install/unitree_api/include/unitree_api/unitree_api/msg/detail/response_header__builder.hpp
-- Installing: /home/unitree/go2slam/install/unitree_api/include/unitree_api/unitree_api/msg/detail/response__traits.hpp
-- Installing: /home/unitree/go2slam/install/unitree_api/include/unitree_api/unitree_api/msg/detail/request_identity__struct.hpp
-- Installing: /home/unitree/go2slam/install/unitree_api/include/unitree_api/unitree_api/msg/detail/response__struct.hpp
-- Installing: /home/unitree/go2slam/install/unitree_api/include/unitree_api/unitree_api/msg/detail/response_status__type_support.hpp
-- Installing: /home/unitree/go2slam/install/unitree_api/include/unitree_api/unitree_api/msg/detail/response_status__traits.hpp
-- Installing: /home/unitree/go2slam/install/unitree_api/include/unitree_api/unitree_api/msg/detail/request_policy__struct.hpp
-- Installing: /home/unitree/go2slam/install/unitree_api/include/unitree_api/unitree_api/msg/detail/request_header__type_support.hpp
-- Installing: /home/unitree/go2slam/install/unitree_api/include/unitree_api/unitree_api/msg/detail/request_lease__type_support.hpp
-- Installing: /home/unitree/go2slam/install/unitree_api/include/unitree_api/unitree_api/msg/detail/request_lease__traits.hpp
-- Installing: /home/unitree/go2slam/install/unitree_api/include/unitree_api/unitree_api/msg/detail/request_policy__type_support.hpp
-- Installing: /home/unitree/go2slam/install/unitree_api/include/unitree_api/unitree_api/msg/detail/response_status__struct.hpp
-- Installing: /home/unitree/go2slam/install/unitree_api/include/unitree_api/unitree_api/msg/detail/request_lease__struct.hpp
-- Installing: /home/unitree/go2slam/install/unitree_api/include/unitree_api/unitree_api/msg/detail/request_policy__traits.hpp
-- Installing: /home/unitree/go2slam/install/unitree_api/include/unitree_api/unitree_api/msg/detail/request_identity__type_support.hpp
-- Installing: /home/unitree/go2slam/install/unitree_api/include/unitree_api/unitree_api/msg/detail/response_header__traits.hpp
-- Installing: /home/unitree/go2slam/install/unitree_api/include/unitree_api/unitree_api/msg/detail/request_policy__builder.hpp
-- Installing: /home/unitree/go2slam/install/unitree_api/include/unitree_api/unitree_api/msg/detail/request_header__builder.hpp
-- Installing: /home/unitree/go2slam/install/unitree_api/include/unitree_api/unitree_api/msg/detail/response_header__type_support.hpp
-- Installing: /home/unitree/go2slam/install/unitree_api/include/unitree_api/unitree_api/msg/detail/request_identity__builder.hpp
-- Installing: /home/unitree/go2slam/install/unitree_api/include/unitree_api/unitree_api/msg/response_status.hpp
-- Installing: /home/unitree/go2slam/install/unitree_api/include/unitree_api/unitree_api/msg/request_identity.hpp
-- Installing: /home/unitree/go2slam/install/unitree_api/include/unitree_api/unitree_api/msg/rosidl_generator_cpp__visibility_control.hpp
-- Installing: /home/unitree/go2slam/install/unitree_api/include/unitree_api/unitree_api/msg/request_policy.hpp
-- Installing: /home/unitree/go2slam/install/unitree_api/include/unitree_api/unitree_api/msg/response.hpp
-- Up-to-date: /home/unitree/go2slam/install/unitree_api/include/unitree_api/unitree_api
-- Up-to-date: /home/unitree/go2slam/install/unitree_api/include/unitree_api/unitree_api/msg
-- Installing: /home/unitree/go2slam/install/unitree_api/include/unitree_api/unitree_api/msg/rosidl_typesupport_fastrtps_cpp__visibility_control.h
-- Up-to-date: /home/unitree/go2slam/install/unitree_api/include/unitree_api/unitree_api/msg/detail
-- Installing: /home/unitree/go2slam/install/unitree_api/include/unitree_api/unitree_api/msg/detail/request_identity__rosidl_typesupport_fastrtps_cpp.hpp
-- Installing: /home/unitree/go2slam/install/unitree_api/include/unitree_api/unitree_api/msg/detail/request__rosidl_typesupport_fastrtps_cpp.hpp
-- Installing: /home/unitree/go2slam/install/unitree_api/include/unitree_api/unitree_api/msg/detail/request_lease__rosidl_typesupport_fastrtps_cpp.hpp
-- Installing: /home/unitree/go2slam/install/unitree_api/include/unitree_api/unitree_api/msg/detail/request_policy__rosidl_typesupport_fastrtps_cpp.hpp
-- Installing: /home/unitree/go2slam/install/unitree_api/include/unitree_api/unitree_api/msg/detail/response_status__rosidl_typesupport_fastrtps_cpp.hpp
-- Installing: /home/unitree/go2slam/install/unitree_api/include/unitree_api/unitree_api/msg/detail/dds_fastrtps
-- Installing: /home/unitree/go2slam/install/unitree_api/include/unitree_api/unitree_api/msg/detail/response__rosidl_typesupport_fastrtps_cpp.hpp
-- Installing: /home/unitree/go2slam/install/unitree_api/include/unitree_api/unitree_api/msg/detail/response_header__rosidl_typesupport_fastrtps_cpp.hpp
-- Installing: /home/unitree/go2slam/install/unitree_api/include/unitree_api/unitree_api/msg/detail/request_header__rosidl_typesupport_fastrtps_cpp.hpp
-- Installing: /home/unitree/go2slam/install/unitree_api/lib/libunitree_api__rosidl_typesupport_fastrtps_cpp.so
-- Set non-toolchain portion of runtime path of "/home/unitree/go2slam/install/unitree_api/lib/libunitree_api__rosidl_typesupport_fastrtps_cpp.so" to ""
-- Up-to-date: /home/unitree/go2slam/install/unitree_api/include/unitree_api/unitree_api
-- Up-to-date: /home/unitree/go2slam/install/unitree_api/include/unitree_api/unitree_api/msg
-- Up-to-date: /home/unitree/go2slam/install/unitree_api/include/unitree_api/unitree_api/msg/detail
-- Installing: /home/unitree/go2slam/install/unitree_api/include/unitree_api/unitree_api/msg/detail/request_header__type_support.c
-- Installing: /home/unitree/go2slam/install/unitree_api/include/unitree_api/unitree_api/msg/detail/request_identity__type_support.c
-- Installing: /home/unitree/go2slam/install/unitree_api/include/unitree_api/unitree_api/msg/detail/request_policy__rosidl_typesupport_introspection_c.h
-- Installing: /home/unitree/go2slam/install/unitree_api/include/unitree_api/unitree_api/msg/detail/response_status__type_support.c
-- Installing: /home/unitree/go2slam/install/unitree_api/include/unitree_api/unitree_api/msg/detail/request_policy__type_support.c
-- Installing: /home/unitree/go2slam/install/unitree_api/include/unitree_api/unitree_api/msg/detail/response_status__rosidl_typesupport_introspection_c.h
-- Installing: /home/unitree/go2slam/install/unitree_api/include/unitree_api/unitree_api/msg/detail/request__rosidl_typesupport_introspection_c.h
-- Installing: /home/unitree/go2slam/install/unitree_api/include/unitree_api/unitree_api/msg/detail/response_header__type_support.c
-- Installing: /home/unitree/go2slam/install/unitree_api/include/unitree_api/unitree_api/msg/detail/request_lease__type_support.c
-- Installing: /home/unitree/go2slam/install/unitree_api/include/unitree_api/unitree_api/msg/detail/request_header__rosidl_typesupport_introspection_c.h
-- Installing: /home/unitree/go2slam/install/unitree_api/include/unitree_api/unitree_api/msg/detail/request_identity__rosidl_typesupport_introspection_c.h
-- Installing: /home/unitree/go2slam/install/unitree_api/include/unitree_api/unitree_api/msg/detail/response__type_support.c
-- Installing: /home/unitree/go2slam/install/unitree_api/include/unitree_api/unitree_api/msg/detail/request__type_support.c
-- Installing: /home/unitree/go2slam/install/unitree_api/include/unitree_api/unitree_api/msg/detail/response_header__rosidl_typesupport_introspection_c.h
-- Installing: /home/unitree/go2slam/install/unitree_api/include/unitree_api/unitree_api/msg/detail/response__rosidl_typesupport_introspection_c.h
-- Installing: /home/unitree/go2slam/install/unitree_api/include/unitree_api/unitree_api/msg/detail/request_lease__rosidl_typesupport_introspection_c.h
-- Installing: /home/unitree/go2slam/install/unitree_api/include/unitree_api/unitree_api/msg/rosidl_typesupport_introspection_c__visibility_control.h
-- Installing: /home/unitree/go2slam/install/unitree_api/lib/libunitree_api__rosidl_typesupport_introspection_c.so
-- Set non-toolchain portion of runtime path of "/home/unitree/go2slam/install/unitree_api/lib/libunitree_api__rosidl_typesupport_introspection_c.so" to ""
-- Installing: /home/unitree/go2slam/install/unitree_api/lib/libunitree_api__rosidl_typesupport_c.so
-- Set non-toolchain portion of runtime path of "/home/unitree/go2slam/install/unitree_api/lib/libunitree_api__rosidl_typesupport_c.so" to ""
-- Up-to-date: /home/unitree/go2slam/install/unitree_api/include/unitree_api/unitree_api
-- Up-to-date: /home/unitree/go2slam/install/unitree_api/include/unitree_api/unitree_api/msg
-- Up-to-date: /home/unitree/go2slam/install/unitree_api/include/unitree_api/unitree_api/msg/detail
-- Installing: /home/unitree/go2slam/install/unitree_api/include/unitree_api/unitree_api/msg/detail/request_identity__type_support.cpp
-- Installing: /home/unitree/go2slam/install/unitree_api/include/unitree_api/unitree_api/msg/detail/request_header__rosidl_typesupport_introspection_cpp.hpp
-- Installing: /home/unitree/go2slam/install/unitree_api/include/unitree_api/unitree_api/msg/detail/request_lease__type_support.cpp
-- Installing: /home/unitree/go2slam/install/unitree_api/include/unitree_api/unitree_api/msg/detail/response_header__type_support.cpp
-- Installing: /home/unitree/go2slam/install/unitree_api/include/unitree_api/unitree_api/msg/detail/request_lease__rosidl_typesupport_introspection_cpp.hpp
-- Installing: /home/unitree/go2slam/install/unitree_api/include/unitree_api/unitree_api/msg/detail/request__type_support.cpp
-- Installing: /home/unitree/go2slam/install/unitree_api/include/unitree_api/unitree_api/msg/detail/request__rosidl_typesupport_introspection_cpp.hpp
-- Installing: /home/unitree/go2slam/install/unitree_api/include/unitree_api/unitree_api/msg/detail/request_policy__type_support.cpp
-- Installing: /home/unitree/go2slam/install/unitree_api/include/unitree_api/unitree_api/msg/detail/request_identity__rosidl_typesupport_introspection_cpp.hpp
-- Installing: /home/unitree/go2slam/install/unitree_api/include/unitree_api/unitree_api/msg/detail/response_status__rosidl_typesupport_introspection_cpp.hpp
-- Installing: /home/unitree/go2slam/install/unitree_api/include/unitree_api/unitree_api/msg/detail/response__rosidl_typesupport_introspection_cpp.hpp
-- Installing: /home/unitree/go2slam/install/unitree_api/include/unitree_api/unitree_api/msg/detail/response_header__rosidl_typesupport_introspection_cpp.hpp
-- Installing: /home/unitree/go2slam/install/unitree_api/include/unitree_api/unitree_api/msg/detail/response_status__type_support.cpp
-- Installing: /home/unitree/go2slam/install/unitree_api/include/unitree_api/unitree_api/msg/detail/response__type_support.cpp
-- Installing: /home/unitree/go2slam/install/unitree_api/include/unitree_api/unitree_api/msg/detail/request_policy__rosidl_typesupport_introspection_cpp.hpp
-- Installing: /home/unitree/go2slam/install/unitree_api/include/unitree_api/unitree_api/msg/detail/request_header__type_support.cpp
-- Installing: /home/unitree/go2slam/install/unitree_api/lib/libunitree_api__rosidl_typesupport_introspection_cpp.so
-- Set non-toolchain portion of runtime path of "/home/unitree/go2slam/install/unitree_api/lib/libunitree_api__rosidl_typesupport_introspection_cpp.so" to ""
-- Installing: /home/unitree/go2slam/install/unitree_api/lib/libunitree_api__rosidl_typesupport_cpp.so
-- Set non-toolchain portion of runtime path of "/home/unitree/go2slam/install/unitree_api/lib/libunitree_api__rosidl_typesupport_cpp.so" to ""
-- Installing: /home/unitree/go2slam/install/unitree_api/share/unitree_api/environment/pythonpath.sh
-- Installing: /home/unitree/go2slam/install/unitree_api/share/unitree_api/environment/pythonpath.dsv
-- Installing: /home/unitree/go2slam/install/unitree_api/lib/python3.12/site-packages/unitree_api-0.0.0-py3.12.egg-info
-- Installing: /home/unitree/go2slam/install/unitree_api/lib/python3.12/site-packages/unitree_api-0.0.0-py3.12.egg-info/top_level.txt
-- Installing: /home/unitree/go2slam/install/unitree_api/lib/python3.12/site-packages/unitree_api-0.0.0-py3.12.egg-info/PKG-INFO
-- Installing: /home/unitree/go2slam/install/unitree_api/lib/python3.12/site-packages/unitree_api-0.0.0-py3.12.egg-info/dependency_links.txt
-- Installing: /home/unitree/go2slam/install/unitree_api/lib/python3.12/site-packages/unitree_api-0.0.0-py3.12.egg-info/SOURCES.txt
-- Installing: /home/unitree/go2slam/install/unitree_api/lib/python3.12/site-packages/unitree_api
-- Installing: /home/unitree/go2slam/install/unitree_api/lib/python3.12/site-packages/unitree_api/unitree_api_s__rosidl_typesupport_introspection_c.so
-- Installing: /home/unitree/go2slam/install/unitree_api/lib/python3.12/site-packages/unitree_api/unitree_api_s__rosidl_typesupport_fastrtps_c.so
-- Installing: /home/unitree/go2slam/install/unitree_api/lib/python3.12/site-packages/unitree_api/unitree_api_s__rosidl_typesupport_c.so
-- Installing: /home/unitree/go2slam/install/unitree_api/lib/python3.12/site-packages/unitree_api/__init__.py
-- Installing: /home/unitree/go2slam/install/unitree_api/lib/python3.12/site-packages/unitree_api/msg
-- Installing: /home/unitree/go2slam/install/unitree_api/lib/python3.12/site-packages/unitree_api/msg/_request_lease_s.c
-- Installing: /home/unitree/go2slam/install/unitree_api/lib/python3.12/site-packages/unitree_api/msg/_response_status_s.c
-- Installing: /home/unitree/go2slam/install/unitree_api/lib/python3.12/site-packages/unitree_api/msg/_request_s.c
-- Installing: /home/unitree/go2slam/install/unitree_api/lib/python3.12/site-packages/unitree_api/msg/_request_identity.py
-- Installing: /home/unitree/go2slam/install/unitree_api/lib/python3.12/site-packages/unitree_api/msg/_request.py
-- Installing: /home/unitree/go2slam/install/unitree_api/lib/python3.12/site-packages/unitree_api/msg/_request_identity_s.c
-- Installing: /home/unitree/go2slam/install/unitree_api/lib/python3.12/site-packages/unitree_api/msg/_request_header_s.c
-- Installing: /home/unitree/go2slam/install/unitree_api/lib/python3.12/site-packages/unitree_api/msg/_response_status.py
-- Installing: /home/unitree/go2slam/install/unitree_api/lib/python3.12/site-packages/unitree_api/msg/__init__.py
-- Installing: /home/unitree/go2slam/install/unitree_api/lib/python3.12/site-packages/unitree_api/msg/_response_header_s.c
-- Installing: /home/unitree/go2slam/install/unitree_api/lib/python3.12/site-packages/unitree_api/msg/_response.py
-- Installing: /home/unitree/go2slam/install/unitree_api/lib/python3.12/site-packages/unitree_api/msg/_response_header.py
-- Installing: /home/unitree/go2slam/install/unitree_api/lib/python3.12/site-packages/unitree_api/msg/_request_policy.py
-- Installing: /home/unitree/go2slam/install/unitree_api/lib/python3.12/site-packages/unitree_api/msg/_response_s.c
-- Installing: /home/unitree/go2slam/install/unitree_api/lib/python3.12/site-packages/unitree_api/msg/_request_lease.py
-- Installing: /home/unitree/go2slam/install/unitree_api/lib/python3.12/site-packages/unitree_api/msg/_request_policy_s.c
-- Installing: /home/unitree/go2slam/install/unitree_api/lib/python3.12/site-packages/unitree_api/msg/_request_header.py
-- Installing: /home/unitree/go2slam/install/unitree_api/lib/python3.12/site-packages/unitree_api/_unitree_api_s.ep.rosidl_typesupport_fastrtps_c.c
-- Installing: /home/unitree/go2slam/install/unitree_api/lib/python3.12/site-packages/unitree_api/_unitree_api_s.ep.rosidl_typesupport_c.c
-- Installing: /home/unitree/go2slam/install/unitree_api/lib/python3.12/site-packages/unitree_api/_unitree_api_s.ep.rosidl_typesupport_introspection_c.c
Listing '/home/unitree/go2slam/install/unitree_api/lib/python3.12/site-packages/unitree_api'...
Compiling '/home/unitree/go2slam/install/unitree_api/lib/python3.12/site-packages/unitree_api/__init__.py'...
Listing '/home/unitree/go2slam/install/unitree_api/lib/python3.12/site-packages/unitree_api/msg'...
Compiling '/home/unitree/go2slam/install/unitree_api/lib/python3.12/site-packages/unitree_api/msg/__init__.py'...
Compiling '/home/unitree/go2slam/install/unitree_api/lib/python3.12/site-packages/unitree_api/msg/_request.py'...
Compiling '/home/unitree/go2slam/install/unitree_api/lib/python3.12/site-packages/unitree_api/msg/_request_header.py'...
Compiling '/home/unitree/go2slam/install/unitree_api/lib/python3.12/site-packages/unitree_api/msg/_request_identity.py'...
Compiling '/home/unitree/go2slam/install/unitree_api/lib/python3.12/site-packages/unitree_api/msg/_request_lease.py'...
Compiling '/home/unitree/go2slam/install/unitree_api/lib/python3.12/site-packages/unitree_api/msg/_request_policy.py'...
Compiling '/home/unitree/go2slam/install/unitree_api/lib/python3.12/site-packages/unitree_api/msg/_response.py'...
Compiling '/home/unitree/go2slam/install/unitree_api/lib/python3.12/site-packages/unitree_api/msg/_response_header.py'...
Compiling '/home/unitree/go2slam/install/unitree_api/lib/python3.12/site-packages/unitree_api/msg/_response_status.py'...
-- Installing: /home/unitree/go2slam/install/unitree_api/lib/python3.12/site-packages/unitree_api/unitree_api_s__rosidl_typesupport_fastrtps_c.so
-- Set non-toolchain portion of runtime path of "/home/unitree/go2slam/install/unitree_api/lib/python3.12/site-packages/unitree_api/unitree_api_s__rosidl_typesupport_fastrtps_c.so" to ""
-- Installing: /home/unitree/go2slam/install/unitree_api/lib/python3.12/site-packages/unitree_api/unitree_api_s__rosidl_typesupport_introspection_c.so
-- Set non-toolchain portion of runtime path of "/home/unitree/go2slam/install/unitree_api/lib/python3.12/site-packages/unitree_api/unitree_api_s__rosidl_typesupport_introspection_c.so" to ""
-- Installing: /home/unitree/go2slam/install/unitree_api/lib/python3.12/site-packages/unitree_api/unitree_api_s__rosidl_typesupport_c.so
-- Set non-toolchain portion of runtime path of "/home/unitree/go2slam/install/unitree_api/lib/python3.12/site-packages/unitree_api/unitree_api_s__rosidl_typesupport_c.so" to ""
-- Installing: /home/unitree/go2slam/install/unitree_api/lib/libunitree_api__rosidl_generator_py.so
-- Set non-toolchain portion of runtime path of "/home/unitree/go2slam/install/unitree_api/lib/libunitree_api__rosidl_generator_py.so" to ""
-- Installing: /home/unitree/go2slam/install/unitree_api/share/ament_index/resource_index/rust_packages/unitree_api
-- Installing: /home/unitree/go2slam/install/unitree_api/share/unitree_api/rust
-- Installing: /home/unitree/go2slam/install/unitree_api/share/unitree_api/rust/build.rs
-- Installing: /home/unitree/go2slam/install/unitree_api/share/unitree_api/rust/src
-- Installing: /home/unitree/go2slam/install/unitree_api/share/unitree_api/rust/src/msg
-- Installing: /home/unitree/go2slam/install/unitree_api/share/unitree_api/rust/src/msg/rmw.rs
-- Installing: /home/unitree/go2slam/install/unitree_api/share/unitree_api/rust/src/msg.rs
-- Installing: /home/unitree/go2slam/install/unitree_api/share/unitree_api/rust/src/lib.rs
-- Installing: /home/unitree/go2slam/install/unitree_api/share/unitree_api/rust/Cargo.toml
-- Installing: /home/unitree/go2slam/install/unitree_api/share/unitree_api/msg/Request.idl
-- Installing: /home/unitree/go2slam/install/unitree_api/share/unitree_api/msg/RequestHeader.idl
-- Installing: /home/unitree/go2slam/install/unitree_api/share/unitree_api/msg/RequestIdentity.idl
-- Installing: /home/unitree/go2slam/install/unitree_api/share/unitree_api/msg/RequestLease.idl
-- Installing: /home/unitree/go2slam/install/unitree_api/share/unitree_api/msg/RequestPolicy.idl
-- Installing: /home/unitree/go2slam/install/unitree_api/share/unitree_api/msg/Response.idl
-- Installing: /home/unitree/go2slam/install/unitree_api/share/unitree_api/msg/ResponseHeader.idl
-- Installing: /home/unitree/go2slam/install/unitree_api/share/unitree_api/msg/ResponseStatus.idl
-- Installing: /home/unitree/go2slam/install/unitree_api/share/unitree_api/msg/Request.msg
-- Installing: /home/unitree/go2slam/install/unitree_api/share/unitree_api/msg/RequestHeader.msg
-- Installing: /home/unitree/go2slam/install/unitree_api/share/unitree_api/msg/RequestIdentity.msg
-- Installing: /home/unitree/go2slam/install/unitree_api/share/unitree_api/msg/RequestLease.msg
-- Installing: /home/unitree/go2slam/install/unitree_api/share/unitree_api/msg/RequestPolicy.msg
-- Installing: /home/unitree/go2slam/install/unitree_api/share/unitree_api/msg/Response.msg
-- Installing: /home/unitree/go2slam/install/unitree_api/share/unitree_api/msg/ResponseHeader.msg
-- Installing: /home/unitree/go2slam/install/unitree_api/share/unitree_api/msg/ResponseStatus.msg
-- Installing: /home/unitree/go2slam/install/unitree_api/share/unitree_api/msg/dds_connext
-- Installing: /home/unitree/go2slam/install/unitree_api/share/unitree_api/msg/dds_connext/RequestHeader_.idl
-- Installing: /home/unitree/go2slam/install/unitree_api/share/unitree_api/msg/dds_connext/ResponseStatus_.idl
-- Installing: /home/unitree/go2slam/install/unitree_api/share/unitree_api/msg/dds_connext/Response_.idl
-- Installing: /home/unitree/go2slam/install/unitree_api/share/unitree_api/msg/dds_connext/RequestIdentity_.idl
-- Installing: /home/unitree/go2slam/install/unitree_api/share/unitree_api/msg/dds_connext/ResponseHeader_.idl
-- Installing: /home/unitree/go2slam/install/unitree_api/share/unitree_api/msg/dds_connext/Request_.idl
-- Installing: /home/unitree/go2slam/install/unitree_api/share/unitree_api/msg/dds_connext/RequestLease_.idl
-- Installing: /home/unitree/go2slam/install/unitree_api/share/unitree_api/msg/dds_connext/RequestPolicy_.idl
-- Installing: /home/unitree/go2slam/install/unitree_api/share/ament_index/resource_index/package_run_dependencies/unitree_api
-- Installing: /home/unitree/go2slam/install/unitree_api/share/ament_index/resource_index/parent_prefix_path/unitree_api
-- Installing: /home/unitree/go2slam/install/unitree_api/share/unitree_api/environment/ament_prefix_path.sh
-- Installing: /home/unitree/go2slam/install/unitree_api/share/unitree_api/environment/ament_prefix_path.dsv
-- Installing: /home/unitree/go2slam/install/unitree_api/share/unitree_api/environment/path.sh
-- Installing: /home/unitree/go2slam/install/unitree_api/share/unitree_api/environment/path.dsv
-- Installing: /home/unitree/go2slam/install/unitree_api/share/unitree_api/local_setup.bash
-- Installing: /home/unitree/go2slam/install/unitree_api/share/unitree_api/local_setup.sh
-- Installing: /home/unitree/go2slam/install/unitree_api/share/unitree_api/local_setup.zsh
-- Installing: /home/unitree/go2slam/install/unitree_api/share/unitree_api/local_setup.dsv
-- Installing: /home/unitree/go2slam/install/unitree_api/share/unitree_api/package.dsv
-- Installing: /home/unitree/go2slam/install/unitree_api/share/ament_index/resource_index/packages/unitree_api
-- Installing: /home/unitree/go2slam/install/unitree_api/share/unitree_api/cmake/export_unitree_api__rosidl_generator_cExport.cmake
-- Installing: /home/unitree/go2slam/install/unitree_api/share/unitree_api/cmake/export_unitree_api__rosidl_generator_cExport-noconfig.cmake
-- Installing: /home/unitree/go2slam/install/unitree_api/share/unitree_api/cmake/export_unitree_api__rosidl_typesupport_fastrtps_cExport.cmake
-- Installing: /home/unitree/go2slam/install/unitree_api/share/unitree_api/cmake/export_unitree_api__rosidl_typesupport_fastrtps_cExport-noconfig.cmake
-- Installing: /home/unitree/go2slam/install/unitree_api/share/unitree_api/cmake/export_unitree_api__rosidl_generator_cppExport.cmake
-- Installing: /home/unitree/go2slam/install/unitree_api/share/unitree_api/cmake/export_unitree_api__rosidl_typesupport_fastrtps_cppExport.cmake
-- Installing: /home/unitree/go2slam/install/unitree_api/share/unitree_api/cmake/export_unitree_api__rosidl_typesupport_fastrtps_cppExport-noconfig.cmake
-- Installing: /home/unitree/go2slam/install/unitree_api/share/unitree_api/cmake/unitree_api__rosidl_typesupport_introspection_cExport.cmake
-- Installing: /home/unitree/go2slam/install/unitree_api/share/unitree_api/cmake/unitree_api__rosidl_typesupport_introspection_cExport-noconfig.cmake
-- Installing: /home/unitree/go2slam/install/unitree_api/share/unitree_api/cmake/unitree_api__rosidl_typesupport_cExport.cmake
-- Installing: /home/unitree/go2slam/install/unitree_api/share/unitree_api/cmake/unitree_api__rosidl_typesupport_cExport-noconfig.cmake
-- Installing: /home/unitree/go2slam/install/unitree_api/share/unitree_api/cmake/unitree_api__rosidl_typesupport_introspection_cppExport.cmake
-- Installing: /home/unitree/go2slam/install/unitree_api/share/unitree_api/cmake/unitree_api__rosidl_typesupport_introspection_cppExport-noconfig.cmake
-- Installing: /home/unitree/go2slam/install/unitree_api/share/unitree_api/cmake/unitree_api__rosidl_typesupport_cppExport.cmake
-- Installing: /home/unitree/go2slam/install/unitree_api/share/unitree_api/cmake/unitree_api__rosidl_typesupport_cppExport-noconfig.cmake
-- Installing: /home/unitree/go2slam/install/unitree_api/share/unitree_api/cmake/export_unitree_api__rosidl_generator_pyExport.cmake
-- Installing: /home/unitree/go2slam/install/unitree_api/share/unitree_api/cmake/export_unitree_api__rosidl_generator_pyExport-noconfig.cmake
-- Installing: /home/unitree/go2slam/install/unitree_api/share/unitree_api/cmake/rosidl_cmake-extras.cmake
-- Installing: /home/unitree/go2slam/install/unitree_api/share/unitree_api/cmake/ament_cmake_export_dependencies-extras.cmake
-- Installing: /home/unitree/go2slam/install/unitree_api/share/unitree_api/cmake/ament_cmake_export_include_directories-extras.cmake
-- Installing: /home/unitree/go2slam/install/unitree_api/share/unitree_api/cmake/ament_cmake_export_libraries-extras.cmake
-- Installing: /home/unitree/go2slam/install/unitree_api/share/unitree_api/cmake/ament_cmake_export_targets-extras.cmake
-- Installing: /home/unitree/go2slam/install/unitree_api/share/unitree_api/cmake/rosidl_cmake_export_typesupport_targets-extras.cmake
-- Installing: /home/unitree/go2slam/install/unitree_api/share/unitree_api/cmake/rosidl_cmake_export_typesupport_libraries-extras.cmake
-- Installing: /home/unitree/go2slam/install/unitree_api/share/unitree_api/cmake/unitree_apiConfig.cmake
-- Installing: /home/unitree/go2slam/install/unitree_api/share/unitree_api/cmake/unitree_apiConfig-version.cmake
-- Installing: /home/unitree/go2slam/install/unitree_api/share/unitree_api/package.xml
