[0.064s] Invoking command in '/home/unitree/go2slam/build/unitree_api': CMAKE_PREFIX_PATH=${CMAKE_PREFIX_PATH}:/opt/ros/jazzy /usr/bin/cmake --build /home/unitree/go2slam/build/unitree_api -- -j6 -l6
[0.558s] [  1%] Built target unitree_api__rosidl_generator_type_description
[0.559s] [  3%] Built target unitree_api__dds_connext_idl
[0.560s] [  3%] Built target unitree_api__rs
[0.561s] [  3%] Built target ament_cmake_python_copy_unitree_api
[0.565s] [  3%] Built target unitree_api__cpp
[0.628s] [ 28%] Built target unitree_api__rosidl_generator_c
[0.839s] [ 38%] Built target unitree_api__rosidl_typesupport_fastrtps_c
[0.854s] [ 47%] Built target unitree_api__rosidl_typesupport_introspection_c
[0.889s] [ 57%] Built target unitree_api__rosidl_typesupport_c
[0.926s] [ 67%] Built target unitree_api__rosidl_typesupport_introspection_cpp
[0.939s] [ 76%] Built target unitree_api__rosidl_typesupport_fastrtps_cpp
[1.107s] [ 85%] Built target unitree_api__rosidl_typesupport_cpp
[1.245s] [ 85%] Built target unitree_api
[1.386s] [ 86%] Built target unitree_api__py
[1.605s] [ 94%] Built target unitree_api__rosidl_generator_py
[1.614s] running egg_info
[1.714s] writing unitree_api.egg-info/PKG-INFO
[1.715s] writing dependency_links to unitree_api.egg-info/dependency_links.txt
[1.715s] writing top-level names to unitree_api.egg-info/top_level.txt
[1.853s] [ 96%] Built target unitree_api_s__rosidl_typesupport_introspection_c
[1.867s] [ 98%] Built target unitree_api_s__rosidl_typesupport_c
[1.874s] [100%] Built target unitree_api_s__rosidl_typesupport_fastrtps_c
[1.978s] reading manifest file 'unitree_api.egg-info/SOURCES.txt'
[1.980s] writing manifest file 'unitree_api.egg-info/SOURCES.txt'
[2.164s] [100%] Built target ament_cmake_python_build_unitree_api_egg
[2.240s] Invoked command in '/home/unitree/go2slam/build/unitree_api' returned '0': CMAKE_PREFIX_PATH=${CMAKE_PREFIX_PATH}:/opt/ros/jazzy /usr/bin/cmake --build /home/unitree/go2slam/build/unitree_api -- -j6 -l6
[2.241s] Invoking command in '/home/unitree/go2slam/build/unitree_api': CMAKE_PREFIX_PATH=${CMAKE_PREFIX_PATH}:/opt/ros/jazzy /usr/bin/cmake --install /home/unitree/go2slam/build/unitree_api
[2.296s] -- Install configuration: ""
[2.298s] -- Installing: /home/unitree/go2slam/install/unitree_api/share/ament_index/resource_index/rosidl_interfaces/unitree_api
[2.301s] -- Installing: /home/unitree/go2slam/install/unitree_api/share/unitree_api/msg/Request.json
[2.302s] -- Installing: /home/unitree/go2slam/install/unitree_api/share/unitree_api/msg/RequestHeader.json
[2.304s] -- Installing: /home/unitree/go2slam/install/unitree_api/share/unitree_api/msg/RequestIdentity.json
[2.306s] -- Installing: /home/unitree/go2slam/install/unitree_api/share/unitree_api/msg/RequestLease.json
[2.310s] -- Installing: /home/unitree/go2slam/install/unitree_api/share/unitree_api/msg/RequestPolicy.json
[2.310s] -- Installing: /home/unitree/go2slam/install/unitree_api/share/unitree_api/msg/Response.json
[2.314s] -- Installing: /home/unitree/go2slam/install/unitree_api/share/unitree_api/msg/ResponseHeader.json
[2.324s] -- Installing: /home/unitree/go2slam/install/unitree_api/share/unitree_api/msg/ResponseStatus.json
[2.324s] -- Installing: /home/unitree/go2slam/install/unitree_api/include/unitree_api/unitree_api
[2.333s] -- Installing: /home/unitree/go2slam/install/unitree_api/include/unitree_api/unitree_api/msg
[2.334s] -- Installing: /home/unitree/go2slam/install/unitree_api/include/unitree_api/unitree_api/msg/request.h
[2.334s] -- Installing: /home/unitree/go2slam/install/unitree_api/include/unitree_api/unitree_api/msg/response_status.h
[2.334s] -- Installing: /home/unitree/go2slam/install/unitree_api/include/unitree_api/unitree_api/msg/request_header.h
[2.334s] -- Installing: /home/unitree/go2slam/install/unitree_api/include/unitree_api/unitree_api/msg/response_header.h
[2.334s] -- Installing: /home/unitree/go2slam/install/unitree_api/include/unitree_api/unitree_api/msg/rosidl_generator_c__visibility_control.h
[2.335s] -- Installing: /home/unitree/go2slam/install/unitree_api/include/unitree_api/unitree_api/msg/request_policy.h
[2.335s] -- Installing: /home/unitree/go2slam/install/unitree_api/include/unitree_api/unitree_api/msg/detail
[2.335s] -- Installing: /home/unitree/go2slam/install/unitree_api/include/unitree_api/unitree_api/msg/detail/request_identity__struct.h
[2.335s] -- Installing: /home/unitree/go2slam/install/unitree_api/include/unitree_api/unitree_api/msg/detail/request_lease__struct.h
[2.335s] -- Installing: /home/unitree/go2slam/install/unitree_api/include/unitree_api/unitree_api/msg/detail/request_header__struct.h
[2.335s] -- Installing: /home/unitree/go2slam/install/unitree_api/include/unitree_api/unitree_api/msg/detail/request_header__functions.h
[2.336s] -- Installing: /home/unitree/go2slam/install/unitree_api/include/unitree_api/unitree_api/msg/detail/request_header__type_support.c
[2.337s] -- Installing: /home/unitree/go2slam/install/unitree_api/include/unitree_api/unitree_api/msg/detail/request_identity__functions.c
[2.337s] -- Installing: /home/unitree/go2slam/install/unitree_api/include/unitree_api/unitree_api/msg/detail/request_identity__type_support.c
[2.338s] -- Installing: /home/unitree/go2slam/install/unitree_api/include/unitree_api/unitree_api/msg/detail/response_header__description.c
[2.338s] -- Installing: /home/unitree/go2slam/install/unitree_api/include/unitree_api/unitree_api/msg/detail/request__description.c
[2.338s] -- Installing: /home/unitree/go2slam/install/unitree_api/include/unitree_api/unitree_api/msg/detail/response__description.c
[2.338s] -- Installing: /home/unitree/go2slam/install/unitree_api/include/unitree_api/unitree_api/msg/detail/request_policy__struct.h
[2.339s] -- Installing: /home/unitree/go2slam/install/unitree_api/include/unitree_api/unitree_api/msg/detail/response_status__functions.c
[2.339s] -- Installing: /home/unitree/go2slam/install/unitree_api/include/unitree_api/unitree_api/msg/detail/response__struct.h
[2.339s] -- Installing: /home/unitree/go2slam/install/unitree_api/include/unitree_api/unitree_api/msg/detail/request_header__description.c
[2.339s] -- Installing: /home/unitree/go2slam/install/unitree_api/include/unitree_api/unitree_api/msg/detail/response_status__type_support.c
[2.339s] -- Installing: /home/unitree/go2slam/install/unitree_api/include/unitree_api/unitree_api/msg/detail/request_policy__type_support.c
[2.340s] -- Installing: /home/unitree/go2slam/install/unitree_api/include/unitree_api/unitree_api/msg/detail/request__type_support.h
[2.340s] -- Installing: /home/unitree/go2slam/install/unitree_api/include/unitree_api/unitree_api/msg/detail/response_status__type_support.h
[2.340s] -- Installing: /home/unitree/go2slam/install/unitree_api/include/unitree_api/unitree_api/msg/detail/request_policy__description.c
[2.340s] -- Installing: /home/unitree/go2slam/install/unitree_api/include/unitree_api/unitree_api/msg/detail/request_identity__functions.h
[2.356s] -- Installing: /home/unitree/go2slam/install/unitree_api/include/unitree_api/unitree_api/msg/detail/request__functions.h
[2.356s] -- Installing: /home/unitree/go2slam/install/unitree_api/include/unitree_api/unitree_api/msg/detail/response_header__functions.h
[2.356s] -- Installing: /home/unitree/go2slam/install/unitree_api/include/unitree_api/unitree_api/msg/detail/response_header__type_support.c
[2.357s] -- Installing: /home/unitree/go2slam/install/unitree_api/include/unitree_api/unitree_api/msg/detail/request_lease__functions.c
[2.357s] -- Installing: /home/unitree/go2slam/install/unitree_api/include/unitree_api/unitree_api/msg/detail/request_header__type_support.h
[2.357s] -- Installing: /home/unitree/go2slam/install/unitree_api/include/unitree_api/unitree_api/msg/detail/request_lease__type_support.c
[2.357s] -- Installing: /home/unitree/go2slam/install/unitree_api/include/unitree_api/unitree_api/msg/detail/request__struct.h
[2.357s] -- Installing: /home/unitree/go2slam/install/unitree_api/include/unitree_api/unitree_api/msg/detail/response__type_support.h
[2.357s] -- Installing: /home/unitree/go2slam/install/unitree_api/include/unitree_api/unitree_api/msg/detail/response_header__struct.h
[2.358s] -- Installing: /home/unitree/go2slam/install/unitree_api/include/unitree_api/unitree_api/msg/detail/request_policy__type_support.h
[2.358s] -- Installing: /home/unitree/go2slam/install/unitree_api/include/unitree_api/unitree_api/msg/detail/response_status__description.c
[2.358s] -- Installing: /home/unitree/go2slam/install/unitree_api/include/unitree_api/unitree_api/msg/detail/response_status__struct.h
[2.358s] -- Installing: /home/unitree/go2slam/install/unitree_api/include/unitree_api/unitree_api/msg/detail/response__type_support.c
[2.359s] -- Installing: /home/unitree/go2slam/install/unitree_api/include/unitree_api/unitree_api/msg/detail/response_status__functions.h
[2.359s] -- Installing: /home/unitree/go2slam/install/unitree_api/include/unitree_api/unitree_api/msg/detail/request__type_support.c
[2.359s] -- Installing: /home/unitree/go2slam/install/unitree_api/include/unitree_api/unitree_api/msg/detail/request_lease__description.c
[2.359s] -- Installing: /home/unitree/go2slam/install/unitree_api/include/unitree_api/unitree_api/msg/detail/request_lease__type_support.h
[2.362s] -- Installing: /home/unitree/go2slam/install/unitree_api/include/unitree_api/unitree_api/msg/detail/response__functions.c
[2.363s] -- Installing: /home/unitree/go2slam/install/unitree_api/include/unitree_api/unitree_api/msg/detail/request__functions.c
[2.363s] -- Installing: /home/unitree/go2slam/install/unitree_api/include/unitree_api/unitree_api/msg/detail/request_header__functions.c
[2.363s] -- Installing: /home/unitree/go2slam/install/unitree_api/include/unitree_api/unitree_api/msg/detail/request_identity__type_support.h
[2.363s] -- Installing: /home/unitree/go2slam/install/unitree_api/include/unitree_api/unitree_api/msg/detail/response_header__functions.c
[2.363s] -- Installing: /home/unitree/go2slam/install/unitree_api/include/unitree_api/unitree_api/msg/detail/request_policy__functions.h
[2.364s] -- Installing: /home/unitree/go2slam/install/unitree_api/include/unitree_api/unitree_api/msg/detail/request_lease__functions.h
[2.364s] -- Installing: /home/unitree/go2slam/install/unitree_api/include/unitree_api/unitree_api/msg/detail/response__functions.h
[2.364s] -- Installing: /home/unitree/go2slam/install/unitree_api/include/unitree_api/unitree_api/msg/detail/response_header__type_support.h
[2.365s] -- Installing: /home/unitree/go2slam/install/unitree_api/include/unitree_api/unitree_api/msg/detail/request_policy__functions.c
[2.366s] -- Installing: /home/unitree/go2slam/install/unitree_api/include/unitree_api/unitree_api/msg/detail/request_identity__description.c
[2.366s] -- Installing: /home/unitree/go2slam/install/unitree_api/include/unitree_api/unitree_api/msg/response.h
[2.367s] -- Installing: /home/unitree/go2slam/install/unitree_api/include/unitree_api/unitree_api/msg/request_identity.h
[2.368s] -- Installing: /home/unitree/go2slam/install/unitree_api/include/unitree_api/unitree_api/msg/request_lease.h
[2.369s] -- Installing: /home/unitree/go2slam/install/unitree_api/share/unitree_api/environment/library_path.sh
[2.373s] -- Installing: /home/unitree/go2slam/install/unitree_api/share/unitree_api/environment/library_path.dsv
[2.378s] -- Installing: /home/unitree/go2slam/install/unitree_api/lib/libunitree_api__rosidl_generator_c.so
[2.399s] -- Set non-toolchain portion of runtime path of "/home/unitree/go2slam/install/unitree_api/lib/libunitree_api__rosidl_generator_c.so" to ""
[2.401s] -- Up-to-date: /home/unitree/go2slam/install/unitree_api/include/unitree_api/unitree_api
[2.401s] -- Up-to-date: /home/unitree/go2slam/install/unitree_api/include/unitree_api/unitree_api/msg
[2.402s] -- Installing: /home/unitree/go2slam/install/unitree_api/include/unitree_api/unitree_api/msg/rosidl_typesupport_fastrtps_c__visibility_control.h
[2.402s] -- Up-to-date: /home/unitree/go2slam/install/unitree_api/include/unitree_api/unitree_api/msg/detail
[2.402s] -- Installing: /home/unitree/go2slam/install/unitree_api/include/unitree_api/unitree_api/msg/detail/request_identity__rosidl_typesupport_fastrtps_c.h
[2.403s] -- Installing: /home/unitree/go2slam/install/unitree_api/include/unitree_api/unitree_api/msg/detail/response__rosidl_typesupport_fastrtps_c.h
[2.404s] -- Installing: /home/unitree/go2slam/install/unitree_api/include/unitree_api/unitree_api/msg/detail/request_lease__rosidl_typesupport_fastrtps_c.h
[2.404s] -- Installing: /home/unitree/go2slam/install/unitree_api/include/unitree_api/unitree_api/msg/detail/request_policy__rosidl_typesupport_fastrtps_c.h
[2.404s] -- Installing: /home/unitree/go2slam/install/unitree_api/include/unitree_api/unitree_api/msg/detail/response_status__rosidl_typesupport_fastrtps_c.h
[2.405s] -- Installing: /home/unitree/go2slam/install/unitree_api/include/unitree_api/unitree_api/msg/detail/response_header__rosidl_typesupport_fastrtps_c.h
[2.405s] -- Installing: /home/unitree/go2slam/install/unitree_api/include/unitree_api/unitree_api/msg/detail/request__rosidl_typesupport_fastrtps_c.h
[2.405s] -- Installing: /home/unitree/go2slam/install/unitree_api/include/unitree_api/unitree_api/msg/detail/request_header__rosidl_typesupport_fastrtps_c.h
[2.406s] -- Installing: /home/unitree/go2slam/install/unitree_api/lib/libunitree_api__rosidl_typesupport_fastrtps_c.so
[2.408s] -- Set non-toolchain portion of runtime path of "/home/unitree/go2slam/install/unitree_api/lib/libunitree_api__rosidl_typesupport_fastrtps_c.so" to ""
[2.409s] -- Up-to-date: /home/unitree/go2slam/install/unitree_api/include/unitree_api/unitree_api
[2.409s] -- Up-to-date: /home/unitree/go2slam/install/unitree_api/include/unitree_api/unitree_api/msg
[2.411s] -- Installing: /home/unitree/go2slam/install/unitree_api/include/unitree_api/unitree_api/msg/response_header.hpp
[2.411s] -- Installing: /home/unitree/go2slam/install/unitree_api/include/unitree_api/unitree_api/msg/request_lease.hpp
[2.412s] -- Installing: /home/unitree/go2slam/install/unitree_api/include/unitree_api/unitree_api/msg/request_header.hpp
[2.412s] -- Installing: /home/unitree/go2slam/install/unitree_api/include/unitree_api/unitree_api/msg/request.hpp
[2.413s] -- Up-to-date: /home/unitree/go2slam/install/unitree_api/include/unitree_api/unitree_api/msg/detail
[2.413s] -- Installing: /home/unitree/go2slam/install/unitree_api/include/unitree_api/unitree_api/msg/detail/request_header__traits.hpp
[2.414s] -- Installing: /home/unitree/go2slam/install/unitree_api/include/unitree_api/unitree_api/msg/detail/response__builder.hpp
[2.414s] -- Installing: /home/unitree/go2slam/install/unitree_api/include/unitree_api/unitree_api/msg/detail/response__type_support.hpp
[2.414s] -- Installing: /home/unitree/go2slam/install/unitree_api/include/unitree_api/unitree_api/msg/detail/request__type_support.hpp
[2.414s] -- Installing: /home/unitree/go2slam/install/unitree_api/include/unitree_api/unitree_api/msg/detail/request_header__struct.hpp
[2.416s] -- Installing: /home/unitree/go2slam/install/unitree_api/include/unitree_api/unitree_api/msg/detail/request_identity__traits.hpp
[2.420s] -- Installing: /home/unitree/go2slam/install/unitree_api/include/unitree_api/unitree_api/msg/detail/request__struct.hpp
[2.420s] -- Installing: /home/unitree/go2slam/install/unitree_api/include/unitree_api/unitree_api/msg/detail/response_header__struct.hpp
[2.420s] -- Installing: /home/unitree/go2slam/install/unitree_api/include/unitree_api/unitree_api/msg/detail/request__traits.hpp
[2.421s] -- Installing: /home/unitree/go2slam/install/unitree_api/include/unitree_api/unitree_api/msg/detail/request_lease__builder.hpp
[2.421s] -- Installing: /home/unitree/go2slam/install/unitree_api/include/unitree_api/unitree_api/msg/detail/request__builder.hpp
[2.429s] -- Installing: /home/unitree/go2slam/install/unitree_api/include/unitree_api/unitree_api/msg/detail/response_status__builder.hpp
[2.430s] -- Installing: /home/unitree/go2slam/install/unitree_api/include/unitree_api/unitree_api/msg/detail/response_header__builder.hpp
[2.430s] -- Installing: /home/unitree/go2slam/install/unitree_api/include/unitree_api/unitree_api/msg/detail/response__traits.hpp
[2.430s] -- Installing: /home/unitree/go2slam/install/unitree_api/include/unitree_api/unitree_api/msg/detail/request_identity__struct.hpp
[2.430s] -- Installing: /home/unitree/go2slam/install/unitree_api/include/unitree_api/unitree_api/msg/detail/response__struct.hpp
[2.431s] -- Installing: /home/unitree/go2slam/install/unitree_api/include/unitree_api/unitree_api/msg/detail/response_status__type_support.hpp
[2.431s] -- Installing: /home/unitree/go2slam/install/unitree_api/include/unitree_api/unitree_api/msg/detail/response_status__traits.hpp
[2.431s] -- Installing: /home/unitree/go2slam/install/unitree_api/include/unitree_api/unitree_api/msg/detail/request_policy__struct.hpp
[2.432s] -- Installing: /home/unitree/go2slam/install/unitree_api/include/unitree_api/unitree_api/msg/detail/request_header__type_support.hpp
[2.432s] -- Installing: /home/unitree/go2slam/install/unitree_api/include/unitree_api/unitree_api/msg/detail/request_lease__type_support.hpp
[2.432s] -- Installing: /home/unitree/go2slam/install/unitree_api/include/unitree_api/unitree_api/msg/detail/request_lease__traits.hpp
[2.432s] -- Installing: /home/unitree/go2slam/install/unitree_api/include/unitree_api/unitree_api/msg/detail/request_policy__type_support.hpp
[2.433s] -- Installing: /home/unitree/go2slam/install/unitree_api/include/unitree_api/unitree_api/msg/detail/response_status__struct.hpp
[2.433s] -- Installing: /home/unitree/go2slam/install/unitree_api/include/unitree_api/unitree_api/msg/detail/request_lease__struct.hpp
[2.433s] -- Installing: /home/unitree/go2slam/install/unitree_api/include/unitree_api/unitree_api/msg/detail/request_policy__traits.hpp
[2.433s] -- Installing: /home/unitree/go2slam/install/unitree_api/include/unitree_api/unitree_api/msg/detail/request_identity__type_support.hpp
[2.434s] -- Installing: /home/unitree/go2slam/install/unitree_api/include/unitree_api/unitree_api/msg/detail/response_header__traits.hpp
[2.434s] -- Installing: /home/unitree/go2slam/install/unitree_api/include/unitree_api/unitree_api/msg/detail/request_policy__builder.hpp
[2.442s] -- Installing: /home/unitree/go2slam/install/unitree_api/include/unitree_api/unitree_api/msg/detail/request_header__builder.hpp
[2.442s] -- Installing: /home/unitree/go2slam/install/unitree_api/include/unitree_api/unitree_api/msg/detail/response_header__type_support.hpp
[2.442s] -- Installing: /home/unitree/go2slam/install/unitree_api/include/unitree_api/unitree_api/msg/detail/request_identity__builder.hpp
[2.442s] -- Installing: /home/unitree/go2slam/install/unitree_api/include/unitree_api/unitree_api/msg/response_status.hpp
[2.443s] -- Installing: /home/unitree/go2slam/install/unitree_api/include/unitree_api/unitree_api/msg/request_identity.hpp
[2.443s] -- Installing: /home/unitree/go2slam/install/unitree_api/include/unitree_api/unitree_api/msg/rosidl_generator_cpp__visibility_control.hpp
[2.443s] -- Installing: /home/unitree/go2slam/install/unitree_api/include/unitree_api/unitree_api/msg/request_policy.hpp
[2.444s] -- Installing: /home/unitree/go2slam/install/unitree_api/include/unitree_api/unitree_api/msg/response.hpp
[2.444s] -- Up-to-date: /home/unitree/go2slam/install/unitree_api/include/unitree_api/unitree_api
[2.444s] -- Up-to-date: /home/unitree/go2slam/install/unitree_api/include/unitree_api/unitree_api/msg
[2.444s] -- Installing: /home/unitree/go2slam/install/unitree_api/include/unitree_api/unitree_api/msg/rosidl_typesupport_fastrtps_cpp__visibility_control.h
[2.444s] -- Up-to-date: /home/unitree/go2slam/install/unitree_api/include/unitree_api/unitree_api/msg/detail
[2.444s] -- Installing: /home/unitree/go2slam/install/unitree_api/include/unitree_api/unitree_api/msg/detail/request_identity__rosidl_typesupport_fastrtps_cpp.hpp
[2.445s] -- Installing: /home/unitree/go2slam/install/unitree_api/include/unitree_api/unitree_api/msg/detail/request__rosidl_typesupport_fastrtps_cpp.hpp
[2.445s] -- Installing: /home/unitree/go2slam/install/unitree_api/include/unitree_api/unitree_api/msg/detail/request_lease__rosidl_typesupport_fastrtps_cpp.hpp
[2.448s] -- Installing: /home/unitree/go2slam/install/unitree_api/include/unitree_api/unitree_api/msg/detail/request_policy__rosidl_typesupport_fastrtps_cpp.hpp
[2.450s] -- Installing: /home/unitree/go2slam/install/unitree_api/include/unitree_api/unitree_api/msg/detail/response_status__rosidl_typesupport_fastrtps_cpp.hpp
[2.451s] -- Installing: /home/unitree/go2slam/install/unitree_api/include/unitree_api/unitree_api/msg/detail/dds_fastrtps
[2.462s] -- Installing: /home/unitree/go2slam/install/unitree_api/include/unitree_api/unitree_api/msg/detail/response__rosidl_typesupport_fastrtps_cpp.hpp
[2.462s] -- Installing: /home/unitree/go2slam/install/unitree_api/include/unitree_api/unitree_api/msg/detail/response_header__rosidl_typesupport_fastrtps_cpp.hpp
[2.462s] -- Installing: /home/unitree/go2slam/install/unitree_api/include/unitree_api/unitree_api/msg/detail/request_header__rosidl_typesupport_fastrtps_cpp.hpp
[2.463s] -- Installing: /home/unitree/go2slam/install/unitree_api/lib/libunitree_api__rosidl_typesupport_fastrtps_cpp.so
[2.463s] -- Set non-toolchain portion of runtime path of "/home/unitree/go2slam/install/unitree_api/lib/libunitree_api__rosidl_typesupport_fastrtps_cpp.so" to ""
[2.464s] -- Up-to-date: /home/unitree/go2slam/install/unitree_api/include/unitree_api/unitree_api
[2.470s] -- Up-to-date: /home/unitree/go2slam/install/unitree_api/include/unitree_api/unitree_api/msg
[2.471s] -- Up-to-date: /home/unitree/go2slam/install/unitree_api/include/unitree_api/unitree_api/msg/detail
[2.476s] -- Installing: /home/unitree/go2slam/install/unitree_api/include/unitree_api/unitree_api/msg/detail/request_header__type_support.c
[2.477s] -- Installing: /home/unitree/go2slam/install/unitree_api/include/unitree_api/unitree_api/msg/detail/request_identity__type_support.c
[2.481s] -- Installing: /home/unitree/go2slam/install/unitree_api/include/unitree_api/unitree_api/msg/detail/request_policy__rosidl_typesupport_introspection_c.h
[2.484s] -- Installing: /home/unitree/go2slam/install/unitree_api/include/unitree_api/unitree_api/msg/detail/response_status__type_support.c
[2.486s] -- Installing: /home/unitree/go2slam/install/unitree_api/include/unitree_api/unitree_api/msg/detail/request_policy__type_support.c
[2.487s] -- Installing: /home/unitree/go2slam/install/unitree_api/include/unitree_api/unitree_api/msg/detail/response_status__rosidl_typesupport_introspection_c.h
[2.488s] -- Installing: /home/unitree/go2slam/install/unitree_api/include/unitree_api/unitree_api/msg/detail/request__rosidl_typesupport_introspection_c.h
[2.490s] -- Installing: /home/unitree/go2slam/install/unitree_api/include/unitree_api/unitree_api/msg/detail/response_header__type_support.c
[2.491s] -- Installing: /home/unitree/go2slam/install/unitree_api/include/unitree_api/unitree_api/msg/detail/request_lease__type_support.c
[2.493s] -- Installing: /home/unitree/go2slam/install/unitree_api/include/unitree_api/unitree_api/msg/detail/request_header__rosidl_typesupport_introspection_c.h
[2.495s] -- Installing: /home/unitree/go2slam/install/unitree_api/include/unitree_api/unitree_api/msg/detail/request_identity__rosidl_typesupport_introspection_c.h
[2.496s] -- Installing: /home/unitree/go2slam/install/unitree_api/include/unitree_api/unitree_api/msg/detail/response__type_support.c
[2.498s] -- Installing: /home/unitree/go2slam/install/unitree_api/include/unitree_api/unitree_api/msg/detail/request__type_support.c
[2.500s] -- Installing: /home/unitree/go2slam/install/unitree_api/include/unitree_api/unitree_api/msg/detail/response_header__rosidl_typesupport_introspection_c.h
[2.501s] -- Installing: /home/unitree/go2slam/install/unitree_api/include/unitree_api/unitree_api/msg/detail/response__rosidl_typesupport_introspection_c.h
[2.503s] -- Installing: /home/unitree/go2slam/install/unitree_api/include/unitree_api/unitree_api/msg/detail/request_lease__rosidl_typesupport_introspection_c.h
[2.504s] -- Installing: /home/unitree/go2slam/install/unitree_api/include/unitree_api/unitree_api/msg/rosidl_typesupport_introspection_c__visibility_control.h
[2.507s] -- Installing: /home/unitree/go2slam/install/unitree_api/lib/libunitree_api__rosidl_typesupport_introspection_c.so
[2.516s] -- Set non-toolchain portion of runtime path of "/home/unitree/go2slam/install/unitree_api/lib/libunitree_api__rosidl_typesupport_introspection_c.so" to ""
[2.517s] -- Installing: /home/unitree/go2slam/install/unitree_api/lib/libunitree_api__rosidl_typesupport_c.so
[2.517s] -- Set non-toolchain portion of runtime path of "/home/unitree/go2slam/install/unitree_api/lib/libunitree_api__rosidl_typesupport_c.so" to ""
[2.517s] -- Up-to-date: /home/unitree/go2slam/install/unitree_api/include/unitree_api/unitree_api
[2.518s] -- Up-to-date: /home/unitree/go2slam/install/unitree_api/include/unitree_api/unitree_api/msg
[2.518s] -- Up-to-date: /home/unitree/go2slam/install/unitree_api/include/unitree_api/unitree_api/msg/detail
[2.518s] -- Installing: /home/unitree/go2slam/install/unitree_api/include/unitree_api/unitree_api/msg/detail/request_identity__type_support.cpp
[2.527s] -- Installing: /home/unitree/go2slam/install/unitree_api/include/unitree_api/unitree_api/msg/detail/request_header__rosidl_typesupport_introspection_cpp.hpp
[2.527s] -- Installing: /home/unitree/go2slam/install/unitree_api/include/unitree_api/unitree_api/msg/detail/request_lease__type_support.cpp
[2.528s] -- Installing: /home/unitree/go2slam/install/unitree_api/include/unitree_api/unitree_api/msg/detail/response_header__type_support.cpp
[2.528s] -- Installing: /home/unitree/go2slam/install/unitree_api/include/unitree_api/unitree_api/msg/detail/request_lease__rosidl_typesupport_introspection_cpp.hpp
[2.528s] -- Installing: /home/unitree/go2slam/install/unitree_api/include/unitree_api/unitree_api/msg/detail/request__type_support.cpp
[2.529s] -- Installing: /home/unitree/go2slam/install/unitree_api/include/unitree_api/unitree_api/msg/detail/request__rosidl_typesupport_introspection_cpp.hpp
[2.529s] -- Installing: /home/unitree/go2slam/install/unitree_api/include/unitree_api/unitree_api/msg/detail/request_policy__type_support.cpp
[2.529s] -- Installing: /home/unitree/go2slam/install/unitree_api/include/unitree_api/unitree_api/msg/detail/request_identity__rosidl_typesupport_introspection_cpp.hpp
[2.530s] -- Installing: /home/unitree/go2slam/install/unitree_api/include/unitree_api/unitree_api/msg/detail/response_status__rosidl_typesupport_introspection_cpp.hpp
[2.530s] -- Installing: /home/unitree/go2slam/install/unitree_api/include/unitree_api/unitree_api/msg/detail/response__rosidl_typesupport_introspection_cpp.hpp
[2.530s] -- Installing: /home/unitree/go2slam/install/unitree_api/include/unitree_api/unitree_api/msg/detail/response_header__rosidl_typesupport_introspection_cpp.hpp
[2.531s] -- Installing: /home/unitree/go2slam/install/unitree_api/include/unitree_api/unitree_api/msg/detail/response_status__type_support.cpp
[2.532s] -- Installing: /home/unitree/go2slam/install/unitree_api/include/unitree_api/unitree_api/msg/detail/response__type_support.cpp
[2.533s] -- Installing: /home/unitree/go2slam/install/unitree_api/include/unitree_api/unitree_api/msg/detail/request_policy__rosidl_typesupport_introspection_cpp.hpp
[2.533s] -- Installing: /home/unitree/go2slam/install/unitree_api/include/unitree_api/unitree_api/msg/detail/request_header__type_support.cpp
[2.533s] -- Installing: /home/unitree/go2slam/install/unitree_api/lib/libunitree_api__rosidl_typesupport_introspection_cpp.so
[2.534s] -- Set non-toolchain portion of runtime path of "/home/unitree/go2slam/install/unitree_api/lib/libunitree_api__rosidl_typesupport_introspection_cpp.so" to ""
[2.534s] -- Installing: /home/unitree/go2slam/install/unitree_api/lib/libunitree_api__rosidl_typesupport_cpp.so
[2.534s] -- Set non-toolchain portion of runtime path of "/home/unitree/go2slam/install/unitree_api/lib/libunitree_api__rosidl_typesupport_cpp.so" to ""
[2.535s] -- Installing: /home/unitree/go2slam/install/unitree_api/share/unitree_api/environment/pythonpath.sh
[2.535s] -- Installing: /home/unitree/go2slam/install/unitree_api/share/unitree_api/environment/pythonpath.dsv
[2.535s] -- Installing: /home/unitree/go2slam/install/unitree_api/lib/python3.12/site-packages/unitree_api-0.0.0-py3.12.egg-info
[2.535s] -- Installing: /home/unitree/go2slam/install/unitree_api/lib/python3.12/site-packages/unitree_api-0.0.0-py3.12.egg-info/top_level.txt
[2.536s] -- Installing: /home/unitree/go2slam/install/unitree_api/lib/python3.12/site-packages/unitree_api-0.0.0-py3.12.egg-info/PKG-INFO
[2.549s] -- Installing: /home/unitree/go2slam/install/unitree_api/lib/python3.12/site-packages/unitree_api-0.0.0-py3.12.egg-info/dependency_links.txt
[2.550s] -- Installing: /home/unitree/go2slam/install/unitree_api/lib/python3.12/site-packages/unitree_api-0.0.0-py3.12.egg-info/SOURCES.txt
[2.550s] -- Installing: /home/unitree/go2slam/install/unitree_api/lib/python3.12/site-packages/unitree_api
[2.550s] -- Installing: /home/unitree/go2slam/install/unitree_api/lib/python3.12/site-packages/unitree_api/unitree_api_s__rosidl_typesupport_introspection_c.so
[2.551s] -- Installing: /home/unitree/go2slam/install/unitree_api/lib/python3.12/site-packages/unitree_api/unitree_api_s__rosidl_typesupport_fastrtps_c.so
[2.551s] -- Installing: /home/unitree/go2slam/install/unitree_api/lib/python3.12/site-packages/unitree_api/unitree_api_s__rosidl_typesupport_c.so
[2.551s] -- Installing: /home/unitree/go2slam/install/unitree_api/lib/python3.12/site-packages/unitree_api/__init__.py
[2.552s] -- Installing: /home/unitree/go2slam/install/unitree_api/lib/python3.12/site-packages/unitree_api/msg
[2.552s] -- Installing: /home/unitree/go2slam/install/unitree_api/lib/python3.12/site-packages/unitree_api/msg/_request_lease_s.c
[2.552s] -- Installing: /home/unitree/go2slam/install/unitree_api/lib/python3.12/site-packages/unitree_api/msg/_response_status_s.c
[2.552s] -- Installing: /home/unitree/go2slam/install/unitree_api/lib/python3.12/site-packages/unitree_api/msg/_request_s.c
[2.553s] -- Installing: /home/unitree/go2slam/install/unitree_api/lib/python3.12/site-packages/unitree_api/msg/_request_identity.py
[2.553s] -- Installing: /home/unitree/go2slam/install/unitree_api/lib/python3.12/site-packages/unitree_api/msg/_request.py
[2.554s] -- Installing: /home/unitree/go2slam/install/unitree_api/lib/python3.12/site-packages/unitree_api/msg/_request_identity_s.c
[2.554s] -- Installing: /home/unitree/go2slam/install/unitree_api/lib/python3.12/site-packages/unitree_api/msg/_request_header_s.c
[2.554s] -- Installing: /home/unitree/go2slam/install/unitree_api/lib/python3.12/site-packages/unitree_api/msg/_response_status.py
[2.555s] -- Installing: /home/unitree/go2slam/install/unitree_api/lib/python3.12/site-packages/unitree_api/msg/__init__.py
[2.555s] -- Installing: /home/unitree/go2slam/install/unitree_api/lib/python3.12/site-packages/unitree_api/msg/_response_header_s.c
[2.555s] -- Installing: /home/unitree/go2slam/install/unitree_api/lib/python3.12/site-packages/unitree_api/msg/_response.py
[2.555s] -- Installing: /home/unitree/go2slam/install/unitree_api/lib/python3.12/site-packages/unitree_api/msg/_response_header.py
[2.556s] -- Installing: /home/unitree/go2slam/install/unitree_api/lib/python3.12/site-packages/unitree_api/msg/_request_policy.py
[2.556s] -- Installing: /home/unitree/go2slam/install/unitree_api/lib/python3.12/site-packages/unitree_api/msg/_response_s.c
[2.556s] -- Installing: /home/unitree/go2slam/install/unitree_api/lib/python3.12/site-packages/unitree_api/msg/_request_lease.py
[2.556s] -- Installing: /home/unitree/go2slam/install/unitree_api/lib/python3.12/site-packages/unitree_api/msg/_request_policy_s.c
[2.556s] -- Installing: /home/unitree/go2slam/install/unitree_api/lib/python3.12/site-packages/unitree_api/msg/_request_header.py
[2.556s] -- Installing: /home/unitree/go2slam/install/unitree_api/lib/python3.12/site-packages/unitree_api/_unitree_api_s.ep.rosidl_typesupport_fastrtps_c.c
[2.557s] -- Installing: /home/unitree/go2slam/install/unitree_api/lib/python3.12/site-packages/unitree_api/_unitree_api_s.ep.rosidl_typesupport_c.c
[2.557s] -- Installing: /home/unitree/go2slam/install/unitree_api/lib/python3.12/site-packages/unitree_api/_unitree_api_s.ep.rosidl_typesupport_introspection_c.c
[2.694s] Listing '/home/unitree/go2slam/install/unitree_api/lib/python3.12/site-packages/unitree_api'...
[2.694s] Compiling '/home/unitree/go2slam/install/unitree_api/lib/python3.12/site-packages/unitree_api/__init__.py'...
[2.694s] Listing '/home/unitree/go2slam/install/unitree_api/lib/python3.12/site-packages/unitree_api/msg'...
[2.694s] Compiling '/home/unitree/go2slam/install/unitree_api/lib/python3.12/site-packages/unitree_api/msg/__init__.py'...
[2.695s] Compiling '/home/unitree/go2slam/install/unitree_api/lib/python3.12/site-packages/unitree_api/msg/_request.py'...
[2.695s] Compiling '/home/unitree/go2slam/install/unitree_api/lib/python3.12/site-packages/unitree_api/msg/_request_header.py'...
[2.695s] Compiling '/home/unitree/go2slam/install/unitree_api/lib/python3.12/site-packages/unitree_api/msg/_request_identity.py'...
[2.695s] Compiling '/home/unitree/go2slam/install/unitree_api/lib/python3.12/site-packages/unitree_api/msg/_request_lease.py'...
[2.695s] Compiling '/home/unitree/go2slam/install/unitree_api/lib/python3.12/site-packages/unitree_api/msg/_request_policy.py'...
[2.695s] Compiling '/home/unitree/go2slam/install/unitree_api/lib/python3.12/site-packages/unitree_api/msg/_response.py'...
[2.696s] Compiling '/home/unitree/go2slam/install/unitree_api/lib/python3.12/site-packages/unitree_api/msg/_response_header.py'...
[2.696s] Compiling '/home/unitree/go2slam/install/unitree_api/lib/python3.12/site-packages/unitree_api/msg/_response_status.py'...
[2.749s] -- Installing: /home/unitree/go2slam/install/unitree_api/lib/python3.12/site-packages/unitree_api/unitree_api_s__rosidl_typesupport_fastrtps_c.so
[2.750s] -- Set non-toolchain portion of runtime path of "/home/unitree/go2slam/install/unitree_api/lib/python3.12/site-packages/unitree_api/unitree_api_s__rosidl_typesupport_fastrtps_c.so" to ""
[2.750s] -- Installing: /home/unitree/go2slam/install/unitree_api/lib/python3.12/site-packages/unitree_api/unitree_api_s__rosidl_typesupport_introspection_c.so
[2.751s] -- Set non-toolchain portion of runtime path of "/home/unitree/go2slam/install/unitree_api/lib/python3.12/site-packages/unitree_api/unitree_api_s__rosidl_typesupport_introspection_c.so" to ""
[2.752s] -- Installing: /home/unitree/go2slam/install/unitree_api/lib/python3.12/site-packages/unitree_api/unitree_api_s__rosidl_typesupport_c.so
[2.756s] -- Set non-toolchain portion of runtime path of "/home/unitree/go2slam/install/unitree_api/lib/python3.12/site-packages/unitree_api/unitree_api_s__rosidl_typesupport_c.so" to ""
[2.757s] -- Installing: /home/unitree/go2slam/install/unitree_api/lib/libunitree_api__rosidl_generator_py.so
[2.757s] -- Set non-toolchain portion of runtime path of "/home/unitree/go2slam/install/unitree_api/lib/libunitree_api__rosidl_generator_py.so" to ""
[2.757s] -- Installing: /home/unitree/go2slam/install/unitree_api/share/ament_index/resource_index/rust_packages/unitree_api
[2.757s] -- Installing: /home/unitree/go2slam/install/unitree_api/share/unitree_api/rust
[2.757s] -- Installing: /home/unitree/go2slam/install/unitree_api/share/unitree_api/rust/build.rs
[2.757s] -- Installing: /home/unitree/go2slam/install/unitree_api/share/unitree_api/rust/src
[2.758s] -- Installing: /home/unitree/go2slam/install/unitree_api/share/unitree_api/rust/src/msg
[2.761s] -- Installing: /home/unitree/go2slam/install/unitree_api/share/unitree_api/rust/src/msg/rmw.rs
[2.762s] -- Installing: /home/unitree/go2slam/install/unitree_api/share/unitree_api/rust/src/msg.rs
[2.762s] -- Installing: /home/unitree/go2slam/install/unitree_api/share/unitree_api/rust/src/lib.rs
[2.762s] -- Installing: /home/unitree/go2slam/install/unitree_api/share/unitree_api/rust/Cargo.toml
[2.762s] -- Installing: /home/unitree/go2slam/install/unitree_api/share/unitree_api/msg/Request.idl
[2.762s] -- Installing: /home/unitree/go2slam/install/unitree_api/share/unitree_api/msg/RequestHeader.idl
[2.762s] -- Installing: /home/unitree/go2slam/install/unitree_api/share/unitree_api/msg/RequestIdentity.idl
[2.763s] -- Installing: /home/unitree/go2slam/install/unitree_api/share/unitree_api/msg/RequestLease.idl
[2.763s] -- Installing: /home/unitree/go2slam/install/unitree_api/share/unitree_api/msg/RequestPolicy.idl
[2.763s] -- Installing: /home/unitree/go2slam/install/unitree_api/share/unitree_api/msg/Response.idl
[2.781s] -- Installing: /home/unitree/go2slam/install/unitree_api/share/unitree_api/msg/ResponseHeader.idl
[2.782s] -- Installing: /home/unitree/go2slam/install/unitree_api/share/unitree_api/msg/ResponseStatus.idl
[2.782s] -- Installing: /home/unitree/go2slam/install/unitree_api/share/unitree_api/msg/Request.msg
[2.783s] -- Installing: /home/unitree/go2slam/install/unitree_api/share/unitree_api/msg/RequestHeader.msg
[2.784s] -- Installing: /home/unitree/go2slam/install/unitree_api/share/unitree_api/msg/RequestIdentity.msg
[2.784s] -- Installing: /home/unitree/go2slam/install/unitree_api/share/unitree_api/msg/RequestLease.msg
[2.785s] -- Installing: /home/unitree/go2slam/install/unitree_api/share/unitree_api/msg/RequestPolicy.msg
[2.785s] -- Installing: /home/unitree/go2slam/install/unitree_api/share/unitree_api/msg/Response.msg
[2.786s] -- Installing: /home/unitree/go2slam/install/unitree_api/share/unitree_api/msg/ResponseHeader.msg
[2.786s] -- Installing: /home/unitree/go2slam/install/unitree_api/share/unitree_api/msg/ResponseStatus.msg
[2.787s] -- Installing: /home/unitree/go2slam/install/unitree_api/share/unitree_api/msg/dds_connext
[2.787s] -- Installing: /home/unitree/go2slam/install/unitree_api/share/unitree_api/msg/dds_connext/RequestHeader_.idl
[2.787s] -- Installing: /home/unitree/go2slam/install/unitree_api/share/unitree_api/msg/dds_connext/ResponseStatus_.idl
[2.787s] -- Installing: /home/unitree/go2slam/install/unitree_api/share/unitree_api/msg/dds_connext/Response_.idl
[2.788s] -- Installing: /home/unitree/go2slam/install/unitree_api/share/unitree_api/msg/dds_connext/RequestIdentity_.idl
[2.788s] -- Installing: /home/unitree/go2slam/install/unitree_api/share/unitree_api/msg/dds_connext/ResponseHeader_.idl
[2.788s] -- Installing: /home/unitree/go2slam/install/unitree_api/share/unitree_api/msg/dds_connext/Request_.idl
[2.788s] -- Installing: /home/unitree/go2slam/install/unitree_api/share/unitree_api/msg/dds_connext/RequestLease_.idl
[2.788s] -- Installing: /home/unitree/go2slam/install/unitree_api/share/unitree_api/msg/dds_connext/RequestPolicy_.idl
[2.788s] -- Installing: /home/unitree/go2slam/install/unitree_api/share/ament_index/resource_index/package_run_dependencies/unitree_api
[2.789s] -- Installing: /home/unitree/go2slam/install/unitree_api/share/ament_index/resource_index/parent_prefix_path/unitree_api
[2.789s] -- Installing: /home/unitree/go2slam/install/unitree_api/share/unitree_api/environment/ament_prefix_path.sh
[2.789s] -- Installing: /home/unitree/go2slam/install/unitree_api/share/unitree_api/environment/ament_prefix_path.dsv
[2.789s] -- Installing: /home/unitree/go2slam/install/unitree_api/share/unitree_api/environment/path.sh
[2.789s] -- Installing: /home/unitree/go2slam/install/unitree_api/share/unitree_api/environment/path.dsv
[2.790s] -- Installing: /home/unitree/go2slam/install/unitree_api/share/unitree_api/local_setup.bash
[2.790s] -- Installing: /home/unitree/go2slam/install/unitree_api/share/unitree_api/local_setup.sh
[2.790s] -- Installing: /home/unitree/go2slam/install/unitree_api/share/unitree_api/local_setup.zsh
[2.790s] -- Installing: /home/unitree/go2slam/install/unitree_api/share/unitree_api/local_setup.dsv
[2.790s] -- Installing: /home/unitree/go2slam/install/unitree_api/share/unitree_api/package.dsv
[2.791s] -- Installing: /home/unitree/go2slam/install/unitree_api/share/ament_index/resource_index/packages/unitree_api
[2.791s] -- Installing: /home/unitree/go2slam/install/unitree_api/share/unitree_api/cmake/export_unitree_api__rosidl_generator_cExport.cmake
[2.791s] -- Installing: /home/unitree/go2slam/install/unitree_api/share/unitree_api/cmake/export_unitree_api__rosidl_generator_cExport-noconfig.cmake
[2.792s] -- Installing: /home/unitree/go2slam/install/unitree_api/share/unitree_api/cmake/export_unitree_api__rosidl_typesupport_fastrtps_cExport.cmake
[2.796s] -- Installing: /home/unitree/go2slam/install/unitree_api/share/unitree_api/cmake/export_unitree_api__rosidl_typesupport_fastrtps_cExport-noconfig.cmake
[2.797s] -- Installing: /home/unitree/go2slam/install/unitree_api/share/unitree_api/cmake/export_unitree_api__rosidl_generator_cppExport.cmake
[2.798s] -- Installing: /home/unitree/go2slam/install/unitree_api/share/unitree_api/cmake/export_unitree_api__rosidl_typesupport_fastrtps_cppExport.cmake
[2.799s] -- Installing: /home/unitree/go2slam/install/unitree_api/share/unitree_api/cmake/export_unitree_api__rosidl_typesupport_fastrtps_cppExport-noconfig.cmake
[2.799s] -- Installing: /home/unitree/go2slam/install/unitree_api/share/unitree_api/cmake/unitree_api__rosidl_typesupport_introspection_cExport.cmake
[2.799s] -- Installing: /home/unitree/go2slam/install/unitree_api/share/unitree_api/cmake/unitree_api__rosidl_typesupport_introspection_cExport-noconfig.cmake
[2.800s] -- Installing: /home/unitree/go2slam/install/unitree_api/share/unitree_api/cmake/unitree_api__rosidl_typesupport_cExport.cmake
[2.800s] -- Installing: /home/unitree/go2slam/install/unitree_api/share/unitree_api/cmake/unitree_api__rosidl_typesupport_cExport-noconfig.cmake
[2.800s] -- Installing: /home/unitree/go2slam/install/unitree_api/share/unitree_api/cmake/unitree_api__rosidl_typesupport_introspection_cppExport.cmake
[2.800s] -- Installing: /home/unitree/go2slam/install/unitree_api/share/unitree_api/cmake/unitree_api__rosidl_typesupport_introspection_cppExport-noconfig.cmake
[2.800s] -- Installing: /home/unitree/go2slam/install/unitree_api/share/unitree_api/cmake/unitree_api__rosidl_typesupport_cppExport.cmake
[2.800s] -- Installing: /home/unitree/go2slam/install/unitree_api/share/unitree_api/cmake/unitree_api__rosidl_typesupport_cppExport-noconfig.cmake
[2.801s] -- Installing: /home/unitree/go2slam/install/unitree_api/share/unitree_api/cmake/export_unitree_api__rosidl_generator_pyExport.cmake
[2.801s] -- Installing: /home/unitree/go2slam/install/unitree_api/share/unitree_api/cmake/export_unitree_api__rosidl_generator_pyExport-noconfig.cmake
[2.801s] -- Installing: /home/unitree/go2slam/install/unitree_api/share/unitree_api/cmake/rosidl_cmake-extras.cmake
[2.813s] -- Installing: /home/unitree/go2slam/install/unitree_api/share/unitree_api/cmake/ament_cmake_export_dependencies-extras.cmake
[2.813s] -- Installing: /home/unitree/go2slam/install/unitree_api/share/unitree_api/cmake/ament_cmake_export_include_directories-extras.cmake
[2.813s] -- Installing: /home/unitree/go2slam/install/unitree_api/share/unitree_api/cmake/ament_cmake_export_libraries-extras.cmake
[2.813s] -- Installing: /home/unitree/go2slam/install/unitree_api/share/unitree_api/cmake/ament_cmake_export_targets-extras.cmake
[2.813s] -- Installing: /home/unitree/go2slam/install/unitree_api/share/unitree_api/cmake/rosidl_cmake_export_typesupport_targets-extras.cmake
[2.814s] -- Installing: /home/unitree/go2slam/install/unitree_api/share/unitree_api/cmake/rosidl_cmake_export_typesupport_libraries-extras.cmake
[2.821s] -- Installing: /home/unitree/go2slam/install/unitree_api/share/unitree_api/cmake/unitree_apiConfig.cmake
[2.821s] -- Installing: /home/unitree/go2slam/install/unitree_api/share/unitree_api/cmake/unitree_apiConfig-version.cmake
[2.821s] -- Installing: /home/unitree/go2slam/install/unitree_api/share/unitree_api/package.xml
[2.825s] Invoked command in '/home/unitree/go2slam/build/unitree_api' returned '0': CMAKE_PREFIX_PATH=${CMAKE_PREFIX_PATH}:/opt/ros/jazzy /usr/bin/cmake --install /home/unitree/go2slam/build/unitree_api
