[0.317s] DEBUG:colcon:Command line arguments: ['/usr/bin/colcon', 'build']
[0.318s] DEBUG:colcon:Parsed command line arguments: Namespace(log_base=None, log_level=None, verb_name='build', build_base='build', install_base='install', merge_install=False, symlink_install=False, test_result_base=None, continue_on_error=False, executor='parallel', parallel_workers=6, event_handlers=None, ignore_user_meta=False, metas=['./colcon.meta'], base_paths=['.'], packages_ignore=None, packages_ignore_regex=None, paths=None, packages_up_to=None, packages_up_to_regex=None, packages_above=None, packages_above_and_dependencies=None, packages_above_depth=None, packages_select_by_dep=None, packages_skip_by_dep=None, packages_skip_up_to=None, packages_select_build_failed=False, packages_skip_build_finished=False, packages_select_test_failures=False, packages_skip_test_passed=False, packages_select=None, packages_skip=None, packages_select_regex=None, packages_skip_regex=None, packages_start=None, packages_end=None, cmake_args=None, cmake_target=None, cmake_target_skip_unavailable=False, cmake_clean_cache=False, cmake_clean_first=False, cmake_force_configure=False, ament_cmake_args=None, catkin_cmake_args=None, catkin_skip_building_tests=False, mixin_files=None, mixin=None, verb_parser=<colcon_mixin.mixin.mixin_argument.MixinArgumentDecorator object at 0xffff97e17a10>, verb_extension=<colcon_core.verb.build.BuildVerb object at 0xffff97fcbf50>, main=<bound method BuildVerb.main of <colcon_core.verb.build.BuildVerb object at 0xffff97fcbf50>>, mixin_verb=('build',))
[0.407s] Level 1:colcon.colcon_core.package_discovery:discover_packages(colcon_meta) check parameters
[0.409s] INFO:colcon.colcon_metadata.package_discovery.colcon_meta:Using configuration from '/root/.colcon/metadata/default/Gazebo.meta'
[0.410s] INFO:colcon.colcon_metadata.package_discovery.colcon_meta:Using configuration from '/root/.colcon/metadata/default/fastdds.meta'
[0.411s] INFO:colcon.colcon_metadata.package_discovery.colcon_meta:Using configuration from '/root/.colcon/metadata/default/fastrtps.meta'
[0.411s] Level 1:colcon.colcon_core.package_discovery:discover_packages(recursive) check parameters
[0.411s] Level 1:colcon.colcon_core.package_discovery:discover_packages(ignore) check parameters
[0.411s] Level 1:colcon.colcon_core.package_discovery:discover_packages(path) check parameters
[0.411s] Level 1:colcon.colcon_core.package_discovery:discover_packages(colcon_meta) discover
[0.411s] Level 1:colcon.colcon_core.package_discovery:discover_packages(recursive) discover
[0.412s] INFO:colcon.colcon_core.package_discovery:Crawling recursively for packages in '/home/unitree/go2slam/unitree_ros2'
[0.412s] Level 1:colcon.colcon_core.package_identification:_identify(.) by extensions ['ignore', 'ignore_ament_install']
[0.412s] Level 1:colcon.colcon_core.package_identification:_identify(.) by extension 'ignore'
[0.412s] Level 1:colcon.colcon_core.package_identification:_identify(.) by extension 'ignore_ament_install'
[0.413s] Level 1:colcon.colcon_core.package_identification:_identify(.) by extensions ['colcon_pkg']
[0.413s] Level 1:colcon.colcon_core.package_identification:_identify(.) by extension 'colcon_pkg'
[0.413s] Level 1:colcon.colcon_core.package_identification:_identify(.) by extensions ['colcon_meta']
[0.413s] Level 1:colcon.colcon_core.package_identification:_identify(.) by extension 'colcon_meta'
[0.413s] Level 1:colcon.colcon_core.package_identification:_identify(.) by extensions ['ros']
[0.413s] Level 1:colcon.colcon_core.package_identification:_identify(.) by extension 'ros'
[0.471s] Level 1:colcon.colcon_core.package_identification:_identify(.) by extensions ['cmake', 'python']
[0.471s] Level 1:colcon.colcon_core.package_identification:_identify(.) by extension 'cmake'
[0.471s] Level 1:colcon.colcon_core.package_identification:_identify(.) by extension 'python'
[0.471s] Level 1:colcon.colcon_core.package_identification:_identify(.) by extensions ['python_setup_py']
[0.471s] Level 1:colcon.colcon_core.package_identification:_identify(.) by extension 'python_setup_py'
[0.472s] Level 1:colcon.colcon_core.package_identification:_identify(build) by extensions ['ignore', 'ignore_ament_install']
[0.472s] Level 1:colcon.colcon_core.package_identification:_identify(build) by extension 'ignore'
[0.472s] Level 1:colcon.colcon_core.package_identification:_identify(build) ignored
[0.472s] Level 1:colcon.colcon_core.package_identification:_identify(cyclonedds_ws) by extensions ['ignore', 'ignore_ament_install']
[0.473s] Level 1:colcon.colcon_core.package_identification:_identify(cyclonedds_ws) by extension 'ignore'
[0.473s] Level 1:colcon.colcon_core.package_identification:_identify(cyclonedds_ws) by extension 'ignore_ament_install'
[0.474s] Level 1:colcon.colcon_core.package_identification:_identify(cyclonedds_ws) by extensions ['colcon_pkg']
[0.474s] Level 1:colcon.colcon_core.package_identification:_identify(cyclonedds_ws) by extension 'colcon_pkg'
[0.474s] Level 1:colcon.colcon_core.package_identification:_identify(cyclonedds_ws) by extensions ['colcon_meta']
[0.475s] Level 1:colcon.colcon_core.package_identification:_identify(cyclonedds_ws) by extension 'colcon_meta'
[0.475s] Level 1:colcon.colcon_core.package_identification:_identify(cyclonedds_ws) by extensions ['ros']
[0.475s] Level 1:colcon.colcon_core.package_identification:_identify(cyclonedds_ws) by extension 'ros'
[0.475s] Level 1:colcon.colcon_core.package_identification:_identify(cyclonedds_ws) by extensions ['cmake', 'python']
[0.475s] Level 1:colcon.colcon_core.package_identification:_identify(cyclonedds_ws) by extension 'cmake'
[0.475s] Level 1:colcon.colcon_core.package_identification:_identify(cyclonedds_ws) by extension 'python'
[0.475s] Level 1:colcon.colcon_core.package_identification:_identify(cyclonedds_ws) by extensions ['python_setup_py']
[0.475s] Level 1:colcon.colcon_core.package_identification:_identify(cyclonedds_ws) by extension 'python_setup_py'
[0.476s] Level 1:colcon.colcon_core.package_identification:_identify(cyclonedds_ws/src) by extensions ['ignore', 'ignore_ament_install']
[0.476s] Level 1:colcon.colcon_core.package_identification:_identify(cyclonedds_ws/src) by extension 'ignore'
[0.476s] Level 1:colcon.colcon_core.package_identification:_identify(cyclonedds_ws/src) by extension 'ignore_ament_install'
[0.476s] Level 1:colcon.colcon_core.package_identification:_identify(cyclonedds_ws/src) by extensions ['colcon_pkg']
[0.476s] Level 1:colcon.colcon_core.package_identification:_identify(cyclonedds_ws/src) by extension 'colcon_pkg'
[0.476s] Level 1:colcon.colcon_core.package_identification:_identify(cyclonedds_ws/src) by extensions ['colcon_meta']
[0.476s] Level 1:colcon.colcon_core.package_identification:_identify(cyclonedds_ws/src) by extension 'colcon_meta'
[0.476s] Level 1:colcon.colcon_core.package_identification:_identify(cyclonedds_ws/src) by extensions ['ros']
[0.476s] Level 1:colcon.colcon_core.package_identification:_identify(cyclonedds_ws/src) by extension 'ros'
[0.477s] Level 1:colcon.colcon_core.package_identification:_identify(cyclonedds_ws/src) by extensions ['cmake', 'python']
[0.477s] Level 1:colcon.colcon_core.package_identification:_identify(cyclonedds_ws/src) by extension 'cmake'
[0.477s] Level 1:colcon.colcon_core.package_identification:_identify(cyclonedds_ws/src) by extension 'python'
[0.477s] Level 1:colcon.colcon_core.package_identification:_identify(cyclonedds_ws/src) by extensions ['python_setup_py']
[0.477s] Level 1:colcon.colcon_core.package_identification:_identify(cyclonedds_ws/src) by extension 'python_setup_py'
[0.477s] Level 1:colcon.colcon_core.package_identification:_identify(cyclonedds_ws/src/unitree) by extensions ['ignore', 'ignore_ament_install']
[0.477s] Level 1:colcon.colcon_core.package_identification:_identify(cyclonedds_ws/src/unitree) by extension 'ignore'
[0.477s] Level 1:colcon.colcon_core.package_identification:_identify(cyclonedds_ws/src/unitree) by extension 'ignore_ament_install'
[0.478s] Level 1:colcon.colcon_core.package_identification:_identify(cyclonedds_ws/src/unitree) by extensions ['colcon_pkg']
[0.478s] Level 1:colcon.colcon_core.package_identification:_identify(cyclonedds_ws/src/unitree) by extension 'colcon_pkg'
[0.478s] Level 1:colcon.colcon_core.package_identification:_identify(cyclonedds_ws/src/unitree) by extensions ['colcon_meta']
[0.478s] Level 1:colcon.colcon_core.package_identification:_identify(cyclonedds_ws/src/unitree) by extension 'colcon_meta'
[0.478s] Level 1:colcon.colcon_core.package_identification:_identify(cyclonedds_ws/src/unitree) by extensions ['ros']
[0.478s] Level 1:colcon.colcon_core.package_identification:_identify(cyclonedds_ws/src/unitree) by extension 'ros'
[0.478s] Level 1:colcon.colcon_core.package_identification:_identify(cyclonedds_ws/src/unitree) by extensions ['cmake', 'python']
[0.478s] Level 1:colcon.colcon_core.package_identification:_identify(cyclonedds_ws/src/unitree) by extension 'cmake'
[0.478s] Level 1:colcon.colcon_core.package_identification:_identify(cyclonedds_ws/src/unitree) by extension 'python'
[0.479s] Level 1:colcon.colcon_core.package_identification:_identify(cyclonedds_ws/src/unitree) by extensions ['python_setup_py']
[0.479s] Level 1:colcon.colcon_core.package_identification:_identify(cyclonedds_ws/src/unitree) by extension 'python_setup_py'
[0.479s] Level 1:colcon.colcon_core.package_identification:_identify(cyclonedds_ws/src/unitree/unitree_api) by extensions ['ignore', 'ignore_ament_install']
[0.479s] Level 1:colcon.colcon_core.package_identification:_identify(cyclonedds_ws/src/unitree/unitree_api) by extension 'ignore'
[0.479s] Level 1:colcon.colcon_core.package_identification:_identify(cyclonedds_ws/src/unitree/unitree_api) by extension 'ignore_ament_install'
[0.479s] Level 1:colcon.colcon_core.package_identification:_identify(cyclonedds_ws/src/unitree/unitree_api) by extensions ['colcon_pkg']
[0.479s] Level 1:colcon.colcon_core.package_identification:_identify(cyclonedds_ws/src/unitree/unitree_api) by extension 'colcon_pkg'
[0.480s] Level 1:colcon.colcon_core.package_identification:_identify(cyclonedds_ws/src/unitree/unitree_api) by extensions ['colcon_meta']
[0.480s] Level 1:colcon.colcon_core.package_identification:_identify(cyclonedds_ws/src/unitree/unitree_api) by extension 'colcon_meta'
[0.480s] Level 1:colcon.colcon_core.package_identification:_identify(cyclonedds_ws/src/unitree/unitree_api) by extensions ['ros']
[0.480s] Level 1:colcon.colcon_core.package_identification:_identify(cyclonedds_ws/src/unitree/unitree_api) by extension 'ros'
[0.485s] DEBUG:colcon.colcon_core.package_identification:Package 'cyclonedds_ws/src/unitree/unitree_api' with type 'ros.ament_cmake' and name 'unitree_api'
[0.486s] Level 1:colcon.colcon_core.package_identification:_identify(cyclonedds_ws/src/unitree/unitree_go) by extensions ['ignore', 'ignore_ament_install']
[0.486s] Level 1:colcon.colcon_core.package_identification:_identify(cyclonedds_ws/src/unitree/unitree_go) by extension 'ignore'
[0.486s] Level 1:colcon.colcon_core.package_identification:_identify(cyclonedds_ws/src/unitree/unitree_go) by extension 'ignore_ament_install'
[0.486s] Level 1:colcon.colcon_core.package_identification:_identify(cyclonedds_ws/src/unitree/unitree_go) by extensions ['colcon_pkg']
[0.486s] Level 1:colcon.colcon_core.package_identification:_identify(cyclonedds_ws/src/unitree/unitree_go) by extension 'colcon_pkg'
[0.487s] Level 1:colcon.colcon_core.package_identification:_identify(cyclonedds_ws/src/unitree/unitree_go) by extensions ['colcon_meta']
[0.487s] Level 1:colcon.colcon_core.package_identification:_identify(cyclonedds_ws/src/unitree/unitree_go) by extension 'colcon_meta'
[0.487s] Level 1:colcon.colcon_core.package_identification:_identify(cyclonedds_ws/src/unitree/unitree_go) by extensions ['ros']
[0.487s] Level 1:colcon.colcon_core.package_identification:_identify(cyclonedds_ws/src/unitree/unitree_go) by extension 'ros'
[0.488s] DEBUG:colcon.colcon_core.package_identification:Package 'cyclonedds_ws/src/unitree/unitree_go' with type 'ros.ament_cmake' and name 'unitree_go'
[0.488s] Level 1:colcon.colcon_core.package_identification:_identify(cyclonedds_ws/src/unitree/unitree_hg) by extensions ['ignore', 'ignore_ament_install']
[0.488s] Level 1:colcon.colcon_core.package_identification:_identify(cyclonedds_ws/src/unitree/unitree_hg) by extension 'ignore'
[0.489s] Level 1:colcon.colcon_core.package_identification:_identify(cyclonedds_ws/src/unitree/unitree_hg) by extension 'ignore_ament_install'
[0.489s] Level 1:colcon.colcon_core.package_identification:_identify(cyclonedds_ws/src/unitree/unitree_hg) by extensions ['colcon_pkg']
[0.489s] Level 1:colcon.colcon_core.package_identification:_identify(cyclonedds_ws/src/unitree/unitree_hg) by extension 'colcon_pkg'
[0.489s] Level 1:colcon.colcon_core.package_identification:_identify(cyclonedds_ws/src/unitree/unitree_hg) by extensions ['colcon_meta']
[0.489s] Level 1:colcon.colcon_core.package_identification:_identify(cyclonedds_ws/src/unitree/unitree_hg) by extension 'colcon_meta'
[0.489s] Level 1:colcon.colcon_core.package_identification:_identify(cyclonedds_ws/src/unitree/unitree_hg) by extensions ['ros']
[0.489s] Level 1:colcon.colcon_core.package_identification:_identify(cyclonedds_ws/src/unitree/unitree_hg) by extension 'ros'
[0.490s] DEBUG:colcon.colcon_core.package_identification:Package 'cyclonedds_ws/src/unitree/unitree_hg' with type 'ros.ament_cmake' and name 'unitree_hg'
[0.490s] Level 1:colcon.colcon_core.package_identification:_identify(docs) by extensions ['ignore', 'ignore_ament_install']
[0.490s] Level 1:colcon.colcon_core.package_identification:_identify(docs) by extension 'ignore'
[0.491s] Level 1:colcon.colcon_core.package_identification:_identify(docs) by extension 'ignore_ament_install'
[0.491s] Level 1:colcon.colcon_core.package_identification:_identify(docs) by extensions ['colcon_pkg']
[0.491s] Level 1:colcon.colcon_core.package_identification:_identify(docs) by extension 'colcon_pkg'
[0.491s] Level 1:colcon.colcon_core.package_identification:_identify(docs) by extensions ['colcon_meta']
[0.491s] Level 1:colcon.colcon_core.package_identification:_identify(docs) by extension 'colcon_meta'
[0.491s] Level 1:colcon.colcon_core.package_identification:_identify(docs) by extensions ['ros']
[0.491s] Level 1:colcon.colcon_core.package_identification:_identify(docs) by extension 'ros'
[0.491s] Level 1:colcon.colcon_core.package_identification:_identify(docs) by extensions ['cmake', 'python']
[0.491s] Level 1:colcon.colcon_core.package_identification:_identify(docs) by extension 'cmake'
[0.492s] Level 1:colcon.colcon_core.package_identification:_identify(docs) by extension 'python'
[0.492s] Level 1:colcon.colcon_core.package_identification:_identify(docs) by extensions ['python_setup_py']
[0.492s] Level 1:colcon.colcon_core.package_identification:_identify(docs) by extension 'python_setup_py'
[0.492s] Level 1:colcon.colcon_core.package_identification:_identify(docs/image) by extensions ['ignore', 'ignore_ament_install']
[0.492s] Level 1:colcon.colcon_core.package_identification:_identify(docs/image) by extension 'ignore'
[0.492s] Level 1:colcon.colcon_core.package_identification:_identify(docs/image) by extension 'ignore_ament_install'
[0.492s] Level 1:colcon.colcon_core.package_identification:_identify(docs/image) by extensions ['colcon_pkg']
[0.492s] Level 1:colcon.colcon_core.package_identification:_identify(docs/image) by extension 'colcon_pkg'
[0.492s] Level 1:colcon.colcon_core.package_identification:_identify(docs/image) by extensions ['colcon_meta']
[0.493s] Level 1:colcon.colcon_core.package_identification:_identify(docs/image) by extension 'colcon_meta'
[0.493s] Level 1:colcon.colcon_core.package_identification:_identify(docs/image) by extensions ['ros']
[0.493s] Level 1:colcon.colcon_core.package_identification:_identify(docs/image) by extension 'ros'
[0.493s] Level 1:colcon.colcon_core.package_identification:_identify(docs/image) by extensions ['cmake', 'python']
[0.493s] Level 1:colcon.colcon_core.package_identification:_identify(docs/image) by extension 'cmake'
[0.493s] Level 1:colcon.colcon_core.package_identification:_identify(docs/image) by extension 'python'
[0.493s] Level 1:colcon.colcon_core.package_identification:_identify(docs/image) by extensions ['python_setup_py']
[0.493s] Level 1:colcon.colcon_core.package_identification:_identify(docs/image) by extension 'python_setup_py'
[0.493s] Level 1:colcon.colcon_core.package_identification:_identify(install) by extensions ['ignore', 'ignore_ament_install']
[0.494s] Level 1:colcon.colcon_core.package_identification:_identify(install) by extension 'ignore'
[0.494s] Level 1:colcon.colcon_core.package_identification:_identify(install) ignored
[0.494s] Level 1:colcon.colcon_core.package_identification:_identify(log) by extensions ['ignore', 'ignore_ament_install']
[0.494s] Level 1:colcon.colcon_core.package_identification:_identify(log) by extension 'ignore'
[0.494s] Level 1:colcon.colcon_core.package_identification:_identify(log) ignored
[0.494s] Level 1:colcon.colcon_core.package_discovery:discover_packages(recursive) using defaults
[0.494s] Level 1:colcon.colcon_core.package_discovery:discover_packages(ignore) discover
[0.494s] Level 1:colcon.colcon_core.package_discovery:discover_packages(ignore) using defaults
[0.494s] Level 1:colcon.colcon_core.package_discovery:discover_packages(path) discover
[0.494s] Level 1:colcon.colcon_core.package_discovery:discover_packages(path) using defaults
[0.539s] Level 5:colcon.colcon_core.verb:set package 'unitree_api' build argument 'cmake_args' from command line to 'None'
[0.539s] Level 5:colcon.colcon_core.verb:set package 'unitree_api' build argument 'cmake_target' from command line to 'None'
[0.540s] Level 5:colcon.colcon_core.verb:set package 'unitree_api' build argument 'cmake_target_skip_unavailable' from command line to 'False'
[0.540s] Level 5:colcon.colcon_core.verb:set package 'unitree_api' build argument 'cmake_clean_cache' from command line to 'False'
[0.540s] Level 5:colcon.colcon_core.verb:set package 'unitree_api' build argument 'cmake_clean_first' from command line to 'False'
[0.540s] Level 5:colcon.colcon_core.verb:set package 'unitree_api' build argument 'cmake_force_configure' from command line to 'False'
[0.540s] Level 5:colcon.colcon_core.verb:set package 'unitree_api' build argument 'ament_cmake_args' from command line to 'None'
[0.540s] Level 5:colcon.colcon_core.verb:set package 'unitree_api' build argument 'catkin_cmake_args' from command line to 'None'
[0.540s] Level 5:colcon.colcon_core.verb:set package 'unitree_api' build argument 'catkin_skip_building_tests' from command line to 'False'
[0.540s] DEBUG:colcon.colcon_core.verb:Building package 'unitree_api' with the following arguments: {'ament_cmake_args': None, 'build_base': '/home/unitree/go2slam/unitree_ros2/build/unitree_api', 'catkin_cmake_args': None, 'catkin_skip_building_tests': False, 'cmake_args': None, 'cmake_clean_cache': False, 'cmake_clean_first': False, 'cmake_force_configure': False, 'cmake_target': None, 'cmake_target_skip_unavailable': False, 'install_base': '/home/unitree/go2slam/unitree_ros2/install/unitree_api', 'merge_install': False, 'path': '/home/unitree/go2slam/unitree_ros2/cyclonedds_ws/src/unitree/unitree_api', 'symlink_install': False, 'test_result_base': None}
[0.540s] Level 5:colcon.colcon_core.verb:set package 'unitree_go' build argument 'cmake_args' from command line to 'None'
[0.541s] Level 5:colcon.colcon_core.verb:set package 'unitree_go' build argument 'cmake_target' from command line to 'None'
[0.541s] Level 5:colcon.colcon_core.verb:set package 'unitree_go' build argument 'cmake_target_skip_unavailable' from command line to 'False'
[0.541s] Level 5:colcon.colcon_core.verb:set package 'unitree_go' build argument 'cmake_clean_cache' from command line to 'False'
[0.541s] Level 5:colcon.colcon_core.verb:set package 'unitree_go' build argument 'cmake_clean_first' from command line to 'False'
[0.541s] Level 5:colcon.colcon_core.verb:set package 'unitree_go' build argument 'cmake_force_configure' from command line to 'False'
[0.541s] Level 5:colcon.colcon_core.verb:set package 'unitree_go' build argument 'ament_cmake_args' from command line to 'None'
[0.541s] Level 5:colcon.colcon_core.verb:set package 'unitree_go' build argument 'catkin_cmake_args' from command line to 'None'
[0.541s] Level 5:colcon.colcon_core.verb:set package 'unitree_go' build argument 'catkin_skip_building_tests' from command line to 'False'
[0.541s] DEBUG:colcon.colcon_core.verb:Building package 'unitree_go' with the following arguments: {'ament_cmake_args': None, 'build_base': '/home/unitree/go2slam/unitree_ros2/build/unitree_go', 'catkin_cmake_args': None, 'catkin_skip_building_tests': False, 'cmake_args': None, 'cmake_clean_cache': False, 'cmake_clean_first': False, 'cmake_force_configure': False, 'cmake_target': None, 'cmake_target_skip_unavailable': False, 'install_base': '/home/unitree/go2slam/unitree_ros2/install/unitree_go', 'merge_install': False, 'path': '/home/unitree/go2slam/unitree_ros2/cyclonedds_ws/src/unitree/unitree_go', 'symlink_install': False, 'test_result_base': None}
[0.541s] Level 5:colcon.colcon_core.verb:set package 'unitree_hg' build argument 'cmake_args' from command line to 'None'
[0.542s] Level 5:colcon.colcon_core.verb:set package 'unitree_hg' build argument 'cmake_target' from command line to 'None'
[0.542s] Level 5:colcon.colcon_core.verb:set package 'unitree_hg' build argument 'cmake_target_skip_unavailable' from command line to 'False'
[0.542s] Level 5:colcon.colcon_core.verb:set package 'unitree_hg' build argument 'cmake_clean_cache' from command line to 'False'
[0.542s] Level 5:colcon.colcon_core.verb:set package 'unitree_hg' build argument 'cmake_clean_first' from command line to 'False'
[0.542s] Level 5:colcon.colcon_core.verb:set package 'unitree_hg' build argument 'cmake_force_configure' from command line to 'False'
[0.542s] Level 5:colcon.colcon_core.verb:set package 'unitree_hg' build argument 'ament_cmake_args' from command line to 'None'
[0.542s] Level 5:colcon.colcon_core.verb:set package 'unitree_hg' build argument 'catkin_cmake_args' from command line to 'None'
[0.542s] Level 5:colcon.colcon_core.verb:set package 'unitree_hg' build argument 'catkin_skip_building_tests' from command line to 'False'
[0.542s] DEBUG:colcon.colcon_core.verb:Building package 'unitree_hg' with the following arguments: {'ament_cmake_args': None, 'build_base': '/home/unitree/go2slam/unitree_ros2/build/unitree_hg', 'catkin_cmake_args': None, 'catkin_skip_building_tests': False, 'cmake_args': None, 'cmake_clean_cache': False, 'cmake_clean_first': False, 'cmake_force_configure': False, 'cmake_target': None, 'cmake_target_skip_unavailable': False, 'install_base': '/home/unitree/go2slam/unitree_ros2/install/unitree_hg', 'merge_install': False, 'path': '/home/unitree/go2slam/unitree_ros2/cyclonedds_ws/src/unitree/unitree_hg', 'symlink_install': False, 'test_result_base': None}
[0.542s] INFO:colcon.colcon_core.executor:Executing jobs using 'parallel' executor
[0.545s] DEBUG:colcon.colcon_parallel_executor.executor.parallel:run_until_complete
[0.545s] INFO:colcon.colcon_ros.task.ament_cmake.build:Building ROS package in '/home/unitree/go2slam/unitree_ros2/cyclonedds_ws/src/unitree/unitree_api' with build type 'ament_cmake'
[0.546s] INFO:colcon.colcon_cmake.task.cmake.build:Building CMake package in '/home/unitree/go2slam/unitree_ros2/cyclonedds_ws/src/unitree/unitree_api'
[0.552s] INFO:colcon.colcon_core.plugin_system:Skipping extension 'colcon_core.shell.bat': Not used on non-Windows systems
[0.552s] INFO:colcon.colcon_core.shell:Skip shell extension 'powershell' for command environment: Not usable outside of PowerShell
[0.552s] DEBUG:colcon.colcon_core.shell:Skip shell extension 'dsv' for command environment
[0.555s] WARNING:colcon.colcon_ros.prefix_path.ament:The path '/home/unitree/go2slam/unitree_ros2/install/unitree_hg' in the environment variable AMENT_PREFIX_PATH doesn't exist
[0.556s] WARNING:colcon.colcon_ros.prefix_path.ament:The path '/home/unitree/go2slam/unitree_ros2/install/unitree_go' in the environment variable AMENT_PREFIX_PATH doesn't exist
[0.556s] WARNING:colcon.colcon_ros.prefix_path.ament:The path '/home/unitree/go2slam/unitree_ros2/install/unitree_api' in the environment variable AMENT_PREFIX_PATH doesn't exist
[0.556s] WARNING:colcon.colcon_ros.prefix_path.catkin:The path '/home/unitree/go2slam/unitree_ros2/install/unitree_hg' in the environment variable CMAKE_PREFIX_PATH doesn't exist
[0.556s] WARNING:colcon.colcon_ros.prefix_path.catkin:The path '/home/unitree/go2slam/unitree_ros2/install/unitree_go' in the environment variable CMAKE_PREFIX_PATH doesn't exist
[0.556s] WARNING:colcon.colcon_ros.prefix_path.catkin:The path '/home/unitree/go2slam/unitree_ros2/install/unitree_api' in the environment variable CMAKE_PREFIX_PATH doesn't exist
[0.556s] WARNING:colcon.colcon_ros.prefix_path.catkin:The path '/home/unitree/go2slam/unitree_ros2/install/cyclonedds' in the environment variable CMAKE_PREFIX_PATH doesn't exist
[0.564s] INFO:colcon.colcon_ros.task.ament_cmake.build:Building ROS package in '/home/unitree/go2slam/unitree_ros2/cyclonedds_ws/src/unitree/unitree_go' with build type 'ament_cmake'
[0.565s] INFO:colcon.colcon_cmake.task.cmake.build:Building CMake package in '/home/unitree/go2slam/unitree_ros2/cyclonedds_ws/src/unitree/unitree_go'
[0.565s] INFO:colcon.colcon_core.shell:Skip shell extension 'powershell' for command environment: Not usable outside of PowerShell
[0.565s] DEBUG:colcon.colcon_core.shell:Skip shell extension 'dsv' for command environment
[0.575s] INFO:colcon.colcon_ros.task.ament_cmake.build:Building ROS package in '/home/unitree/go2slam/unitree_ros2/cyclonedds_ws/src/unitree/unitree_hg' with build type 'ament_cmake'
[0.576s] INFO:colcon.colcon_cmake.task.cmake.build:Building CMake package in '/home/unitree/go2slam/unitree_ros2/cyclonedds_ws/src/unitree/unitree_hg'
[0.576s] INFO:colcon.colcon_core.shell:Skip shell extension 'powershell' for command environment: Not usable outside of PowerShell
[0.576s] DEBUG:colcon.colcon_core.shell:Skip shell extension 'dsv' for command environment
[0.591s] DEBUG:colcon.colcon_core.event_handler.log_command:Invoking command in '/home/unitree/go2slam/unitree_ros2/build/unitree_api': CMAKE_PREFIX_PATH=${CMAKE_PREFIX_PATH}:/opt/ros/jazzy /usr/bin/cmake /home/unitree/go2slam/unitree_ros2/cyclonedds_ws/src/unitree/unitree_api -DCMAKE_INSTALL_PREFIX=/home/unitree/go2slam/unitree_ros2/install/unitree_api
[0.598s] DEBUG:colcon.colcon_core.event_handler.log_command:Invoking command in '/home/unitree/go2slam/unitree_ros2/build/unitree_go': CMAKE_PREFIX_PATH=${CMAKE_PREFIX_PATH}:/opt/ros/jazzy /usr/bin/cmake /home/unitree/go2slam/unitree_ros2/cyclonedds_ws/src/unitree/unitree_go -DCMAKE_INSTALL_PREFIX=/home/unitree/go2slam/unitree_ros2/install/unitree_go
[0.642s] DEBUG:colcon.colcon_core.event_handler.log_command:Invoking command in '/home/unitree/go2slam/unitree_ros2/build/unitree_hg': CMAKE_PREFIX_PATH=${CMAKE_PREFIX_PATH}:/opt/ros/jazzy /usr/bin/cmake /home/unitree/go2slam/unitree_ros2/cyclonedds_ws/src/unitree/unitree_hg -DCMAKE_INSTALL_PREFIX=/home/unitree/go2slam/unitree_ros2/install/unitree_hg
[8.347s] DEBUG:colcon.colcon_core.event_handler.log_command:Invoked command in '/home/unitree/go2slam/unitree_ros2/build/unitree_api' returned '0': CMAKE_PREFIX_PATH=${CMAKE_PREFIX_PATH}:/opt/ros/jazzy /usr/bin/cmake /home/unitree/go2slam/unitree_ros2/cyclonedds_ws/src/unitree/unitree_api -DCMAKE_INSTALL_PREFIX=/home/unitree/go2slam/unitree_ros2/install/unitree_api
[8.349s] DEBUG:colcon.colcon_core.event_handler.log_command:Invoking command in '/home/unitree/go2slam/unitree_ros2/build/unitree_api': CMAKE_PREFIX_PATH=${CMAKE_PREFIX_PATH}:/opt/ros/jazzy /usr/bin/cmake --build /home/unitree/go2slam/unitree_ros2/build/unitree_api -- -j6 -l6
[8.427s] DEBUG:colcon.colcon_core.event_handler.log_command:Invoked command in '/home/unitree/go2slam/unitree_ros2/build/unitree_hg' returned '0': CMAKE_PREFIX_PATH=${CMAKE_PREFIX_PATH}:/opt/ros/jazzy /usr/bin/cmake /home/unitree/go2slam/unitree_ros2/cyclonedds_ws/src/unitree/unitree_hg -DCMAKE_INSTALL_PREFIX=/home/unitree/go2slam/unitree_ros2/install/unitree_hg
[8.428s] DEBUG:colcon.colcon_core.event_handler.log_command:Invoking command in '/home/unitree/go2slam/unitree_ros2/build/unitree_hg': CMAKE_PREFIX_PATH=${CMAKE_PREFIX_PATH}:/opt/ros/jazzy /usr/bin/cmake --build /home/unitree/go2slam/unitree_ros2/build/unitree_hg -- -j6 -l6
[8.726s] DEBUG:colcon.colcon_core.event_handler.log_command:Invoked command in '/home/unitree/go2slam/unitree_ros2/build/unitree_go' returned '0': CMAKE_PREFIX_PATH=${CMAKE_PREFIX_PATH}:/opt/ros/jazzy /usr/bin/cmake /home/unitree/go2slam/unitree_ros2/cyclonedds_ws/src/unitree/unitree_go -DCMAKE_INSTALL_PREFIX=/home/unitree/go2slam/unitree_ros2/install/unitree_go
[8.726s] DEBUG:colcon.colcon_core.event_handler.log_command:Invoking command in '/home/unitree/go2slam/unitree_ros2/build/unitree_go': CMAKE_PREFIX_PATH=${CMAKE_PREFIX_PATH}:/opt/ros/jazzy /usr/bin/cmake --build /home/unitree/go2slam/unitree_ros2/build/unitree_go -- -j6 -l6
[62.297s] DEBUG:colcon.colcon_core.event_handler.log_command:Invoked command in '/home/unitree/go2slam/unitree_ros2/build/unitree_api' returned '0': CMAKE_PREFIX_PATH=${CMAKE_PREFIX_PATH}:/opt/ros/jazzy /usr/bin/cmake --build /home/unitree/go2slam/unitree_ros2/build/unitree_api -- -j6 -l6
[62.321s] DEBUG:colcon.colcon_core.event_handler.log_command:Invoking command in '/home/unitree/go2slam/unitree_ros2/build/unitree_api': CMAKE_PREFIX_PATH=${CMAKE_PREFIX_PATH}:/opt/ros/jazzy /usr/bin/cmake --install /home/unitree/go2slam/unitree_ros2/build/unitree_api
[62.588s] Level 1:colcon.colcon_core.environment:create_environment_scripts_only(unitree_api)
[62.589s] DEBUG:colcon.colcon_core.event_handler.log_command:Invoked command in '/home/unitree/go2slam/unitree_ros2/build/unitree_api' returned '0': CMAKE_PREFIX_PATH=${CMAKE_PREFIX_PATH}:/opt/ros/jazzy /usr/bin/cmake --install /home/unitree/go2slam/unitree_ros2/build/unitree_api
[62.601s] Level 1:colcon.colcon_core.environment:checking '/home/unitree/go2slam/unitree_ros2/install/unitree_api' for CMake module files
[62.603s] Level 1:colcon.colcon_core.environment:checking '/home/unitree/go2slam/unitree_ros2/install/unitree_api' for CMake config files
[62.607s] Level 1:colcon.colcon_core.shell:create_environment_hook('unitree_api', 'cmake_prefix_path')
[62.608s] INFO:colcon.colcon_core.shell:Creating environment hook '/home/unitree/go2slam/unitree_ros2/install/unitree_api/share/unitree_api/hook/cmake_prefix_path.ps1'
[62.613s] INFO:colcon.colcon_core.shell:Creating environment descriptor '/home/unitree/go2slam/unitree_ros2/install/unitree_api/share/unitree_api/hook/cmake_prefix_path.dsv'
[62.615s] INFO:colcon.colcon_core.shell:Creating environment hook '/home/unitree/go2slam/unitree_ros2/install/unitree_api/share/unitree_api/hook/cmake_prefix_path.sh'
[62.617s] Level 1:colcon.colcon_core.environment:checking '/home/unitree/go2slam/unitree_ros2/install/unitree_api/lib'
[62.617s] Level 1:colcon.colcon_core.shell:create_environment_hook('unitree_api', 'ld_library_path_lib')
[62.617s] INFO:colcon.colcon_core.shell:Creating environment hook '/home/unitree/go2slam/unitree_ros2/install/unitree_api/share/unitree_api/hook/ld_library_path_lib.ps1'
[62.618s] INFO:colcon.colcon_core.shell:Creating environment descriptor '/home/unitree/go2slam/unitree_ros2/install/unitree_api/share/unitree_api/hook/ld_library_path_lib.dsv'
[62.619s] INFO:colcon.colcon_core.shell:Creating environment hook '/home/unitree/go2slam/unitree_ros2/install/unitree_api/share/unitree_api/hook/ld_library_path_lib.sh'
[62.620s] Level 1:colcon.colcon_core.environment:checking '/home/unitree/go2slam/unitree_ros2/install/unitree_api/bin'
[62.620s] Level 1:colcon.colcon_core.environment:checking '/home/unitree/go2slam/unitree_ros2/install/unitree_api/lib/pkgconfig/unitree_api.pc'
[62.624s] Level 1:colcon.colcon_core.environment:checking '/home/unitree/go2slam/unitree_ros2/install/unitree_api/lib/python3.12/site-packages'
[62.624s] Level 1:colcon.colcon_core.shell:create_environment_hook('unitree_api', 'pythonpath')
[62.624s] INFO:colcon.colcon_core.shell:Creating environment hook '/home/unitree/go2slam/unitree_ros2/install/unitree_api/share/unitree_api/hook/pythonpath.ps1'
[62.626s] INFO:colcon.colcon_core.shell:Creating environment descriptor '/home/unitree/go2slam/unitree_ros2/install/unitree_api/share/unitree_api/hook/pythonpath.dsv'
[62.626s] INFO:colcon.colcon_core.shell:Creating environment hook '/home/unitree/go2slam/unitree_ros2/install/unitree_api/share/unitree_api/hook/pythonpath.sh'
[62.628s] Level 1:colcon.colcon_core.environment:checking '/home/unitree/go2slam/unitree_ros2/install/unitree_api/bin'
[62.628s] INFO:colcon.colcon_core.shell:Creating package script '/home/unitree/go2slam/unitree_ros2/install/unitree_api/share/unitree_api/package.ps1'
[62.630s] INFO:colcon.colcon_core.shell:Creating package descriptor '/home/unitree/go2slam/unitree_ros2/install/unitree_api/share/unitree_api/package.dsv'
[62.632s] INFO:colcon.colcon_core.shell:Creating package script '/home/unitree/go2slam/unitree_ros2/install/unitree_api/share/unitree_api/package.sh'
[62.633s] INFO:colcon.colcon_core.shell:Creating package script '/home/unitree/go2slam/unitree_ros2/install/unitree_api/share/unitree_api/package.bash'
[62.634s] INFO:colcon.colcon_core.shell:Creating package script '/home/unitree/go2slam/unitree_ros2/install/unitree_api/share/unitree_api/package.zsh'
[62.635s] Level 1:colcon.colcon_core.environment:create_file_with_runtime_dependencies(/home/unitree/go2slam/unitree_ros2/install/unitree_api/share/colcon-core/packages/unitree_api)
[62.636s] Level 1:colcon.colcon_core.environment:create_environment_scripts_only(unitree_api)
[62.639s] Level 1:colcon.colcon_core.environment:checking '/home/unitree/go2slam/unitree_ros2/install/unitree_api' for CMake module files
[62.641s] Level 1:colcon.colcon_core.environment:checking '/home/unitree/go2slam/unitree_ros2/install/unitree_api' for CMake config files
[62.642s] Level 1:colcon.colcon_core.shell:create_environment_hook('unitree_api', 'cmake_prefix_path')
[62.643s] INFO:colcon.colcon_core.shell:Creating environment hook '/home/unitree/go2slam/unitree_ros2/install/unitree_api/share/unitree_api/hook/cmake_prefix_path.ps1'
[62.644s] INFO:colcon.colcon_core.shell:Creating environment descriptor '/home/unitree/go2slam/unitree_ros2/install/unitree_api/share/unitree_api/hook/cmake_prefix_path.dsv'
[62.645s] INFO:colcon.colcon_core.shell:Creating environment hook '/home/unitree/go2slam/unitree_ros2/install/unitree_api/share/unitree_api/hook/cmake_prefix_path.sh'
[62.646s] Level 1:colcon.colcon_core.environment:checking '/home/unitree/go2slam/unitree_ros2/install/unitree_api/lib'
[62.646s] Level 1:colcon.colcon_core.shell:create_environment_hook('unitree_api', 'ld_library_path_lib')
[62.646s] INFO:colcon.colcon_core.shell:Creating environment hook '/home/unitree/go2slam/unitree_ros2/install/unitree_api/share/unitree_api/hook/ld_library_path_lib.ps1'
[62.647s] INFO:colcon.colcon_core.shell:Creating environment descriptor '/home/unitree/go2slam/unitree_ros2/install/unitree_api/share/unitree_api/hook/ld_library_path_lib.dsv'
[62.648s] INFO:colcon.colcon_core.shell:Creating environment hook '/home/unitree/go2slam/unitree_ros2/install/unitree_api/share/unitree_api/hook/ld_library_path_lib.sh'
[62.649s] Level 1:colcon.colcon_core.environment:checking '/home/unitree/go2slam/unitree_ros2/install/unitree_api/bin'
[62.649s] Level 1:colcon.colcon_core.environment:checking '/home/unitree/go2slam/unitree_ros2/install/unitree_api/lib/pkgconfig/unitree_api.pc'
[62.649s] Level 1:colcon.colcon_core.environment:checking '/home/unitree/go2slam/unitree_ros2/install/unitree_api/lib/python3.12/site-packages'
[62.649s] Level 1:colcon.colcon_core.shell:create_environment_hook('unitree_api', 'pythonpath')
[62.650s] INFO:colcon.colcon_core.shell:Creating environment hook '/home/unitree/go2slam/unitree_ros2/install/unitree_api/share/unitree_api/hook/pythonpath.ps1'
[62.651s] INFO:colcon.colcon_core.shell:Creating environment descriptor '/home/unitree/go2slam/unitree_ros2/install/unitree_api/share/unitree_api/hook/pythonpath.dsv'
[62.651s] INFO:colcon.colcon_core.shell:Creating environment hook '/home/unitree/go2slam/unitree_ros2/install/unitree_api/share/unitree_api/hook/pythonpath.sh'
[62.653s] Level 1:colcon.colcon_core.environment:checking '/home/unitree/go2slam/unitree_ros2/install/unitree_api/bin'
[62.653s] INFO:colcon.colcon_core.shell:Creating package script '/home/unitree/go2slam/unitree_ros2/install/unitree_api/share/unitree_api/package.ps1'
[62.655s] INFO:colcon.colcon_core.shell:Creating package descriptor '/home/unitree/go2slam/unitree_ros2/install/unitree_api/share/unitree_api/package.dsv'
[62.656s] INFO:colcon.colcon_core.shell:Creating package script '/home/unitree/go2slam/unitree_ros2/install/unitree_api/share/unitree_api/package.sh'
[62.657s] INFO:colcon.colcon_core.shell:Creating package script '/home/unitree/go2slam/unitree_ros2/install/unitree_api/share/unitree_api/package.bash'
[62.658s] INFO:colcon.colcon_core.shell:Creating package script '/home/unitree/go2slam/unitree_ros2/install/unitree_api/share/unitree_api/package.zsh'
[62.659s] Level 1:colcon.colcon_core.environment:create_file_with_runtime_dependencies(/home/unitree/go2slam/unitree_ros2/install/unitree_api/share/colcon-core/packages/unitree_api)
[83.709s] DEBUG:colcon.colcon_core.event_handler.log_command:Invoked command in '/home/unitree/go2slam/unitree_ros2/build/unitree_hg' returned '0': CMAKE_PREFIX_PATH=${CMAKE_PREFIX_PATH}:/opt/ros/jazzy /usr/bin/cmake --build /home/unitree/go2slam/unitree_ros2/build/unitree_hg -- -j6 -l6
[83.712s] DEBUG:colcon.colcon_core.event_handler.log_command:Invoking command in '/home/unitree/go2slam/unitree_ros2/build/unitree_hg': CMAKE_PREFIX_PATH=${CMAKE_PREFIX_PATH}:/opt/ros/jazzy /usr/bin/cmake --install /home/unitree/go2slam/unitree_ros2/build/unitree_hg
[84.170s] Level 1:colcon.colcon_core.environment:create_environment_scripts_only(unitree_hg)
[84.171s] Level 1:colcon.colcon_core.environment:checking '/home/unitree/go2slam/unitree_ros2/install/unitree_hg' for CMake module files
[84.172s] DEBUG:colcon.colcon_core.event_handler.log_command:Invoked command in '/home/unitree/go2slam/unitree_ros2/build/unitree_hg' returned '0': CMAKE_PREFIX_PATH=${CMAKE_PREFIX_PATH}:/opt/ros/jazzy /usr/bin/cmake --install /home/unitree/go2slam/unitree_ros2/build/unitree_hg
[84.174s] Level 1:colcon.colcon_core.environment:checking '/home/unitree/go2slam/unitree_ros2/install/unitree_hg' for CMake config files
[84.176s] Level 1:colcon.colcon_core.shell:create_environment_hook('unitree_hg', 'cmake_prefix_path')
[84.176s] INFO:colcon.colcon_core.shell:Creating environment hook '/home/unitree/go2slam/unitree_ros2/install/unitree_hg/share/unitree_hg/hook/cmake_prefix_path.ps1'
[84.177s] INFO:colcon.colcon_core.shell:Creating environment descriptor '/home/unitree/go2slam/unitree_ros2/install/unitree_hg/share/unitree_hg/hook/cmake_prefix_path.dsv'
[84.178s] INFO:colcon.colcon_core.shell:Creating environment hook '/home/unitree/go2slam/unitree_ros2/install/unitree_hg/share/unitree_hg/hook/cmake_prefix_path.sh'
[84.179s] Level 1:colcon.colcon_core.environment:checking '/home/unitree/go2slam/unitree_ros2/install/unitree_hg/lib'
[84.179s] Level 1:colcon.colcon_core.shell:create_environment_hook('unitree_hg', 'ld_library_path_lib')
[84.180s] INFO:colcon.colcon_core.shell:Creating environment hook '/home/unitree/go2slam/unitree_ros2/install/unitree_hg/share/unitree_hg/hook/ld_library_path_lib.ps1'
[84.180s] INFO:colcon.colcon_core.shell:Creating environment descriptor '/home/unitree/go2slam/unitree_ros2/install/unitree_hg/share/unitree_hg/hook/ld_library_path_lib.dsv'
[84.181s] INFO:colcon.colcon_core.shell:Creating environment hook '/home/unitree/go2slam/unitree_ros2/install/unitree_hg/share/unitree_hg/hook/ld_library_path_lib.sh'
[84.182s] Level 1:colcon.colcon_core.environment:checking '/home/unitree/go2slam/unitree_ros2/install/unitree_hg/bin'
[84.182s] Level 1:colcon.colcon_core.environment:checking '/home/unitree/go2slam/unitree_ros2/install/unitree_hg/lib/pkgconfig/unitree_hg.pc'
[84.185s] Level 1:colcon.colcon_core.environment:checking '/home/unitree/go2slam/unitree_ros2/install/unitree_hg/lib/python3.12/site-packages'
[84.186s] Level 1:colcon.colcon_core.shell:create_environment_hook('unitree_hg', 'pythonpath')
[84.186s] INFO:colcon.colcon_core.shell:Creating environment hook '/home/unitree/go2slam/unitree_ros2/install/unitree_hg/share/unitree_hg/hook/pythonpath.ps1'
[84.187s] INFO:colcon.colcon_core.shell:Creating environment descriptor '/home/unitree/go2slam/unitree_ros2/install/unitree_hg/share/unitree_hg/hook/pythonpath.dsv'
[84.189s] INFO:colcon.colcon_core.shell:Creating environment hook '/home/unitree/go2slam/unitree_ros2/install/unitree_hg/share/unitree_hg/hook/pythonpath.sh'
[84.190s] Level 1:colcon.colcon_core.environment:checking '/home/unitree/go2slam/unitree_ros2/install/unitree_hg/bin'
[84.191s] INFO:colcon.colcon_core.shell:Creating package script '/home/unitree/go2slam/unitree_ros2/install/unitree_hg/share/unitree_hg/package.ps1'
[84.192s] INFO:colcon.colcon_core.shell:Creating package descriptor '/home/unitree/go2slam/unitree_ros2/install/unitree_hg/share/unitree_hg/package.dsv'
[84.194s] INFO:colcon.colcon_core.shell:Creating package script '/home/unitree/go2slam/unitree_ros2/install/unitree_hg/share/unitree_hg/package.sh'
[84.196s] INFO:colcon.colcon_core.shell:Creating package script '/home/unitree/go2slam/unitree_ros2/install/unitree_hg/share/unitree_hg/package.bash'
[84.196s] INFO:colcon.colcon_core.shell:Creating package script '/home/unitree/go2slam/unitree_ros2/install/unitree_hg/share/unitree_hg/package.zsh'
[84.197s] Level 1:colcon.colcon_core.environment:create_file_with_runtime_dependencies(/home/unitree/go2slam/unitree_ros2/install/unitree_hg/share/colcon-core/packages/unitree_hg)
[84.198s] Level 1:colcon.colcon_core.environment:create_environment_scripts_only(unitree_hg)
[84.200s] Level 1:colcon.colcon_core.environment:checking '/home/unitree/go2slam/unitree_ros2/install/unitree_hg' for CMake module files
[84.201s] Level 1:colcon.colcon_core.environment:checking '/home/unitree/go2slam/unitree_ros2/install/unitree_hg' for CMake config files
[84.203s] Level 1:colcon.colcon_core.shell:create_environment_hook('unitree_hg', 'cmake_prefix_path')
[84.203s] INFO:colcon.colcon_core.shell:Creating environment hook '/home/unitree/go2slam/unitree_ros2/install/unitree_hg/share/unitree_hg/hook/cmake_prefix_path.ps1'
[84.204s] INFO:colcon.colcon_core.shell:Creating environment descriptor '/home/unitree/go2slam/unitree_ros2/install/unitree_hg/share/unitree_hg/hook/cmake_prefix_path.dsv'
[84.205s] INFO:colcon.colcon_core.shell:Creating environment hook '/home/unitree/go2slam/unitree_ros2/install/unitree_hg/share/unitree_hg/hook/cmake_prefix_path.sh'
[84.206s] Level 1:colcon.colcon_core.environment:checking '/home/unitree/go2slam/unitree_ros2/install/unitree_hg/lib'
[84.207s] Level 1:colcon.colcon_core.shell:create_environment_hook('unitree_hg', 'ld_library_path_lib')
[84.207s] INFO:colcon.colcon_core.shell:Creating environment hook '/home/unitree/go2slam/unitree_ros2/install/unitree_hg/share/unitree_hg/hook/ld_library_path_lib.ps1'
[84.208s] INFO:colcon.colcon_core.shell:Creating environment descriptor '/home/unitree/go2slam/unitree_ros2/install/unitree_hg/share/unitree_hg/hook/ld_library_path_lib.dsv'
[84.209s] INFO:colcon.colcon_core.shell:Creating environment hook '/home/unitree/go2slam/unitree_ros2/install/unitree_hg/share/unitree_hg/hook/ld_library_path_lib.sh'
[84.209s] Level 1:colcon.colcon_core.environment:checking '/home/unitree/go2slam/unitree_ros2/install/unitree_hg/bin'
[84.210s] Level 1:colcon.colcon_core.environment:checking '/home/unitree/go2slam/unitree_ros2/install/unitree_hg/lib/pkgconfig/unitree_hg.pc'
[84.210s] Level 1:colcon.colcon_core.environment:checking '/home/unitree/go2slam/unitree_ros2/install/unitree_hg/lib/python3.12/site-packages'
[84.210s] Level 1:colcon.colcon_core.shell:create_environment_hook('unitree_hg', 'pythonpath')
[84.211s] INFO:colcon.colcon_core.shell:Creating environment hook '/home/unitree/go2slam/unitree_ros2/install/unitree_hg/share/unitree_hg/hook/pythonpath.ps1'
[84.212s] INFO:colcon.colcon_core.shell:Creating environment descriptor '/home/unitree/go2slam/unitree_ros2/install/unitree_hg/share/unitree_hg/hook/pythonpath.dsv'
[84.213s] INFO:colcon.colcon_core.shell:Creating environment hook '/home/unitree/go2slam/unitree_ros2/install/unitree_hg/share/unitree_hg/hook/pythonpath.sh'
[84.214s] Level 1:colcon.colcon_core.environment:checking '/home/unitree/go2slam/unitree_ros2/install/unitree_hg/bin'
[84.215s] INFO:colcon.colcon_core.shell:Creating package script '/home/unitree/go2slam/unitree_ros2/install/unitree_hg/share/unitree_hg/package.ps1'
[84.227s] INFO:colcon.colcon_core.shell:Creating package descriptor '/home/unitree/go2slam/unitree_ros2/install/unitree_hg/share/unitree_hg/package.dsv'
[84.229s] INFO:colcon.colcon_core.shell:Creating package script '/home/unitree/go2slam/unitree_ros2/install/unitree_hg/share/unitree_hg/package.sh'
[84.231s] INFO:colcon.colcon_core.shell:Creating package script '/home/unitree/go2slam/unitree_ros2/install/unitree_hg/share/unitree_hg/package.bash'
[84.233s] INFO:colcon.colcon_core.shell:Creating package script '/home/unitree/go2slam/unitree_ros2/install/unitree_hg/share/unitree_hg/package.zsh'
[84.234s] Level 1:colcon.colcon_core.environment:create_file_with_runtime_dependencies(/home/unitree/go2slam/unitree_ros2/install/unitree_hg/share/colcon-core/packages/unitree_hg)
[122.974s] DEBUG:colcon.colcon_core.event_handler.log_command:Invoked command in '/home/unitree/go2slam/unitree_ros2/build/unitree_go' returned '0': CMAKE_PREFIX_PATH=${CMAKE_PREFIX_PATH}:/opt/ros/jazzy /usr/bin/cmake --build /home/unitree/go2slam/unitree_ros2/build/unitree_go -- -j6 -l6
[122.976s] DEBUG:colcon.colcon_core.event_handler.log_command:Invoking command in '/home/unitree/go2slam/unitree_ros2/build/unitree_go': CMAKE_PREFIX_PATH=${CMAKE_PREFIX_PATH}:/opt/ros/jazzy /usr/bin/cmake --install /home/unitree/go2slam/unitree_ros2/build/unitree_go
[123.386s] Level 1:colcon.colcon_core.environment:create_environment_scripts_only(unitree_go)
[123.387s] Level 1:colcon.colcon_core.environment:checking '/home/unitree/go2slam/unitree_ros2/install/unitree_go' for CMake module files
[123.387s] DEBUG:colcon.colcon_core.event_handler.log_command:Invoked command in '/home/unitree/go2slam/unitree_ros2/build/unitree_go' returned '0': CMAKE_PREFIX_PATH=${CMAKE_PREFIX_PATH}:/opt/ros/jazzy /usr/bin/cmake --install /home/unitree/go2slam/unitree_ros2/build/unitree_go
[123.388s] Level 1:colcon.colcon_core.environment:checking '/home/unitree/go2slam/unitree_ros2/install/unitree_go' for CMake config files
[123.390s] Level 1:colcon.colcon_core.shell:create_environment_hook('unitree_go', 'cmake_prefix_path')
[123.391s] INFO:colcon.colcon_core.shell:Creating environment hook '/home/unitree/go2slam/unitree_ros2/install/unitree_go/share/unitree_go/hook/cmake_prefix_path.ps1'
[123.392s] INFO:colcon.colcon_core.shell:Creating environment descriptor '/home/unitree/go2slam/unitree_ros2/install/unitree_go/share/unitree_go/hook/cmake_prefix_path.dsv'
[123.392s] INFO:colcon.colcon_core.shell:Creating environment hook '/home/unitree/go2slam/unitree_ros2/install/unitree_go/share/unitree_go/hook/cmake_prefix_path.sh'
[123.394s] Level 1:colcon.colcon_core.environment:checking '/home/unitree/go2slam/unitree_ros2/install/unitree_go/lib'
[123.394s] Level 1:colcon.colcon_core.shell:create_environment_hook('unitree_go', 'ld_library_path_lib')
[123.394s] INFO:colcon.colcon_core.shell:Creating environment hook '/home/unitree/go2slam/unitree_ros2/install/unitree_go/share/unitree_go/hook/ld_library_path_lib.ps1'
[123.395s] INFO:colcon.colcon_core.shell:Creating environment descriptor '/home/unitree/go2slam/unitree_ros2/install/unitree_go/share/unitree_go/hook/ld_library_path_lib.dsv'
[123.396s] INFO:colcon.colcon_core.shell:Creating environment hook '/home/unitree/go2slam/unitree_ros2/install/unitree_go/share/unitree_go/hook/ld_library_path_lib.sh'
[123.396s] Level 1:colcon.colcon_core.environment:checking '/home/unitree/go2slam/unitree_ros2/install/unitree_go/bin'
[123.396s] Level 1:colcon.colcon_core.environment:checking '/home/unitree/go2slam/unitree_ros2/install/unitree_go/lib/pkgconfig/unitree_go.pc'
[123.397s] Level 1:colcon.colcon_core.environment:checking '/home/unitree/go2slam/unitree_ros2/install/unitree_go/lib/python3.12/site-packages'
[123.397s] Level 1:colcon.colcon_core.shell:create_environment_hook('unitree_go', 'pythonpath')
[123.398s] INFO:colcon.colcon_core.shell:Creating environment hook '/home/unitree/go2slam/unitree_ros2/install/unitree_go/share/unitree_go/hook/pythonpath.ps1'
[123.398s] INFO:colcon.colcon_core.shell:Creating environment descriptor '/home/unitree/go2slam/unitree_ros2/install/unitree_go/share/unitree_go/hook/pythonpath.dsv'
[123.399s] INFO:colcon.colcon_core.shell:Creating environment hook '/home/unitree/go2slam/unitree_ros2/install/unitree_go/share/unitree_go/hook/pythonpath.sh'
[123.400s] Level 1:colcon.colcon_core.environment:checking '/home/unitree/go2slam/unitree_ros2/install/unitree_go/bin'
[123.401s] INFO:colcon.colcon_core.shell:Creating package script '/home/unitree/go2slam/unitree_ros2/install/unitree_go/share/unitree_go/package.ps1'
[123.402s] INFO:colcon.colcon_core.shell:Creating package descriptor '/home/unitree/go2slam/unitree_ros2/install/unitree_go/share/unitree_go/package.dsv'
[123.403s] INFO:colcon.colcon_core.shell:Creating package script '/home/unitree/go2slam/unitree_ros2/install/unitree_go/share/unitree_go/package.sh'
[123.404s] INFO:colcon.colcon_core.shell:Creating package script '/home/unitree/go2slam/unitree_ros2/install/unitree_go/share/unitree_go/package.bash'
[123.405s] INFO:colcon.colcon_core.shell:Creating package script '/home/unitree/go2slam/unitree_ros2/install/unitree_go/share/unitree_go/package.zsh'
[123.405s] Level 1:colcon.colcon_core.environment:create_file_with_runtime_dependencies(/home/unitree/go2slam/unitree_ros2/install/unitree_go/share/colcon-core/packages/unitree_go)
[123.406s] Level 1:colcon.colcon_core.environment:create_environment_scripts_only(unitree_go)
[123.407s] Level 1:colcon.colcon_core.environment:checking '/home/unitree/go2slam/unitree_ros2/install/unitree_go' for CMake module files
[123.409s] Level 1:colcon.colcon_core.environment:checking '/home/unitree/go2slam/unitree_ros2/install/unitree_go' for CMake config files
[123.411s] Level 1:colcon.colcon_core.shell:create_environment_hook('unitree_go', 'cmake_prefix_path')
[123.411s] INFO:colcon.colcon_core.shell:Creating environment hook '/home/unitree/go2slam/unitree_ros2/install/unitree_go/share/unitree_go/hook/cmake_prefix_path.ps1'
[123.412s] INFO:colcon.colcon_core.shell:Creating environment descriptor '/home/unitree/go2slam/unitree_ros2/install/unitree_go/share/unitree_go/hook/cmake_prefix_path.dsv'
[123.413s] INFO:colcon.colcon_core.shell:Creating environment hook '/home/unitree/go2slam/unitree_ros2/install/unitree_go/share/unitree_go/hook/cmake_prefix_path.sh'
[123.414s] Level 1:colcon.colcon_core.environment:checking '/home/unitree/go2slam/unitree_ros2/install/unitree_go/lib'
[123.414s] Level 1:colcon.colcon_core.shell:create_environment_hook('unitree_go', 'ld_library_path_lib')
[123.414s] INFO:colcon.colcon_core.shell:Creating environment hook '/home/unitree/go2slam/unitree_ros2/install/unitree_go/share/unitree_go/hook/ld_library_path_lib.ps1'
[123.415s] INFO:colcon.colcon_core.shell:Creating environment descriptor '/home/unitree/go2slam/unitree_ros2/install/unitree_go/share/unitree_go/hook/ld_library_path_lib.dsv'
[123.416s] INFO:colcon.colcon_core.shell:Creating environment hook '/home/unitree/go2slam/unitree_ros2/install/unitree_go/share/unitree_go/hook/ld_library_path_lib.sh'
[123.417s] Level 1:colcon.colcon_core.environment:checking '/home/unitree/go2slam/unitree_ros2/install/unitree_go/bin'
[123.417s] Level 1:colcon.colcon_core.environment:checking '/home/unitree/go2slam/unitree_ros2/install/unitree_go/lib/pkgconfig/unitree_go.pc'
[123.417s] Level 1:colcon.colcon_core.environment:checking '/home/unitree/go2slam/unitree_ros2/install/unitree_go/lib/python3.12/site-packages'
[123.417s] Level 1:colcon.colcon_core.shell:create_environment_hook('unitree_go', 'pythonpath')
[123.418s] INFO:colcon.colcon_core.shell:Creating environment hook '/home/unitree/go2slam/unitree_ros2/install/unitree_go/share/unitree_go/hook/pythonpath.ps1'
[123.418s] INFO:colcon.colcon_core.shell:Creating environment descriptor '/home/unitree/go2slam/unitree_ros2/install/unitree_go/share/unitree_go/hook/pythonpath.dsv'
[123.419s] INFO:colcon.colcon_core.shell:Creating environment hook '/home/unitree/go2slam/unitree_ros2/install/unitree_go/share/unitree_go/hook/pythonpath.sh'
[123.420s] Level 1:colcon.colcon_core.environment:checking '/home/unitree/go2slam/unitree_ros2/install/unitree_go/bin'
[123.421s] INFO:colcon.colcon_core.shell:Creating package script '/home/unitree/go2slam/unitree_ros2/install/unitree_go/share/unitree_go/package.ps1'
[123.423s] INFO:colcon.colcon_core.shell:Creating package descriptor '/home/unitree/go2slam/unitree_ros2/install/unitree_go/share/unitree_go/package.dsv'
[123.424s] INFO:colcon.colcon_core.shell:Creating package script '/home/unitree/go2slam/unitree_ros2/install/unitree_go/share/unitree_go/package.sh'
[123.425s] INFO:colcon.colcon_core.shell:Creating package script '/home/unitree/go2slam/unitree_ros2/install/unitree_go/share/unitree_go/package.bash'
[123.426s] INFO:colcon.colcon_core.shell:Creating package script '/home/unitree/go2slam/unitree_ros2/install/unitree_go/share/unitree_go/package.zsh'
[123.426s] Level 1:colcon.colcon_core.environment:create_file_with_runtime_dependencies(/home/unitree/go2slam/unitree_ros2/install/unitree_go/share/colcon-core/packages/unitree_go)
[123.427s] DEBUG:colcon.colcon_parallel_executor.executor.parallel:closing loop
[123.427s] DEBUG:colcon.colcon_parallel_executor.executor.parallel:loop closed
[123.428s] DEBUG:colcon.colcon_parallel_executor.executor.parallel:run_until_complete finished with '0'
[123.428s] DEBUG:colcon.colcon_core.event_reactor:joining thread
[123.440s] INFO:colcon.colcon_core.plugin_system:Skipping extension 'colcon_notification.desktop_notification.notify_send': Could not find 'notify-send'
[123.440s] INFO:colcon.colcon_core.plugin_system:Skipping extension 'colcon_notification.desktop_notification.terminal_notifier': Not used on non-Darwin systems
[123.441s] INFO:colcon.colcon_core.plugin_system:Skipping extension 'colcon_notification.desktop_notification.win32': Not used on non-Windows systems
[123.441s] INFO:colcon.colcon_notification.desktop_notification:Sending desktop notification using 'notify2'
[123.448s] DEBUG:colcon.colcon_notification.desktop_notification.notify2:Failed to initialize notify2: org.freedesktop.DBus.Error.Spawn.ExecFailed: /usr/bin/dbus-launch terminated abnormally without any error message
[123.449s] DEBUG:colcon.colcon_core.event_reactor:joined thread
[123.449s] INFO:colcon.colcon_core.shell:Creating prefix script '/home/unitree/go2slam/unitree_ros2/install/local_setup.ps1'
[123.452s] INFO:colcon.colcon_core.shell:Creating prefix util module '/home/unitree/go2slam/unitree_ros2/install/_local_setup_util_ps1.py'
[123.454s] INFO:colcon.colcon_core.shell:Creating prefix chain script '/home/unitree/go2slam/unitree_ros2/install/setup.ps1'
[123.457s] INFO:colcon.colcon_core.shell:Creating prefix script '/home/unitree/go2slam/unitree_ros2/install/local_setup.sh'
[123.458s] INFO:colcon.colcon_core.shell:Creating prefix util module '/home/unitree/go2slam/unitree_ros2/install/_local_setup_util_sh.py'
[123.459s] INFO:colcon.colcon_core.shell:Creating prefix chain script '/home/unitree/go2slam/unitree_ros2/install/setup.sh'
[123.462s] INFO:colcon.colcon_core.shell:Creating prefix script '/home/unitree/go2slam/unitree_ros2/install/local_setup.bash'
[123.463s] INFO:colcon.colcon_core.shell:Creating prefix chain script '/home/unitree/go2slam/unitree_ros2/install/setup.bash'
[123.466s] INFO:colcon.colcon_core.shell:Creating prefix script '/home/unitree/go2slam/unitree_ros2/install/local_setup.zsh'
[123.467s] INFO:colcon.colcon_core.shell:Creating prefix chain script '/home/unitree/go2slam/unitree_ros2/install/setup.zsh'
