[ 12%] Built target navigation
[ 25%] Built target front_align_cmd_vel_gate
[ 37%] Built target pcd_initial_pose_publisher
[ 50%] Built target initial_pose_spin_relocalizer
[ 62%] Built target gtest_main
[ 75%] Built target climb_stairs_task
[ 87%] Built target gtest
[100%] Built target test_pcd_initial_pose_utils
-- Install configuration: ""
-- Up-to-date: /home/unitree/go2slam/install/go2_navigation2/share/go2_navigation2/climb_stairs_plugin.xml
-- Up-to-date: /home/unitree/go2slam/install/go2_navigation2/lib/go2_navigation2/navigation
-- Up-to-date: /home/unitree/go2slam/install/go2_navigation2/lib/go2_navigation2/front_align_cmd_vel_gate
-- Up-to-date: /home/unitree/go2slam/install/go2_navigation2/lib/go2_navigation2/pcd_initial_pose_publisher
-- Up-to-date: /home/unitree/go2slam/install/go2_navigation2/lib/go2_navigation2/initial_pose_spin_relocalizer
-- Up-to-date: /home/unitree/go2slam/install/go2_navigation2/lib/go2_navigation2/libclimb_stairs_task.so
-- Up-to-date: /home/unitree/go2slam/install/go2_navigation2/share/go2_navigation2/launch
-- Up-to-date: /home/unitree/go2slam/install/go2_navigation2/share/go2_navigation2/launch/go2_nav2.launch.py
-- Up-to-date: /home/unitree/go2slam/install/go2_navigation2/share/go2_navigation2/launch/__pycache__
-- Up-to-date: /home/unitree/go2slam/install/go2_navigation2/share/go2_navigation2/launch/__pycache__/go2_nav2.launch.cpython-312.pyc
-- Up-to-date: /home/unitree/go2slam/install/go2_navigation2/share/go2_navigation2/config
-- Up-to-date: /home/unitree/go2slam/install/go2_navigation2/share/go2_navigation2/config/stairs_waypoints.yaml
-- Up-to-date: /home/unitree/go2slam/install/go2_navigation2/share/go2_navigation2/config/nav2_params.yaml
-- Up-to-date: /home/unitree/go2slam/install/go2_navigation2/share/go2_navigation2/rviz
-- Up-to-date: /home/unitree/go2slam/install/go2_navigation2/share/go2_navigation2/rviz/nav2_map_view.rviz
-- Up-to-date: /home/unitree/go2slam/install/go2_navigation2/share/ament_index/resource_index/package_run_dependencies/go2_navigation2
-- Up-to-date: /home/unitree/go2slam/install/go2_navigation2/share/ament_index/resource_index/parent_prefix_path/go2_navigation2
-- Up-to-date: /home/unitree/go2slam/install/go2_navigation2/share/go2_navigation2/environment/ament_prefix_path.sh
-- Up-to-date: /home/unitree/go2slam/install/go2_navigation2/share/go2_navigation2/environment/ament_prefix_path.dsv
-- Up-to-date: /home/unitree/go2slam/install/go2_navigation2/share/go2_navigation2/environment/path.sh
-- Up-to-date: /home/unitree/go2slam/install/go2_navigation2/share/go2_navigation2/environment/path.dsv
-- Up-to-date: /home/unitree/go2slam/install/go2_navigation2/share/go2_navigation2/local_setup.bash
-- Up-to-date: /home/unitree/go2slam/install/go2_navigation2/share/go2_navigation2/local_setup.sh
-- Up-to-date: /home/unitree/go2slam/install/go2_navigation2/share/go2_navigation2/local_setup.zsh
-- Up-to-date: /home/unitree/go2slam/install/go2_navigation2/share/go2_navigation2/local_setup.dsv
-- Installing: /home/unitree/go2slam/install/go2_navigation2/share/go2_navigation2/package.dsv
-- Up-to-date: /home/unitree/go2slam/install/go2_navigation2/share/ament_index/resource_index/packages/go2_navigation2
-- Up-to-date: /home/unitree/go2slam/install/go2_navigation2/share/ament_index/resource_index/nav2_core__pluginlib__plugin/go2_navigation2
-- Up-to-date: /home/unitree/go2slam/install/go2_navigation2/share/go2_navigation2/cmake/go2_navigation2Config.cmake
-- Up-to-date: /home/unitree/go2slam/install/go2_navigation2/share/go2_navigation2/cmake/go2_navigation2Config-version.cmake
-- Up-to-date: /home/unitree/go2slam/install/go2_navigation2/share/go2_navigation2/package.xml
