[0.044s] Invoking command in '/home/unitree/go2slam/build/go2_navigation2': AMENT_PREFIX_PATH=/home/unitree/go2slam/install/go2_core:/home/unitree/go2slam/install/go2_driver:/home/unitree/go2slam/install/go2_twist_bridge:/home/unitree/go2slam/install/unitree_go:/home/unitree/go2slam/install/unitree_api:/home/unitree/go2slam/install/go2_slam:/home/unitree/go2slam/install/go2_perception:/home/unitree/go2slam/install/go2_description:${AMENT_PREFIX_PATH} CMAKE_PREFIX_PATH=/home/unitree/go2slam/install/go2_core:/home/unitree/go2slam/install/go2_driver:/home/unitree/go2slam/install/go2_twist_bridge:/home/unitree/go2slam/install/unitree_go:/home/unitree/go2slam/install/unitree_api:/home/unitree/go2slam/install/go2_slam:/home/unitree/go2slam/install/go2_perception:/home/unitree/go2slam/install/go2_description:/opt/ros/jazzy/opt/gz_sim_vendor:/opt/ros/jazzy/opt/gz_sensors_vendor:/opt/ros/jazzy/opt/gz_physics_vendor:/opt/ros/jazzy/opt/sdformat_vendor:/opt/ros/jazzy/opt/gz_gui_vendor:/opt/ros/jazzy/opt/gz_transport_vendor:/opt/ros/jazzy/opt/gz_rendering_vendor:/opt/ros/jazzy/opt/gz_plugin_vendor:/opt/ros/jazzy/opt/gz_fuel_tools_vendor:/opt/ros/jazzy/opt/gz_msgs_vendor:/opt/ros/jazzy/opt/gz_common_vendor:/opt/ros/jazzy/opt/gz_math_vendor:/opt/ros/jazzy/opt/gz_utils_vendor:/opt/ros/jazzy/opt/gz_tools_vendor:/opt/ros/jazzy/opt/gz_ogre_next_vendor:/opt/ros/jazzy/opt/gz_dartsim_vendor:/opt/ros/jazzy/opt/gz_cmake_vendor:/opt/ros/jazzy LD_LIBRARY_PATH=/home/unitree/go2slam/install/unitree_go/lib:/home/unitree/go2slam/install/unitree_api/lib:/home/unitree/go2slam/install/go2_perception/lib:${LD_LIBRARY_PATH} PYTHONPATH=/home/unitree/go2slam/install/unitree_go/lib/python3.12/site-packages:/home/unitree/go2slam/install/unitree_api/lib/python3.12/site-packages:${PYTHONPATH} /usr/bin/cmake --build /home/unitree/go2slam/build/go2_navigation2 -- -j6 -l6
[0.262s] [ 12%] Built target navigation
[0.266s] [ 25%] Built target front_align_cmd_vel_gate
[0.276s] [ 37%] Built target pcd_initial_pose_publisher
[0.276s] [ 50%] Built target initial_pose_spin_relocalizer
[0.295s] [ 62%] Built target gtest_main
[0.295s] [ 75%] Built target climb_stairs_task
[0.328s] [ 87%] Built target gtest
[0.406s] [100%] Built target test_pcd_initial_pose_utils
[0.434s] Invoked command in '/home/unitree/go2slam/build/go2_navigation2' returned '0': AMENT_PREFIX_PATH=/home/unitree/go2slam/install/go2_core:/home/unitree/go2slam/install/go2_driver:/home/unitree/go2slam/install/go2_twist_bridge:/home/unitree/go2slam/install/unitree_go:/home/unitree/go2slam/install/unitree_api:/home/unitree/go2slam/install/go2_slam:/home/unitree/go2slam/install/go2_perception:/home/unitree/go2slam/install/go2_description:${AMENT_PREFIX_PATH} CMAKE_PREFIX_PATH=/home/unitree/go2slam/install/go2_core:/home/unitree/go2slam/install/go2_driver:/home/unitree/go2slam/install/go2_twist_bridge:/home/unitree/go2slam/install/unitree_go:/home/unitree/go2slam/install/unitree_api:/home/unitree/go2slam/install/go2_slam:/home/unitree/go2slam/install/go2_perception:/home/unitree/go2slam/install/go2_description:/opt/ros/jazzy/opt/gz_sim_vendor:/opt/ros/jazzy/opt/gz_sensors_vendor:/opt/ros/jazzy/opt/gz_physics_vendor:/opt/ros/jazzy/opt/sdformat_vendor:/opt/ros/jazzy/opt/gz_gui_vendor:/opt/ros/jazzy/opt/gz_transport_vendor:/opt/ros/jazzy/opt/gz_rendering_vendor:/opt/ros/jazzy/opt/gz_plugin_vendor:/opt/ros/jazzy/opt/gz_fuel_tools_vendor:/opt/ros/jazzy/opt/gz_msgs_vendor:/opt/ros/jazzy/opt/gz_common_vendor:/opt/ros/jazzy/opt/gz_math_vendor:/opt/ros/jazzy/opt/gz_utils_vendor:/opt/ros/jazzy/opt/gz_tools_vendor:/opt/ros/jazzy/opt/gz_ogre_next_vendor:/opt/ros/jazzy/opt/gz_dartsim_vendor:/opt/ros/jazzy/opt/gz_cmake_vendor:/opt/ros/jazzy LD_LIBRARY_PATH=/home/unitree/go2slam/install/unitree_go/lib:/home/unitree/go2slam/install/unitree_api/lib:/home/unitree/go2slam/install/go2_perception/lib:${LD_LIBRARY_PATH} PYTHONPATH=/home/unitree/go2slam/install/unitree_go/lib/python3.12/site-packages:/home/unitree/go2slam/install/unitree_api/lib/python3.12/site-packages:${PYTHONPATH} /usr/bin/cmake --build /home/unitree/go2slam/build/go2_navigation2 -- -j6 -l6
[0.437s] Invoking command in '/home/unitree/go2slam/build/go2_navigation2': AMENT_PREFIX_PATH=/home/unitree/go2slam/install/go2_core:/home/unitree/go2slam/install/go2_driver:/home/unitree/go2slam/install/go2_twist_bridge:/home/unitree/go2slam/install/unitree_go:/home/unitree/go2slam/install/unitree_api:/home/unitree/go2slam/install/go2_slam:/home/unitree/go2slam/install/go2_perception:/home/unitree/go2slam/install/go2_description:${AMENT_PREFIX_PATH} CMAKE_PREFIX_PATH=/home/unitree/go2slam/install/go2_core:/home/unitree/go2slam/install/go2_driver:/home/unitree/go2slam/install/go2_twist_bridge:/home/unitree/go2slam/install/unitree_go:/home/unitree/go2slam/install/unitree_api:/home/unitree/go2slam/install/go2_slam:/home/unitree/go2slam/install/go2_perception:/home/unitree/go2slam/install/go2_description:/opt/ros/jazzy/opt/gz_sim_vendor:/opt/ros/jazzy/opt/gz_sensors_vendor:/opt/ros/jazzy/opt/gz_physics_vendor:/opt/ros/jazzy/opt/sdformat_vendor:/opt/ros/jazzy/opt/gz_gui_vendor:/opt/ros/jazzy/opt/gz_transport_vendor:/opt/ros/jazzy/opt/gz_rendering_vendor:/opt/ros/jazzy/opt/gz_plugin_vendor:/opt/ros/jazzy/opt/gz_fuel_tools_vendor:/opt/ros/jazzy/opt/gz_msgs_vendor:/opt/ros/jazzy/opt/gz_common_vendor:/opt/ros/jazzy/opt/gz_math_vendor:/opt/ros/jazzy/opt/gz_utils_vendor:/opt/ros/jazzy/opt/gz_tools_vendor:/opt/ros/jazzy/opt/gz_ogre_next_vendor:/opt/ros/jazzy/opt/gz_dartsim_vendor:/opt/ros/jazzy/opt/gz_cmake_vendor:/opt/ros/jazzy LD_LIBRARY_PATH=/home/unitree/go2slam/install/unitree_go/lib:/home/unitree/go2slam/install/unitree_api/lib:/home/unitree/go2slam/install/go2_perception/lib:${LD_LIBRARY_PATH} PYTHONPATH=/home/unitree/go2slam/install/unitree_go/lib/python3.12/site-packages:/home/unitree/go2slam/install/unitree_api/lib/python3.12/site-packages:${PYTHONPATH} /usr/bin/cmake --install /home/unitree/go2slam/build/go2_navigation2
[0.460s] -- Install configuration: ""
[0.461s] -- Up-to-date: /home/unitree/go2slam/install/go2_navigation2/share/go2_navigation2/climb_stairs_plugin.xml
[0.461s] -- Up-to-date: /home/unitree/go2slam/install/go2_navigation2/lib/go2_navigation2/navigation
[0.461s] -- Up-to-date: /home/unitree/go2slam/install/go2_navigation2/lib/go2_navigation2/front_align_cmd_vel_gate
[0.461s] -- Up-to-date: /home/unitree/go2slam/install/go2_navigation2/lib/go2_navigation2/pcd_initial_pose_publisher
[0.462s] -- Up-to-date: /home/unitree/go2slam/install/go2_navigation2/lib/go2_navigation2/initial_pose_spin_relocalizer
[0.462s] -- Up-to-date: /home/unitree/go2slam/install/go2_navigation2/lib/go2_navigation2/libclimb_stairs_task.so
[0.462s] -- Up-to-date: /home/unitree/go2slam/install/go2_navigation2/share/go2_navigation2/launch
[0.462s] -- Up-to-date: /home/unitree/go2slam/install/go2_navigation2/share/go2_navigation2/launch/go2_nav2.launch.py
[0.463s] -- Up-to-date: /home/unitree/go2slam/install/go2_navigation2/share/go2_navigation2/launch/__pycache__
[0.463s] -- Up-to-date: /home/unitree/go2slam/install/go2_navigation2/share/go2_navigation2/launch/__pycache__/go2_nav2.launch.cpython-312.pyc
[0.463s] -- Up-to-date: /home/unitree/go2slam/install/go2_navigation2/share/go2_navigation2/config
[0.463s] -- Up-to-date: /home/unitree/go2slam/install/go2_navigation2/share/go2_navigation2/config/stairs_waypoints.yaml
[0.463s] -- Up-to-date: /home/unitree/go2slam/install/go2_navigation2/share/go2_navigation2/config/nav2_params.yaml
[0.463s] -- Up-to-date: /home/unitree/go2slam/install/go2_navigation2/share/go2_navigation2/rviz
[0.464s] -- Up-to-date: /home/unitree/go2slam/install/go2_navigation2/share/go2_navigation2/rviz/nav2_map_view.rviz
[0.464s] -- Up-to-date: /home/unitree/go2slam/install/go2_navigation2/share/ament_index/resource_index/package_run_dependencies/go2_navigation2
[0.464s] -- Up-to-date: /home/unitree/go2slam/install/go2_navigation2/share/ament_index/resource_index/parent_prefix_path/go2_navigation2
[0.464s] -- Up-to-date: /home/unitree/go2slam/install/go2_navigation2/share/go2_navigation2/environment/ament_prefix_path.sh
[0.464s] -- Up-to-date: /home/unitree/go2slam/install/go2_navigation2/share/go2_navigation2/environment/ament_prefix_path.dsv
[0.464s] -- Up-to-date: /home/unitree/go2slam/install/go2_navigation2/share/go2_navigation2/environment/path.sh
[0.465s] -- Up-to-date: /home/unitree/go2slam/install/go2_navigation2/share/go2_navigation2/environment/path.dsv
[0.465s] -- Up-to-date: /home/unitree/go2slam/install/go2_navigation2/share/go2_navigation2/local_setup.bash
[0.465s] -- Up-to-date: /home/unitree/go2slam/install/go2_navigation2/share/go2_navigation2/local_setup.sh
[0.465s] -- Up-to-date: /home/unitree/go2slam/install/go2_navigation2/share/go2_navigation2/local_setup.zsh
[0.465s] -- Up-to-date: /home/unitree/go2slam/install/go2_navigation2/share/go2_navigation2/local_setup.dsv
[0.465s] -- Installing: /home/unitree/go2slam/install/go2_navigation2/share/go2_navigation2/package.dsv
[0.467s] -- Up-to-date: /home/unitree/go2slam/install/go2_navigation2/share/ament_index/resource_index/packages/go2_navigation2
[0.468s] -- Up-to-date: /home/unitree/go2slam/install/go2_navigation2/share/ament_index/resource_index/nav2_core__pluginlib__plugin/go2_navigation2
[0.468s] -- Up-to-date: /home/unitree/go2slam/install/go2_navigation2/share/go2_navigation2/cmake/go2_navigation2Config.cmake
[0.468s] -- Up-to-date: /home/unitree/go2slam/install/go2_navigation2/share/go2_navigation2/cmake/go2_navigation2Config-version.cmake
[0.468s] -- Up-to-date: /home/unitree/go2slam/install/go2_navigation2/share/go2_navigation2/package.xml
[0.468s] Invoked command in '/home/unitree/go2slam/build/go2_navigation2' returned '0': AMENT_PREFIX_PATH=/home/unitree/go2slam/install/go2_core:/home/unitree/go2slam/install/go2_driver:/home/unitree/go2slam/install/go2_twist_bridge:/home/unitree/go2slam/install/unitree_go:/home/unitree/go2slam/install/unitree_api:/home/unitree/go2slam/install/go2_slam:/home/unitree/go2slam/install/go2_perception:/home/unitree/go2slam/install/go2_description:${AMENT_PREFIX_PATH} CMAKE_PREFIX_PATH=/home/unitree/go2slam/install/go2_core:/home/unitree/go2slam/install/go2_driver:/home/unitree/go2slam/install/go2_twist_bridge:/home/unitree/go2slam/install/unitree_go:/home/unitree/go2slam/install/unitree_api:/home/unitree/go2slam/install/go2_slam:/home/unitree/go2slam/install/go2_perception:/home/unitree/go2slam/install/go2_description:/opt/ros/jazzy/opt/gz_sim_vendor:/opt/ros/jazzy/opt/gz_sensors_vendor:/opt/ros/jazzy/opt/gz_physics_vendor:/opt/ros/jazzy/opt/sdformat_vendor:/opt/ros/jazzy/opt/gz_gui_vendor:/opt/ros/jazzy/opt/gz_transport_vendor:/opt/ros/jazzy/opt/gz_rendering_vendor:/opt/ros/jazzy/opt/gz_plugin_vendor:/opt/ros/jazzy/opt/gz_fuel_tools_vendor:/opt/ros/jazzy/opt/gz_msgs_vendor:/opt/ros/jazzy/opt/gz_common_vendor:/opt/ros/jazzy/opt/gz_math_vendor:/opt/ros/jazzy/opt/gz_utils_vendor:/opt/ros/jazzy/opt/gz_tools_vendor:/opt/ros/jazzy/opt/gz_ogre_next_vendor:/opt/ros/jazzy/opt/gz_dartsim_vendor:/opt/ros/jazzy/opt/gz_cmake_vendor:/opt/ros/jazzy LD_LIBRARY_PATH=/home/unitree/go2slam/install/unitree_go/lib:/home/unitree/go2slam/install/unitree_api/lib:/home/unitree/go2slam/install/go2_perception/lib:${LD_LIBRARY_PATH} PYTHONPATH=/home/unitree/go2slam/install/unitree_go/lib/python3.12/site-packages:/home/unitree/go2slam/install/unitree_api/lib/python3.12/site-packages:${PYTHONPATH} /usr/bin/cmake --install /home/unitree/go2slam/build/go2_navigation2
