[  1%] Built target unitree_hg__rosidl_generator_type_description
[  2%] Built target unitree_hg__dds_connext_idl
[  2%] Built target ament_cmake_python_copy_unitree_hg
[  3%] Built target unitree_hg__rs
[  3%] Built target unitree_hg__cpp
[ 28%] Built target unitree_hg__rosidl_generator_c
[ 38%] Built target unitree_hg__rosidl_typesupport_introspection_c
[ 47%] Built target unitree_hg__rosidl_typesupport_fastrtps_cpp
[ 57%] Built target unitree_hg__rosidl_typesupport_c
[ 66%] Built target unitree_hg__rosidl_typesupport_introspection_cpp
[ 76%] Built target unitree_hg__rosidl_typesupport_fastrtps_c
[ 85%] Built target unitree_hg__rosidl_typesupport_cpp
[ 85%] Built target unitree_hg
running egg_info
[ 86%] Built target unitree_hg__py
writing unitree_hg.egg-info/PKG-INFO
writing dependency_links to unitree_hg.egg-info/dependency_links.txt
writing top-level names to unitree_hg.egg-info/top_level.txt
[ 95%] Built target unitree_hg__rosidl_generator_py
[ 96%] Built target unitree_hg_s__rosidl_typesupport_fastrtps_c
reading manifest file 'unitree_hg.egg-info/SOURCES.txt'
writing manifest file 'unitree_hg.egg-info/SOURCES.txt'
[ 98%] Built target unitree_hg_s__rosidl_typesupport_c
[100%] Built target unitree_hg_s__rosidl_typesupport_introspection_c
[100%] Built target ament_cmake_python_build_unitree_hg_egg
-- Install configuration: ""
-- Installing: /home/unitree/go2slam/install/unitree_hg/share/ament_index/resource_index/rosidl_interfaces/unitree_hg
-- Installing: /home/unitree/go2slam/install/unitree_hg/share/unitree_hg/msg/BmsCmd.json
-- Installing: /home/unitree/go2slam/install/unitree_hg/share/unitree_hg/msg/BmsState.json
-- Installing: /home/unitree/go2slam/install/unitree_hg/share/unitree_hg/msg/HandCmd.json
-- Installing: /home/unitree/go2slam/install/unitree_hg/share/unitree_hg/msg/HandState.json
-- Installing: /home/unitree/go2slam/install/unitree_hg/share/unitree_hg/msg/IMUState.json
-- Installing: /home/unitree/go2slam/install/unitree_hg/share/unitree_hg/msg/LowCmd.json
-- Installing: /home/unitree/go2slam/install/unitree_hg/share/unitree_hg/msg/LowState.json
-- Installing: /home/unitree/go2slam/install/unitree_hg/share/unitree_hg/msg/MainBoardState.json
-- Installing: /home/unitree/go2slam/install/unitree_hg/share/unitree_hg/msg/MotorCmd.json
-- Installing: /home/unitree/go2slam/install/unitree_hg/share/unitree_hg/msg/MotorState.json
-- Installing: /home/unitree/go2slam/install/unitree_hg/share/unitree_hg/msg/PressSensorState.json
-- Installing: /home/unitree/go2slam/install/unitree_hg/include/unitree_hg/unitree_hg
-- Installing: /home/unitree/go2slam/install/unitree_hg/include/unitree_hg/unitree_hg/msg
-- Installing: /home/unitree/go2slam/install/unitree_hg/include/unitree_hg/unitree_hg/msg/hand_state.h
-- Installing: /home/unitree/go2slam/install/unitree_hg/include/unitree_hg/unitree_hg/msg/low_cmd.h
-- Installing: /home/unitree/go2slam/install/unitree_hg/include/unitree_hg/unitree_hg/msg/bms_state.h
-- Installing: /home/unitree/go2slam/install/unitree_hg/include/unitree_hg/unitree_hg/msg/rosidl_generator_c__visibility_control.h
-- Installing: /home/unitree/go2slam/install/unitree_hg/include/unitree_hg/unitree_hg/msg/motor_cmd.h
-- Installing: /home/unitree/go2slam/install/unitree_hg/include/unitree_hg/unitree_hg/msg/press_sensor_state.h
-- Installing: /home/unitree/go2slam/install/unitree_hg/include/unitree_hg/unitree_hg/msg/detail
-- Installing: /home/unitree/go2slam/install/unitree_hg/include/unitree_hg/unitree_hg/msg/detail/motor_cmd__functions.c
-- Installing: /home/unitree/go2slam/install/unitree_hg/include/unitree_hg/unitree_hg/msg/detail/imu_state__functions.c
-- Installing: /home/unitree/go2slam/install/unitree_hg/include/unitree_hg/unitree_hg/msg/detail/hand_state__type_support.c
-- Installing: /home/unitree/go2slam/install/unitree_hg/include/unitree_hg/unitree_hg/msg/detail/bms_cmd__type_support.c
-- Installing: /home/unitree/go2slam/install/unitree_hg/include/unitree_hg/unitree_hg/msg/detail/bms_cmd__struct.h
-- Installing: /home/unitree/go2slam/install/unitree_hg/include/unitree_hg/unitree_hg/msg/detail/main_board_state__functions.c
-- Installing: /home/unitree/go2slam/install/unitree_hg/include/unitree_hg/unitree_hg/msg/detail/imu_state__description.c
-- Installing: /home/unitree/go2slam/install/unitree_hg/include/unitree_hg/unitree_hg/msg/detail/hand_state__functions.h
-- Installing: /home/unitree/go2slam/install/unitree_hg/include/unitree_hg/unitree_hg/msg/detail/low_state__type_support.c
-- Installing: /home/unitree/go2slam/install/unitree_hg/include/unitree_hg/unitree_hg/msg/detail/hand_state__type_support.h
-- Installing: /home/unitree/go2slam/install/unitree_hg/include/unitree_hg/unitree_hg/msg/detail/imu_state__type_support.c
-- Installing: /home/unitree/go2slam/install/unitree_hg/include/unitree_hg/unitree_hg/msg/detail/low_state__struct.h
-- Installing: /home/unitree/go2slam/install/unitree_hg/include/unitree_hg/unitree_hg/msg/detail/low_state__type_support.h
-- Installing: /home/unitree/go2slam/install/unitree_hg/include/unitree_hg/unitree_hg/msg/detail/low_state__description.c
-- Installing: /home/unitree/go2slam/install/unitree_hg/include/unitree_hg/unitree_hg/msg/detail/press_sensor_state__struct.h
-- Installing: /home/unitree/go2slam/install/unitree_hg/include/unitree_hg/unitree_hg/msg/detail/hand_state__description.c
-- Installing: /home/unitree/go2slam/install/unitree_hg/include/unitree_hg/unitree_hg/msg/detail/hand_state__struct.h
-- Installing: /home/unitree/go2slam/install/unitree_hg/include/unitree_hg/unitree_hg/msg/detail/motor_state__description.c
-- Installing: /home/unitree/go2slam/install/unitree_hg/include/unitree_hg/unitree_hg/msg/detail/main_board_state__description.c
-- Installing: /home/unitree/go2slam/install/unitree_hg/include/unitree_hg/unitree_hg/msg/detail/low_cmd__description.c
-- Installing: /home/unitree/go2slam/install/unitree_hg/include/unitree_hg/unitree_hg/msg/detail/low_cmd__type_support.c
-- Installing: /home/unitree/go2slam/install/unitree_hg/include/unitree_hg/unitree_hg/msg/detail/hand_cmd__functions.h
-- Installing: /home/unitree/go2slam/install/unitree_hg/include/unitree_hg/unitree_hg/msg/detail/motor_state__struct.h
-- Installing: /home/unitree/go2slam/install/unitree_hg/include/unitree_hg/unitree_hg/msg/detail/low_cmd__type_support.h
-- Installing: /home/unitree/go2slam/install/unitree_hg/include/unitree_hg/unitree_hg/msg/detail/main_board_state__type_support.h
-- Installing: /home/unitree/go2slam/install/unitree_hg/include/unitree_hg/unitree_hg/msg/detail/bms_cmd__type_support.h
-- Installing: /home/unitree/go2slam/install/unitree_hg/include/unitree_hg/unitree_hg/msg/detail/motor_cmd__type_support.h
-- Installing: /home/unitree/go2slam/install/unitree_hg/include/unitree_hg/unitree_hg/msg/detail/press_sensor_state__functions.h
-- Installing: /home/unitree/go2slam/install/unitree_hg/include/unitree_hg/unitree_hg/msg/detail/press_sensor_state__functions.c
-- Installing: /home/unitree/go2slam/install/unitree_hg/include/unitree_hg/unitree_hg/msg/detail/motor_cmd__description.c
-- Installing: /home/unitree/go2slam/install/unitree_hg/include/unitree_hg/unitree_hg/msg/detail/bms_cmd__functions.h
-- Installing: /home/unitree/go2slam/install/unitree_hg/include/unitree_hg/unitree_hg/msg/detail/press_sensor_state__description.c
-- Installing: /home/unitree/go2slam/install/unitree_hg/include/unitree_hg/unitree_hg/msg/detail/bms_state__functions.c
-- Installing: /home/unitree/go2slam/install/unitree_hg/include/unitree_hg/unitree_hg/msg/detail/motor_state__functions.h
-- Installing: /home/unitree/go2slam/install/unitree_hg/include/unitree_hg/unitree_hg/msg/detail/low_state__functions.c
-- Installing: /home/unitree/go2slam/install/unitree_hg/include/unitree_hg/unitree_hg/msg/detail/bms_state__description.c
-- Installing: /home/unitree/go2slam/install/unitree_hg/include/unitree_hg/unitree_hg/msg/detail/imu_state__type_support.h
-- Installing: /home/unitree/go2slam/install/unitree_hg/include/unitree_hg/unitree_hg/msg/detail/main_board_state__type_support.c
-- Installing: /home/unitree/go2slam/install/unitree_hg/include/unitree_hg/unitree_hg/msg/detail/low_cmd__functions.h
-- Installing: /home/unitree/go2slam/install/unitree_hg/include/unitree_hg/unitree_hg/msg/detail/motor_cmd__functions.h
-- Installing: /home/unitree/go2slam/install/unitree_hg/include/unitree_hg/unitree_hg/msg/detail/main_board_state__struct.h
-- Installing: /home/unitree/go2slam/install/unitree_hg/include/unitree_hg/unitree_hg/msg/detail/motor_state__type_support.c
-- Installing: /home/unitree/go2slam/install/unitree_hg/include/unitree_hg/unitree_hg/msg/detail/bms_state__struct.h
-- Installing: /home/unitree/go2slam/install/unitree_hg/include/unitree_hg/unitree_hg/msg/detail/hand_cmd__type_support.h
-- Installing: /home/unitree/go2slam/install/unitree_hg/include/unitree_hg/unitree_hg/msg/detail/press_sensor_state__type_support.h
-- Installing: /home/unitree/go2slam/install/unitree_hg/include/unitree_hg/unitree_hg/msg/detail/bms_state__type_support.h
-- Installing: /home/unitree/go2slam/install/unitree_hg/include/unitree_hg/unitree_hg/msg/detail/bms_cmd__description.c
-- Installing: /home/unitree/go2slam/install/unitree_hg/include/unitree_hg/unitree_hg/msg/detail/press_sensor_state__type_support.c
-- Installing: /home/unitree/go2slam/install/unitree_hg/include/unitree_hg/unitree_hg/msg/detail/motor_cmd__type_support.c
-- Installing: /home/unitree/go2slam/install/unitree_hg/include/unitree_hg/unitree_hg/msg/detail/bms_state__functions.h
-- Installing: /home/unitree/go2slam/install/unitree_hg/include/unitree_hg/unitree_hg/msg/detail/main_board_state__functions.h
-- Installing: /home/unitree/go2slam/install/unitree_hg/include/unitree_hg/unitree_hg/msg/detail/bms_state__type_support.c
-- Installing: /home/unitree/go2slam/install/unitree_hg/include/unitree_hg/unitree_hg/msg/detail/hand_cmd__functions.c
-- Installing: /home/unitree/go2slam/install/unitree_hg/include/unitree_hg/unitree_hg/msg/detail/hand_cmd__description.c
-- Installing: /home/unitree/go2slam/install/unitree_hg/include/unitree_hg/unitree_hg/msg/detail/low_cmd__struct.h
-- Installing: /home/unitree/go2slam/install/unitree_hg/include/unitree_hg/unitree_hg/msg/detail/imu_state__functions.h
-- Installing: /home/unitree/go2slam/install/unitree_hg/include/unitree_hg/unitree_hg/msg/detail/bms_cmd__functions.c
-- Installing: /home/unitree/go2slam/install/unitree_hg/include/unitree_hg/unitree_hg/msg/detail/low_cmd__functions.c
-- Installing: /home/unitree/go2slam/install/unitree_hg/include/unitree_hg/unitree_hg/msg/detail/imu_state__struct.h
-- Installing: /home/unitree/go2slam/install/unitree_hg/include/unitree_hg/unitree_hg/msg/detail/motor_state__functions.c
-- Installing: /home/unitree/go2slam/install/unitree_hg/include/unitree_hg/unitree_hg/msg/detail/low_state__functions.h
-- Installing: /home/unitree/go2slam/install/unitree_hg/include/unitree_hg/unitree_hg/msg/detail/hand_cmd__struct.h
-- Installing: /home/unitree/go2slam/install/unitree_hg/include/unitree_hg/unitree_hg/msg/detail/motor_state__type_support.h
-- Installing: /home/unitree/go2slam/install/unitree_hg/include/unitree_hg/unitree_hg/msg/detail/motor_cmd__struct.h
-- Installing: /home/unitree/go2slam/install/unitree_hg/include/unitree_hg/unitree_hg/msg/detail/hand_state__functions.c
-- Installing: /home/unitree/go2slam/install/unitree_hg/include/unitree_hg/unitree_hg/msg/detail/hand_cmd__type_support.c
-- Installing: /home/unitree/go2slam/install/unitree_hg/include/unitree_hg/unitree_hg/msg/main_board_state.h
-- Installing: /home/unitree/go2slam/install/unitree_hg/include/unitree_hg/unitree_hg/msg/low_state.h
-- Installing: /home/unitree/go2slam/install/unitree_hg/include/unitree_hg/unitree_hg/msg/bms_cmd.h
-- Installing: /home/unitree/go2slam/install/unitree_hg/include/unitree_hg/unitree_hg/msg/imu_state.h
-- Installing: /home/unitree/go2slam/install/unitree_hg/include/unitree_hg/unitree_hg/msg/motor_state.h
-- Installing: /home/unitree/go2slam/install/unitree_hg/include/unitree_hg/unitree_hg/msg/hand_cmd.h
-- Installing: /home/unitree/go2slam/install/unitree_hg/share/unitree_hg/environment/library_path.sh
-- Installing: /home/unitree/go2slam/install/unitree_hg/share/unitree_hg/environment/library_path.dsv
-- Installing: /home/unitree/go2slam/install/unitree_hg/lib/libunitree_hg__rosidl_generator_c.so
-- Set non-toolchain portion of runtime path of "/home/unitree/go2slam/install/unitree_hg/lib/libunitree_hg__rosidl_generator_c.so" to ""
-- Up-to-date: /home/unitree/go2slam/install/unitree_hg/include/unitree_hg/unitree_hg
-- Up-to-date: /home/unitree/go2slam/install/unitree_hg/include/unitree_hg/unitree_hg/msg
-- Installing: /home/unitree/go2slam/install/unitree_hg/include/unitree_hg/unitree_hg/msg/rosidl_typesupport_fastrtps_c__visibility_control.h
-- Up-to-date: /home/unitree/go2slam/install/unitree_hg/include/unitree_hg/unitree_hg/msg/detail
-- Installing: /home/unitree/go2slam/install/unitree_hg/include/unitree_hg/unitree_hg/msg/detail/hand_cmd__rosidl_typesupport_fastrtps_c.h
-- Installing: /home/unitree/go2slam/install/unitree_hg/include/unitree_hg/unitree_hg/msg/detail/imu_state__rosidl_typesupport_fastrtps_c.h
-- Installing: /home/unitree/go2slam/install/unitree_hg/include/unitree_hg/unitree_hg/msg/detail/press_sensor_state__rosidl_typesupport_fastrtps_c.h
-- Installing: /home/unitree/go2slam/install/unitree_hg/include/unitree_hg/unitree_hg/msg/detail/main_board_state__rosidl_typesupport_fastrtps_c.h
-- Installing: /home/unitree/go2slam/install/unitree_hg/include/unitree_hg/unitree_hg/msg/detail/low_cmd__rosidl_typesupport_fastrtps_c.h
-- Installing: /home/unitree/go2slam/install/unitree_hg/include/unitree_hg/unitree_hg/msg/detail/bms_state__rosidl_typesupport_fastrtps_c.h
-- Installing: /home/unitree/go2slam/install/unitree_hg/include/unitree_hg/unitree_hg/msg/detail/motor_cmd__rosidl_typesupport_fastrtps_c.h
-- Installing: /home/unitree/go2slam/install/unitree_hg/include/unitree_hg/unitree_hg/msg/detail/hand_state__rosidl_typesupport_fastrtps_c.h
-- Installing: /home/unitree/go2slam/install/unitree_hg/include/unitree_hg/unitree_hg/msg/detail/low_state__rosidl_typesupport_fastrtps_c.h
-- Installing: /home/unitree/go2slam/install/unitree_hg/include/unitree_hg/unitree_hg/msg/detail/motor_state__rosidl_typesupport_fastrtps_c.h
-- Installing: /home/unitree/go2slam/install/unitree_hg/include/unitree_hg/unitree_hg/msg/detail/bms_cmd__rosidl_typesupport_fastrtps_c.h
-- Installing: /home/unitree/go2slam/install/unitree_hg/lib/libunitree_hg__rosidl_typesupport_fastrtps_c.so
-- Set non-toolchain portion of runtime path of "/home/unitree/go2slam/install/unitree_hg/lib/libunitree_hg__rosidl_typesupport_fastrtps_c.so" to ""
-- Up-to-date: /home/unitree/go2slam/install/unitree_hg/include/unitree_hg/unitree_hg
-- Up-to-date: /home/unitree/go2slam/install/unitree_hg/include/unitree_hg/unitree_hg/msg
-- Installing: /home/unitree/go2slam/install/unitree_hg/include/unitree_hg/unitree_hg/msg/hand_state.hpp
-- Installing: /home/unitree/go2slam/install/unitree_hg/include/unitree_hg/unitree_hg/msg/press_sensor_state.hpp
-- Installing: /home/unitree/go2slam/install/unitree_hg/include/unitree_hg/unitree_hg/msg/motor_cmd.hpp
-- Installing: /home/unitree/go2slam/install/unitree_hg/include/unitree_hg/unitree_hg/msg/motor_state.hpp
-- Installing: /home/unitree/go2slam/install/unitree_hg/include/unitree_hg/unitree_hg/msg/bms_cmd.hpp
-- Installing: /home/unitree/go2slam/install/unitree_hg/include/unitree_hg/unitree_hg/msg/low_cmd.hpp
-- Installing: /home/unitree/go2slam/install/unitree_hg/include/unitree_hg/unitree_hg/msg/imu_state.hpp
-- Up-to-date: /home/unitree/go2slam/install/unitree_hg/include/unitree_hg/unitree_hg/msg/detail
-- Installing: /home/unitree/go2slam/install/unitree_hg/include/unitree_hg/unitree_hg/msg/detail/motor_cmd__traits.hpp
-- Installing: /home/unitree/go2slam/install/unitree_hg/include/unitree_hg/unitree_hg/msg/detail/main_board_state__struct.hpp
-- Installing: /home/unitree/go2slam/install/unitree_hg/include/unitree_hg/unitree_hg/msg/detail/hand_cmd__traits.hpp
-- Installing: /home/unitree/go2slam/install/unitree_hg/include/unitree_hg/unitree_hg/msg/detail/low_cmd__type_support.hpp
-- Installing: /home/unitree/go2slam/install/unitree_hg/include/unitree_hg/unitree_hg/msg/detail/press_sensor_state__type_support.hpp
-- Installing: /home/unitree/go2slam/install/unitree_hg/include/unitree_hg/unitree_hg/msg/detail/hand_state__type_support.hpp
-- Installing: /home/unitree/go2slam/install/unitree_hg/include/unitree_hg/unitree_hg/msg/detail/bms_cmd__builder.hpp
-- Installing: /home/unitree/go2slam/install/unitree_hg/include/unitree_hg/unitree_hg/msg/detail/low_state__builder.hpp
-- Installing: /home/unitree/go2slam/install/unitree_hg/include/unitree_hg/unitree_hg/msg/detail/motor_state__struct.hpp
-- Installing: /home/unitree/go2slam/install/unitree_hg/include/unitree_hg/unitree_hg/msg/detail/hand_cmd__struct.hpp
-- Installing: /home/unitree/go2slam/install/unitree_hg/include/unitree_hg/unitree_hg/msg/detail/low_state__struct.hpp
-- Installing: /home/unitree/go2slam/install/unitree_hg/include/unitree_hg/unitree_hg/msg/detail/imu_state__type_support.hpp
-- Installing: /home/unitree/go2slam/install/unitree_hg/include/unitree_hg/unitree_hg/msg/detail/low_cmd__builder.hpp
-- Installing: /home/unitree/go2slam/install/unitree_hg/include/unitree_hg/unitree_hg/msg/detail/motor_cmd__type_support.hpp
-- Installing: /home/unitree/go2slam/install/unitree_hg/include/unitree_hg/unitree_hg/msg/detail/imu_state__struct.hpp
-- Installing: /home/unitree/go2slam/install/unitree_hg/include/unitree_hg/unitree_hg/msg/detail/bms_state__type_support.hpp
-- Installing: /home/unitree/go2slam/install/unitree_hg/include/unitree_hg/unitree_hg/msg/detail/bms_cmd__traits.hpp
-- Installing: /home/unitree/go2slam/install/unitree_hg/include/unitree_hg/unitree_hg/msg/detail/bms_state__builder.hpp
-- Installing: /home/unitree/go2slam/install/unitree_hg/include/unitree_hg/unitree_hg/msg/detail/hand_state__traits.hpp
-- Installing: /home/unitree/go2slam/install/unitree_hg/include/unitree_hg/unitree_hg/msg/detail/main_board_state__type_support.hpp
-- Installing: /home/unitree/go2slam/install/unitree_hg/include/unitree_hg/unitree_hg/msg/detail/low_cmd__struct.hpp
-- Installing: /home/unitree/go2slam/install/unitree_hg/include/unitree_hg/unitree_hg/msg/detail/motor_state__type_support.hpp
-- Installing: /home/unitree/go2slam/install/unitree_hg/include/unitree_hg/unitree_hg/msg/detail/main_board_state__builder.hpp
-- Installing: /home/unitree/go2slam/install/unitree_hg/include/unitree_hg/unitree_hg/msg/detail/motor_cmd__builder.hpp
-- Installing: /home/unitree/go2slam/install/unitree_hg/include/unitree_hg/unitree_hg/msg/detail/motor_cmd__struct.hpp
-- Installing: /home/unitree/go2slam/install/unitree_hg/include/unitree_hg/unitree_hg/msg/detail/bms_state__traits.hpp
-- Installing: /home/unitree/go2slam/install/unitree_hg/include/unitree_hg/unitree_hg/msg/detail/motor_state__builder.hpp
-- Installing: /home/unitree/go2slam/install/unitree_hg/include/unitree_hg/unitree_hg/msg/detail/bms_cmd__type_support.hpp
-- Installing: /home/unitree/go2slam/install/unitree_hg/include/unitree_hg/unitree_hg/msg/detail/main_board_state__traits.hpp
-- Installing: /home/unitree/go2slam/install/unitree_hg/include/unitree_hg/unitree_hg/msg/detail/hand_cmd__type_support.hpp
-- Installing: /home/unitree/go2slam/install/unitree_hg/include/unitree_hg/unitree_hg/msg/detail/low_state__type_support.hpp
-- Installing: /home/unitree/go2slam/install/unitree_hg/include/unitree_hg/unitree_hg/msg/detail/press_sensor_state__builder.hpp
-- Installing: /home/unitree/go2slam/install/unitree_hg/include/unitree_hg/unitree_hg/msg/detail/low_cmd__traits.hpp
-- Installing: /home/unitree/go2slam/install/unitree_hg/include/unitree_hg/unitree_hg/msg/detail/motor_state__traits.hpp
-- Installing: /home/unitree/go2slam/install/unitree_hg/include/unitree_hg/unitree_hg/msg/detail/hand_state__struct.hpp
-- Installing: /home/unitree/go2slam/install/unitree_hg/include/unitree_hg/unitree_hg/msg/detail/hand_cmd__builder.hpp
-- Installing: /home/unitree/go2slam/install/unitree_hg/include/unitree_hg/unitree_hg/msg/detail/imu_state__builder.hpp
-- Installing: /home/unitree/go2slam/install/unitree_hg/include/unitree_hg/unitree_hg/msg/detail/press_sensor_state__traits.hpp
-- Installing: /home/unitree/go2slam/install/unitree_hg/include/unitree_hg/unitree_hg/msg/detail/low_state__traits.hpp
-- Installing: /home/unitree/go2slam/install/unitree_hg/include/unitree_hg/unitree_hg/msg/detail/press_sensor_state__struct.hpp
-- Installing: /home/unitree/go2slam/install/unitree_hg/include/unitree_hg/unitree_hg/msg/detail/bms_state__struct.hpp
-- Installing: /home/unitree/go2slam/install/unitree_hg/include/unitree_hg/unitree_hg/msg/detail/imu_state__traits.hpp
-- Installing: /home/unitree/go2slam/install/unitree_hg/include/unitree_hg/unitree_hg/msg/detail/bms_cmd__struct.hpp
-- Installing: /home/unitree/go2slam/install/unitree_hg/include/unitree_hg/unitree_hg/msg/detail/hand_state__builder.hpp
-- Installing: /home/unitree/go2slam/install/unitree_hg/include/unitree_hg/unitree_hg/msg/hand_cmd.hpp
-- Installing: /home/unitree/go2slam/install/unitree_hg/include/unitree_hg/unitree_hg/msg/bms_state.hpp
-- Installing: /home/unitree/go2slam/install/unitree_hg/include/unitree_hg/unitree_hg/msg/rosidl_generator_cpp__visibility_control.hpp
-- Installing: /home/unitree/go2slam/install/unitree_hg/include/unitree_hg/unitree_hg/msg/low_state.hpp
-- Installing: /home/unitree/go2slam/install/unitree_hg/include/unitree_hg/unitree_hg/msg/main_board_state.hpp
-- Up-to-date: /home/unitree/go2slam/install/unitree_hg/include/unitree_hg/unitree_hg
-- Up-to-date: /home/unitree/go2slam/install/unitree_hg/include/unitree_hg/unitree_hg/msg
-- Installing: /home/unitree/go2slam/install/unitree_hg/include/unitree_hg/unitree_hg/msg/rosidl_typesupport_fastrtps_cpp__visibility_control.h
-- Up-to-date: /home/unitree/go2slam/install/unitree_hg/include/unitree_hg/unitree_hg/msg/detail
-- Installing: /home/unitree/go2slam/install/unitree_hg/include/unitree_hg/unitree_hg/msg/detail/low_state__rosidl_typesupport_fastrtps_cpp.hpp
-- Installing: /home/unitree/go2slam/install/unitree_hg/include/unitree_hg/unitree_hg/msg/detail/bms_cmd__rosidl_typesupport_fastrtps_cpp.hpp
-- Installing: /home/unitree/go2slam/install/unitree_hg/include/unitree_hg/unitree_hg/msg/detail/bms_state__rosidl_typesupport_fastrtps_cpp.hpp
-- Installing: /home/unitree/go2slam/install/unitree_hg/include/unitree_hg/unitree_hg/msg/detail/hand_cmd__rosidl_typesupport_fastrtps_cpp.hpp
-- Installing: /home/unitree/go2slam/install/unitree_hg/include/unitree_hg/unitree_hg/msg/detail/dds_fastrtps
-- Installing: /home/unitree/go2slam/install/unitree_hg/include/unitree_hg/unitree_hg/msg/detail/motor_state__rosidl_typesupport_fastrtps_cpp.hpp
-- Installing: /home/unitree/go2slam/install/unitree_hg/include/unitree_hg/unitree_hg/msg/detail/motor_cmd__rosidl_typesupport_fastrtps_cpp.hpp
-- Installing: /home/unitree/go2slam/install/unitree_hg/include/unitree_hg/unitree_hg/msg/detail/imu_state__rosidl_typesupport_fastrtps_cpp.hpp
-- Installing: /home/unitree/go2slam/install/unitree_hg/include/unitree_hg/unitree_hg/msg/detail/press_sensor_state__rosidl_typesupport_fastrtps_cpp.hpp
-- Installing: /home/unitree/go2slam/install/unitree_hg/include/unitree_hg/unitree_hg/msg/detail/main_board_state__rosidl_typesupport_fastrtps_cpp.hpp
-- Installing: /home/unitree/go2slam/install/unitree_hg/include/unitree_hg/unitree_hg/msg/detail/hand_state__rosidl_typesupport_fastrtps_cpp.hpp
-- Installing: /home/unitree/go2slam/install/unitree_hg/include/unitree_hg/unitree_hg/msg/detail/low_cmd__rosidl_typesupport_fastrtps_cpp.hpp
-- Installing: /home/unitree/go2slam/install/unitree_hg/lib/libunitree_hg__rosidl_typesupport_fastrtps_cpp.so
-- Set non-toolchain portion of runtime path of "/home/unitree/go2slam/install/unitree_hg/lib/libunitree_hg__rosidl_typesupport_fastrtps_cpp.so" to ""
-- Up-to-date: /home/unitree/go2slam/install/unitree_hg/include/unitree_hg/unitree_hg
-- Up-to-date: /home/unitree/go2slam/install/unitree_hg/include/unitree_hg/unitree_hg/msg
-- Up-to-date: /home/unitree/go2slam/install/unitree_hg/include/unitree_hg/unitree_hg/msg/detail
-- Installing: /home/unitree/go2slam/install/unitree_hg/include/unitree_hg/unitree_hg/msg/detail/hand_state__type_support.c
-- Installing: /home/unitree/go2slam/install/unitree_hg/include/unitree_hg/unitree_hg/msg/detail/bms_cmd__type_support.c
-- Installing: /home/unitree/go2slam/install/unitree_hg/include/unitree_hg/unitree_hg/msg/detail/low_state__type_support.c
-- Installing: /home/unitree/go2slam/install/unitree_hg/include/unitree_hg/unitree_hg/msg/detail/imu_state__type_support.c
-- Installing: /home/unitree/go2slam/install/unitree_hg/include/unitree_hg/unitree_hg/msg/detail/bms_cmd__rosidl_typesupport_introspection_c.h
-- Installing: /home/unitree/go2slam/install/unitree_hg/include/unitree_hg/unitree_hg/msg/detail/hand_cmd__rosidl_typesupport_introspection_c.h
-- Installing: /home/unitree/go2slam/install/unitree_hg/include/unitree_hg/unitree_hg/msg/detail/low_cmd__type_support.c
-- Installing: /home/unitree/go2slam/install/unitree_hg/include/unitree_hg/unitree_hg/msg/detail/low_state__rosidl_typesupport_introspection_c.h
-- Installing: /home/unitree/go2slam/install/unitree_hg/include/unitree_hg/unitree_hg/msg/detail/hand_state__rosidl_typesupport_introspection_c.h
-- Installing: /home/unitree/go2slam/install/unitree_hg/include/unitree_hg/unitree_hg/msg/detail/motor_cmd__rosidl_typesupport_introspection_c.h
-- Installing: /home/unitree/go2slam/install/unitree_hg/include/unitree_hg/unitree_hg/msg/detail/main_board_state__type_support.c
-- Installing: /home/unitree/go2slam/install/unitree_hg/include/unitree_hg/unitree_hg/msg/detail/motor_state__type_support.c
-- Installing: /home/unitree/go2slam/install/unitree_hg/include/unitree_hg/unitree_hg/msg/detail/imu_state__rosidl_typesupport_introspection_c.h
-- Installing: /home/unitree/go2slam/install/unitree_hg/include/unitree_hg/unitree_hg/msg/detail/press_sensor_state__type_support.c
-- Installing: /home/unitree/go2slam/install/unitree_hg/include/unitree_hg/unitree_hg/msg/detail/press_sensor_state__rosidl_typesupport_introspection_c.h
-- Installing: /home/unitree/go2slam/install/unitree_hg/include/unitree_hg/unitree_hg/msg/detail/motor_cmd__type_support.c
-- Installing: /home/unitree/go2slam/install/unitree_hg/include/unitree_hg/unitree_hg/msg/detail/bms_state__type_support.c
-- Installing: /home/unitree/go2slam/install/unitree_hg/include/unitree_hg/unitree_hg/msg/detail/low_cmd__rosidl_typesupport_introspection_c.h
-- Installing: /home/unitree/go2slam/install/unitree_hg/include/unitree_hg/unitree_hg/msg/detail/main_board_state__rosidl_typesupport_introspection_c.h
-- Installing: /home/unitree/go2slam/install/unitree_hg/include/unitree_hg/unitree_hg/msg/detail/bms_state__rosidl_typesupport_introspection_c.h
-- Installing: /home/unitree/go2slam/install/unitree_hg/include/unitree_hg/unitree_hg/msg/detail/motor_state__rosidl_typesupport_introspection_c.h
-- Installing: /home/unitree/go2slam/install/unitree_hg/include/unitree_hg/unitree_hg/msg/detail/hand_cmd__type_support.c
-- Installing: /home/unitree/go2slam/install/unitree_hg/include/unitree_hg/unitree_hg/msg/rosidl_typesupport_introspection_c__visibility_control.h
-- Installing: /home/unitree/go2slam/install/unitree_hg/lib/libunitree_hg__rosidl_typesupport_introspection_c.so
-- Set non-toolchain portion of runtime path of "/home/unitree/go2slam/install/unitree_hg/lib/libunitree_hg__rosidl_typesupport_introspection_c.so" to ""
-- Installing: /home/unitree/go2slam/install/unitree_hg/lib/libunitree_hg__rosidl_typesupport_c.so
-- Set non-toolchain portion of runtime path of "/home/unitree/go2slam/install/unitree_hg/lib/libunitree_hg__rosidl_typesupport_c.so" to ""
-- Up-to-date: /home/unitree/go2slam/install/unitree_hg/include/unitree_hg/unitree_hg
-- Up-to-date: /home/unitree/go2slam/install/unitree_hg/include/unitree_hg/unitree_hg/msg
-- Up-to-date: /home/unitree/go2slam/install/unitree_hg/include/unitree_hg/unitree_hg/msg/detail
-- Installing: /home/unitree/go2slam/install/unitree_hg/include/unitree_hg/unitree_hg/msg/detail/low_state__type_support.cpp
-- Installing: /home/unitree/go2slam/install/unitree_hg/include/unitree_hg/unitree_hg/msg/detail/motor_cmd__rosidl_typesupport_introspection_cpp.hpp
-- Installing: /home/unitree/go2slam/install/unitree_hg/include/unitree_hg/unitree_hg/msg/detail/bms_state__rosidl_typesupport_introspection_cpp.hpp
-- Installing: /home/unitree/go2slam/install/unitree_hg/include/unitree_hg/unitree_hg/msg/detail/motor_state__type_support.cpp
-- Installing: /home/unitree/go2slam/install/unitree_hg/include/unitree_hg/unitree_hg/msg/detail/hand_cmd__type_support.cpp
-- Installing: /home/unitree/go2slam/install/unitree_hg/include/unitree_hg/unitree_hg/msg/detail/motor_state__rosidl_typesupport_introspection_cpp.hpp
-- Installing: /home/unitree/go2slam/install/unitree_hg/include/unitree_hg/unitree_hg/msg/detail/low_cmd__type_support.cpp
-- Installing: /home/unitree/go2slam/install/unitree_hg/include/unitree_hg/unitree_hg/msg/detail/low_cmd__rosidl_typesupport_introspection_cpp.hpp
-- Installing: /home/unitree/go2slam/install/unitree_hg/include/unitree_hg/unitree_hg/msg/detail/press_sensor_state__type_support.cpp
-- Installing: /home/unitree/go2slam/install/unitree_hg/include/unitree_hg/unitree_hg/msg/detail/hand_cmd__rosidl_typesupport_introspection_cpp.hpp
-- Installing: /home/unitree/go2slam/install/unitree_hg/include/unitree_hg/unitree_hg/msg/detail/press_sensor_state__rosidl_typesupport_introspection_cpp.hpp
-- Installing: /home/unitree/go2slam/install/unitree_hg/include/unitree_hg/unitree_hg/msg/detail/motor_cmd__type_support.cpp
-- Installing: /home/unitree/go2slam/install/unitree_hg/include/unitree_hg/unitree_hg/msg/detail/hand_state__type_support.cpp
-- Installing: /home/unitree/go2slam/install/unitree_hg/include/unitree_hg/unitree_hg/msg/detail/low_state__rosidl_typesupport_introspection_cpp.hpp
-- Installing: /home/unitree/go2slam/install/unitree_hg/include/unitree_hg/unitree_hg/msg/detail/bms_cmd__rosidl_typesupport_introspection_cpp.hpp
-- Installing: /home/unitree/go2slam/install/unitree_hg/include/unitree_hg/unitree_hg/msg/detail/bms_state__type_support.cpp
-- Installing: /home/unitree/go2slam/install/unitree_hg/include/unitree_hg/unitree_hg/msg/detail/main_board_state__rosidl_typesupport_introspection_cpp.hpp
-- Installing: /home/unitree/go2slam/install/unitree_hg/include/unitree_hg/unitree_hg/msg/detail/bms_cmd__type_support.cpp
-- Installing: /home/unitree/go2slam/install/unitree_hg/include/unitree_hg/unitree_hg/msg/detail/main_board_state__type_support.cpp
-- Installing: /home/unitree/go2slam/install/unitree_hg/include/unitree_hg/unitree_hg/msg/detail/imu_state__rosidl_typesupport_introspection_cpp.hpp
-- Installing: /home/unitree/go2slam/install/unitree_hg/include/unitree_hg/unitree_hg/msg/detail/imu_state__type_support.cpp
-- Installing: /home/unitree/go2slam/install/unitree_hg/include/unitree_hg/unitree_hg/msg/detail/hand_state__rosidl_typesupport_introspection_cpp.hpp
-- Installing: /home/unitree/go2slam/install/unitree_hg/lib/libunitree_hg__rosidl_typesupport_introspection_cpp.so
-- Set non-toolchain portion of runtime path of "/home/unitree/go2slam/install/unitree_hg/lib/libunitree_hg__rosidl_typesupport_introspection_cpp.so" to ""
-- Installing: /home/unitree/go2slam/install/unitree_hg/lib/libunitree_hg__rosidl_typesupport_cpp.so
-- Set non-toolchain portion of runtime path of "/home/unitree/go2slam/install/unitree_hg/lib/libunitree_hg__rosidl_typesupport_cpp.so" to ""
-- Installing: /home/unitree/go2slam/install/unitree_hg/share/unitree_hg/environment/pythonpath.sh
-- Installing: /home/unitree/go2slam/install/unitree_hg/share/unitree_hg/environment/pythonpath.dsv
-- Installing: /home/unitree/go2slam/install/unitree_hg/lib/python3.12/site-packages/unitree_hg-0.0.0-py3.12.egg-info
-- Installing: /home/unitree/go2slam/install/unitree_hg/lib/python3.12/site-packages/unitree_hg-0.0.0-py3.12.egg-info/top_level.txt
-- Installing: /home/unitree/go2slam/install/unitree_hg/lib/python3.12/site-packages/unitree_hg-0.0.0-py3.12.egg-info/PKG-INFO
-- Installing: /home/unitree/go2slam/install/unitree_hg/lib/python3.12/site-packages/unitree_hg-0.0.0-py3.12.egg-info/dependency_links.txt
-- Installing: /home/unitree/go2slam/install/unitree_hg/lib/python3.12/site-packages/unitree_hg-0.0.0-py3.12.egg-info/SOURCES.txt
-- Installing: /home/unitree/go2slam/install/unitree_hg/lib/python3.12/site-packages/unitree_hg
-- Installing: /home/unitree/go2slam/install/unitree_hg/lib/python3.12/site-packages/unitree_hg/_unitree_hg_s.ep.rosidl_typesupport_fastrtps_c.c
-- Installing: /home/unitree/go2slam/install/unitree_hg/lib/python3.12/site-packages/unitree_hg/unitree_hg_s__rosidl_typesupport_fastrtps_c.so
-- Installing: /home/unitree/go2slam/install/unitree_hg/lib/python3.12/site-packages/unitree_hg/_unitree_hg_s.ep.rosidl_typesupport_c.c
-- Installing: /home/unitree/go2slam/install/unitree_hg/lib/python3.12/site-packages/unitree_hg/_unitree_hg_s.ep.rosidl_typesupport_introspection_c.c
-- Installing: /home/unitree/go2slam/install/unitree_hg/lib/python3.12/site-packages/unitree_hg/__init__.py
-- Installing: /home/unitree/go2slam/install/unitree_hg/lib/python3.12/site-packages/unitree_hg/msg
-- Installing: /home/unitree/go2slam/install/unitree_hg/lib/python3.12/site-packages/unitree_hg/msg/_motor_cmd_s.c
-- Installing: /home/unitree/go2slam/install/unitree_hg/lib/python3.12/site-packages/unitree_hg/msg/_hand_state_s.c
-- Installing: /home/unitree/go2slam/install/unitree_hg/lib/python3.12/site-packages/unitree_hg/msg/_press_sensor_state_s.c
-- Installing: /home/unitree/go2slam/install/unitree_hg/lib/python3.12/site-packages/unitree_hg/msg/_hand_state.py
-- Installing: /home/unitree/go2slam/install/unitree_hg/lib/python3.12/site-packages/unitree_hg/msg/_hand_cmd_s.c
-- Installing: /home/unitree/go2slam/install/unitree_hg/lib/python3.12/site-packages/unitree_hg/msg/_low_cmd.py
-- Installing: /home/unitree/go2slam/install/unitree_hg/lib/python3.12/site-packages/unitree_hg/msg/_hand_cmd.py
-- Installing: /home/unitree/go2slam/install/unitree_hg/lib/python3.12/site-packages/unitree_hg/msg/_imu_state.py
-- Installing: /home/unitree/go2slam/install/unitree_hg/lib/python3.12/site-packages/unitree_hg/msg/_low_state.py
-- Installing: /home/unitree/go2slam/install/unitree_hg/lib/python3.12/site-packages/unitree_hg/msg/_press_sensor_state.py
-- Installing: /home/unitree/go2slam/install/unitree_hg/lib/python3.12/site-packages/unitree_hg/msg/_motor_state.py
-- Installing: /home/unitree/go2slam/install/unitree_hg/lib/python3.12/site-packages/unitree_hg/msg/_imu_state_s.c
-- Installing: /home/unitree/go2slam/install/unitree_hg/lib/python3.12/site-packages/unitree_hg/msg/_low_state_s.c
-- Installing: /home/unitree/go2slam/install/unitree_hg/lib/python3.12/site-packages/unitree_hg/msg/__init__.py
-- Installing: /home/unitree/go2slam/install/unitree_hg/lib/python3.12/site-packages/unitree_hg/msg/_main_board_state_s.c
-- Installing: /home/unitree/go2slam/install/unitree_hg/lib/python3.12/site-packages/unitree_hg/msg/_bms_state.py
-- Installing: /home/unitree/go2slam/install/unitree_hg/lib/python3.12/site-packages/unitree_hg/msg/_bms_cmd.py
-- Installing: /home/unitree/go2slam/install/unitree_hg/lib/python3.12/site-packages/unitree_hg/msg/_bms_state_s.c
-- Installing: /home/unitree/go2slam/install/unitree_hg/lib/python3.12/site-packages/unitree_hg/msg/_bms_cmd_s.c
-- Installing: /home/unitree/go2slam/install/unitree_hg/lib/python3.12/site-packages/unitree_hg/msg/_low_cmd_s.c
-- Installing: /home/unitree/go2slam/install/unitree_hg/lib/python3.12/site-packages/unitree_hg/msg/_main_board_state.py
-- Installing: /home/unitree/go2slam/install/unitree_hg/lib/python3.12/site-packages/unitree_hg/msg/_motor_cmd.py
-- Installing: /home/unitree/go2slam/install/unitree_hg/lib/python3.12/site-packages/unitree_hg/msg/_motor_state_s.c
-- Installing: /home/unitree/go2slam/install/unitree_hg/lib/python3.12/site-packages/unitree_hg/unitree_hg_s__rosidl_typesupport_c.so
-- Installing: /home/unitree/go2slam/install/unitree_hg/lib/python3.12/site-packages/unitree_hg/unitree_hg_s__rosidl_typesupport_introspection_c.so
Listing '/home/unitree/go2slam/install/unitree_hg/lib/python3.12/site-packages/unitree_hg'...
Compiling '/home/unitree/go2slam/install/unitree_hg/lib/python3.12/site-packages/unitree_hg/__init__.py'...
Listing '/home/unitree/go2slam/install/unitree_hg/lib/python3.12/site-packages/unitree_hg/msg'...
Compiling '/home/unitree/go2slam/install/unitree_hg/lib/python3.12/site-packages/unitree_hg/msg/__init__.py'...
Compiling '/home/unitree/go2slam/install/unitree_hg/lib/python3.12/site-packages/unitree_hg/msg/_bms_cmd.py'...
Compiling '/home/unitree/go2slam/install/unitree_hg/lib/python3.12/site-packages/unitree_hg/msg/_bms_state.py'...
Compiling '/home/unitree/go2slam/install/unitree_hg/lib/python3.12/site-packages/unitree_hg/msg/_hand_cmd.py'...
Compiling '/home/unitree/go2slam/install/unitree_hg/lib/python3.12/site-packages/unitree_hg/msg/_hand_state.py'...
Compiling '/home/unitree/go2slam/install/unitree_hg/lib/python3.12/site-packages/unitree_hg/msg/_imu_state.py'...
Compiling '/home/unitree/go2slam/install/unitree_hg/lib/python3.12/site-packages/unitree_hg/msg/_low_cmd.py'...
Compiling '/home/unitree/go2slam/install/unitree_hg/lib/python3.12/site-packages/unitree_hg/msg/_low_state.py'...
Compiling '/home/unitree/go2slam/install/unitree_hg/lib/python3.12/site-packages/unitree_hg/msg/_main_board_state.py'...
Compiling '/home/unitree/go2slam/install/unitree_hg/lib/python3.12/site-packages/unitree_hg/msg/_motor_cmd.py'...
Compiling '/home/unitree/go2slam/install/unitree_hg/lib/python3.12/site-packages/unitree_hg/msg/_motor_state.py'...
Compiling '/home/unitree/go2slam/install/unitree_hg/lib/python3.12/site-packages/unitree_hg/msg/_press_sensor_state.py'...
-- Installing: /home/unitree/go2slam/install/unitree_hg/lib/python3.12/site-packages/unitree_hg/unitree_hg_s__rosidl_typesupport_fastrtps_c.so
-- Set non-toolchain portion of runtime path of "/home/unitree/go2slam/install/unitree_hg/lib/python3.12/site-packages/unitree_hg/unitree_hg_s__rosidl_typesupport_fastrtps_c.so" to ""
-- Installing: /home/unitree/go2slam/install/unitree_hg/lib/python3.12/site-packages/unitree_hg/unitree_hg_s__rosidl_typesupport_introspection_c.so
-- Set non-toolchain portion of runtime path of "/home/unitree/go2slam/install/unitree_hg/lib/python3.12/site-packages/unitree_hg/unitree_hg_s__rosidl_typesupport_introspection_c.so" to ""
-- Installing: /home/unitree/go2slam/install/unitree_hg/lib/python3.12/site-packages/unitree_hg/unitree_hg_s__rosidl_typesupport_c.so
-- Set non-toolchain portion of runtime path of "/home/unitree/go2slam/install/unitree_hg/lib/python3.12/site-packages/unitree_hg/unitree_hg_s__rosidl_typesupport_c.so" to ""
-- Installing: /home/unitree/go2slam/install/unitree_hg/lib/libunitree_hg__rosidl_generator_py.so
-- Set non-toolchain portion of runtime path of "/home/unitree/go2slam/install/unitree_hg/lib/libunitree_hg__rosidl_generator_py.so" to ""
-- Installing: /home/unitree/go2slam/install/unitree_hg/share/ament_index/resource_index/rust_packages/unitree_hg
-- Installing: /home/unitree/go2slam/install/unitree_hg/share/unitree_hg/rust
-- Installing: /home/unitree/go2slam/install/unitree_hg/share/unitree_hg/rust/build.rs
-- Installing: /home/unitree/go2slam/install/unitree_hg/share/unitree_hg/rust/src
-- Installing: /home/unitree/go2slam/install/unitree_hg/share/unitree_hg/rust/src/msg
-- Installing: /home/unitree/go2slam/install/unitree_hg/share/unitree_hg/rust/src/msg/rmw.rs
-- Installing: /home/unitree/go2slam/install/unitree_hg/share/unitree_hg/rust/src/msg.rs
-- Installing: /home/unitree/go2slam/install/unitree_hg/share/unitree_hg/rust/src/lib.rs
-- Installing: /home/unitree/go2slam/install/unitree_hg/share/unitree_hg/rust/Cargo.toml
-- Installing: /home/unitree/go2slam/install/unitree_hg/share/unitree_hg/msg/BmsCmd.idl
-- Installing: /home/unitree/go2slam/install/unitree_hg/share/unitree_hg/msg/BmsState.idl
-- Installing: /home/unitree/go2slam/install/unitree_hg/share/unitree_hg/msg/HandCmd.idl
-- Installing: /home/unitree/go2slam/install/unitree_hg/share/unitree_hg/msg/HandState.idl
-- Installing: /home/unitree/go2slam/install/unitree_hg/share/unitree_hg/msg/IMUState.idl
-- Installing: /home/unitree/go2slam/install/unitree_hg/share/unitree_hg/msg/LowCmd.idl
-- Installing: /home/unitree/go2slam/install/unitree_hg/share/unitree_hg/msg/LowState.idl
-- Installing: /home/unitree/go2slam/install/unitree_hg/share/unitree_hg/msg/MainBoardState.idl
-- Installing: /home/unitree/go2slam/install/unitree_hg/share/unitree_hg/msg/MotorCmd.idl
-- Installing: /home/unitree/go2slam/install/unitree_hg/share/unitree_hg/msg/MotorState.idl
-- Installing: /home/unitree/go2slam/install/unitree_hg/share/unitree_hg/msg/PressSensorState.idl
-- Installing: /home/unitree/go2slam/install/unitree_hg/share/unitree_hg/msg/BmsCmd.msg
-- Installing: /home/unitree/go2slam/install/unitree_hg/share/unitree_hg/msg/BmsState.msg
-- Installing: /home/unitree/go2slam/install/unitree_hg/share/unitree_hg/msg/HandCmd.msg
-- Installing: /home/unitree/go2slam/install/unitree_hg/share/unitree_hg/msg/HandState.msg
-- Installing: /home/unitree/go2slam/install/unitree_hg/share/unitree_hg/msg/IMUState.msg
-- Installing: /home/unitree/go2slam/install/unitree_hg/share/unitree_hg/msg/LowCmd.msg
-- Installing: /home/unitree/go2slam/install/unitree_hg/share/unitree_hg/msg/LowState.msg
-- Installing: /home/unitree/go2slam/install/unitree_hg/share/unitree_hg/msg/MainBoardState.msg
-- Installing: /home/unitree/go2slam/install/unitree_hg/share/unitree_hg/msg/MotorCmd.msg
-- Installing: /home/unitree/go2slam/install/unitree_hg/share/unitree_hg/msg/MotorState.msg
-- Installing: /home/unitree/go2slam/install/unitree_hg/share/unitree_hg/msg/PressSensorState.msg
-- Installing: /home/unitree/go2slam/install/unitree_hg/share/unitree_hg/msg/dds_connext
-- Installing: /home/unitree/go2slam/install/unitree_hg/share/unitree_hg/msg/dds_connext/MainBoardState_.idl
-- Installing: /home/unitree/go2slam/install/unitree_hg/share/unitree_hg/msg/dds_connext/PressSensorState_.idl
-- Installing: /home/unitree/go2slam/install/unitree_hg/share/unitree_hg/msg/dds_connext/MotorState_.idl
-- Installing: /home/unitree/go2slam/install/unitree_hg/share/unitree_hg/msg/dds_connext/BmsState_.idl
-- Installing: /home/unitree/go2slam/install/unitree_hg/share/unitree_hg/msg/dds_connext/LowState_.idl
-- Installing: /home/unitree/go2slam/install/unitree_hg/share/unitree_hg/msg/dds_connext/MotorCmd_.idl
-- Installing: /home/unitree/go2slam/install/unitree_hg/share/unitree_hg/msg/dds_connext/LowCmd_.idl
-- Installing: /home/unitree/go2slam/install/unitree_hg/share/unitree_hg/msg/dds_connext/HandState_.idl
-- Installing: /home/unitree/go2slam/install/unitree_hg/share/unitree_hg/msg/dds_connext/HandCmd_.idl
-- Installing: /home/unitree/go2slam/install/unitree_hg/share/unitree_hg/msg/dds_connext/IMUState_.idl
-- Installing: /home/unitree/go2slam/install/unitree_hg/share/unitree_hg/msg/dds_connext/BmsCmd_.idl
-- Installing: /home/unitree/go2slam/install/unitree_hg/share/ament_index/resource_index/package_run_dependencies/unitree_hg
-- Installing: /home/unitree/go2slam/install/unitree_hg/share/ament_index/resource_index/parent_prefix_path/unitree_hg
-- Installing: /home/unitree/go2slam/install/unitree_hg/share/unitree_hg/environment/ament_prefix_path.sh
-- Installing: /home/unitree/go2slam/install/unitree_hg/share/unitree_hg/environment/ament_prefix_path.dsv
-- Installing: /home/unitree/go2slam/install/unitree_hg/share/unitree_hg/environment/path.sh
-- Installing: /home/unitree/go2slam/install/unitree_hg/share/unitree_hg/environment/path.dsv
-- Installing: /home/unitree/go2slam/install/unitree_hg/share/unitree_hg/local_setup.bash
-- Installing: /home/unitree/go2slam/install/unitree_hg/share/unitree_hg/local_setup.sh
-- Installing: /home/unitree/go2slam/install/unitree_hg/share/unitree_hg/local_setup.zsh
-- Installing: /home/unitree/go2slam/install/unitree_hg/share/unitree_hg/local_setup.dsv
-- Installing: /home/unitree/go2slam/install/unitree_hg/share/unitree_hg/package.dsv
-- Installing: /home/unitree/go2slam/install/unitree_hg/share/ament_index/resource_index/packages/unitree_hg
-- Installing: /home/unitree/go2slam/install/unitree_hg/share/unitree_hg/cmake/export_unitree_hg__rosidl_generator_cExport.cmake
-- Installing: /home/unitree/go2slam/install/unitree_hg/share/unitree_hg/cmake/export_unitree_hg__rosidl_generator_cExport-noconfig.cmake
-- Installing: /home/unitree/go2slam/install/unitree_hg/share/unitree_hg/cmake/export_unitree_hg__rosidl_typesupport_fastrtps_cExport.cmake
-- Installing: /home/unitree/go2slam/install/unitree_hg/share/unitree_hg/cmake/export_unitree_hg__rosidl_typesupport_fastrtps_cExport-noconfig.cmake
-- Installing: /home/unitree/go2slam/install/unitree_hg/share/unitree_hg/cmake/export_unitree_hg__rosidl_generator_cppExport.cmake
-- Installing: /home/unitree/go2slam/install/unitree_hg/share/unitree_hg/cmake/export_unitree_hg__rosidl_typesupport_fastrtps_cppExport.cmake
-- Installing: /home/unitree/go2slam/install/unitree_hg/share/unitree_hg/cmake/export_unitree_hg__rosidl_typesupport_fastrtps_cppExport-noconfig.cmake
-- Installing: /home/unitree/go2slam/install/unitree_hg/share/unitree_hg/cmake/unitree_hg__rosidl_typesupport_introspection_cExport.cmake
-- Installing: /home/unitree/go2slam/install/unitree_hg/share/unitree_hg/cmake/unitree_hg__rosidl_typesupport_introspection_cExport-noconfig.cmake
-- Installing: /home/unitree/go2slam/install/unitree_hg/share/unitree_hg/cmake/unitree_hg__rosidl_typesupport_cExport.cmake
-- Installing: /home/unitree/go2slam/install/unitree_hg/share/unitree_hg/cmake/unitree_hg__rosidl_typesupport_cExport-noconfig.cmake
-- Installing: /home/unitree/go2slam/install/unitree_hg/share/unitree_hg/cmake/unitree_hg__rosidl_typesupport_introspection_cppExport.cmake
-- Installing: /home/unitree/go2slam/install/unitree_hg/share/unitree_hg/cmake/unitree_hg__rosidl_typesupport_introspection_cppExport-noconfig.cmake
-- Installing: /home/unitree/go2slam/install/unitree_hg/share/unitree_hg/cmake/unitree_hg__rosidl_typesupport_cppExport.cmake
-- Installing: /home/unitree/go2slam/install/unitree_hg/share/unitree_hg/cmake/unitree_hg__rosidl_typesupport_cppExport-noconfig.cmake
-- Installing: /home/unitree/go2slam/install/unitree_hg/share/unitree_hg/cmake/export_unitree_hg__rosidl_generator_pyExport.cmake
-- Installing: /home/unitree/go2slam/install/unitree_hg/share/unitree_hg/cmake/export_unitree_hg__rosidl_generator_pyExport-noconfig.cmake
-- Installing: /home/unitree/go2slam/install/unitree_hg/share/unitree_hg/cmake/rosidl_cmake-extras.cmake
-- Installing: /home/unitree/go2slam/install/unitree_hg/share/unitree_hg/cmake/ament_cmake_export_dependencies-extras.cmake
-- Installing: /home/unitree/go2slam/install/unitree_hg/share/unitree_hg/cmake/ament_cmake_export_include_directories-extras.cmake
-- Installing: /home/unitree/go2slam/install/unitree_hg/share/unitree_hg/cmake/ament_cmake_export_libraries-extras.cmake
-- Installing: /home/unitree/go2slam/install/unitree_hg/share/unitree_hg/cmake/ament_cmake_export_targets-extras.cmake
-- Installing: /home/unitree/go2slam/install/unitree_hg/share/unitree_hg/cmake/rosidl_cmake_export_typesupport_targets-extras.cmake
-- Installing: /home/unitree/go2slam/install/unitree_hg/share/unitree_hg/cmake/rosidl_cmake_export_typesupport_libraries-extras.cmake
-- Installing: /home/unitree/go2slam/install/unitree_hg/share/unitree_hg/cmake/unitree_hgConfig.cmake
-- Installing: /home/unitree/go2slam/install/unitree_hg/share/unitree_hg/cmake/unitree_hgConfig-version.cmake
-- Installing: /home/unitree/go2slam/install/unitree_hg/share/unitree_hg/package.xml
