[0.064s] Invoking command in '/home/unitree/go2slam/build/go2_slam': CMAKE_PREFIX_PATH=${CMAKE_PREFIX_PATH}:/opt/ros/jazzy /usr/bin/cmake --build /home/unitree/go2slam/build/go2_slam -- -j6 -l6
[0.264s] Invoked command in '/home/unitree/go2slam/build/go2_slam' returned '0': CMAKE_PREFIX_PATH=${CMAKE_PREFIX_PATH}:/opt/ros/jazzy /usr/bin/cmake --build /home/unitree/go2slam/build/go2_slam -- -j6 -l6
[0.266s] Invoking command in '/home/unitree/go2slam/build/go2_slam': CMAKE_PREFIX_PATH=${CMAKE_PREFIX_PATH}:/opt/ros/jazzy /usr/bin/cmake --install /home/unitree/go2slam/build/go2_slam
[0.439s] -- Install configuration: ""
[0.439s] -- Up-to-date: /home/unitree/go2slam/install/go2_slam/share/go2_slam/launch
[0.439s] -- Up-to-date: /home/unitree/go2slam/install/go2_slam/share/go2_slam/launch/__pycache__
[0.439s] -- Up-to-date: /home/unitree/go2slam/install/go2_slam/share/go2_slam/launch/__pycache__/go2_slamtoolbox.launch.cpython-312.pyc
[0.439s] -- Up-to-date: /home/unitree/go2slam/install/go2_slam/share/go2_slam/launch/go2_slamtoolbox.launch.py
[0.440s] -- Up-to-date: /home/unitree/go2slam/install/go2_slam/share/go2_slam/config
[0.452s] -- Up-to-date: /home/unitree/go2slam/install/go2_slam/share/go2_slam/config/mapper_params_online_async.yaml
[0.452s] -- Up-to-date: /home/unitree/go2slam/install/go2_slam/share/ament_index/resource_index/package_run_dependencies/go2_slam
[0.453s] -- Up-to-date: /home/unitree/go2slam/install/go2_slam/share/ament_index/resource_index/parent_prefix_path/go2_slam
[0.453s] -- Up-to-date: /home/unitree/go2slam/install/go2_slam/share/go2_slam/environment/ament_prefix_path.sh
[0.453s] -- Up-to-date: /home/unitree/go2slam/install/go2_slam/share/go2_slam/environment/ament_prefix_path.dsv
[0.453s] -- Up-to-date: /home/unitree/go2slam/install/go2_slam/share/go2_slam/environment/path.sh
[0.453s] -- Up-to-date: /home/unitree/go2slam/install/go2_slam/share/go2_slam/environment/path.dsv
[0.454s] -- Up-to-date: /home/unitree/go2slam/install/go2_slam/share/go2_slam/local_setup.bash
[0.454s] -- Up-to-date: /home/unitree/go2slam/install/go2_slam/share/go2_slam/local_setup.sh
[0.454s] -- Up-to-date: /home/unitree/go2slam/install/go2_slam/share/go2_slam/local_setup.zsh
[0.454s] -- Up-to-date: /home/unitree/go2slam/install/go2_slam/share/go2_slam/local_setup.dsv
[0.454s] -- Installing: /home/unitree/go2slam/install/go2_slam/share/go2_slam/package.dsv
[0.454s] -- Up-to-date: /home/unitree/go2slam/install/go2_slam/share/ament_index/resource_index/packages/go2_slam
[0.455s] -- Up-to-date: /home/unitree/go2slam/install/go2_slam/share/go2_slam/cmake/go2_slamConfig.cmake
[0.455s] -- Up-to-date: /home/unitree/go2slam/install/go2_slam/share/go2_slam/cmake/go2_slamConfig-version.cmake
[0.455s] -- Up-to-date: /home/unitree/go2slam/install/go2_slam/share/go2_slam/package.xml
[0.578s] Invoked command in '/home/unitree/go2slam/build/go2_slam' returned '0': CMAKE_PREFIX_PATH=${CMAKE_PREFIX_PATH}:/opt/ros/jazzy /usr/bin/cmake --install /home/unitree/go2slam/build/go2_slam
