-- Install configuration: ""
-- Up-to-date: /home/unitree/go2slam/install/go2_description/share/go2_description/launch
-- Installing: /home/unitree/go2slam/install/go2_description/share/go2_description/launch/display.launch.py
-- Up-to-date: /home/unitree/go2slam/install/go2_description/share/go2_description/launch/__pycache__
-- Installing: /home/unitree/go2slam/install/go2_description/share/go2_description/launch/__pycache__/display.launch.cpython-312.pyc
-- Up-to-date: /home/unitree/go2slam/install/go2_description/share/go2_description/urdf
-- Installing: /home/unitree/go2slam/install/go2_description/share/go2_description/urdf/Amended_collision_model.png
-- Installing: /home/unitree/go2slam/install/go2_description/share/go2_description/urdf/Normal_collision_model.png
-- Installing: /home/unitree/go2slam/install/go2_description/share/go2_description/urdf/go2_description.urdf
-- Up-to-date: /home/unitree/go2slam/install/go2_description/share/go2_description/urdf/.history
-- Installing: /home/unitree/go2slam/install/go2_description/share/go2_description/urdf/.history/go2_description_20230905115226.urdf
-- Installing: /home/unitree/go2slam/install/go2_description/share/go2_description/urdf/.history/go2_description_20230905112752.urdf
-- Installing: /home/unitree/go2slam/install/go2_description/share/go2_description/urdf/.history/go2_description_20230905115300.urdf
-- Installing: /home/unitree/go2slam/install/go2_description/share/go2_description/urdf/.history/go2_description_20230905112944.urdf
-- Installing: /home/unitree/go2slam/install/go2_description/share/go2_description/urdf/.history/go2_description_20230904193711.urdf
-- Installing: /home/unitree/go2slam/install/go2_description/share/go2_description/urdf/.history/go2_description_20230905112143.urdf
-- Installing: /home/unitree/go2slam/install/go2_description/share/go2_description/urdf/.history/go2_description_20230905113633.urdf
-- Installing: /home/unitree/go2slam/install/go2_description/share/go2_description/urdf/.history/go2_description_20230905112749.urdf
-- Installing: /home/unitree/go2slam/install/go2_description/share/go2_description/urdf/.history/go2_description_20230904144240.urdf
-- Installing: /home/unitree/go2slam/install/go2_description/share/go2_description/urdf/.history/go2_description_20230905115022.urdf
-- Installing: /home/unitree/go2slam/install/go2_description/share/go2_description/urdf/.history/go2_description_20230905113754.urdf
-- Installing: /home/unitree/go2slam/install/go2_description/share/go2_description/urdf/.history/go2_description_20230905114759.urdf
-- Installing: /home/unitree/go2slam/install/go2_description/share/go2_description/urdf/.history/go2_description_20230905113000.urdf
-- Installing: /home/unitree/go2slam/install/go2_description/share/go2_description/urdf/.history/go2_description_20230904182446.urdf
-- Installing: /home/unitree/go2slam/install/go2_description/share/go2_description/urdf/.history/go2_description_20230904193653.urdf
-- Installing: /home/unitree/go2slam/install/go2_description/share/go2_description/urdf/.history/go2_description_20230904193710.urdf
-- Installing: /home/unitree/go2slam/install/go2_description/share/go2_description/urdf/.history/go2_description_20230905113059.urdf
-- Installing: /home/unitree/go2slam/install/go2_description/share/go2_description/urdf/.history/go2_description_20230905112735.urdf
-- Installing: /home/unitree/go2slam/install/go2_description/share/go2_description/urdf/.history/go2_description_20230905112047.urdf
-- Installing: /home/unitree/go2slam/install/go2_description/share/go2_description/urdf/.history/go2_description_20230905113755.urdf
-- Installing: /home/unitree/go2slam/install/go2_description/share/go2_description/urdf/.history/go2_description_20230905113840.urdf
-- Installing: /home/unitree/go2slam/install/go2_description/share/go2_description/urdf/.history/go2_description_20230905115040.urdf
-- Installing: /home/unitree/go2slam/install/go2_description/share/go2_description/urdf/.history/go2_description_20230904193644.urdf
-- Installing: /home/unitree/go2slam/install/go2_description/share/go2_description/urdf/.history/go2_description_20230905112217.urdf
-- Installing: /home/unitree/go2slam/install/go2_description/share/go2_description/urdf/.history/go2_description_20230904193705.urdf
-- Installing: /home/unitree/go2slam/install/go2_description/share/go2_description/urdf/.history/go2_description_20230905114819.urdf
-- Installing: /home/unitree/go2slam/install/go2_description/share/go2_description/urdf/.history/go2_description_20230905115021.urdf
-- Installing: /home/unitree/go2slam/install/go2_description/share/go2_description/urdf/.history/go2_description_20230905115313.urdf
-- Installing: /home/unitree/go2slam/install/go2_description/share/go2_description/urdf/.history/go2_description_20230904193628.urdf
-- Installing: /home/unitree/go2slam/install/go2_description/share/go2_description/urdf/.history/go2_description_20230905113839.urdf
-- Installing: /home/unitree/go2slam/install/go2_description/share/go2_description/urdf/.history/go2_description_20230905115215.urdf
-- Up-to-date: /home/unitree/go2slam/install/go2_description/share/go2_description/dae
-- Installing: /home/unitree/go2slam/install/go2_description/share/go2_description/dae/hip.dae
-- Installing: /home/unitree/go2slam/install/go2_description/share/go2_description/dae/calf_mirror.dae
-- Installing: /home/unitree/go2slam/install/go2_description/share/go2_description/dae/base.dae
-- Installing: /home/unitree/go2slam/install/go2_description/share/go2_description/dae/thigh.dae
-- Installing: /home/unitree/go2slam/install/go2_description/share/go2_description/dae/foot.dae
-- Installing: /home/unitree/go2slam/install/go2_description/share/go2_description/dae/calf.dae
-- Installing: /home/unitree/go2slam/install/go2_description/share/go2_description/dae/thigh_mirror.dae
-- Up-to-date: /home/unitree/go2slam/install/go2_description/share/go2_description/meshes
-- Installing: /home/unitree/go2slam/install/go2_description/share/go2_description/meshes/hip.dae
-- Installing: /home/unitree/go2slam/install/go2_description/share/go2_description/meshes/calf_mirror.dae
-- Installing: /home/unitree/go2slam/install/go2_description/share/go2_description/meshes/thigh.dae
-- Installing: /home/unitree/go2slam/install/go2_description/share/go2_description/meshes/trunk.dae
-- Installing: /home/unitree/go2slam/install/go2_description/share/go2_description/meshes/foot.dae
-- Installing: /home/unitree/go2slam/install/go2_description/share/go2_description/meshes/calf.dae
-- Installing: /home/unitree/go2slam/install/go2_description/share/go2_description/meshes/thigh_mirror.dae
-- Up-to-date: /home/unitree/go2slam/install/go2_description/share/ament_index/resource_index/package_run_dependencies/go2_description
-- Up-to-date: /home/unitree/go2slam/install/go2_description/share/ament_index/resource_index/parent_prefix_path/go2_description
-- Installing: /home/unitree/go2slam/install/go2_description/share/go2_description/environment/ament_prefix_path.sh
-- Installing: /home/unitree/go2slam/install/go2_description/share/go2_description/environment/ament_prefix_path.dsv
-- Installing: /home/unitree/go2slam/install/go2_description/share/go2_description/environment/path.sh
-- Installing: /home/unitree/go2slam/install/go2_description/share/go2_description/environment/path.dsv
-- Installing: /home/unitree/go2slam/install/go2_description/share/go2_description/local_setup.bash
-- Installing: /home/unitree/go2slam/install/go2_description/share/go2_description/local_setup.sh
-- Installing: /home/unitree/go2slam/install/go2_description/share/go2_description/local_setup.zsh
-- Installing: /home/unitree/go2slam/install/go2_description/share/go2_description/local_setup.dsv
-- Installing: /home/unitree/go2slam/install/go2_description/share/go2_description/package.dsv
-- Up-to-date: /home/unitree/go2slam/install/go2_description/share/ament_index/resource_index/packages/go2_description
-- Up-to-date: /home/unitree/go2slam/install/go2_description/share/go2_description/cmake/go2_descriptionConfig.cmake
-- Up-to-date: /home/unitree/go2slam/install/go2_description/share/go2_description/cmake/go2_descriptionConfig-version.cmake
-- Installing: /home/unitree/go2slam/install/go2_description/share/go2_description/package.xml
