-- Found ament_cmake: 2.5.6 (/opt/ros/jazzy/share/ament_cmake/cmake)
-- Found rclcpp: 28.1.18 (/opt/ros/jazzy/share/rclcpp/cmake)
-- Found rosidl_generator_c: 4.6.7 (/opt/ros/jazzy/share/rosidl_generator_c/cmake)
-- Found rosidl_generator_cpp: 4.6.7 (/opt/ros/jazzy/share/rosidl_generator_cpp/cmake)
-- Using all available rosidl_typesupport_c: rosidl_typesupport_fastrtps_c;rosidl_typesupport_introspection_c
-- Using all available rosidl_typesupport_cpp: rosidl_typesupport_fastrtps_cpp;rosidl_typesupport_introspection_cpp
-- Found rmw_implementation_cmake: 7.3.3 (/opt/ros/jazzy/share/rmw_implementation_cmake/cmake)
-- Found rmw_fastrtps_cpp: 8.4.3 (/opt/ros/jazzy/share/rmw_fastrtps_cpp/cmake)
-- Using RMW implementation 'rmw_fastrtps_cpp' as default
-- Found unitree_go: 0.0.0 (/home/unitree/unitree_ros2/install/unitree_go/share/unitree_go/cmake)
-- Found unitree_api: 0.0.0 (/home/unitree/unitree_ros2/install/unitree_api/share/unitree_api/cmake)
-- Found nav_msgs: 5.3.7 (/opt/ros/jazzy/share/nav_msgs/cmake)
-- Found tf2: 0.36.20 (/opt/ros/jazzy/share/tf2/cmake)
-- Found tf2_ros: 0.36.20 (/opt/ros/jazzy/share/tf2_ros/cmake)
-- Found sensor_msgs: 5.3.7 (/opt/ros/jazzy/share/sensor_msgs/cmake)
-- Found ament_lint_auto: 0.17.5 (/opt/ros/jazzy/share/ament_lint_auto/cmake)
-- Added test 'cppcheck' to perform static code analysis on C / C++ code
-- Configured cppcheck include dirs: 
-- Configured cppcheck exclude dirs and/or files: 
-- Added test 'flake8' to check Python code syntax and style conventions
-- Configured 'flake8' exclude dirs and/or files: 
-- Added test 'lint_cmake' to check CMake code style
-- Added test 'pep257' to check Python code against some of the docstring style conventions in PEP 257
-- Added test 'uncrustify' to check C / C++ code style
-- Configured uncrustify additional arguments: 
-- Added test 'xmllint' to check XML markup files
-- Configuring done (1.5s)
-- Generating done (0.0s)
-- Build files have been written to: /home/unitree/go2slam/build/go2_core
-- Install configuration: ""
-- Up-to-date: /home/unitree/go2slam/install/go2_core/share/go2_core/launch
-- Up-to-date: /home/unitree/go2slam/install/go2_core/share/go2_core/launch/__pycache__
-- Installing: /home/unitree/go2slam/install/go2_core/share/go2_core/launch/__pycache__/go2_start.launch.cpython-312.pyc
-- Installing: /home/unitree/go2slam/install/go2_core/share/go2_core/launch/go2_robot_localization.launch.py
-- Installing: /home/unitree/go2slam/install/go2_core/share/go2_core/launch/go2_start.launch.py
-- Up-to-date: /home/unitree/go2slam/install/go2_core/share/go2_core/rviz2
-- Installing: /home/unitree/go2slam/install/go2_core/share/go2_core/rviz2/display.rviz
-- Up-to-date: /home/unitree/go2slam/install/go2_core/share/go2_core/config
-- Up-to-date: /home/unitree/go2slam/install/go2_core/share/go2_core/config/go2_ekf_params.yaml
-- Up-to-date: /home/unitree/go2slam/install/go2_core/share/ament_index/resource_index/package_run_dependencies/go2_core
-- Installing: /home/unitree/go2slam/install/go2_core/share/ament_index/resource_index/parent_prefix_path/go2_core
-- Installing: /home/unitree/go2slam/install/go2_core/share/go2_core/environment/ament_prefix_path.sh
-- Up-to-date: /home/unitree/go2slam/install/go2_core/share/go2_core/environment/ament_prefix_path.dsv
-- Installing: /home/unitree/go2slam/install/go2_core/share/go2_core/environment/path.sh
-- Up-to-date: /home/unitree/go2slam/install/go2_core/share/go2_core/environment/path.dsv
-- Up-to-date: /home/unitree/go2slam/install/go2_core/share/go2_core/local_setup.bash
-- Up-to-date: /home/unitree/go2slam/install/go2_core/share/go2_core/local_setup.sh
-- Up-to-date: /home/unitree/go2slam/install/go2_core/share/go2_core/local_setup.zsh
-- Up-to-date: /home/unitree/go2slam/install/go2_core/share/go2_core/local_setup.dsv
-- Up-to-date: /home/unitree/go2slam/install/go2_core/share/go2_core/package.dsv
-- Up-to-date: /home/unitree/go2slam/install/go2_core/share/ament_index/resource_index/packages/go2_core
-- Up-to-date: /home/unitree/go2slam/install/go2_core/share/go2_core/cmake/go2_coreConfig.cmake
-- Up-to-date: /home/unitree/go2slam/install/go2_core/share/go2_core/cmake/go2_coreConfig-version.cmake
-- Installing: /home/unitree/go2slam/install/go2_core/share/go2_core/package.xml
