[0.030s] Invoking command in '/home/unitree/go2slam/build/go2_core': AMENT_PREFIX_PATH=/home/unitree/go2slam/install/go2_driver:/home/unitree/go2slam/install/go2_twist_bridge:/home/unitree/go2slam/install/unitree_go:/home/unitree/go2slam/install/unitree_api:/home/unitree/go2slam/install/go2_slam:/home/unitree/go2slam/install/go2_perception:/home/unitree/go2slam/install/go2_description:${AMENT_PREFIX_PATH} CMAKE_PREFIX_PATH=/home/unitree/go2slam/install/go2_driver:/home/unitree/go2slam/install/go2_twist_bridge:/home/unitree/go2slam/install/unitree_go:/home/unitree/go2slam/install/unitree_api:/home/unitree/go2slam/install/go2_slam:/home/unitree/go2slam/install/go2_perception:/home/unitree/go2slam/install/go2_description:/opt/ros/jazzy/opt/gz_sim_vendor:/opt/ros/jazzy/opt/gz_sensors_vendor:/opt/ros/jazzy/opt/gz_physics_vendor:/opt/ros/jazzy/opt/sdformat_vendor:/opt/ros/jazzy/opt/gz_gui_vendor:/opt/ros/jazzy/opt/gz_transport_vendor:/opt/ros/jazzy/opt/gz_rendering_vendor:/opt/ros/jazzy/opt/gz_plugin_vendor:/opt/ros/jazzy/opt/gz_fuel_tools_vendor:/opt/ros/jazzy/opt/gz_msgs_vendor:/opt/ros/jazzy/opt/gz_common_vendor:/opt/ros/jazzy/opt/gz_math_vendor:/opt/ros/jazzy/opt/gz_utils_vendor:/opt/ros/jazzy/opt/gz_tools_vendor:/opt/ros/jazzy/opt/gz_ogre_next_vendor:/opt/ros/jazzy/opt/gz_dartsim_vendor:/opt/ros/jazzy/opt/gz_cmake_vendor:/opt/ros/jazzy LD_LIBRARY_PATH=/home/unitree/go2slam/install/unitree_go/lib:/home/unitree/go2slam/install/unitree_api/lib:/home/unitree/go2slam/install/go2_perception/lib:${LD_LIBRARY_PATH} PYTHONPATH=/home/unitree/go2slam/install/unitree_go/lib/python3.12/site-packages:/home/unitree/go2slam/install/unitree_api/lib/python3.12/site-packages:${PYTHONPATH} /usr/bin/cmake --build /home/unitree/go2slam/build/go2_core -- -j6 -l6
[0.092s] -- Found ament_cmake: 2.5.6 (/opt/ros/jazzy/share/ament_cmake/cmake)
[0.481s] -- Found rclcpp: 28.1.18 (/opt/ros/jazzy/share/rclcpp/cmake)
[0.540s] -- Found rosidl_generator_c: 4.6.7 (/opt/ros/jazzy/share/rosidl_generator_c/cmake)
[0.559s] -- Found rosidl_generator_cpp: 4.6.7 (/opt/ros/jazzy/share/rosidl_generator_cpp/cmake)
[0.582s] -- Using all available rosidl_typesupport_c: rosidl_typesupport_fastrtps_c;rosidl_typesupport_introspection_c
[0.610s] -- Using all available rosidl_typesupport_cpp: rosidl_typesupport_fastrtps_cpp;rosidl_typesupport_introspection_cpp
[0.724s] -- Found rmw_implementation_cmake: 7.3.3 (/opt/ros/jazzy/share/rmw_implementation_cmake/cmake)
[0.727s] -- Found rmw_fastrtps_cpp: 8.4.3 (/opt/ros/jazzy/share/rmw_fastrtps_cpp/cmake)
[0.855s] -- Using RMW implementation 'rmw_fastrtps_cpp' as default
[0.970s] -- Found unitree_go: 0.0.0 (/home/unitree/unitree_ros2/install/unitree_go/share/unitree_go/cmake)
[1.056s] -- Found unitree_api: 0.0.0 (/home/unitree/unitree_ros2/install/unitree_api/share/unitree_api/cmake)
[1.083s] -- Found nav_msgs: 5.3.7 (/opt/ros/jazzy/share/nav_msgs/cmake)
[1.127s] -- Found tf2: 0.36.20 (/opt/ros/jazzy/share/tf2/cmake)
[1.133s] -- Found tf2_ros: 0.36.20 (/opt/ros/jazzy/share/tf2_ros/cmake)
[1.321s] -- Found sensor_msgs: 5.3.7 (/opt/ros/jazzy/share/sensor_msgs/cmake)
[1.360s] -- Found ament_lint_auto: 0.17.5 (/opt/ros/jazzy/share/ament_lint_auto/cmake)
[1.575s] -- Added test 'cppcheck' to perform static code analysis on C / C++ code
[1.575s] -- Configured cppcheck include dirs: 
[1.575s] -- Configured cppcheck exclude dirs and/or files: 
[1.576s] -- Added test 'flake8' to check Python code syntax and style conventions
[1.576s] -- Configured 'flake8' exclude dirs and/or files: 
[1.578s] -- Added test 'lint_cmake' to check CMake code style
[1.580s] -- Added test 'pep257' to check Python code against some of the docstring style conventions in PEP 257
[1.586s] -- Added test 'uncrustify' to check C / C++ code style
[1.586s] -- Configured uncrustify additional arguments: 
[1.587s] -- Added test 'xmllint' to check XML markup files
[1.590s] -- Configuring done (1.5s)
[1.611s] -- Generating done (0.0s)
[1.617s] -- Build files have been written to: /home/unitree/go2slam/build/go2_core
[1.680s] Invoked command in '/home/unitree/go2slam/build/go2_core' returned '0': AMENT_PREFIX_PATH=/home/unitree/go2slam/install/go2_driver:/home/unitree/go2slam/install/go2_twist_bridge:/home/unitree/go2slam/install/unitree_go:/home/unitree/go2slam/install/unitree_api:/home/unitree/go2slam/install/go2_slam:/home/unitree/go2slam/install/go2_perception:/home/unitree/go2slam/install/go2_description:${AMENT_PREFIX_PATH} CMAKE_PREFIX_PATH=/home/unitree/go2slam/install/go2_driver:/home/unitree/go2slam/install/go2_twist_bridge:/home/unitree/go2slam/install/unitree_go:/home/unitree/go2slam/install/unitree_api:/home/unitree/go2slam/install/go2_slam:/home/unitree/go2slam/install/go2_perception:/home/unitree/go2slam/install/go2_description:/opt/ros/jazzy/opt/gz_sim_vendor:/opt/ros/jazzy/opt/gz_sensors_vendor:/opt/ros/jazzy/opt/gz_physics_vendor:/opt/ros/jazzy/opt/sdformat_vendor:/opt/ros/jazzy/opt/gz_gui_vendor:/opt/ros/jazzy/opt/gz_transport_vendor:/opt/ros/jazzy/opt/gz_rendering_vendor:/opt/ros/jazzy/opt/gz_plugin_vendor:/opt/ros/jazzy/opt/gz_fuel_tools_vendor:/opt/ros/jazzy/opt/gz_msgs_vendor:/opt/ros/jazzy/opt/gz_common_vendor:/opt/ros/jazzy/opt/gz_math_vendor:/opt/ros/jazzy/opt/gz_utils_vendor:/opt/ros/jazzy/opt/gz_tools_vendor:/opt/ros/jazzy/opt/gz_ogre_next_vendor:/opt/ros/jazzy/opt/gz_dartsim_vendor:/opt/ros/jazzy/opt/gz_cmake_vendor:/opt/ros/jazzy LD_LIBRARY_PATH=/home/unitree/go2slam/install/unitree_go/lib:/home/unitree/go2slam/install/unitree_api/lib:/home/unitree/go2slam/install/go2_perception/lib:${LD_LIBRARY_PATH} PYTHONPATH=/home/unitree/go2slam/install/unitree_go/lib/python3.12/site-packages:/home/unitree/go2slam/install/unitree_api/lib/python3.12/site-packages:${PYTHONPATH} /usr/bin/cmake --build /home/unitree/go2slam/build/go2_core -- -j6 -l6
[1.682s] Invoking command in '/home/unitree/go2slam/build/go2_core': AMENT_PREFIX_PATH=/home/unitree/go2slam/install/go2_driver:/home/unitree/go2slam/install/go2_twist_bridge:/home/unitree/go2slam/install/unitree_go:/home/unitree/go2slam/install/unitree_api:/home/unitree/go2slam/install/go2_slam:/home/unitree/go2slam/install/go2_perception:/home/unitree/go2slam/install/go2_description:${AMENT_PREFIX_PATH} CMAKE_PREFIX_PATH=/home/unitree/go2slam/install/go2_driver:/home/unitree/go2slam/install/go2_twist_bridge:/home/unitree/go2slam/install/unitree_go:/home/unitree/go2slam/install/unitree_api:/home/unitree/go2slam/install/go2_slam:/home/unitree/go2slam/install/go2_perception:/home/unitree/go2slam/install/go2_description:/opt/ros/jazzy/opt/gz_sim_vendor:/opt/ros/jazzy/opt/gz_sensors_vendor:/opt/ros/jazzy/opt/gz_physics_vendor:/opt/ros/jazzy/opt/sdformat_vendor:/opt/ros/jazzy/opt/gz_gui_vendor:/opt/ros/jazzy/opt/gz_transport_vendor:/opt/ros/jazzy/opt/gz_rendering_vendor:/opt/ros/jazzy/opt/gz_plugin_vendor:/opt/ros/jazzy/opt/gz_fuel_tools_vendor:/opt/ros/jazzy/opt/gz_msgs_vendor:/opt/ros/jazzy/opt/gz_common_vendor:/opt/ros/jazzy/opt/gz_math_vendor:/opt/ros/jazzy/opt/gz_utils_vendor:/opt/ros/jazzy/opt/gz_tools_vendor:/opt/ros/jazzy/opt/gz_ogre_next_vendor:/opt/ros/jazzy/opt/gz_dartsim_vendor:/opt/ros/jazzy/opt/gz_cmake_vendor:/opt/ros/jazzy LD_LIBRARY_PATH=/home/unitree/go2slam/install/unitree_go/lib:/home/unitree/go2slam/install/unitree_api/lib:/home/unitree/go2slam/install/go2_perception/lib:${LD_LIBRARY_PATH} PYTHONPATH=/home/unitree/go2slam/install/unitree_go/lib/python3.12/site-packages:/home/unitree/go2slam/install/unitree_api/lib/python3.12/site-packages:${PYTHONPATH} /usr/bin/cmake --install /home/unitree/go2slam/build/go2_core
[1.702s] -- Install configuration: ""
[1.702s] -- Up-to-date: /home/unitree/go2slam/install/go2_core/share/go2_core/launch
[1.702s] -- Up-to-date: /home/unitree/go2slam/install/go2_core/share/go2_core/launch/__pycache__
[1.702s] -- Installing: /home/unitree/go2slam/install/go2_core/share/go2_core/launch/__pycache__/go2_start.launch.cpython-312.pyc
[1.703s] -- Installing: /home/unitree/go2slam/install/go2_core/share/go2_core/launch/go2_robot_localization.launch.py
[1.703s] -- Installing: /home/unitree/go2slam/install/go2_core/share/go2_core/launch/go2_start.launch.py
[1.703s] -- Up-to-date: /home/unitree/go2slam/install/go2_core/share/go2_core/rviz2
[1.703s] -- Installing: /home/unitree/go2slam/install/go2_core/share/go2_core/rviz2/display.rviz
[1.704s] -- Up-to-date: /home/unitree/go2slam/install/go2_core/share/go2_core/config
[1.704s] -- Up-to-date: /home/unitree/go2slam/install/go2_core/share/go2_core/config/go2_ekf_params.yaml
[1.704s] -- Up-to-date: /home/unitree/go2slam/install/go2_core/share/ament_index/resource_index/package_run_dependencies/go2_core
[1.704s] -- Installing: /home/unitree/go2slam/install/go2_core/share/ament_index/resource_index/parent_prefix_path/go2_core
[1.704s] -- Installing: /home/unitree/go2slam/install/go2_core/share/go2_core/environment/ament_prefix_path.sh
[1.705s] -- Up-to-date: /home/unitree/go2slam/install/go2_core/share/go2_core/environment/ament_prefix_path.dsv
[1.705s] -- Installing: /home/unitree/go2slam/install/go2_core/share/go2_core/environment/path.sh
[1.705s] -- Up-to-date: /home/unitree/go2slam/install/go2_core/share/go2_core/environment/path.dsv
[1.706s] -- Up-to-date: /home/unitree/go2slam/install/go2_core/share/go2_core/local_setup.bash
[1.706s] -- Up-to-date: /home/unitree/go2slam/install/go2_core/share/go2_core/local_setup.sh
[1.706s] -- Up-to-date: /home/unitree/go2slam/install/go2_core/share/go2_core/local_setup.zsh
[1.706s] -- Up-to-date: /home/unitree/go2slam/install/go2_core/share/go2_core/local_setup.dsv
[1.706s] -- Up-to-date: /home/unitree/go2slam/install/go2_core/share/go2_core/package.dsv
[1.706s] -- Up-to-date: /home/unitree/go2slam/install/go2_core/share/ament_index/resource_index/packages/go2_core
[1.707s] -- Up-to-date: /home/unitree/go2slam/install/go2_core/share/go2_core/cmake/go2_coreConfig.cmake
[1.707s] -- Up-to-date: /home/unitree/go2slam/install/go2_core/share/go2_core/cmake/go2_coreConfig-version.cmake
[1.707s] -- Installing: /home/unitree/go2slam/install/go2_core/share/go2_core/package.xml
[1.710s] Invoked command in '/home/unitree/go2slam/build/go2_core' returned '0': AMENT_PREFIX_PATH=/home/unitree/go2slam/install/go2_driver:/home/unitree/go2slam/install/go2_twist_bridge:/home/unitree/go2slam/install/unitree_go:/home/unitree/go2slam/install/unitree_api:/home/unitree/go2slam/install/go2_slam:/home/unitree/go2slam/install/go2_perception:/home/unitree/go2slam/install/go2_description:${AMENT_PREFIX_PATH} CMAKE_PREFIX_PATH=/home/unitree/go2slam/install/go2_driver:/home/unitree/go2slam/install/go2_twist_bridge:/home/unitree/go2slam/install/unitree_go:/home/unitree/go2slam/install/unitree_api:/home/unitree/go2slam/install/go2_slam:/home/unitree/go2slam/install/go2_perception:/home/unitree/go2slam/install/go2_description:/opt/ros/jazzy/opt/gz_sim_vendor:/opt/ros/jazzy/opt/gz_sensors_vendor:/opt/ros/jazzy/opt/gz_physics_vendor:/opt/ros/jazzy/opt/sdformat_vendor:/opt/ros/jazzy/opt/gz_gui_vendor:/opt/ros/jazzy/opt/gz_transport_vendor:/opt/ros/jazzy/opt/gz_rendering_vendor:/opt/ros/jazzy/opt/gz_plugin_vendor:/opt/ros/jazzy/opt/gz_fuel_tools_vendor:/opt/ros/jazzy/opt/gz_msgs_vendor:/opt/ros/jazzy/opt/gz_common_vendor:/opt/ros/jazzy/opt/gz_math_vendor:/opt/ros/jazzy/opt/gz_utils_vendor:/opt/ros/jazzy/opt/gz_tools_vendor:/opt/ros/jazzy/opt/gz_ogre_next_vendor:/opt/ros/jazzy/opt/gz_dartsim_vendor:/opt/ros/jazzy/opt/gz_cmake_vendor:/opt/ros/jazzy LD_LIBRARY_PATH=/home/unitree/go2slam/install/unitree_go/lib:/home/unitree/go2slam/install/unitree_api/lib:/home/unitree/go2slam/install/go2_perception/lib:${LD_LIBRARY_PATH} PYTHONPATH=/home/unitree/go2slam/install/unitree_go/lib/python3.12/site-packages:/home/unitree/go2slam/install/unitree_api/lib/python3.12/site-packages:${PYTHONPATH} /usr/bin/cmake --install /home/unitree/go2slam/build/go2_core
