-- Found ament_cmake: 2.5.6 (/opt/ros/jazzy/share/ament_cmake/cmake)
-- Found rclcpp: 28.1.18 (/opt/ros/jazzy/share/rclcpp/cmake)
-- Found rosidl_generator_c: 4.6.7 (/opt/ros/jazzy/share/rosidl_generator_c/cmake)
-- Found rosidl_generator_cpp: 4.6.7 (/opt/ros/jazzy/share/rosidl_generator_cpp/cmake)
-- Using all available rosidl_typesupport_c: rosidl_typesupport_fastrtps_c;rosidl_typesupport_introspection_c
-- Using all available rosidl_typesupport_cpp: rosidl_typesupport_fastrtps_cpp;rosidl_typesupport_introspection_cpp
-- Found rmw_implementation_cmake: 7.3.3 (/opt/ros/jazzy/share/rmw_implementation_cmake/cmake)
-- Found rmw_fastrtps_cpp: 8.4.3 (/opt/ros/jazzy/share/rmw_fastrtps_cpp/cmake)
-- Using RMW implementation 'rmw_fastrtps_cpp' as default
-- Found rclcpp_lifecycle: 28.1.18 (/opt/ros/jazzy/share/rclcpp_lifecycle/cmake)
-- Found unitree_go: 0.0.0 (/home/unitree/unitree_ros2/install/unitree_go/share/unitree_go/cmake)
-- Found unitree_api: 0.0.0 (/home/unitree/unitree_ros2/install/unitree_api/share/unitree_api/cmake)
-- Found nav_msgs: 5.3.7 (/opt/ros/jazzy/share/nav_msgs/cmake)
-- Found sensor_msgs: 5.3.7 (/opt/ros/jazzy/share/sensor_msgs/cmake)
-- Found nav2_core: 1.3.11 (/opt/ros/jazzy/share/nav2_core/cmake)
-- Found eigen3_cmake_module: 0.3.0 (/opt/ros/jazzy/share/eigen3_cmake_module/cmake)
-- Ensuring Eigen3 include directory is part of orocos-kdl CMake target
-- Found pcl_conversions: 2.6.4 (/opt/ros/jazzy/share/pcl_conversions/cmake)
-- Found flann version 1.9.2
-- OpenNI found (version: 1.5.4.0, include: /usr/include/ni, lib: /usr/lib/libOpenNI.so;libusb::libusb)
-- OpenNI2 found (version: 2.2.0.33, include: /usr/include/openni2, lib: /usr/lib/aarch64-linux-gnu/libOpenNI2.so;libusb::libusb)
-- Could NOT find Pcap (missing: PCAP_LIBRARIES PCAP_INCLUDE_DIRS) 
-- OpenNI found (version: 1.5.4.0, include: /usr/include/ni, lib: /usr/lib/libOpenNI.so;libusb::libusb)
-- OpenNI2 found (version: 2.2.0.33, include: /usr/include/openni2, lib: /usr/lib/aarch64-linux-gnu/libOpenNI2.so;libusb::libusb)
-- Found Qhull version 8.0.2
-- OpenNI found (version: 1.5.4.0, include: /usr/include/ni, lib: /usr/lib/libOpenNI.so;libusb::libusb)
-- Found ament_cmake_gtest: 2.5.6 (/opt/ros/jazzy/share/ament_cmake_gtest/cmake)
-- Found ament_lint_auto: 0.17.5 (/opt/ros/jazzy/share/ament_lint_auto/cmake)
-- Found gtest sources under '/opt/ros/jazzy/src/gtest_vendor': C++ tests using 'Google Test' will be built
-- Added test 'cppcheck' to perform static code analysis on C / C++ code
-- Configured cppcheck include dirs: $<BUILD_INTERFACE:/home/unitree/go2slam/src/go2_navigation2/include>
-- Configured cppcheck exclude dirs and/or files: 
-- Added test 'flake8' to check Python code syntax and style conventions
-- Configured 'flake8' exclude dirs and/or files: 
-- Added test 'lint_cmake' to check CMake code style
-- Added test 'pep257' to check Python code against some of the docstring style conventions in PEP 257
-- Added test 'uncrustify' to check C / C++ code style
-- Configured uncrustify additional arguments: 
-- Added test 'xmllint' to check XML markup files
-- Configuring done (6.5s)
-- Generating done (0.2s)
-- Build files have been written to: /home/unitree/go2slam/build/go2_navigation2
[  6%] Building CXX object CMakeFiles/navigation.dir/src/navigation.cpp.o
[ 18%] Built target initial_pose_spin_relocalizer
[ 31%] Built target front_align_cmd_vel_gate
[ 43%] Built target pcd_initial_pose_publisher
[ 56%] Built target climb_stairs_task
[ 68%] Built target gtest_main
[ 75%] Linking CXX executable navigation
[ 87%] Built target gtest
[100%] Built target test_pcd_initial_pose_utils
[100%] Built target navigation
-- Install configuration: ""
-- Installing: /home/unitree/go2slam/install/go2_navigation2/share/go2_navigation2/climb_stairs_plugin.xml
-- Installing: /home/unitree/go2slam/install/go2_navigation2/lib/go2_navigation2/navigation
-- Set non-toolchain portion of runtime path of "/home/unitree/go2slam/install/go2_navigation2/lib/go2_navigation2/navigation" to ""
-- Up-to-date: /home/unitree/go2slam/install/go2_navigation2/lib/go2_navigation2/front_align_cmd_vel_gate
-- Up-to-date: /home/unitree/go2slam/install/go2_navigation2/lib/go2_navigation2/pcd_initial_pose_publisher
-- Up-to-date: /home/unitree/go2slam/install/go2_navigation2/lib/go2_navigation2/initial_pose_spin_relocalizer
-- Up-to-date: /home/unitree/go2slam/install/go2_navigation2/lib/go2_navigation2/libclimb_stairs_task.so
-- Up-to-date: /home/unitree/go2slam/install/go2_navigation2/share/go2_navigation2/launch
-- Installing: /home/unitree/go2slam/install/go2_navigation2/share/go2_navigation2/launch/go2_nav2.launch.py
-- Up-to-date: /home/unitree/go2slam/install/go2_navigation2/share/go2_navigation2/launch/__pycache__
-- Installing: /home/unitree/go2slam/install/go2_navigation2/share/go2_navigation2/launch/__pycache__/go2_nav2.launch.cpython-312.pyc
-- Up-to-date: /home/unitree/go2slam/install/go2_navigation2/share/go2_navigation2/config
-- Installing: /home/unitree/go2slam/install/go2_navigation2/share/go2_navigation2/config/stairs_waypoints.yaml
-- Installing: /home/unitree/go2slam/install/go2_navigation2/share/go2_navigation2/config/nav2_params.yaml
-- Up-to-date: /home/unitree/go2slam/install/go2_navigation2/share/go2_navigation2/rviz
-- Installing: /home/unitree/go2slam/install/go2_navigation2/share/go2_navigation2/rviz/nav2_map_view.rviz
-- Up-to-date: /home/unitree/go2slam/install/go2_navigation2/share/ament_index/resource_index/package_run_dependencies/go2_navigation2
-- Installing: /home/unitree/go2slam/install/go2_navigation2/share/ament_index/resource_index/parent_prefix_path/go2_navigation2
-- Installing: /home/unitree/go2slam/install/go2_navigation2/share/go2_navigation2/environment/ament_prefix_path.sh
-- Up-to-date: /home/unitree/go2slam/install/go2_navigation2/share/go2_navigation2/environment/ament_prefix_path.dsv
-- Installing: /home/unitree/go2slam/install/go2_navigation2/share/go2_navigation2/environment/path.sh
-- Up-to-date: /home/unitree/go2slam/install/go2_navigation2/share/go2_navigation2/environment/path.dsv
-- Up-to-date: /home/unitree/go2slam/install/go2_navigation2/share/go2_navigation2/local_setup.bash
-- Up-to-date: /home/unitree/go2slam/install/go2_navigation2/share/go2_navigation2/local_setup.sh
-- Up-to-date: /home/unitree/go2slam/install/go2_navigation2/share/go2_navigation2/local_setup.zsh
-- Up-to-date: /home/unitree/go2slam/install/go2_navigation2/share/go2_navigation2/local_setup.dsv
-- Up-to-date: /home/unitree/go2slam/install/go2_navigation2/share/go2_navigation2/package.dsv
-- Up-to-date: /home/unitree/go2slam/install/go2_navigation2/share/ament_index/resource_index/packages/go2_navigation2
-- Up-to-date: /home/unitree/go2slam/install/go2_navigation2/share/ament_index/resource_index/nav2_core__pluginlib__plugin/go2_navigation2
-- Up-to-date: /home/unitree/go2slam/install/go2_navigation2/share/go2_navigation2/cmake/go2_navigation2Config.cmake
-- Up-to-date: /home/unitree/go2slam/install/go2_navigation2/share/go2_navigation2/cmake/go2_navigation2Config-version.cmake
-- Installing: /home/unitree/go2slam/install/go2_navigation2/share/go2_navigation2/package.xml
