[0.067s] Invoking command in '/home/unitree/go2slam/unitree_ros2/build/unitree_hg': CMAKE_PREFIX_PATH=${CMAKE_PREFIX_PATH}:/opt/ros/jazzy /usr/bin/cmake /home/unitree/go2slam/unitree_ros2/cyclonedds_ws/src/unitree/unitree_hg -DCMAKE_INSTALL_PREFIX=/home/unitree/go2slam/unitree_ros2/install/unitree_hg
[0.189s] -- The C compiler identification is GNU 13.3.0
[0.313s] -- The CXX compiler identification is GNU 13.3.0
[0.350s] -- Detecting C compiler ABI info
[0.567s] -- Detecting C compiler ABI info - done
[0.586s] -- Check for working C compiler: /usr/bin/cc - skipped
[0.587s] -- Detecting C compile features
[0.588s] -- Detecting C compile features - done
[0.627s] -- Detecting CXX compiler ABI info
[0.874s] -- Detecting CXX compiler ABI info - done
[0.889s] -- Check for working CXX compiler: /usr/bin/c++ - skipped
[0.890s] -- Detecting CXX compile features
[0.891s] -- Detecting CXX compile features - done
[0.905s] -- Found ament_cmake: 2.5.6 (/opt/ros/jazzy/share/ament_cmake/cmake)
[1.262s] -- Found Python3: /usr/bin/python3 (found version "3.12.3") found components: Interpreter 
[1.642s] -- Found geometry_msgs: 5.3.7 (/opt/ros/jazzy/share/geometry_msgs/cmake)
[1.817s] -- Found rosidl_generator_c: 4.6.7 (/opt/ros/jazzy/share/rosidl_generator_c/cmake)
[1.866s] -- Found rosidl_generator_cpp: 4.6.7 (/opt/ros/jazzy/share/rosidl_generator_cpp/cmake)
[1.926s] -- Using all available rosidl_typesupport_c: rosidl_typesupport_fastrtps_c;rosidl_typesupport_introspection_c
[1.992s] -- Using all available rosidl_typesupport_cpp: rosidl_typesupport_fastrtps_cpp;rosidl_typesupport_introspection_cpp
[2.121s] -- Found rosidl_default_generators: 1.6.0 (/opt/ros/jazzy/share/rosidl_default_generators/cmake)
[2.201s] -- Found rosidl_adapter: 4.6.7 (/opt/ros/jazzy/share/rosidl_adapter/cmake)
[2.215s] -- Found rosidl_generator_dds_idl: 0.11.1 (/opt/ros/jazzy/share/rosidl_generator_dds_idl/cmake)
[3.565s] -- Found ament_cmake_ros: 0.12.0 (/opt/ros/jazzy/share/ament_cmake_ros/cmake)
[5.225s] -- Using all available rosidl_typesupport_c: rosidl_typesupport_fastrtps_c;rosidl_typesupport_introspection_c
[5.874s] -- Using all available rosidl_typesupport_cpp: rosidl_typesupport_fastrtps_cpp;rosidl_typesupport_introspection_cpp
[5.886s] -- Found python_cmake_module: 0.11.1 (/opt/ros/jazzy/share/python_cmake_module/cmake)
[6.149s] -- Found PythonExtra: /usr/bin/python3  
[7.178s] -- Found Python3: /usr/bin/python3 (found version "3.12.3") found components: Interpreter Development NumPy Development.Module Development.Embed 
[7.419s] -- Found Python3: /usr/bin/python3 (found version "3.12.3") found components: Interpreter 
[7.500s] -- Found ament_lint_auto: 0.17.5 (/opt/ros/jazzy/share/ament_lint_auto/cmake)
[7.610s] -- Added test 'copyright' to check source files copyright and LICENSE
[7.615s] -- Added test 'lint_cmake' to check CMake code style
[7.621s] -- Added test 'xmllint' to check XML markup files
[7.629s] -- Configuring done (7.5s)
[7.791s] -- Generating done (0.1s)
[7.822s] -- Build files have been written to: /home/unitree/go2slam/unitree_ros2/build/unitree_hg
[7.852s] Invoked command in '/home/unitree/go2slam/unitree_ros2/build/unitree_hg' returned '0': CMAKE_PREFIX_PATH=${CMAKE_PREFIX_PATH}:/opt/ros/jazzy /usr/bin/cmake /home/unitree/go2slam/unitree_ros2/cyclonedds_ws/src/unitree/unitree_hg -DCMAKE_INSTALL_PREFIX=/home/unitree/go2slam/unitree_ros2/install/unitree_hg
[7.853s] Invoking command in '/home/unitree/go2slam/unitree_ros2/build/unitree_hg': CMAKE_PREFIX_PATH=${CMAKE_PREFIX_PATH}:/opt/ros/jazzy /usr/bin/cmake --build /home/unitree/go2slam/unitree_ros2/build/unitree_hg -- -j6 -l6
[8.066s] [  1%] [34m[1mGenerating Rust code for ROS interfaces[0m
[8.134s] [  2%] [34m[1mGenerating DDS interfaces[0m
[8.136s] [  3%] [34m[1mGenerating type hashes for ROS interfaces[0m
[8.176s] [  3%] Built target ament_cmake_python_copy_unitree_hg
[9.669s] running egg_info
[9.681s] creating unitree_hg.egg-info
[9.840s] writing unitree_hg.egg-info/PKG-INFO
[9.841s] writing dependency_links to unitree_hg.egg-info/dependency_links.txt
[9.841s] writing top-level names to unitree_hg.egg-info/top_level.txt
[9.849s] writing manifest file 'unitree_hg.egg-info/SOURCES.txt'
[10.171s] reading manifest file 'unitree_hg.egg-info/SOURCES.txt'
[10.172s] writing manifest file 'unitree_hg.egg-info/SOURCES.txt'
[10.243s] [  3%] Built target unitree_hg__rs
[10.436s] [  3%] Built target ament_cmake_python_build_unitree_hg_egg
[11.491s] [  3%] Built target unitree_hg__rosidl_generator_type_description
[11.706s] [  3%] Built target unitree_hg__dds_connext_idl
[11.863s] [  3%] [34m[1mGenerating C++ code for ROS interfaces[0m
[14.613s] [  3%] Built target unitree_hg__cpp
[14.638s] [  3%] [34m[1mGenerating C code for ROS interfaces[0m
[18.148s] [  4%] [32mBuilding C object CMakeFiles/unitree_hg__rosidl_generator_c.dir/rosidl_generator_c/unitree_hg/msg/detail/bms_cmd__description.c.o[0m
[18.238s] [  5%] [32mBuilding C object CMakeFiles/unitree_hg__rosidl_generator_c.dir/rosidl_generator_c/unitree_hg/msg/detail/bms_state__type_support.c.o[0m
[18.321s] [  6%] [32mBuilding C object CMakeFiles/unitree_hg__rosidl_generator_c.dir/rosidl_generator_c/unitree_hg/msg/detail/hand_cmd__description.c.o[0m
[18.410s] [  6%] [32mBuilding C object CMakeFiles/unitree_hg__rosidl_generator_c.dir/rosidl_generator_c/unitree_hg/msg/detail/hand_cmd__functions.c.o[0m
[18.529s] [  7%] [32mBuilding C object CMakeFiles/unitree_hg__rosidl_generator_c.dir/rosidl_generator_c/unitree_hg/msg/detail/hand_cmd__type_support.c.o[0m
[18.608s] [  8%] [32mBuilding C object CMakeFiles/unitree_hg__rosidl_generator_c.dir/rosidl_generator_c/unitree_hg/msg/detail/hand_state__description.c.o[0m
[18.701s] [  9%] [32mBuilding C object CMakeFiles/unitree_hg__rosidl_generator_c.dir/rosidl_generator_c/unitree_hg/msg/detail/hand_state__functions.c.o[0m
[18.815s] [  9%] [32mBuilding C object CMakeFiles/unitree_hg__rosidl_generator_c.dir/rosidl_generator_c/unitree_hg/msg/detail/hand_state__type_support.c.o[0m
[18.896s] [ 10%] [32mBuilding C object CMakeFiles/unitree_hg__rosidl_generator_c.dir/rosidl_generator_c/unitree_hg/msg/detail/imu_state__description.c.o[0m
[18.991s] [ 11%] [32mBuilding C object CMakeFiles/unitree_hg__rosidl_generator_c.dir/rosidl_generator_c/unitree_hg/msg/detail/imu_state__functions.c.o[0m
[19.107s] [ 11%] [32mBuilding C object CMakeFiles/unitree_hg__rosidl_generator_c.dir/rosidl_generator_c/unitree_hg/msg/detail/imu_state__type_support.c.o[0m
[19.185s] [ 12%] [32mBuilding C object CMakeFiles/unitree_hg__rosidl_generator_c.dir/rosidl_generator_c/unitree_hg/msg/detail/low_cmd__description.c.o[0m
[19.279s] [ 13%] [32mBuilding C object CMakeFiles/unitree_hg__rosidl_generator_c.dir/rosidl_generator_c/unitree_hg/msg/detail/low_cmd__functions.c.o[0m
[19.394s] [ 14%] [32mBuilding C object CMakeFiles/unitree_hg__rosidl_generator_c.dir/rosidl_generator_c/unitree_hg/msg/detail/low_cmd__type_support.c.o[0m
[19.472s] [ 14%] [32mBuilding C object CMakeFiles/unitree_hg__rosidl_generator_c.dir/rosidl_generator_c/unitree_hg/msg/detail/low_state__description.c.o[0m
[19.566s] [ 15%] [32mBuilding C object CMakeFiles/unitree_hg__rosidl_generator_c.dir/rosidl_generator_c/unitree_hg/msg/detail/low_state__functions.c.o[0m
[19.697s] [ 16%] [32mBuilding C object CMakeFiles/unitree_hg__rosidl_generator_c.dir/rosidl_generator_c/unitree_hg/msg/detail/low_state__type_support.c.o[0m
[19.778s] [ 17%] [32mBuilding C object CMakeFiles/unitree_hg__rosidl_generator_c.dir/rosidl_generator_c/unitree_hg/msg/detail/main_board_state__description.c.o[0m
[19.866s] [ 17%] [32mBuilding C object CMakeFiles/unitree_hg__rosidl_generator_c.dir/rosidl_generator_c/unitree_hg/msg/detail/main_board_state__functions.c.o[0m
[19.989s] [ 18%] [32mBuilding C object CMakeFiles/unitree_hg__rosidl_generator_c.dir/rosidl_generator_c/unitree_hg/msg/detail/main_board_state__type_support.c.o[0m
[20.070s] [ 19%] [32mBuilding C object CMakeFiles/unitree_hg__rosidl_generator_c.dir/rosidl_generator_c/unitree_hg/msg/detail/motor_cmd__description.c.o[0m
[20.161s] [ 20%] [32mBuilding C object CMakeFiles/unitree_hg__rosidl_generator_c.dir/rosidl_generator_c/unitree_hg/msg/detail/motor_cmd__functions.c.o[0m
[20.279s] [ 20%] [32mBuilding C object CMakeFiles/unitree_hg__rosidl_generator_c.dir/rosidl_generator_c/unitree_hg/msg/detail/motor_cmd__type_support.c.o[0m
[20.360s] [ 21%] [32mBuilding C object CMakeFiles/unitree_hg__rosidl_generator_c.dir/rosidl_generator_c/unitree_hg/msg/detail/motor_state__description.c.o[0m
[20.447s] [ 22%] [32mBuilding C object CMakeFiles/unitree_hg__rosidl_generator_c.dir/rosidl_generator_c/unitree_hg/msg/detail/motor_state__functions.c.o[0m
[20.561s] [ 23%] [32mBuilding C object CMakeFiles/unitree_hg__rosidl_generator_c.dir/rosidl_generator_c/unitree_hg/msg/detail/motor_state__type_support.c.o[0m
[20.638s] [ 23%] [32mBuilding C object CMakeFiles/unitree_hg__rosidl_generator_c.dir/rosidl_generator_c/unitree_hg/msg/detail/press_sensor_state__description.c.o[0m
[20.727s] [ 24%] [32mBuilding C object CMakeFiles/unitree_hg__rosidl_generator_c.dir/rosidl_generator_c/unitree_hg/msg/detail/press_sensor_state__functions.c.o[0m
[20.849s] [ 25%] [32mBuilding C object CMakeFiles/unitree_hg__rosidl_generator_c.dir/rosidl_generator_c/unitree_hg/msg/detail/press_sensor_state__type_support.c.o[0m
[20.937s] [ 26%] [32mBuilding C object CMakeFiles/unitree_hg__rosidl_generator_c.dir/rosidl_generator_c/unitree_hg/msg/detail/bms_state__functions.c.o[0m
[21.067s] [ 26%] [32mBuilding C object CMakeFiles/unitree_hg__rosidl_generator_c.dir/rosidl_generator_c/unitree_hg/msg/detail/bms_state__description.c.o[0m
[21.158s] [ 27%] [32mBuilding C object CMakeFiles/unitree_hg__rosidl_generator_c.dir/rosidl_generator_c/unitree_hg/msg/detail/bms_cmd__type_support.c.o[0m
[21.232s] [ 28%] [32mBuilding C object CMakeFiles/unitree_hg__rosidl_generator_c.dir/rosidl_generator_c/unitree_hg/msg/detail/bms_cmd__functions.c.o[0m
[21.350s] [ 28%] [32m[1mLinking C shared library libunitree_hg__rosidl_generator_c.so[0m
[21.445s] [ 28%] Built target unitree_hg__rosidl_generator_c
[21.473s] [ 29%] [34m[1mGenerating C type support for eProsima Fast-RTPS[0m
[23.723s] [ 30%] [32mBuilding CXX object CMakeFiles/unitree_hg__rosidl_typesupport_fastrtps_c.dir/rosidl_typesupport_fastrtps_c/unitree_hg/msg/detail/bms_cmd__type_support_c.cpp.o[0m
[24.813s] [ 30%] [32mBuilding CXX object CMakeFiles/unitree_hg__rosidl_typesupport_fastrtps_c.dir/rosidl_typesupport_fastrtps_c/unitree_hg/msg/detail/bms_state__type_support_c.cpp.o[0m
[25.869s] [ 31%] [32mBuilding CXX object CMakeFiles/unitree_hg__rosidl_typesupport_fastrtps_c.dir/rosidl_typesupport_fastrtps_c/unitree_hg/msg/detail/hand_cmd__type_support_c.cpp.o[0m
[26.958s] [ 32%] [32mBuilding CXX object CMakeFiles/unitree_hg__rosidl_typesupport_fastrtps_c.dir/rosidl_typesupport_fastrtps_c/unitree_hg/msg/detail/hand_state__type_support_c.cpp.o[0m
[28.079s] [ 33%] [32mBuilding CXX object CMakeFiles/unitree_hg__rosidl_typesupport_fastrtps_c.dir/rosidl_typesupport_fastrtps_c/unitree_hg/msg/detail/imu_state__type_support_c.cpp.o[0m
[29.160s] [ 33%] [32mBuilding CXX object CMakeFiles/unitree_hg__rosidl_typesupport_fastrtps_c.dir/rosidl_typesupport_fastrtps_c/unitree_hg/msg/detail/low_cmd__type_support_c.cpp.o[0m
[30.222s] [ 34%] [32mBuilding CXX object CMakeFiles/unitree_hg__rosidl_typesupport_fastrtps_c.dir/rosidl_typesupport_fastrtps_c/unitree_hg/msg/detail/low_state__type_support_c.cpp.o[0m
[31.261s] [ 35%] [32mBuilding CXX object CMakeFiles/unitree_hg__rosidl_typesupport_fastrtps_c.dir/rosidl_typesupport_fastrtps_c/unitree_hg/msg/detail/main_board_state__type_support_c.cpp.o[0m
[32.278s] [ 35%] [32mBuilding CXX object CMakeFiles/unitree_hg__rosidl_typesupport_fastrtps_c.dir/rosidl_typesupport_fastrtps_c/unitree_hg/msg/detail/motor_cmd__type_support_c.cpp.o[0m
[33.388s] [ 36%] [32mBuilding CXX object CMakeFiles/unitree_hg__rosidl_typesupport_fastrtps_c.dir/rosidl_typesupport_fastrtps_c/unitree_hg/msg/detail/motor_state__type_support_c.cpp.o[0m
[34.483s] [ 37%] [32mBuilding CXX object CMakeFiles/unitree_hg__rosidl_typesupport_fastrtps_c.dir/rosidl_typesupport_fastrtps_c/unitree_hg/msg/detail/press_sensor_state__type_support_c.cpp.o[0m
[35.504s] [ 38%] [32m[1mLinking CXX shared library libunitree_hg__rosidl_typesupport_fastrtps_c.so[0m
[35.615s] [ 38%] Built target unitree_hg__rosidl_typesupport_fastrtps_c
[35.639s] [ 38%] [34m[1mGenerating C++ type support dispatch for ROS interfaces[0m
[36.954s] [ 39%] [32mBuilding CXX object CMakeFiles/unitree_hg__rosidl_typesupport_cpp.dir/rosidl_typesupport_cpp/unitree_hg/msg/bms_cmd__type_support.cpp.o[0m
[37.711s] [ 40%] [32mBuilding CXX object CMakeFiles/unitree_hg__rosidl_typesupport_cpp.dir/rosidl_typesupport_cpp/unitree_hg/msg/bms_state__type_support.cpp.o[0m
[38.451s] [ 41%] [32mBuilding CXX object CMakeFiles/unitree_hg__rosidl_typesupport_cpp.dir/rosidl_typesupport_cpp/unitree_hg/msg/hand_cmd__type_support.cpp.o[0m
[39.198s] [ 41%] [32mBuilding CXX object CMakeFiles/unitree_hg__rosidl_typesupport_cpp.dir/rosidl_typesupport_cpp/unitree_hg/msg/hand_state__type_support.cpp.o[0m
[39.897s] [ 42%] [32mBuilding CXX object CMakeFiles/unitree_hg__rosidl_typesupport_cpp.dir/rosidl_typesupport_cpp/unitree_hg/msg/imu_state__type_support.cpp.o[0m
[40.654s] [ 43%] [32mBuilding CXX object CMakeFiles/unitree_hg__rosidl_typesupport_cpp.dir/rosidl_typesupport_cpp/unitree_hg/msg/low_cmd__type_support.cpp.o[0m
[41.391s] [ 43%] [32mBuilding CXX object CMakeFiles/unitree_hg__rosidl_typesupport_cpp.dir/rosidl_typesupport_cpp/unitree_hg/msg/low_state__type_support.cpp.o[0m
[42.116s] [ 44%] [32mBuilding CXX object CMakeFiles/unitree_hg__rosidl_typesupport_cpp.dir/rosidl_typesupport_cpp/unitree_hg/msg/main_board_state__type_support.cpp.o[0m
[42.861s] [ 45%] [32mBuilding CXX object CMakeFiles/unitree_hg__rosidl_typesupport_cpp.dir/rosidl_typesupport_cpp/unitree_hg/msg/motor_cmd__type_support.cpp.o[0m
[43.596s] [ 46%] [32mBuilding CXX object CMakeFiles/unitree_hg__rosidl_typesupport_cpp.dir/rosidl_typesupport_cpp/unitree_hg/msg/motor_state__type_support.cpp.o[0m
[44.317s] [ 46%] [32mBuilding CXX object CMakeFiles/unitree_hg__rosidl_typesupport_cpp.dir/rosidl_typesupport_cpp/unitree_hg/msg/press_sensor_state__type_support.cpp.o[0m
[45.049s] [ 47%] [32m[1mLinking CXX shared library libunitree_hg__rosidl_typesupport_cpp.so[0m
[45.151s] [ 47%] Built target unitree_hg__rosidl_typesupport_cpp
[45.175s] [ 48%] [34m[1mGenerating C++ introspection for ROS interfaces[0m
[46.947s] [ 48%] [32mBuilding CXX object CMakeFiles/unitree_hg__rosidl_typesupport_introspection_cpp.dir/rosidl_typesupport_introspection_cpp/unitree_hg/msg/detail/bms_cmd__type_support.cpp.o[0m
[47.701s] [ 49%] [32mBuilding CXX object CMakeFiles/unitree_hg__rosidl_typesupport_introspection_cpp.dir/rosidl_typesupport_introspection_cpp/unitree_hg/msg/detail/hand_cmd__type_support.cpp.o[0m
[48.537s] [ 49%] [32mBuilding CXX object CMakeFiles/unitree_hg__rosidl_typesupport_introspection_cpp.dir/rosidl_typesupport_introspection_cpp/unitree_hg/msg/detail/hand_state__type_support.cpp.o[0m
[49.477s] [ 50%] [32mBuilding CXX object CMakeFiles/unitree_hg__rosidl_typesupport_introspection_cpp.dir/rosidl_typesupport_introspection_cpp/unitree_hg/msg/detail/imu_state__type_support.cpp.o[0m
[50.274s] [ 51%] [32mBuilding CXX object CMakeFiles/unitree_hg__rosidl_typesupport_introspection_cpp.dir/rosidl_typesupport_introspection_cpp/unitree_hg/msg/detail/low_cmd__type_support.cpp.o[0m
[51.084s] [ 52%] [32mBuilding CXX object CMakeFiles/unitree_hg__rosidl_typesupport_introspection_cpp.dir/rosidl_typesupport_introspection_cpp/unitree_hg/msg/detail/low_state__type_support.cpp.o[0m
[51.893s] [ 52%] [32mBuilding CXX object CMakeFiles/unitree_hg__rosidl_typesupport_introspection_cpp.dir/rosidl_typesupport_introspection_cpp/unitree_hg/msg/detail/main_board_state__type_support.cpp.o[0m
[52.693s] [ 53%] [32mBuilding CXX object CMakeFiles/unitree_hg__rosidl_typesupport_introspection_cpp.dir/rosidl_typesupport_introspection_cpp/unitree_hg/msg/detail/motor_cmd__type_support.cpp.o[0m
[53.389s] [ 54%] [32mBuilding CXX object CMakeFiles/unitree_hg__rosidl_typesupport_introspection_cpp.dir/rosidl_typesupport_introspection_cpp/unitree_hg/msg/detail/motor_state__type_support.cpp.o[0m
[54.132s] [ 55%] [32mBuilding CXX object CMakeFiles/unitree_hg__rosidl_typesupport_introspection_cpp.dir/rosidl_typesupport_introspection_cpp/unitree_hg/msg/detail/press_sensor_state__type_support.cpp.o[0m
[54.889s] [ 56%] [32mBuilding CXX object CMakeFiles/unitree_hg__rosidl_typesupport_introspection_cpp.dir/rosidl_typesupport_introspection_cpp/unitree_hg/msg/detail/bms_state__type_support.cpp.o[0m
[55.706s] [ 56%] [32m[1mLinking CXX shared library libunitree_hg__rosidl_typesupport_introspection_cpp.so[0m
[55.896s] [ 56%] Built target unitree_hg__rosidl_typesupport_introspection_cpp
[55.925s] [ 57%] [34m[1mGenerating C type support dispatch for ROS interfaces[0m
[57.282s] [ 57%] [32mBuilding CXX object CMakeFiles/unitree_hg__rosidl_typesupport_c.dir/rosidl_typesupport_c/unitree_hg/msg/bms_cmd__type_support.cpp.o[0m
[57.389s] [ 58%] [32mBuilding CXX object CMakeFiles/unitree_hg__rosidl_typesupport_c.dir/rosidl_typesupport_c/unitree_hg/msg/hand_state__type_support.cpp.o[0m
[57.494s] [ 58%] [32mBuilding CXX object CMakeFiles/unitree_hg__rosidl_typesupport_c.dir/rosidl_typesupport_c/unitree_hg/msg/imu_state__type_support.cpp.o[0m
[57.592s] [ 59%] [32mBuilding CXX object CMakeFiles/unitree_hg__rosidl_typesupport_c.dir/rosidl_typesupport_c/unitree_hg/msg/low_cmd__type_support.cpp.o[0m
[57.706s] [ 60%] [32mBuilding CXX object CMakeFiles/unitree_hg__rosidl_typesupport_c.dir/rosidl_typesupport_c/unitree_hg/msg/low_state__type_support.cpp.o[0m
[57.811s] [ 61%] [32mBuilding CXX object CMakeFiles/unitree_hg__rosidl_typesupport_c.dir/rosidl_typesupport_c/unitree_hg/msg/main_board_state__type_support.cpp.o[0m
[57.914s] [ 61%] [32mBuilding CXX object CMakeFiles/unitree_hg__rosidl_typesupport_c.dir/rosidl_typesupport_c/unitree_hg/msg/motor_cmd__type_support.cpp.o[0m
[58.018s] [ 62%] [32mBuilding CXX object CMakeFiles/unitree_hg__rosidl_typesupport_c.dir/rosidl_typesupport_c/unitree_hg/msg/motor_state__type_support.cpp.o[0m
[58.118s] [ 63%] [32mBuilding CXX object CMakeFiles/unitree_hg__rosidl_typesupport_c.dir/rosidl_typesupport_c/unitree_hg/msg/press_sensor_state__type_support.cpp.o[0m
[58.216s] [ 64%] [32mBuilding CXX object CMakeFiles/unitree_hg__rosidl_typesupport_c.dir/rosidl_typesupport_c/unitree_hg/msg/hand_cmd__type_support.cpp.o[0m
[58.315s] [ 65%] [32mBuilding CXX object CMakeFiles/unitree_hg__rosidl_typesupport_c.dir/rosidl_typesupport_c/unitree_hg/msg/bms_state__type_support.cpp.o[0m
[58.418s] [ 66%] [32m[1mLinking CXX shared library libunitree_hg__rosidl_typesupport_c.so[0m
[58.515s] [ 66%] Built target unitree_hg__rosidl_typesupport_c
[58.542s] [ 67%] [34m[1mGenerating C introspection for ROS interfaces[0m
[60.358s] [ 68%] [32mBuilding C object CMakeFiles/unitree_hg__rosidl_typesupport_introspection_c.dir/rosidl_typesupport_introspection_c/unitree_hg/msg/detail/bms_cmd__type_support.c.o[0m
[60.458s] [ 69%] [32mBuilding C object CMakeFiles/unitree_hg__rosidl_typesupport_introspection_c.dir/rosidl_typesupport_introspection_c/unitree_hg/msg/detail/imu_state__type_support.c.o[0m
[60.566s] [ 69%] [32mBuilding C object CMakeFiles/unitree_hg__rosidl_typesupport_introspection_c.dir/rosidl_typesupport_introspection_c/unitree_hg/msg/detail/low_cmd__type_support.c.o[0m
[60.676s] [ 70%] [32mBuilding C object CMakeFiles/unitree_hg__rosidl_typesupport_introspection_c.dir/rosidl_typesupport_introspection_c/unitree_hg/msg/detail/low_state__type_support.c.o[0m
[60.779s] [ 71%] [32mBuilding C object CMakeFiles/unitree_hg__rosidl_typesupport_introspection_c.dir/rosidl_typesupport_introspection_c/unitree_hg/msg/detail/main_board_state__type_support.c.o[0m
[60.889s] [ 72%] [32mBuilding C object CMakeFiles/unitree_hg__rosidl_typesupport_introspection_c.dir/rosidl_typesupport_introspection_c/unitree_hg/msg/detail/motor_cmd__type_support.c.o[0m
[60.982s] [ 72%] [32mBuilding C object CMakeFiles/unitree_hg__rosidl_typesupport_introspection_c.dir/rosidl_typesupport_introspection_c/unitree_hg/msg/detail/motor_state__type_support.c.o[0m
[61.082s] [ 73%] [32mBuilding C object CMakeFiles/unitree_hg__rosidl_typesupport_introspection_c.dir/rosidl_typesupport_introspection_c/unitree_hg/msg/detail/press_sensor_state__type_support.c.o[0m
[61.175s] [ 74%] [32mBuilding C object CMakeFiles/unitree_hg__rosidl_typesupport_introspection_c.dir/rosidl_typesupport_introspection_c/unitree_hg/msg/detail/hand_state__type_support.c.o[0m
[61.289s] [ 75%] [32mBuilding C object CMakeFiles/unitree_hg__rosidl_typesupport_introspection_c.dir/rosidl_typesupport_introspection_c/unitree_hg/msg/detail/hand_cmd__type_support.c.o[0m
[61.393s] [ 75%] [32mBuilding C object CMakeFiles/unitree_hg__rosidl_typesupport_introspection_c.dir/rosidl_typesupport_introspection_c/unitree_hg/msg/detail/bms_state__type_support.c.o[0m
[61.503s] [ 76%] [32m[1mLinking C shared library libunitree_hg__rosidl_typesupport_introspection_c.so[0m
[61.585s] [ 76%] Built target unitree_hg__rosidl_typesupport_introspection_c
[61.607s] [ 76%] [34m[1mGenerating C++ type support for eProsima Fast-RTPS[0m
[63.726s] [ 77%] [32mBuilding CXX object CMakeFiles/unitree_hg__rosidl_typesupport_fastrtps_cpp.dir/rosidl_typesupport_fastrtps_cpp/unitree_hg/msg/detail/dds_fastrtps/bms_cmd__type_support.cpp.o[0m
[64.804s] [ 78%] [32mBuilding CXX object CMakeFiles/unitree_hg__rosidl_typesupport_fastrtps_cpp.dir/rosidl_typesupport_fastrtps_cpp/unitree_hg/msg/detail/dds_fastrtps/low_cmd__type_support.cpp.o[0m
[65.900s] [ 79%] [32mBuilding CXX object CMakeFiles/unitree_hg__rosidl_typesupport_fastrtps_cpp.dir/rosidl_typesupport_fastrtps_cpp/unitree_hg/msg/detail/dds_fastrtps/low_state__type_support.cpp.o[0m
[67.011s] [ 79%] [32mBuilding CXX object CMakeFiles/unitree_hg__rosidl_typesupport_fastrtps_cpp.dir/rosidl_typesupport_fastrtps_cpp/unitree_hg/msg/detail/dds_fastrtps/main_board_state__type_support.cpp.o[0m
[68.156s] [ 80%] [32mBuilding CXX object CMakeFiles/unitree_hg__rosidl_typesupport_fastrtps_cpp.dir/rosidl_typesupport_fastrtps_cpp/unitree_hg/msg/detail/dds_fastrtps/motor_cmd__type_support.cpp.o[0m
[69.228s] [ 81%] [32mBuilding CXX object CMakeFiles/unitree_hg__rosidl_typesupport_fastrtps_cpp.dir/rosidl_typesupport_fastrtps_cpp/unitree_hg/msg/detail/dds_fastrtps/motor_state__type_support.cpp.o[0m
[70.376s] [ 82%] [32mBuilding CXX object CMakeFiles/unitree_hg__rosidl_typesupport_fastrtps_cpp.dir/rosidl_typesupport_fastrtps_cpp/unitree_hg/msg/detail/dds_fastrtps/press_sensor_state__type_support.cpp.o[0m
[71.478s] [ 83%] [32mBuilding CXX object CMakeFiles/unitree_hg__rosidl_typesupport_fastrtps_cpp.dir/rosidl_typesupport_fastrtps_cpp/unitree_hg/msg/detail/dds_fastrtps/imu_state__type_support.cpp.o[0m
[72.611s] [ 83%] [32mBuilding CXX object CMakeFiles/unitree_hg__rosidl_typesupport_fastrtps_cpp.dir/rosidl_typesupport_fastrtps_cpp/unitree_hg/msg/detail/dds_fastrtps/hand_state__type_support.cpp.o[0m
[73.825s] [ 84%] [32mBuilding CXX object CMakeFiles/unitree_hg__rosidl_typesupport_fastrtps_cpp.dir/rosidl_typesupport_fastrtps_cpp/unitree_hg/msg/detail/dds_fastrtps/hand_cmd__type_support.cpp.o[0m
[75.001s] [ 85%] [32mBuilding CXX object CMakeFiles/unitree_hg__rosidl_typesupport_fastrtps_cpp.dir/rosidl_typesupport_fastrtps_cpp/unitree_hg/msg/detail/dds_fastrtps/bms_state__type_support.cpp.o[0m
[76.196s] [ 85%] [32m[1mLinking CXX shared library libunitree_hg__rosidl_typesupport_fastrtps_cpp.so[0m
[76.409s] [ 85%] Built target unitree_hg__rosidl_typesupport_fastrtps_cpp
[76.461s] [ 85%] Built target unitree_hg
[76.517s] [ 86%] [34m[1mGenerating Python code for ROS interfaces[0m
[79.875s] [ 86%] Built target unitree_hg__py
[79.926s] [ 87%] [32mBuilding C object CMakeFiles/unitree_hg__rosidl_generator_py.dir/rosidl_generator_py/unitree_hg/msg/_bms_cmd_s.c.o[0m
[79.931s] [ 88%] [32mBuilding C object CMakeFiles/unitree_hg__rosidl_generator_py.dir/rosidl_generator_py/unitree_hg/msg/_bms_state_s.c.o[0m
[80.251s] [ 89%] [32mBuilding C object CMakeFiles/unitree_hg__rosidl_generator_py.dir/rosidl_generator_py/unitree_hg/msg/_low_cmd_s.c.o[0m
[80.356s] [ 90%] [32mBuilding C object CMakeFiles/unitree_hg__rosidl_generator_py.dir/rosidl_generator_py/unitree_hg/msg/_low_state_s.c.o[0m
[80.569s] [ 90%] [32mBuilding C object CMakeFiles/unitree_hg__rosidl_generator_py.dir/rosidl_generator_py/unitree_hg/msg/_main_board_state_s.c.o[0m
[80.751s] [ 91%] [32mBuilding C object CMakeFiles/unitree_hg__rosidl_generator_py.dir/rosidl_generator_py/unitree_hg/msg/_motor_cmd_s.c.o[0m
[80.897s] [ 92%] [32mBuilding C object CMakeFiles/unitree_hg__rosidl_generator_py.dir/rosidl_generator_py/unitree_hg/msg/_motor_state_s.c.o[0m
[81.090s] [ 93%] [32mBuilding C object CMakeFiles/unitree_hg__rosidl_generator_py.dir/rosidl_generator_py/unitree_hg/msg/_press_sensor_state_s.c.o[0m
[81.256s] [ 94%] [32mBuilding C object CMakeFiles/unitree_hg__rosidl_generator_py.dir/rosidl_generator_py/unitree_hg/msg/_imu_state_s.c.o[0m
[81.420s] [ 94%] [32mBuilding C object CMakeFiles/unitree_hg__rosidl_generator_py.dir/rosidl_generator_py/unitree_hg/msg/_hand_state_s.c.o[0m
[81.582s] [ 95%] [32mBuilding C object CMakeFiles/unitree_hg__rosidl_generator_py.dir/rosidl_generator_py/unitree_hg/msg/_hand_cmd_s.c.o[0m
[81.906s] [ 95%] [32m[1mLinking C shared library libunitree_hg__rosidl_generator_py.so[0m
[82.022s] [ 95%] Built target unitree_hg__rosidl_generator_py
[82.110s] [ 95%] [32mBuilding C object CMakeFiles/unitree_hg_s__rosidl_typesupport_fastrtps_c.dir/rosidl_generator_py/unitree_hg/_unitree_hg_s.ep.rosidl_typesupport_fastrtps_c.c.o[0m
[82.118s] [ 96%] [32mBuilding C object CMakeFiles/unitree_hg_s__rosidl_typesupport_introspection_c.dir/rosidl_generator_py/unitree_hg/_unitree_hg_s.ep.rosidl_typesupport_introspection_c.c.o[0m
[82.506s] [ 97%] [32m[1mLinking C shared module rosidl_generator_py/unitree_hg/unitree_hg_s__rosidl_typesupport_introspection_c.so[0m
[82.522s] [ 98%] [32m[1mLinking C shared module rosidl_generator_py/unitree_hg/unitree_hg_s__rosidl_typesupport_fastrtps_c.so[0m
[82.590s] [ 98%] Built target unitree_hg_s__rosidl_typesupport_introspection_c
[82.644s] [ 99%] [32mBuilding C object CMakeFiles/unitree_hg_s__rosidl_typesupport_c.dir/rosidl_generator_py/unitree_hg/_unitree_hg_s.ep.rosidl_typesupport_c.c.o[0m
[82.648s] [ 99%] Built target unitree_hg_s__rosidl_typesupport_fastrtps_c
[83.001s] [100%] [32m[1mLinking C shared module rosidl_generator_py/unitree_hg/unitree_hg_s__rosidl_typesupport_c.so[0m
[83.088s] [100%] Built target unitree_hg_s__rosidl_typesupport_c
[83.134s] Invoked command in '/home/unitree/go2slam/unitree_ros2/build/unitree_hg' returned '0': CMAKE_PREFIX_PATH=${CMAKE_PREFIX_PATH}:/opt/ros/jazzy /usr/bin/cmake --build /home/unitree/go2slam/unitree_ros2/build/unitree_hg -- -j6 -l6
[83.137s] Invoking command in '/home/unitree/go2slam/unitree_ros2/build/unitree_hg': CMAKE_PREFIX_PATH=${CMAKE_PREFIX_PATH}:/opt/ros/jazzy /usr/bin/cmake --install /home/unitree/go2slam/unitree_ros2/build/unitree_hg
[83.166s] -- Install configuration: ""
[83.167s] -- Installing: /home/unitree/go2slam/unitree_ros2/install/unitree_hg/share/ament_index/resource_index/rosidl_interfaces/unitree_hg
[83.170s] -- Installing: /home/unitree/go2slam/unitree_ros2/install/unitree_hg/share/unitree_hg/msg/BmsCmd.json
[83.172s] -- Installing: /home/unitree/go2slam/unitree_ros2/install/unitree_hg/share/unitree_hg/msg/BmsState.json
[83.173s] -- Installing: /home/unitree/go2slam/unitree_ros2/install/unitree_hg/share/unitree_hg/msg/HandCmd.json
[83.175s] -- Installing: /home/unitree/go2slam/unitree_ros2/install/unitree_hg/share/unitree_hg/msg/HandState.json
[83.177s] -- Installing: /home/unitree/go2slam/unitree_ros2/install/unitree_hg/share/unitree_hg/msg/IMUState.json
[83.178s] -- Installing: /home/unitree/go2slam/unitree_ros2/install/unitree_hg/share/unitree_hg/msg/LowCmd.json
[83.181s] -- Installing: /home/unitree/go2slam/unitree_ros2/install/unitree_hg/share/unitree_hg/msg/LowState.json
[83.183s] -- Installing: /home/unitree/go2slam/unitree_ros2/install/unitree_hg/share/unitree_hg/msg/MainBoardState.json
[83.184s] -- Installing: /home/unitree/go2slam/unitree_ros2/install/unitree_hg/share/unitree_hg/msg/MotorCmd.json
[83.186s] -- Installing: /home/unitree/go2slam/unitree_ros2/install/unitree_hg/share/unitree_hg/msg/MotorState.json
[83.187s] -- Installing: /home/unitree/go2slam/unitree_ros2/install/unitree_hg/share/unitree_hg/msg/PressSensorState.json
[83.189s] -- Installing: /home/unitree/go2slam/unitree_ros2/install/unitree_hg/include/unitree_hg/unitree_hg
[83.190s] -- Installing: /home/unitree/go2slam/unitree_ros2/install/unitree_hg/include/unitree_hg/unitree_hg/msg
[83.191s] -- Installing: /home/unitree/go2slam/unitree_ros2/install/unitree_hg/include/unitree_hg/unitree_hg/msg/hand_state.h
[83.193s] -- Installing: /home/unitree/go2slam/unitree_ros2/install/unitree_hg/include/unitree_hg/unitree_hg/msg/low_cmd.h
[83.194s] -- Installing: /home/unitree/go2slam/unitree_ros2/install/unitree_hg/include/unitree_hg/unitree_hg/msg/bms_state.h
[83.198s] -- Installing: /home/unitree/go2slam/unitree_ros2/install/unitree_hg/include/unitree_hg/unitree_hg/msg/rosidl_generator_c__visibility_control.h
[83.198s] -- Installing: /home/unitree/go2slam/unitree_ros2/install/unitree_hg/include/unitree_hg/unitree_hg/msg/motor_cmd.h
[83.200s] -- Installing: /home/unitree/go2slam/unitree_ros2/install/unitree_hg/include/unitree_hg/unitree_hg/msg/press_sensor_state.h
[83.202s] -- Installing: /home/unitree/go2slam/unitree_ros2/install/unitree_hg/include/unitree_hg/unitree_hg/msg/detail
[83.202s] -- Installing: /home/unitree/go2slam/unitree_ros2/install/unitree_hg/include/unitree_hg/unitree_hg/msg/detail/motor_cmd__functions.c
[83.204s] -- Installing: /home/unitree/go2slam/unitree_ros2/install/unitree_hg/include/unitree_hg/unitree_hg/msg/detail/imu_state__functions.c
[83.206s] -- Installing: /home/unitree/go2slam/unitree_ros2/install/unitree_hg/include/unitree_hg/unitree_hg/msg/detail/hand_state__type_support.c
[83.208s] -- Installing: /home/unitree/go2slam/unitree_ros2/install/unitree_hg/include/unitree_hg/unitree_hg/msg/detail/bms_cmd__type_support.c
[83.210s] -- Installing: /home/unitree/go2slam/unitree_ros2/install/unitree_hg/include/unitree_hg/unitree_hg/msg/detail/bms_cmd__struct.h
[83.212s] -- Installing: /home/unitree/go2slam/unitree_ros2/install/unitree_hg/include/unitree_hg/unitree_hg/msg/detail/main_board_state__functions.c
[83.214s] -- Installing: /home/unitree/go2slam/unitree_ros2/install/unitree_hg/include/unitree_hg/unitree_hg/msg/detail/imu_state__description.c
[83.216s] -- Installing: /home/unitree/go2slam/unitree_ros2/install/unitree_hg/include/unitree_hg/unitree_hg/msg/detail/hand_state__functions.h
[83.216s] -- Installing: /home/unitree/go2slam/unitree_ros2/install/unitree_hg/include/unitree_hg/unitree_hg/msg/detail/low_state__type_support.c
[83.216s] -- Installing: /home/unitree/go2slam/unitree_ros2/install/unitree_hg/include/unitree_hg/unitree_hg/msg/detail/hand_state__type_support.h
[83.217s] -- Installing: /home/unitree/go2slam/unitree_ros2/install/unitree_hg/include/unitree_hg/unitree_hg/msg/detail/imu_state__type_support.c
[83.217s] -- Installing: /home/unitree/go2slam/unitree_ros2/install/unitree_hg/include/unitree_hg/unitree_hg/msg/detail/low_state__struct.h
[83.217s] -- Installing: /home/unitree/go2slam/unitree_ros2/install/unitree_hg/include/unitree_hg/unitree_hg/msg/detail/low_state__type_support.h
[83.218s] -- Installing: /home/unitree/go2slam/unitree_ros2/install/unitree_hg/include/unitree_hg/unitree_hg/msg/detail/low_state__description.c
[83.218s] -- Installing: /home/unitree/go2slam/unitree_ros2/install/unitree_hg/include/unitree_hg/unitree_hg/msg/detail/press_sensor_state__struct.h
[83.219s] -- Installing: /home/unitree/go2slam/unitree_ros2/install/unitree_hg/include/unitree_hg/unitree_hg/msg/detail/hand_state__description.c
[83.219s] -- Installing: /home/unitree/go2slam/unitree_ros2/install/unitree_hg/include/unitree_hg/unitree_hg/msg/detail/hand_state__struct.h
[83.219s] -- Installing: /home/unitree/go2slam/unitree_ros2/install/unitree_hg/include/unitree_hg/unitree_hg/msg/detail/motor_state__description.c
[83.219s] -- Installing: /home/unitree/go2slam/unitree_ros2/install/unitree_hg/include/unitree_hg/unitree_hg/msg/detail/main_board_state__description.c
[83.220s] -- Installing: /home/unitree/go2slam/unitree_ros2/install/unitree_hg/include/unitree_hg/unitree_hg/msg/detail/low_cmd__description.c
[83.220s] -- Installing: /home/unitree/go2slam/unitree_ros2/install/unitree_hg/include/unitree_hg/unitree_hg/msg/detail/low_cmd__type_support.c
[83.220s] -- Installing: /home/unitree/go2slam/unitree_ros2/install/unitree_hg/include/unitree_hg/unitree_hg/msg/detail/hand_cmd__functions.h
[83.221s] -- Installing: /home/unitree/go2slam/unitree_ros2/install/unitree_hg/include/unitree_hg/unitree_hg/msg/detail/motor_state__struct.h
[83.221s] -- Installing: /home/unitree/go2slam/unitree_ros2/install/unitree_hg/include/unitree_hg/unitree_hg/msg/detail/low_cmd__type_support.h
[83.221s] -- Installing: /home/unitree/go2slam/unitree_ros2/install/unitree_hg/include/unitree_hg/unitree_hg/msg/detail/main_board_state__type_support.h
[83.222s] -- Installing: /home/unitree/go2slam/unitree_ros2/install/unitree_hg/include/unitree_hg/unitree_hg/msg/detail/bms_cmd__type_support.h
[83.222s] -- Installing: /home/unitree/go2slam/unitree_ros2/install/unitree_hg/include/unitree_hg/unitree_hg/msg/detail/motor_cmd__type_support.h
[83.222s] -- Installing: /home/unitree/go2slam/unitree_ros2/install/unitree_hg/include/unitree_hg/unitree_hg/msg/detail/press_sensor_state__functions.h
[83.222s] -- Installing: /home/unitree/go2slam/unitree_ros2/install/unitree_hg/include/unitree_hg/unitree_hg/msg/detail/press_sensor_state__functions.c
[83.222s] -- Installing: /home/unitree/go2slam/unitree_ros2/install/unitree_hg/include/unitree_hg/unitree_hg/msg/detail/motor_cmd__description.c
[83.223s] -- Installing: /home/unitree/go2slam/unitree_ros2/install/unitree_hg/include/unitree_hg/unitree_hg/msg/detail/bms_cmd__functions.h
[83.223s] -- Installing: /home/unitree/go2slam/unitree_ros2/install/unitree_hg/include/unitree_hg/unitree_hg/msg/detail/press_sensor_state__description.c
[83.224s] -- Installing: /home/unitree/go2slam/unitree_ros2/install/unitree_hg/include/unitree_hg/unitree_hg/msg/detail/bms_state__functions.c
[83.224s] -- Installing: /home/unitree/go2slam/unitree_ros2/install/unitree_hg/include/unitree_hg/unitree_hg/msg/detail/motor_state__functions.h
[83.224s] -- Installing: /home/unitree/go2slam/unitree_ros2/install/unitree_hg/include/unitree_hg/unitree_hg/msg/detail/low_state__functions.c
[83.224s] -- Installing: /home/unitree/go2slam/unitree_ros2/install/unitree_hg/include/unitree_hg/unitree_hg/msg/detail/bms_state__description.c
[83.225s] -- Installing: /home/unitree/go2slam/unitree_ros2/install/unitree_hg/include/unitree_hg/unitree_hg/msg/detail/imu_state__type_support.h
[83.225s] -- Installing: /home/unitree/go2slam/unitree_ros2/install/unitree_hg/include/unitree_hg/unitree_hg/msg/detail/main_board_state__type_support.c
[83.225s] -- Installing: /home/unitree/go2slam/unitree_ros2/install/unitree_hg/include/unitree_hg/unitree_hg/msg/detail/low_cmd__functions.h
[83.225s] -- Installing: /home/unitree/go2slam/unitree_ros2/install/unitree_hg/include/unitree_hg/unitree_hg/msg/detail/motor_cmd__functions.h
[83.225s] -- Installing: /home/unitree/go2slam/unitree_ros2/install/unitree_hg/include/unitree_hg/unitree_hg/msg/detail/main_board_state__struct.h
[83.226s] -- Installing: /home/unitree/go2slam/unitree_ros2/install/unitree_hg/include/unitree_hg/unitree_hg/msg/detail/motor_state__type_support.c
[83.226s] -- Installing: /home/unitree/go2slam/unitree_ros2/install/unitree_hg/include/unitree_hg/unitree_hg/msg/detail/bms_state__struct.h
[83.226s] -- Installing: /home/unitree/go2slam/unitree_ros2/install/unitree_hg/include/unitree_hg/unitree_hg/msg/detail/hand_cmd__type_support.h
[83.226s] -- Installing: /home/unitree/go2slam/unitree_ros2/install/unitree_hg/include/unitree_hg/unitree_hg/msg/detail/press_sensor_state__type_support.h
[83.227s] -- Installing: /home/unitree/go2slam/unitree_ros2/install/unitree_hg/include/unitree_hg/unitree_hg/msg/detail/bms_state__type_support.h
[83.227s] -- Installing: /home/unitree/go2slam/unitree_ros2/install/unitree_hg/include/unitree_hg/unitree_hg/msg/detail/bms_cmd__description.c
[83.227s] -- Installing: /home/unitree/go2slam/unitree_ros2/install/unitree_hg/include/unitree_hg/unitree_hg/msg/detail/press_sensor_state__type_support.c
[83.227s] -- Installing: /home/unitree/go2slam/unitree_ros2/install/unitree_hg/include/unitree_hg/unitree_hg/msg/detail/motor_cmd__type_support.c
[83.227s] -- Installing: /home/unitree/go2slam/unitree_ros2/install/unitree_hg/include/unitree_hg/unitree_hg/msg/detail/bms_state__functions.h
[83.228s] -- Installing: /home/unitree/go2slam/unitree_ros2/install/unitree_hg/include/unitree_hg/unitree_hg/msg/detail/main_board_state__functions.h
[83.228s] -- Installing: /home/unitree/go2slam/unitree_ros2/install/unitree_hg/include/unitree_hg/unitree_hg/msg/detail/bms_state__type_support.c
[83.228s] -- Installing: /home/unitree/go2slam/unitree_ros2/install/unitree_hg/include/unitree_hg/unitree_hg/msg/detail/hand_cmd__functions.c
[83.228s] -- Installing: /home/unitree/go2slam/unitree_ros2/install/unitree_hg/include/unitree_hg/unitree_hg/msg/detail/hand_cmd__description.c
[83.229s] -- Installing: /home/unitree/go2slam/unitree_ros2/install/unitree_hg/include/unitree_hg/unitree_hg/msg/detail/low_cmd__struct.h
[83.229s] -- Installing: /home/unitree/go2slam/unitree_ros2/install/unitree_hg/include/unitree_hg/unitree_hg/msg/detail/imu_state__functions.h
[83.236s] -- Installing: /home/unitree/go2slam/unitree_ros2/install/unitree_hg/include/unitree_hg/unitree_hg/msg/detail/bms_cmd__functions.c
[83.236s] -- Installing: /home/unitree/go2slam/unitree_ros2/install/unitree_hg/include/unitree_hg/unitree_hg/msg/detail/low_cmd__functions.c
[83.241s] -- Installing: /home/unitree/go2slam/unitree_ros2/install/unitree_hg/include/unitree_hg/unitree_hg/msg/detail/imu_state__struct.h
[83.241s] -- Installing: /home/unitree/go2slam/unitree_ros2/install/unitree_hg/include/unitree_hg/unitree_hg/msg/detail/motor_state__functions.c
[83.241s] -- Installing: /home/unitree/go2slam/unitree_ros2/install/unitree_hg/include/unitree_hg/unitree_hg/msg/detail/low_state__functions.h
[83.241s] -- Installing: /home/unitree/go2slam/unitree_ros2/install/unitree_hg/include/unitree_hg/unitree_hg/msg/detail/hand_cmd__struct.h
[83.241s] -- Installing: /home/unitree/go2slam/unitree_ros2/install/unitree_hg/include/unitree_hg/unitree_hg/msg/detail/motor_state__type_support.h
[83.242s] -- Installing: /home/unitree/go2slam/unitree_ros2/install/unitree_hg/include/unitree_hg/unitree_hg/msg/detail/motor_cmd__struct.h
[83.242s] -- Installing: /home/unitree/go2slam/unitree_ros2/install/unitree_hg/include/unitree_hg/unitree_hg/msg/detail/hand_state__functions.c
[83.244s] -- Installing: /home/unitree/go2slam/unitree_ros2/install/unitree_hg/include/unitree_hg/unitree_hg/msg/detail/hand_cmd__type_support.c
[83.245s] -- Installing: /home/unitree/go2slam/unitree_ros2/install/unitree_hg/include/unitree_hg/unitree_hg/msg/main_board_state.h
[83.245s] -- Installing: /home/unitree/go2slam/unitree_ros2/install/unitree_hg/include/unitree_hg/unitree_hg/msg/low_state.h
[83.245s] -- Installing: /home/unitree/go2slam/unitree_ros2/install/unitree_hg/include/unitree_hg/unitree_hg/msg/bms_cmd.h
[83.248s] -- Installing: /home/unitree/go2slam/unitree_ros2/install/unitree_hg/include/unitree_hg/unitree_hg/msg/imu_state.h
[83.249s] -- Installing: /home/unitree/go2slam/unitree_ros2/install/unitree_hg/include/unitree_hg/unitree_hg/msg/motor_state.h
[83.250s] -- Installing: /home/unitree/go2slam/unitree_ros2/install/unitree_hg/include/unitree_hg/unitree_hg/msg/hand_cmd.h
[83.250s] -- Installing: /home/unitree/go2slam/unitree_ros2/install/unitree_hg/share/unitree_hg/environment/library_path.sh
[83.250s] -- Installing: /home/unitree/go2slam/unitree_ros2/install/unitree_hg/share/unitree_hg/environment/library_path.dsv
[83.250s] -- Installing: /home/unitree/go2slam/unitree_ros2/install/unitree_hg/lib/libunitree_hg__rosidl_generator_c.so
[83.250s] -- Set non-toolchain portion of runtime path of "/home/unitree/go2slam/unitree_ros2/install/unitree_hg/lib/libunitree_hg__rosidl_generator_c.so" to ""
[83.250s] -- Up-to-date: /home/unitree/go2slam/unitree_ros2/install/unitree_hg/include/unitree_hg/unitree_hg
[83.251s] -- Up-to-date: /home/unitree/go2slam/unitree_ros2/install/unitree_hg/include/unitree_hg/unitree_hg/msg
[83.251s] -- Installing: /home/unitree/go2slam/unitree_ros2/install/unitree_hg/include/unitree_hg/unitree_hg/msg/rosidl_typesupport_fastrtps_c__visibility_control.h
[83.251s] -- Up-to-date: /home/unitree/go2slam/unitree_ros2/install/unitree_hg/include/unitree_hg/unitree_hg/msg/detail
[83.251s] -- Installing: /home/unitree/go2slam/unitree_ros2/install/unitree_hg/include/unitree_hg/unitree_hg/msg/detail/hand_cmd__rosidl_typesupport_fastrtps_c.h
[83.251s] -- Installing: /home/unitree/go2slam/unitree_ros2/install/unitree_hg/include/unitree_hg/unitree_hg/msg/detail/imu_state__rosidl_typesupport_fastrtps_c.h
[83.251s] -- Installing: /home/unitree/go2slam/unitree_ros2/install/unitree_hg/include/unitree_hg/unitree_hg/msg/detail/press_sensor_state__rosidl_typesupport_fastrtps_c.h
[83.251s] -- Installing: /home/unitree/go2slam/unitree_ros2/install/unitree_hg/include/unitree_hg/unitree_hg/msg/detail/main_board_state__rosidl_typesupport_fastrtps_c.h
[83.252s] -- Installing: /home/unitree/go2slam/unitree_ros2/install/unitree_hg/include/unitree_hg/unitree_hg/msg/detail/low_cmd__rosidl_typesupport_fastrtps_c.h
[83.252s] -- Installing: /home/unitree/go2slam/unitree_ros2/install/unitree_hg/include/unitree_hg/unitree_hg/msg/detail/bms_state__rosidl_typesupport_fastrtps_c.h
[83.252s] -- Installing: /home/unitree/go2slam/unitree_ros2/install/unitree_hg/include/unitree_hg/unitree_hg/msg/detail/motor_cmd__rosidl_typesupport_fastrtps_c.h
[83.252s] -- Installing: /home/unitree/go2slam/unitree_ros2/install/unitree_hg/include/unitree_hg/unitree_hg/msg/detail/hand_state__rosidl_typesupport_fastrtps_c.h
[83.252s] -- Installing: /home/unitree/go2slam/unitree_ros2/install/unitree_hg/include/unitree_hg/unitree_hg/msg/detail/low_state__rosidl_typesupport_fastrtps_c.h
[83.252s] -- Installing: /home/unitree/go2slam/unitree_ros2/install/unitree_hg/include/unitree_hg/unitree_hg/msg/detail/motor_state__rosidl_typesupport_fastrtps_c.h
[83.253s] -- Installing: /home/unitree/go2slam/unitree_ros2/install/unitree_hg/include/unitree_hg/unitree_hg/msg/detail/bms_cmd__rosidl_typesupport_fastrtps_c.h
[83.253s] -- Installing: /home/unitree/go2slam/unitree_ros2/install/unitree_hg/lib/libunitree_hg__rosidl_typesupport_fastrtps_c.so
[83.253s] -- Set non-toolchain portion of runtime path of "/home/unitree/go2slam/unitree_ros2/install/unitree_hg/lib/libunitree_hg__rosidl_typesupport_fastrtps_c.so" to ""
[83.253s] -- Up-to-date: /home/unitree/go2slam/unitree_ros2/install/unitree_hg/include/unitree_hg/unitree_hg
[83.253s] -- Up-to-date: /home/unitree/go2slam/unitree_ros2/install/unitree_hg/include/unitree_hg/unitree_hg/msg
[83.253s] -- Installing: /home/unitree/go2slam/unitree_ros2/install/unitree_hg/include/unitree_hg/unitree_hg/msg/hand_state.hpp
[83.253s] -- Installing: /home/unitree/go2slam/unitree_ros2/install/unitree_hg/include/unitree_hg/unitree_hg/msg/press_sensor_state.hpp
[83.254s] -- Installing: /home/unitree/go2slam/unitree_ros2/install/unitree_hg/include/unitree_hg/unitree_hg/msg/motor_cmd.hpp
[83.254s] -- Installing: /home/unitree/go2slam/unitree_ros2/install/unitree_hg/include/unitree_hg/unitree_hg/msg/motor_state.hpp
[83.254s] -- Installing: /home/unitree/go2slam/unitree_ros2/install/unitree_hg/include/unitree_hg/unitree_hg/msg/bms_cmd.hpp
[83.254s] -- Installing: /home/unitree/go2slam/unitree_ros2/install/unitree_hg/include/unitree_hg/unitree_hg/msg/low_cmd.hpp
[83.254s] -- Installing: /home/unitree/go2slam/unitree_ros2/install/unitree_hg/include/unitree_hg/unitree_hg/msg/imu_state.hpp
[83.254s] -- Up-to-date: /home/unitree/go2slam/unitree_ros2/install/unitree_hg/include/unitree_hg/unitree_hg/msg/detail
[83.254s] -- Installing: /home/unitree/go2slam/unitree_ros2/install/unitree_hg/include/unitree_hg/unitree_hg/msg/detail/motor_cmd__traits.hpp
[83.255s] -- Installing: /home/unitree/go2slam/unitree_ros2/install/unitree_hg/include/unitree_hg/unitree_hg/msg/detail/main_board_state__struct.hpp
[83.255s] -- Installing: /home/unitree/go2slam/unitree_ros2/install/unitree_hg/include/unitree_hg/unitree_hg/msg/detail/hand_cmd__traits.hpp
[83.255s] -- Installing: /home/unitree/go2slam/unitree_ros2/install/unitree_hg/include/unitree_hg/unitree_hg/msg/detail/low_cmd__type_support.hpp
[83.255s] -- Installing: /home/unitree/go2slam/unitree_ros2/install/unitree_hg/include/unitree_hg/unitree_hg/msg/detail/press_sensor_state__type_support.hpp
[83.255s] -- Installing: /home/unitree/go2slam/unitree_ros2/install/unitree_hg/include/unitree_hg/unitree_hg/msg/detail/hand_state__type_support.hpp
[83.255s] -- Installing: /home/unitree/go2slam/unitree_ros2/install/unitree_hg/include/unitree_hg/unitree_hg/msg/detail/bms_cmd__builder.hpp
[83.256s] -- Installing: /home/unitree/go2slam/unitree_ros2/install/unitree_hg/include/unitree_hg/unitree_hg/msg/detail/low_state__builder.hpp
[83.256s] -- Installing: /home/unitree/go2slam/unitree_ros2/install/unitree_hg/include/unitree_hg/unitree_hg/msg/detail/motor_state__struct.hpp
[83.256s] -- Installing: /home/unitree/go2slam/unitree_ros2/install/unitree_hg/include/unitree_hg/unitree_hg/msg/detail/hand_cmd__struct.hpp
[83.256s] -- Installing: /home/unitree/go2slam/unitree_ros2/install/unitree_hg/include/unitree_hg/unitree_hg/msg/detail/low_state__struct.hpp
[83.256s] -- Installing: /home/unitree/go2slam/unitree_ros2/install/unitree_hg/include/unitree_hg/unitree_hg/msg/detail/imu_state__type_support.hpp
[83.256s] -- Installing: /home/unitree/go2slam/unitree_ros2/install/unitree_hg/include/unitree_hg/unitree_hg/msg/detail/low_cmd__builder.hpp
[83.266s] -- Installing: /home/unitree/go2slam/unitree_ros2/install/unitree_hg/include/unitree_hg/unitree_hg/msg/detail/motor_cmd__type_support.hpp
[83.266s] -- Installing: /home/unitree/go2slam/unitree_ros2/install/unitree_hg/include/unitree_hg/unitree_hg/msg/detail/imu_state__struct.hpp
[83.266s] -- Installing: /home/unitree/go2slam/unitree_ros2/install/unitree_hg/include/unitree_hg/unitree_hg/msg/detail/bms_state__type_support.hpp
[83.266s] -- Installing: /home/unitree/go2slam/unitree_ros2/install/unitree_hg/include/unitree_hg/unitree_hg/msg/detail/bms_cmd__traits.hpp
[83.266s] -- Installing: /home/unitree/go2slam/unitree_ros2/install/unitree_hg/include/unitree_hg/unitree_hg/msg/detail/bms_state__builder.hpp
[83.267s] -- Installing: /home/unitree/go2slam/unitree_ros2/install/unitree_hg/include/unitree_hg/unitree_hg/msg/detail/hand_state__traits.hpp
[83.267s] -- Installing: /home/unitree/go2slam/unitree_ros2/install/unitree_hg/include/unitree_hg/unitree_hg/msg/detail/main_board_state__type_support.hpp
[83.273s] -- Installing: /home/unitree/go2slam/unitree_ros2/install/unitree_hg/include/unitree_hg/unitree_hg/msg/detail/low_cmd__struct.hpp
[83.284s] -- Installing: /home/unitree/go2slam/unitree_ros2/install/unitree_hg/include/unitree_hg/unitree_hg/msg/detail/motor_state__type_support.hpp
[83.289s] -- Installing: /home/unitree/go2slam/unitree_ros2/install/unitree_hg/include/unitree_hg/unitree_hg/msg/detail/main_board_state__builder.hpp
[83.289s] -- Installing: /home/unitree/go2slam/unitree_ros2/install/unitree_hg/include/unitree_hg/unitree_hg/msg/detail/motor_cmd__builder.hpp
[83.289s] -- Installing: /home/unitree/go2slam/unitree_ros2/install/unitree_hg/include/unitree_hg/unitree_hg/msg/detail/motor_cmd__struct.hpp
[83.291s] -- Installing: /home/unitree/go2slam/unitree_ros2/install/unitree_hg/include/unitree_hg/unitree_hg/msg/detail/bms_state__traits.hpp
[83.296s] -- Installing: /home/unitree/go2slam/unitree_ros2/install/unitree_hg/include/unitree_hg/unitree_hg/msg/detail/motor_state__builder.hpp
[83.300s] -- Installing: /home/unitree/go2slam/unitree_ros2/install/unitree_hg/include/unitree_hg/unitree_hg/msg/detail/bms_cmd__type_support.hpp
[83.302s] -- Installing: /home/unitree/go2slam/unitree_ros2/install/unitree_hg/include/unitree_hg/unitree_hg/msg/detail/main_board_state__traits.hpp
[83.302s] -- Installing: /home/unitree/go2slam/unitree_ros2/install/unitree_hg/include/unitree_hg/unitree_hg/msg/detail/hand_cmd__type_support.hpp
[83.302s] -- Installing: /home/unitree/go2slam/unitree_ros2/install/unitree_hg/include/unitree_hg/unitree_hg/msg/detail/low_state__type_support.hpp
[83.302s] -- Installing: /home/unitree/go2slam/unitree_ros2/install/unitree_hg/include/unitree_hg/unitree_hg/msg/detail/press_sensor_state__builder.hpp
[83.303s] -- Installing: /home/unitree/go2slam/unitree_ros2/install/unitree_hg/include/unitree_hg/unitree_hg/msg/detail/low_cmd__traits.hpp
[83.303s] -- Installing: /home/unitree/go2slam/unitree_ros2/install/unitree_hg/include/unitree_hg/unitree_hg/msg/detail/motor_state__traits.hpp
[83.303s] -- Installing: /home/unitree/go2slam/unitree_ros2/install/unitree_hg/include/unitree_hg/unitree_hg/msg/detail/hand_state__struct.hpp
[83.303s] -- Installing: /home/unitree/go2slam/unitree_ros2/install/unitree_hg/include/unitree_hg/unitree_hg/msg/detail/hand_cmd__builder.hpp
[83.303s] -- Installing: /home/unitree/go2slam/unitree_ros2/install/unitree_hg/include/unitree_hg/unitree_hg/msg/detail/imu_state__builder.hpp
[83.303s] -- Installing: /home/unitree/go2slam/unitree_ros2/install/unitree_hg/include/unitree_hg/unitree_hg/msg/detail/press_sensor_state__traits.hpp
[83.303s] -- Installing: /home/unitree/go2slam/unitree_ros2/install/unitree_hg/include/unitree_hg/unitree_hg/msg/detail/low_state__traits.hpp
[83.304s] -- Installing: /home/unitree/go2slam/unitree_ros2/install/unitree_hg/include/unitree_hg/unitree_hg/msg/detail/press_sensor_state__struct.hpp
[83.304s] -- Installing: /home/unitree/go2slam/unitree_ros2/install/unitree_hg/include/unitree_hg/unitree_hg/msg/detail/bms_state__struct.hpp
[83.304s] -- Installing: /home/unitree/go2slam/unitree_ros2/install/unitree_hg/include/unitree_hg/unitree_hg/msg/detail/imu_state__traits.hpp
[83.304s] -- Installing: /home/unitree/go2slam/unitree_ros2/install/unitree_hg/include/unitree_hg/unitree_hg/msg/detail/bms_cmd__struct.hpp
[83.304s] -- Installing: /home/unitree/go2slam/unitree_ros2/install/unitree_hg/include/unitree_hg/unitree_hg/msg/detail/hand_state__builder.hpp
[83.304s] -- Installing: /home/unitree/go2slam/unitree_ros2/install/unitree_hg/include/unitree_hg/unitree_hg/msg/hand_cmd.hpp
[83.305s] -- Installing: /home/unitree/go2slam/unitree_ros2/install/unitree_hg/include/unitree_hg/unitree_hg/msg/bms_state.hpp
[83.305s] -- Installing: /home/unitree/go2slam/unitree_ros2/install/unitree_hg/include/unitree_hg/unitree_hg/msg/rosidl_generator_cpp__visibility_control.hpp
[83.305s] -- Installing: /home/unitree/go2slam/unitree_ros2/install/unitree_hg/include/unitree_hg/unitree_hg/msg/low_state.hpp
[83.305s] -- Installing: /home/unitree/go2slam/unitree_ros2/install/unitree_hg/include/unitree_hg/unitree_hg/msg/main_board_state.hpp
[83.305s] -- Up-to-date: /home/unitree/go2slam/unitree_ros2/install/unitree_hg/include/unitree_hg/unitree_hg
[83.305s] -- Up-to-date: /home/unitree/go2slam/unitree_ros2/install/unitree_hg/include/unitree_hg/unitree_hg/msg
[83.305s] -- Installing: /home/unitree/go2slam/unitree_ros2/install/unitree_hg/include/unitree_hg/unitree_hg/msg/rosidl_typesupport_fastrtps_cpp__visibility_control.h
[83.306s] -- Up-to-date: /home/unitree/go2slam/unitree_ros2/install/unitree_hg/include/unitree_hg/unitree_hg/msg/detail
[83.306s] -- Installing: /home/unitree/go2slam/unitree_ros2/install/unitree_hg/include/unitree_hg/unitree_hg/msg/detail/low_state__rosidl_typesupport_fastrtps_cpp.hpp
[83.306s] -- Installing: /home/unitree/go2slam/unitree_ros2/install/unitree_hg/include/unitree_hg/unitree_hg/msg/detail/bms_cmd__rosidl_typesupport_fastrtps_cpp.hpp
[83.306s] -- Installing: /home/unitree/go2slam/unitree_ros2/install/unitree_hg/include/unitree_hg/unitree_hg/msg/detail/bms_state__rosidl_typesupport_fastrtps_cpp.hpp
[83.306s] -- Installing: /home/unitree/go2slam/unitree_ros2/install/unitree_hg/include/unitree_hg/unitree_hg/msg/detail/hand_cmd__rosidl_typesupport_fastrtps_cpp.hpp
[83.306s] -- Installing: /home/unitree/go2slam/unitree_ros2/install/unitree_hg/include/unitree_hg/unitree_hg/msg/detail/dds_fastrtps
[83.306s] -- Installing: /home/unitree/go2slam/unitree_ros2/install/unitree_hg/include/unitree_hg/unitree_hg/msg/detail/motor_state__rosidl_typesupport_fastrtps_cpp.hpp
[83.307s] -- Installing: /home/unitree/go2slam/unitree_ros2/install/unitree_hg/include/unitree_hg/unitree_hg/msg/detail/motor_cmd__rosidl_typesupport_fastrtps_cpp.hpp
[83.307s] -- Installing: /home/unitree/go2slam/unitree_ros2/install/unitree_hg/include/unitree_hg/unitree_hg/msg/detail/imu_state__rosidl_typesupport_fastrtps_cpp.hpp
[83.307s] -- Installing: /home/unitree/go2slam/unitree_ros2/install/unitree_hg/include/unitree_hg/unitree_hg/msg/detail/press_sensor_state__rosidl_typesupport_fastrtps_cpp.hpp
[83.307s] -- Installing: /home/unitree/go2slam/unitree_ros2/install/unitree_hg/include/unitree_hg/unitree_hg/msg/detail/main_board_state__rosidl_typesupport_fastrtps_cpp.hpp
[83.312s] -- Installing: /home/unitree/go2slam/unitree_ros2/install/unitree_hg/include/unitree_hg/unitree_hg/msg/detail/hand_state__rosidl_typesupport_fastrtps_cpp.hpp
[83.312s] -- Installing: /home/unitree/go2slam/unitree_ros2/install/unitree_hg/include/unitree_hg/unitree_hg/msg/detail/low_cmd__rosidl_typesupport_fastrtps_cpp.hpp
[83.313s] -- Installing: /home/unitree/go2slam/unitree_ros2/install/unitree_hg/lib/libunitree_hg__rosidl_typesupport_fastrtps_cpp.so
[83.313s] -- Set non-toolchain portion of runtime path of "/home/unitree/go2slam/unitree_ros2/install/unitree_hg/lib/libunitree_hg__rosidl_typesupport_fastrtps_cpp.so" to ""
[83.313s] -- Up-to-date: /home/unitree/go2slam/unitree_ros2/install/unitree_hg/include/unitree_hg/unitree_hg
[83.313s] -- Up-to-date: /home/unitree/go2slam/unitree_ros2/install/unitree_hg/include/unitree_hg/unitree_hg/msg
[83.313s] -- Up-to-date: /home/unitree/go2slam/unitree_ros2/install/unitree_hg/include/unitree_hg/unitree_hg/msg/detail
[83.313s] -- Installing: /home/unitree/go2slam/unitree_ros2/install/unitree_hg/include/unitree_hg/unitree_hg/msg/detail/hand_state__type_support.c
[83.314s] -- Installing: /home/unitree/go2slam/unitree_ros2/install/unitree_hg/include/unitree_hg/unitree_hg/msg/detail/bms_cmd__type_support.c
[83.314s] -- Installing: /home/unitree/go2slam/unitree_ros2/install/unitree_hg/include/unitree_hg/unitree_hg/msg/detail/low_state__type_support.c
[83.314s] -- Installing: /home/unitree/go2slam/unitree_ros2/install/unitree_hg/include/unitree_hg/unitree_hg/msg/detail/imu_state__type_support.c
[83.314s] -- Installing: /home/unitree/go2slam/unitree_ros2/install/unitree_hg/include/unitree_hg/unitree_hg/msg/detail/bms_cmd__rosidl_typesupport_introspection_c.h
[83.314s] -- Installing: /home/unitree/go2slam/unitree_ros2/install/unitree_hg/include/unitree_hg/unitree_hg/msg/detail/hand_cmd__rosidl_typesupport_introspection_c.h
[83.314s] -- Installing: /home/unitree/go2slam/unitree_ros2/install/unitree_hg/include/unitree_hg/unitree_hg/msg/detail/low_cmd__type_support.c
[83.314s] -- Installing: /home/unitree/go2slam/unitree_ros2/install/unitree_hg/include/unitree_hg/unitree_hg/msg/detail/low_state__rosidl_typesupport_introspection_c.h
[83.315s] -- Installing: /home/unitree/go2slam/unitree_ros2/install/unitree_hg/include/unitree_hg/unitree_hg/msg/detail/hand_state__rosidl_typesupport_introspection_c.h
[83.315s] -- Installing: /home/unitree/go2slam/unitree_ros2/install/unitree_hg/include/unitree_hg/unitree_hg/msg/detail/motor_cmd__rosidl_typesupport_introspection_c.h
[83.315s] -- Installing: /home/unitree/go2slam/unitree_ros2/install/unitree_hg/include/unitree_hg/unitree_hg/msg/detail/main_board_state__type_support.c
[83.315s] -- Installing: /home/unitree/go2slam/unitree_ros2/install/unitree_hg/include/unitree_hg/unitree_hg/msg/detail/motor_state__type_support.c
[83.315s] -- Installing: /home/unitree/go2slam/unitree_ros2/install/unitree_hg/include/unitree_hg/unitree_hg/msg/detail/imu_state__rosidl_typesupport_introspection_c.h
[83.315s] -- Installing: /home/unitree/go2slam/unitree_ros2/install/unitree_hg/include/unitree_hg/unitree_hg/msg/detail/press_sensor_state__type_support.c
[83.315s] -- Installing: /home/unitree/go2slam/unitree_ros2/install/unitree_hg/include/unitree_hg/unitree_hg/msg/detail/press_sensor_state__rosidl_typesupport_introspection_c.h
[83.316s] -- Installing: /home/unitree/go2slam/unitree_ros2/install/unitree_hg/include/unitree_hg/unitree_hg/msg/detail/motor_cmd__type_support.c
[83.316s] -- Installing: /home/unitree/go2slam/unitree_ros2/install/unitree_hg/include/unitree_hg/unitree_hg/msg/detail/bms_state__type_support.c
[83.316s] -- Installing: /home/unitree/go2slam/unitree_ros2/install/unitree_hg/include/unitree_hg/unitree_hg/msg/detail/low_cmd__rosidl_typesupport_introspection_c.h
[83.316s] -- Installing: /home/unitree/go2slam/unitree_ros2/install/unitree_hg/include/unitree_hg/unitree_hg/msg/detail/main_board_state__rosidl_typesupport_introspection_c.h
[83.316s] -- Installing: /home/unitree/go2slam/unitree_ros2/install/unitree_hg/include/unitree_hg/unitree_hg/msg/detail/bms_state__rosidl_typesupport_introspection_c.h
[83.316s] -- Installing: /home/unitree/go2slam/unitree_ros2/install/unitree_hg/include/unitree_hg/unitree_hg/msg/detail/motor_state__rosidl_typesupport_introspection_c.h
[83.317s] -- Installing: /home/unitree/go2slam/unitree_ros2/install/unitree_hg/include/unitree_hg/unitree_hg/msg/detail/hand_cmd__type_support.c
[83.317s] -- Installing: /home/unitree/go2slam/unitree_ros2/install/unitree_hg/include/unitree_hg/unitree_hg/msg/rosidl_typesupport_introspection_c__visibility_control.h
[83.317s] -- Installing: /home/unitree/go2slam/unitree_ros2/install/unitree_hg/lib/libunitree_hg__rosidl_typesupport_introspection_c.so
[83.317s] -- Set non-toolchain portion of runtime path of "/home/unitree/go2slam/unitree_ros2/install/unitree_hg/lib/libunitree_hg__rosidl_typesupport_introspection_c.so" to ""
[83.317s] -- Installing: /home/unitree/go2slam/unitree_ros2/install/unitree_hg/lib/libunitree_hg__rosidl_typesupport_c.so
[83.317s] -- Set non-toolchain portion of runtime path of "/home/unitree/go2slam/unitree_ros2/install/unitree_hg/lib/libunitree_hg__rosidl_typesupport_c.so" to ""
[83.318s] -- Up-to-date: /home/unitree/go2slam/unitree_ros2/install/unitree_hg/include/unitree_hg/unitree_hg
[83.318s] -- Up-to-date: /home/unitree/go2slam/unitree_ros2/install/unitree_hg/include/unitree_hg/unitree_hg/msg
[83.318s] -- Up-to-date: /home/unitree/go2slam/unitree_ros2/install/unitree_hg/include/unitree_hg/unitree_hg/msg/detail
[83.318s] -- Installing: /home/unitree/go2slam/unitree_ros2/install/unitree_hg/include/unitree_hg/unitree_hg/msg/detail/low_state__type_support.cpp
[83.318s] -- Installing: /home/unitree/go2slam/unitree_ros2/install/unitree_hg/include/unitree_hg/unitree_hg/msg/detail/motor_cmd__rosidl_typesupport_introspection_cpp.hpp
[83.318s] -- Installing: /home/unitree/go2slam/unitree_ros2/install/unitree_hg/include/unitree_hg/unitree_hg/msg/detail/bms_state__rosidl_typesupport_introspection_cpp.hpp
[83.318s] -- Installing: /home/unitree/go2slam/unitree_ros2/install/unitree_hg/include/unitree_hg/unitree_hg/msg/detail/motor_state__type_support.cpp
[83.319s] -- Installing: /home/unitree/go2slam/unitree_ros2/install/unitree_hg/include/unitree_hg/unitree_hg/msg/detail/hand_cmd__type_support.cpp
[83.319s] -- Installing: /home/unitree/go2slam/unitree_ros2/install/unitree_hg/include/unitree_hg/unitree_hg/msg/detail/motor_state__rosidl_typesupport_introspection_cpp.hpp
[83.319s] -- Installing: /home/unitree/go2slam/unitree_ros2/install/unitree_hg/include/unitree_hg/unitree_hg/msg/detail/low_cmd__type_support.cpp
[83.319s] -- Installing: /home/unitree/go2slam/unitree_ros2/install/unitree_hg/include/unitree_hg/unitree_hg/msg/detail/low_cmd__rosidl_typesupport_introspection_cpp.hpp
[83.319s] -- Installing: /home/unitree/go2slam/unitree_ros2/install/unitree_hg/include/unitree_hg/unitree_hg/msg/detail/press_sensor_state__type_support.cpp
[83.319s] -- Installing: /home/unitree/go2slam/unitree_ros2/install/unitree_hg/include/unitree_hg/unitree_hg/msg/detail/hand_cmd__rosidl_typesupport_introspection_cpp.hpp
[83.319s] -- Installing: /home/unitree/go2slam/unitree_ros2/install/unitree_hg/include/unitree_hg/unitree_hg/msg/detail/press_sensor_state__rosidl_typesupport_introspection_cpp.hpp
[83.321s] -- Installing: /home/unitree/go2slam/unitree_ros2/install/unitree_hg/include/unitree_hg/unitree_hg/msg/detail/motor_cmd__type_support.cpp
[83.321s] -- Installing: /home/unitree/go2slam/unitree_ros2/install/unitree_hg/include/unitree_hg/unitree_hg/msg/detail/hand_state__type_support.cpp
[83.321s] -- Installing: /home/unitree/go2slam/unitree_ros2/install/unitree_hg/include/unitree_hg/unitree_hg/msg/detail/low_state__rosidl_typesupport_introspection_cpp.hpp
[83.321s] -- Installing: /home/unitree/go2slam/unitree_ros2/install/unitree_hg/include/unitree_hg/unitree_hg/msg/detail/bms_cmd__rosidl_typesupport_introspection_cpp.hpp
[83.322s] -- Installing: /home/unitree/go2slam/unitree_ros2/install/unitree_hg/include/unitree_hg/unitree_hg/msg/detail/bms_state__type_support.cpp
[83.322s] -- Installing: /home/unitree/go2slam/unitree_ros2/install/unitree_hg/include/unitree_hg/unitree_hg/msg/detail/main_board_state__rosidl_typesupport_introspection_cpp.hpp
[83.322s] -- Installing: /home/unitree/go2slam/unitree_ros2/install/unitree_hg/include/unitree_hg/unitree_hg/msg/detail/bms_cmd__type_support.cpp
[83.322s] -- Installing: /home/unitree/go2slam/unitree_ros2/install/unitree_hg/include/unitree_hg/unitree_hg/msg/detail/main_board_state__type_support.cpp
[83.322s] -- Installing: /home/unitree/go2slam/unitree_ros2/install/unitree_hg/include/unitree_hg/unitree_hg/msg/detail/imu_state__rosidl_typesupport_introspection_cpp.hpp
[83.322s] -- Installing: /home/unitree/go2slam/unitree_ros2/install/unitree_hg/include/unitree_hg/unitree_hg/msg/detail/imu_state__type_support.cpp
[83.322s] -- Installing: /home/unitree/go2slam/unitree_ros2/install/unitree_hg/include/unitree_hg/unitree_hg/msg/detail/hand_state__rosidl_typesupport_introspection_cpp.hpp
[83.323s] -- Installing: /home/unitree/go2slam/unitree_ros2/install/unitree_hg/lib/libunitree_hg__rosidl_typesupport_introspection_cpp.so
[83.323s] -- Set non-toolchain portion of runtime path of "/home/unitree/go2slam/unitree_ros2/install/unitree_hg/lib/libunitree_hg__rosidl_typesupport_introspection_cpp.so" to ""
[83.323s] -- Installing: /home/unitree/go2slam/unitree_ros2/install/unitree_hg/lib/libunitree_hg__rosidl_typesupport_cpp.so
[83.323s] -- Set non-toolchain portion of runtime path of "/home/unitree/go2slam/unitree_ros2/install/unitree_hg/lib/libunitree_hg__rosidl_typesupport_cpp.so" to ""
[83.323s] -- Installing: /home/unitree/go2slam/unitree_ros2/install/unitree_hg/share/unitree_hg/environment/pythonpath.sh
[83.323s] -- Installing: /home/unitree/go2slam/unitree_ros2/install/unitree_hg/share/unitree_hg/environment/pythonpath.dsv
[83.324s] -- Installing: /home/unitree/go2slam/unitree_ros2/install/unitree_hg/lib/python3.12/site-packages/unitree_hg-0.0.0-py3.12.egg-info
[83.324s] -- Installing: /home/unitree/go2slam/unitree_ros2/install/unitree_hg/lib/python3.12/site-packages/unitree_hg-0.0.0-py3.12.egg-info/top_level.txt
[83.324s] -- Installing: /home/unitree/go2slam/unitree_ros2/install/unitree_hg/lib/python3.12/site-packages/unitree_hg-0.0.0-py3.12.egg-info/PKG-INFO
[83.324s] -- Installing: /home/unitree/go2slam/unitree_ros2/install/unitree_hg/lib/python3.12/site-packages/unitree_hg-0.0.0-py3.12.egg-info/dependency_links.txt
[83.324s] -- Installing: /home/unitree/go2slam/unitree_ros2/install/unitree_hg/lib/python3.12/site-packages/unitree_hg-0.0.0-py3.12.egg-info/SOURCES.txt
[83.324s] -- Installing: /home/unitree/go2slam/unitree_ros2/install/unitree_hg/lib/python3.12/site-packages/unitree_hg
[83.324s] -- Installing: /home/unitree/go2slam/unitree_ros2/install/unitree_hg/lib/python3.12/site-packages/unitree_hg/_unitree_hg_s.ep.rosidl_typesupport_fastrtps_c.c
[83.325s] -- Installing: /home/unitree/go2slam/unitree_ros2/install/unitree_hg/lib/python3.12/site-packages/unitree_hg/unitree_hg_s__rosidl_typesupport_fastrtps_c.so
[83.325s] -- Installing: /home/unitree/go2slam/unitree_ros2/install/unitree_hg/lib/python3.12/site-packages/unitree_hg/_unitree_hg_s.ep.rosidl_typesupport_c.c
[83.325s] -- Installing: /home/unitree/go2slam/unitree_ros2/install/unitree_hg/lib/python3.12/site-packages/unitree_hg/_unitree_hg_s.ep.rosidl_typesupport_introspection_c.c
[83.325s] -- Installing: /home/unitree/go2slam/unitree_ros2/install/unitree_hg/lib/python3.12/site-packages/unitree_hg/__init__.py
[83.325s] -- Installing: /home/unitree/go2slam/unitree_ros2/install/unitree_hg/lib/python3.12/site-packages/unitree_hg/msg
[83.325s] -- Installing: /home/unitree/go2slam/unitree_ros2/install/unitree_hg/lib/python3.12/site-packages/unitree_hg/msg/_motor_cmd_s.c
[83.326s] -- Installing: /home/unitree/go2slam/unitree_ros2/install/unitree_hg/lib/python3.12/site-packages/unitree_hg/msg/_hand_state_s.c
[83.326s] -- Installing: /home/unitree/go2slam/unitree_ros2/install/unitree_hg/lib/python3.12/site-packages/unitree_hg/msg/_press_sensor_state_s.c
[83.326s] -- Installing: /home/unitree/go2slam/unitree_ros2/install/unitree_hg/lib/python3.12/site-packages/unitree_hg/msg/_hand_state.py
[83.326s] -- Installing: /home/unitree/go2slam/unitree_ros2/install/unitree_hg/lib/python3.12/site-packages/unitree_hg/msg/_hand_cmd_s.c
[83.326s] -- Installing: /home/unitree/go2slam/unitree_ros2/install/unitree_hg/lib/python3.12/site-packages/unitree_hg/msg/_low_cmd.py
[83.326s] -- Installing: /home/unitree/go2slam/unitree_ros2/install/unitree_hg/lib/python3.12/site-packages/unitree_hg/msg/_hand_cmd.py
[83.326s] -- Installing: /home/unitree/go2slam/unitree_ros2/install/unitree_hg/lib/python3.12/site-packages/unitree_hg/msg/_imu_state.py
[83.327s] -- Installing: /home/unitree/go2slam/unitree_ros2/install/unitree_hg/lib/python3.12/site-packages/unitree_hg/msg/_low_state.py
[83.327s] -- Installing: /home/unitree/go2slam/unitree_ros2/install/unitree_hg/lib/python3.12/site-packages/unitree_hg/msg/_press_sensor_state.py
[83.327s] -- Installing: /home/unitree/go2slam/unitree_ros2/install/unitree_hg/lib/python3.12/site-packages/unitree_hg/msg/_motor_state.py
[83.327s] -- Installing: /home/unitree/go2slam/unitree_ros2/install/unitree_hg/lib/python3.12/site-packages/unitree_hg/msg/_imu_state_s.c
[83.327s] -- Installing: /home/unitree/go2slam/unitree_ros2/install/unitree_hg/lib/python3.12/site-packages/unitree_hg/msg/_low_state_s.c
[83.327s] -- Installing: /home/unitree/go2slam/unitree_ros2/install/unitree_hg/lib/python3.12/site-packages/unitree_hg/msg/__init__.py
[83.327s] -- Installing: /home/unitree/go2slam/unitree_ros2/install/unitree_hg/lib/python3.12/site-packages/unitree_hg/msg/_main_board_state_s.c
[83.328s] -- Installing: /home/unitree/go2slam/unitree_ros2/install/unitree_hg/lib/python3.12/site-packages/unitree_hg/msg/_bms_state.py
[83.328s] -- Installing: /home/unitree/go2slam/unitree_ros2/install/unitree_hg/lib/python3.12/site-packages/unitree_hg/msg/_bms_cmd.py
[83.328s] -- Installing: /home/unitree/go2slam/unitree_ros2/install/unitree_hg/lib/python3.12/site-packages/unitree_hg/msg/_bms_state_s.c
[83.328s] -- Installing: /home/unitree/go2slam/unitree_ros2/install/unitree_hg/lib/python3.12/site-packages/unitree_hg/msg/_bms_cmd_s.c
[83.329s] -- Installing: /home/unitree/go2slam/unitree_ros2/install/unitree_hg/lib/python3.12/site-packages/unitree_hg/msg/_low_cmd_s.c
[83.329s] -- Installing: /home/unitree/go2slam/unitree_ros2/install/unitree_hg/lib/python3.12/site-packages/unitree_hg/msg/_main_board_state.py
[83.329s] -- Installing: /home/unitree/go2slam/unitree_ros2/install/unitree_hg/lib/python3.12/site-packages/unitree_hg/msg/_motor_cmd.py
[83.329s] -- Installing: /home/unitree/go2slam/unitree_ros2/install/unitree_hg/lib/python3.12/site-packages/unitree_hg/msg/_motor_state_s.c
[83.330s] -- Installing: /home/unitree/go2slam/unitree_ros2/install/unitree_hg/lib/python3.12/site-packages/unitree_hg/unitree_hg_s__rosidl_typesupport_c.so
[83.330s] -- Installing: /home/unitree/go2slam/unitree_ros2/install/unitree_hg/lib/python3.12/site-packages/unitree_hg/unitree_hg_s__rosidl_typesupport_introspection_c.so
[83.473s] Listing '/home/unitree/go2slam/unitree_ros2/install/unitree_hg/lib/python3.12/site-packages/unitree_hg'...
[83.473s] Compiling '/home/unitree/go2slam/unitree_ros2/install/unitree_hg/lib/python3.12/site-packages/unitree_hg/__init__.py'...
[83.473s] Listing '/home/unitree/go2slam/unitree_ros2/install/unitree_hg/lib/python3.12/site-packages/unitree_hg/msg'...
[83.473s] Compiling '/home/unitree/go2slam/unitree_ros2/install/unitree_hg/lib/python3.12/site-packages/unitree_hg/msg/__init__.py'...
[83.473s] Compiling '/home/unitree/go2slam/unitree_ros2/install/unitree_hg/lib/python3.12/site-packages/unitree_hg/msg/_bms_cmd.py'...
[83.474s] Compiling '/home/unitree/go2slam/unitree_ros2/install/unitree_hg/lib/python3.12/site-packages/unitree_hg/msg/_bms_state.py'...
[83.474s] Compiling '/home/unitree/go2slam/unitree_ros2/install/unitree_hg/lib/python3.12/site-packages/unitree_hg/msg/_hand_cmd.py'...
[83.474s] Compiling '/home/unitree/go2slam/unitree_ros2/install/unitree_hg/lib/python3.12/site-packages/unitree_hg/msg/_hand_state.py'...
[83.474s] Compiling '/home/unitree/go2slam/unitree_ros2/install/unitree_hg/lib/python3.12/site-packages/unitree_hg/msg/_imu_state.py'...
[83.474s] Compiling '/home/unitree/go2slam/unitree_ros2/install/unitree_hg/lib/python3.12/site-packages/unitree_hg/msg/_low_cmd.py'...
[83.474s] Compiling '/home/unitree/go2slam/unitree_ros2/install/unitree_hg/lib/python3.12/site-packages/unitree_hg/msg/_low_state.py'...
[83.475s] Compiling '/home/unitree/go2slam/unitree_ros2/install/unitree_hg/lib/python3.12/site-packages/unitree_hg/msg/_main_board_state.py'...
[83.475s] Compiling '/home/unitree/go2slam/unitree_ros2/install/unitree_hg/lib/python3.12/site-packages/unitree_hg/msg/_motor_cmd.py'...
[83.475s] Compiling '/home/unitree/go2slam/unitree_ros2/install/unitree_hg/lib/python3.12/site-packages/unitree_hg/msg/_motor_state.py'...
[83.475s] Compiling '/home/unitree/go2slam/unitree_ros2/install/unitree_hg/lib/python3.12/site-packages/unitree_hg/msg/_press_sensor_state.py'...
[83.494s] -- Installing: /home/unitree/go2slam/unitree_ros2/install/unitree_hg/lib/python3.12/site-packages/unitree_hg/unitree_hg_s__rosidl_typesupport_fastrtps_c.so
[83.494s] -- Set non-toolchain portion of runtime path of "/home/unitree/go2slam/unitree_ros2/install/unitree_hg/lib/python3.12/site-packages/unitree_hg/unitree_hg_s__rosidl_typesupport_fastrtps_c.so" to ""
[83.495s] -- Installing: /home/unitree/go2slam/unitree_ros2/install/unitree_hg/lib/python3.12/site-packages/unitree_hg/unitree_hg_s__rosidl_typesupport_introspection_c.so
[83.496s] -- Set non-toolchain portion of runtime path of "/home/unitree/go2slam/unitree_ros2/install/unitree_hg/lib/python3.12/site-packages/unitree_hg/unitree_hg_s__rosidl_typesupport_introspection_c.so" to ""
[83.496s] -- Installing: /home/unitree/go2slam/unitree_ros2/install/unitree_hg/lib/python3.12/site-packages/unitree_hg/unitree_hg_s__rosidl_typesupport_c.so
[83.498s] -- Set non-toolchain portion of runtime path of "/home/unitree/go2slam/unitree_ros2/install/unitree_hg/lib/python3.12/site-packages/unitree_hg/unitree_hg_s__rosidl_typesupport_c.so" to ""
[83.498s] -- Installing: /home/unitree/go2slam/unitree_ros2/install/unitree_hg/lib/libunitree_hg__rosidl_generator_py.so
[83.500s] -- Set non-toolchain portion of runtime path of "/home/unitree/go2slam/unitree_ros2/install/unitree_hg/lib/libunitree_hg__rosidl_generator_py.so" to ""
[83.501s] -- Installing: /home/unitree/go2slam/unitree_ros2/install/unitree_hg/share/ament_index/resource_index/rust_packages/unitree_hg
[83.502s] -- Installing: /home/unitree/go2slam/unitree_ros2/install/unitree_hg/share/unitree_hg/rust
[83.502s] -- Installing: /home/unitree/go2slam/unitree_ros2/install/unitree_hg/share/unitree_hg/rust/build.rs
[83.503s] -- Installing: /home/unitree/go2slam/unitree_ros2/install/unitree_hg/share/unitree_hg/rust/src
[83.504s] -- Installing: /home/unitree/go2slam/unitree_ros2/install/unitree_hg/share/unitree_hg/rust/src/msg
[83.505s] -- Installing: /home/unitree/go2slam/unitree_ros2/install/unitree_hg/share/unitree_hg/rust/src/msg/rmw.rs
[83.506s] -- Installing: /home/unitree/go2slam/unitree_ros2/install/unitree_hg/share/unitree_hg/rust/src/msg.rs
[83.507s] -- Installing: /home/unitree/go2slam/unitree_ros2/install/unitree_hg/share/unitree_hg/rust/src/lib.rs
[83.509s] -- Installing: /home/unitree/go2slam/unitree_ros2/install/unitree_hg/share/unitree_hg/rust/Cargo.toml
[83.517s] -- Installing: /home/unitree/go2slam/unitree_ros2/install/unitree_hg/share/unitree_hg/msg/BmsCmd.idl
[83.518s] -- Installing: /home/unitree/go2slam/unitree_ros2/install/unitree_hg/share/unitree_hg/msg/BmsState.idl
[83.518s] -- Installing: /home/unitree/go2slam/unitree_ros2/install/unitree_hg/share/unitree_hg/msg/HandCmd.idl
[83.518s] -- Installing: /home/unitree/go2slam/unitree_ros2/install/unitree_hg/share/unitree_hg/msg/HandState.idl
[83.518s] -- Installing: /home/unitree/go2slam/unitree_ros2/install/unitree_hg/share/unitree_hg/msg/IMUState.idl
[83.518s] -- Installing: /home/unitree/go2slam/unitree_ros2/install/unitree_hg/share/unitree_hg/msg/LowCmd.idl
[83.519s] -- Installing: /home/unitree/go2slam/unitree_ros2/install/unitree_hg/share/unitree_hg/msg/LowState.idl
[83.519s] -- Installing: /home/unitree/go2slam/unitree_ros2/install/unitree_hg/share/unitree_hg/msg/MainBoardState.idl
[83.519s] -- Installing: /home/unitree/go2slam/unitree_ros2/install/unitree_hg/share/unitree_hg/msg/MotorCmd.idl
[83.519s] -- Installing: /home/unitree/go2slam/unitree_ros2/install/unitree_hg/share/unitree_hg/msg/MotorState.idl
[83.519s] -- Installing: /home/unitree/go2slam/unitree_ros2/install/unitree_hg/share/unitree_hg/msg/PressSensorState.idl
[83.519s] -- Installing: /home/unitree/go2slam/unitree_ros2/install/unitree_hg/share/unitree_hg/msg/BmsCmd.msg
[83.520s] -- Installing: /home/unitree/go2slam/unitree_ros2/install/unitree_hg/share/unitree_hg/msg/BmsState.msg
[83.520s] -- Installing: /home/unitree/go2slam/unitree_ros2/install/unitree_hg/share/unitree_hg/msg/HandCmd.msg
[83.521s] -- Installing: /home/unitree/go2slam/unitree_ros2/install/unitree_hg/share/unitree_hg/msg/HandState.msg
[83.521s] -- Installing: /home/unitree/go2slam/unitree_ros2/install/unitree_hg/share/unitree_hg/msg/IMUState.msg
[83.521s] -- Installing: /home/unitree/go2slam/unitree_ros2/install/unitree_hg/share/unitree_hg/msg/LowCmd.msg
[83.522s] -- Installing: /home/unitree/go2slam/unitree_ros2/install/unitree_hg/share/unitree_hg/msg/LowState.msg
[83.522s] -- Installing: /home/unitree/go2slam/unitree_ros2/install/unitree_hg/share/unitree_hg/msg/MainBoardState.msg
[83.522s] -- Installing: /home/unitree/go2slam/unitree_ros2/install/unitree_hg/share/unitree_hg/msg/MotorCmd.msg
[83.522s] -- Installing: /home/unitree/go2slam/unitree_ros2/install/unitree_hg/share/unitree_hg/msg/MotorState.msg
[83.523s] -- Installing: /home/unitree/go2slam/unitree_ros2/install/unitree_hg/share/unitree_hg/msg/PressSensorState.msg
[83.524s] -- Installing: /home/unitree/go2slam/unitree_ros2/install/unitree_hg/share/unitree_hg/msg/dds_connext
[83.524s] -- Installing: /home/unitree/go2slam/unitree_ros2/install/unitree_hg/share/unitree_hg/msg/dds_connext/MainBoardState_.idl
[83.525s] -- Installing: /home/unitree/go2slam/unitree_ros2/install/unitree_hg/share/unitree_hg/msg/dds_connext/PressSensorState_.idl
[83.525s] -- Installing: /home/unitree/go2slam/unitree_ros2/install/unitree_hg/share/unitree_hg/msg/dds_connext/MotorState_.idl
[83.526s] -- Installing: /home/unitree/go2slam/unitree_ros2/install/unitree_hg/share/unitree_hg/msg/dds_connext/BmsState_.idl
[83.527s] -- Installing: /home/unitree/go2slam/unitree_ros2/install/unitree_hg/share/unitree_hg/msg/dds_connext/LowState_.idl
[83.527s] -- Installing: /home/unitree/go2slam/unitree_ros2/install/unitree_hg/share/unitree_hg/msg/dds_connext/MotorCmd_.idl
[83.528s] -- Installing: /home/unitree/go2slam/unitree_ros2/install/unitree_hg/share/unitree_hg/msg/dds_connext/LowCmd_.idl
[83.529s] -- Installing: /home/unitree/go2slam/unitree_ros2/install/unitree_hg/share/unitree_hg/msg/dds_connext/HandState_.idl
[83.530s] -- Installing: /home/unitree/go2slam/unitree_ros2/install/unitree_hg/share/unitree_hg/msg/dds_connext/HandCmd_.idl
[83.530s] -- Installing: /home/unitree/go2slam/unitree_ros2/install/unitree_hg/share/unitree_hg/msg/dds_connext/IMUState_.idl
[83.531s] -- Installing: /home/unitree/go2slam/unitree_ros2/install/unitree_hg/share/unitree_hg/msg/dds_connext/BmsCmd_.idl
[83.532s] -- Installing: /home/unitree/go2slam/unitree_ros2/install/unitree_hg/share/ament_index/resource_index/package_run_dependencies/unitree_hg
[83.534s] -- Installing: /home/unitree/go2slam/unitree_ros2/install/unitree_hg/share/ament_index/resource_index/parent_prefix_path/unitree_hg
[83.534s] -- Installing: /home/unitree/go2slam/unitree_ros2/install/unitree_hg/share/unitree_hg/environment/ament_prefix_path.sh
[83.535s] -- Installing: /home/unitree/go2slam/unitree_ros2/install/unitree_hg/share/unitree_hg/environment/ament_prefix_path.dsv
[83.538s] -- Installing: /home/unitree/go2slam/unitree_ros2/install/unitree_hg/share/unitree_hg/environment/path.sh
[83.539s] -- Installing: /home/unitree/go2slam/unitree_ros2/install/unitree_hg/share/unitree_hg/environment/path.dsv
[83.540s] -- Installing: /home/unitree/go2slam/unitree_ros2/install/unitree_hg/share/unitree_hg/local_setup.bash
[83.541s] -- Installing: /home/unitree/go2slam/unitree_ros2/install/unitree_hg/share/unitree_hg/local_setup.sh
[83.546s] -- Installing: /home/unitree/go2slam/unitree_ros2/install/unitree_hg/share/unitree_hg/local_setup.zsh
[83.551s] -- Installing: /home/unitree/go2slam/unitree_ros2/install/unitree_hg/share/unitree_hg/local_setup.dsv
[83.553s] -- Installing: /home/unitree/go2slam/unitree_ros2/install/unitree_hg/share/unitree_hg/package.dsv
[83.554s] -- Installing: /home/unitree/go2slam/unitree_ros2/install/unitree_hg/share/ament_index/resource_index/packages/unitree_hg
[83.555s] -- Installing: /home/unitree/go2slam/unitree_ros2/install/unitree_hg/share/unitree_hg/cmake/export_unitree_hg__rosidl_generator_cExport.cmake
[83.556s] -- Installing: /home/unitree/go2slam/unitree_ros2/install/unitree_hg/share/unitree_hg/cmake/export_unitree_hg__rosidl_generator_cExport-noconfig.cmake
[83.558s] -- Installing: /home/unitree/go2slam/unitree_ros2/install/unitree_hg/share/unitree_hg/cmake/export_unitree_hg__rosidl_typesupport_fastrtps_cExport.cmake
[83.558s] -- Installing: /home/unitree/go2slam/unitree_ros2/install/unitree_hg/share/unitree_hg/cmake/export_unitree_hg__rosidl_typesupport_fastrtps_cExport-noconfig.cmake
[83.559s] -- Installing: /home/unitree/go2slam/unitree_ros2/install/unitree_hg/share/unitree_hg/cmake/export_unitree_hg__rosidl_generator_cppExport.cmake
[83.560s] -- Installing: /home/unitree/go2slam/unitree_ros2/install/unitree_hg/share/unitree_hg/cmake/export_unitree_hg__rosidl_typesupport_fastrtps_cppExport.cmake
[83.561s] -- Installing: /home/unitree/go2slam/unitree_ros2/install/unitree_hg/share/unitree_hg/cmake/export_unitree_hg__rosidl_typesupport_fastrtps_cppExport-noconfig.cmake
[83.562s] -- Installing: /home/unitree/go2slam/unitree_ros2/install/unitree_hg/share/unitree_hg/cmake/unitree_hg__rosidl_typesupport_introspection_cExport.cmake
[83.563s] -- Installing: /home/unitree/go2slam/unitree_ros2/install/unitree_hg/share/unitree_hg/cmake/unitree_hg__rosidl_typesupport_introspection_cExport-noconfig.cmake
[83.564s] -- Installing: /home/unitree/go2slam/unitree_ros2/install/unitree_hg/share/unitree_hg/cmake/unitree_hg__rosidl_typesupport_cExport.cmake
[83.570s] -- Installing: /home/unitree/go2slam/unitree_ros2/install/unitree_hg/share/unitree_hg/cmake/unitree_hg__rosidl_typesupport_cExport-noconfig.cmake
[83.571s] -- Installing: /home/unitree/go2slam/unitree_ros2/install/unitree_hg/share/unitree_hg/cmake/unitree_hg__rosidl_typesupport_introspection_cppExport.cmake
[83.572s] -- Installing: /home/unitree/go2slam/unitree_ros2/install/unitree_hg/share/unitree_hg/cmake/unitree_hg__rosidl_typesupport_introspection_cppExport-noconfig.cmake
[83.573s] -- Installing: /home/unitree/go2slam/unitree_ros2/install/unitree_hg/share/unitree_hg/cmake/unitree_hg__rosidl_typesupport_cppExport.cmake
[83.574s] -- Installing: /home/unitree/go2slam/unitree_ros2/install/unitree_hg/share/unitree_hg/cmake/unitree_hg__rosidl_typesupport_cppExport-noconfig.cmake
[83.575s] -- Installing: /home/unitree/go2slam/unitree_ros2/install/unitree_hg/share/unitree_hg/cmake/export_unitree_hg__rosidl_generator_pyExport.cmake
[83.576s] -- Installing: /home/unitree/go2slam/unitree_ros2/install/unitree_hg/share/unitree_hg/cmake/export_unitree_hg__rosidl_generator_pyExport-noconfig.cmake
[83.576s] -- Installing: /home/unitree/go2slam/unitree_ros2/install/unitree_hg/share/unitree_hg/cmake/rosidl_cmake-extras.cmake
[83.577s] -- Installing: /home/unitree/go2slam/unitree_ros2/install/unitree_hg/share/unitree_hg/cmake/ament_cmake_export_dependencies-extras.cmake
[83.578s] -- Installing: /home/unitree/go2slam/unitree_ros2/install/unitree_hg/share/unitree_hg/cmake/ament_cmake_export_include_directories-extras.cmake
[83.579s] -- Installing: /home/unitree/go2slam/unitree_ros2/install/unitree_hg/share/unitree_hg/cmake/ament_cmake_export_libraries-extras.cmake
[83.580s] -- Installing: /home/unitree/go2slam/unitree_ros2/install/unitree_hg/share/unitree_hg/cmake/ament_cmake_export_targets-extras.cmake
[83.584s] -- Installing: /home/unitree/go2slam/unitree_ros2/install/unitree_hg/share/unitree_hg/cmake/rosidl_cmake_export_typesupport_targets-extras.cmake
[83.585s] -- Installing: /home/unitree/go2slam/unitree_ros2/install/unitree_hg/share/unitree_hg/cmake/rosidl_cmake_export_typesupport_libraries-extras.cmake
[83.586s] -- Installing: /home/unitree/go2slam/unitree_ros2/install/unitree_hg/share/unitree_hg/cmake/unitree_hgConfig.cmake
[83.587s] -- Installing: /home/unitree/go2slam/unitree_ros2/install/unitree_hg/share/unitree_hg/cmake/unitree_hgConfig-version.cmake
[83.587s] -- Installing: /home/unitree/go2slam/unitree_ros2/install/unitree_hg/share/unitree_hg/package.xml
[83.597s] Invoked command in '/home/unitree/go2slam/unitree_ros2/build/unitree_hg' returned '0': CMAKE_PREFIX_PATH=${CMAKE_PREFIX_PATH}:/opt/ros/jazzy /usr/bin/cmake --install /home/unitree/go2slam/unitree_ros2/build/unitree_hg
