[100%] Built target go2_map_builder
-- Install configuration: ""
-- Up-to-date: /home/unitree/go2slam/install/go2_mapping_only/lib/go2_mapping_only/go2_map_builder
-- Up-to-date: /home/unitree/go2slam/install/go2_mapping_only/share/go2_mapping_only/launch
-- Up-to-date: /home/unitree/go2slam/install/go2_mapping_only/share/go2_mapping_only/launch/mapping_only.launch.py
-- Up-to-date: /home/unitree/go2slam/install/go2_mapping_only/share/go2_mapping_only/rviz_cfg
-- Up-to-date: /home/unitree/go2slam/install/go2_mapping_only/share/go2_mapping_only/rviz_cfg/mapping_only.rviz
-- Up-to-date: /home/unitree/go2slam/install/go2_mapping_only/share/ament_index/resource_index/package_run_dependencies/go2_mapping_only
-- Up-to-date: /home/unitree/go2slam/install/go2_mapping_only/share/ament_index/resource_index/parent_prefix_path/go2_mapping_only
-- Up-to-date: /home/unitree/go2slam/install/go2_mapping_only/share/go2_mapping_only/environment/ament_prefix_path.sh
-- Up-to-date: /home/unitree/go2slam/install/go2_mapping_only/share/go2_mapping_only/environment/ament_prefix_path.dsv
-- Up-to-date: /home/unitree/go2slam/install/go2_mapping_only/share/go2_mapping_only/environment/path.sh
-- Up-to-date: /home/unitree/go2slam/install/go2_mapping_only/share/go2_mapping_only/environment/path.dsv
-- Up-to-date: /home/unitree/go2slam/install/go2_mapping_only/share/go2_mapping_only/local_setup.bash
-- Up-to-date: /home/unitree/go2slam/install/go2_mapping_only/share/go2_mapping_only/local_setup.sh
-- Up-to-date: /home/unitree/go2slam/install/go2_mapping_only/share/go2_mapping_only/local_setup.zsh
-- Up-to-date: /home/unitree/go2slam/install/go2_mapping_only/share/go2_mapping_only/local_setup.dsv
-- Installing: /home/unitree/go2slam/install/go2_mapping_only/share/go2_mapping_only/package.dsv
-- Up-to-date: /home/unitree/go2slam/install/go2_mapping_only/share/ament_index/resource_index/packages/go2_mapping_only
-- Up-to-date: /home/unitree/go2slam/install/go2_mapping_only/share/go2_mapping_only/cmake/go2_mapping_onlyConfig.cmake
-- Up-to-date: /home/unitree/go2slam/install/go2_mapping_only/share/go2_mapping_only/cmake/go2_mapping_onlyConfig-version.cmake
-- Up-to-date: /home/unitree/go2slam/install/go2_mapping_only/share/go2_mapping_only/package.xml
