-- Found ament_cmake: 2.5.6 (/opt/ros/jazzy/share/ament_cmake/cmake)
-- Found rclcpp: 28.1.18 (/opt/ros/jazzy/share/rclcpp/cmake)
-- Found rosidl_generator_c: 4.6.7 (/opt/ros/jazzy/share/rosidl_generator_c/cmake)
-- Found rosidl_generator_cpp: 4.6.7 (/opt/ros/jazzy/share/rosidl_generator_cpp/cmake)
-- Using all available rosidl_typesupport_c: rosidl_typesupport_fastrtps_c;rosidl_typesupport_introspection_c
-- Using all available rosidl_typesupport_cpp: rosidl_typesupport_fastrtps_cpp;rosidl_typesupport_introspection_cpp
-- Found rmw_implementation_cmake: 7.3.3 (/opt/ros/jazzy/share/rmw_implementation_cmake/cmake)
-- Found rmw_fastrtps_cpp: 8.4.3 (/opt/ros/jazzy/share/rmw_fastrtps_cpp/cmake)
-- Using RMW implementation 'rmw_fastrtps_cpp' as default
-- Found unitree_go: 0.0.0 (/home/unitree/unitree_ros2/install/unitree_go/share/unitree_go/cmake)
-- Found nav_msgs: 5.3.7 (/opt/ros/jazzy/share/nav_msgs/cmake)
-- Found tf2: 0.36.20 (/opt/ros/jazzy/share/tf2/cmake)
-- Found tf2_ros: 0.36.20 (/opt/ros/jazzy/share/tf2_ros/cmake)
-- Found sensor_msgs: 5.3.7 (/opt/ros/jazzy/share/sensor_msgs/cmake)
-- Found ament_lint_auto: 0.17.5 (/opt/ros/jazzy/share/ament_lint_auto/cmake)
-- Added test 'cppcheck' to perform static code analysis on C / C++ code
-- Configured cppcheck include dirs: $<BUILD_INTERFACE:/home/unitree/go2slam/src/base/go2_driver/include>
-- Configured cppcheck exclude dirs and/or files: 
-- Added test 'flake8' to check Python code syntax and style conventions
-- Configured 'flake8' exclude dirs and/or files: 
-- Added test 'lint_cmake' to check CMake code style
-- Added test 'pep257' to check Python code against some of the docstring style conventions in PEP 257
-- Added test 'uncrustify' to check C / C++ code style
-- Configured uncrustify additional arguments: 
-- Added test 'xmllint' to check XML markup files
-- Configuring done (1.5s)
-- Generating done (0.0s)
-- Build files have been written to: /home/unitree/go2slam/build/go2_driver
[ 16%] Building CXX object CMakeFiles/lowstate_to_imu.dir/src/lowstate_to_imu.cpp.o
[ 33%] Building CXX object CMakeFiles/footprint_to_link.dir/src/footprint_to_link.cpp.o
[ 50%] Building CXX object CMakeFiles/driver.dir/src/driver.cpp.o
[ 66%] Linking CXX executable footprint_to_link
[ 66%] Built target footprint_to_link
[ 83%] Linking CXX executable lowstate_to_imu
[ 83%] Built target lowstate_to_imu
[100%] Linking CXX executable driver
[100%] Built target driver
-- Install configuration: ""
-- Installing: /home/unitree/go2slam/install/go2_driver/lib/go2_driver/driver
-- Set non-toolchain portion of runtime path of "/home/unitree/go2slam/install/go2_driver/lib/go2_driver/driver" to ""
-- Installing: /home/unitree/go2slam/install/go2_driver/lib/go2_driver/footprint_to_link
-- Set non-toolchain portion of runtime path of "/home/unitree/go2slam/install/go2_driver/lib/go2_driver/footprint_to_link" to ""
-- Installing: /home/unitree/go2slam/install/go2_driver/lib/go2_driver/lowstate_to_imu
-- Set non-toolchain portion of runtime path of "/home/unitree/go2slam/install/go2_driver/lib/go2_driver/lowstate_to_imu" to ""
-- Up-to-date: /home/unitree/go2slam/install/go2_driver/share/go2_driver/launch
-- Up-to-date: /home/unitree/go2slam/install/go2_driver/share/go2_driver/launch/__pycache__
-- Installing: /home/unitree/go2slam/install/go2_driver/share/go2_driver/launch/__pycache__/driver.launch.cpython-312.pyc
-- Installing: /home/unitree/go2slam/install/go2_driver/share/go2_driver/launch/driver.launch.py
-- Up-to-date: /home/unitree/go2slam/install/go2_driver/share/go2_driver/params
-- Installing: /home/unitree/go2slam/install/go2_driver/share/go2_driver/params/driver.yaml
-- Up-to-date: /home/unitree/go2slam/install/go2_driver/share/go2_driver/rviz
-- Installing: /home/unitree/go2slam/install/go2_driver/share/go2_driver/rviz/display.rviz
-- Installing: /home/unitree/go2slam/install/go2_driver/share/ament_index/resource_index/package_run_dependencies/go2_driver
-- Installing: /home/unitree/go2slam/install/go2_driver/share/ament_index/resource_index/parent_prefix_path/go2_driver
-- Installing: /home/unitree/go2slam/install/go2_driver/share/go2_driver/environment/ament_prefix_path.sh
-- Installing: /home/unitree/go2slam/install/go2_driver/share/go2_driver/environment/ament_prefix_path.dsv
-- Installing: /home/unitree/go2slam/install/go2_driver/share/go2_driver/environment/path.sh
-- Installing: /home/unitree/go2slam/install/go2_driver/share/go2_driver/environment/path.dsv
-- Installing: /home/unitree/go2slam/install/go2_driver/share/go2_driver/local_setup.bash
-- Installing: /home/unitree/go2slam/install/go2_driver/share/go2_driver/local_setup.sh
-- Installing: /home/unitree/go2slam/install/go2_driver/share/go2_driver/local_setup.zsh
-- Installing: /home/unitree/go2slam/install/go2_driver/share/go2_driver/local_setup.dsv
-- Installing: /home/unitree/go2slam/install/go2_driver/share/go2_driver/package.dsv
-- Installing: /home/unitree/go2slam/install/go2_driver/share/ament_index/resource_index/packages/go2_driver
-- Installing: /home/unitree/go2slam/install/go2_driver/share/go2_driver/cmake/go2_driverConfig.cmake
-- Installing: /home/unitree/go2slam/install/go2_driver/share/go2_driver/cmake/go2_driverConfig-version.cmake
-- Installing: /home/unitree/go2slam/install/go2_driver/share/go2_driver/package.xml
