[0.067s] Invoking command in '/home/unitree/go2slam/build/go2_slam': CMAKE_PREFIX_PATH=${CMAKE_PREFIX_PATH}:/home/unitree/unitree_ros2/install/unitree_hg:/home/unitree/unitree_ros2/install/unitree_go:/home/unitree/unitree_ros2/install/unitree_api:/opt/ros/jazzy /usr/bin/cmake --build /home/unitree/go2slam/build/go2_slam -- -j6 -l6
[0.168s] -- Found ament_cmake: 2.5.6 (/opt/ros/jazzy/share/ament_cmake/cmake)
[0.872s] -- Found ament_lint_auto: 0.17.5 (/opt/ros/jazzy/share/ament_lint_auto/cmake)
[1.172s] -- Added test 'flake8' to check Python code syntax and style conventions
[1.172s] -- Configured 'flake8' exclude dirs and/or files: 
[1.173s] -- Added test 'lint_cmake' to check CMake code style
[1.174s] -- Added test 'pep257' to check Python code against some of the docstring style conventions in PEP 257
[1.176s] -- Added test 'xmllint' to check XML markup files
[1.181s] -- Configuring done (1.0s)
[1.215s] -- Generating done (0.0s)
[1.231s] -- Build files have been written to: /home/unitree/go2slam/build/go2_slam
[1.324s] Invoked command in '/home/unitree/go2slam/build/go2_slam' returned '0': CMAKE_PREFIX_PATH=${CMAKE_PREFIX_PATH}:/home/unitree/unitree_ros2/install/unitree_hg:/home/unitree/unitree_ros2/install/unitree_go:/home/unitree/unitree_ros2/install/unitree_api:/opt/ros/jazzy /usr/bin/cmake --build /home/unitree/go2slam/build/go2_slam -- -j6 -l6
[1.366s] Invoking command in '/home/unitree/go2slam/build/go2_slam': CMAKE_PREFIX_PATH=${CMAKE_PREFIX_PATH}:/home/unitree/unitree_ros2/install/unitree_hg:/home/unitree/unitree_ros2/install/unitree_go:/home/unitree/unitree_ros2/install/unitree_api:/opt/ros/jazzy /usr/bin/cmake --install /home/unitree/go2slam/build/go2_slam
[1.381s] -- Install configuration: ""
[1.381s] -- Up-to-date: /home/unitree/go2slam/install/go2_slam/share/go2_slam/launch
[1.387s] -- Up-to-date: /home/unitree/go2slam/install/go2_slam/share/go2_slam/launch/__pycache__
[1.397s] -- Installing: /home/unitree/go2slam/install/go2_slam/share/go2_slam/launch/__pycache__/go2_slamtoolbox.launch.cpython-312.pyc
[1.397s] -- Installing: /home/unitree/go2slam/install/go2_slam/share/go2_slam/launch/go2_slamtoolbox.launch.py
[1.397s] -- Up-to-date: /home/unitree/go2slam/install/go2_slam/share/go2_slam/config
[1.397s] -- Installing: /home/unitree/go2slam/install/go2_slam/share/go2_slam/config/mapper_params_online_async.yaml
[1.397s] -- Up-to-date: /home/unitree/go2slam/install/go2_slam/share/ament_index/resource_index/package_run_dependencies/go2_slam
[1.398s] -- Installing: /home/unitree/go2slam/install/go2_slam/share/ament_index/resource_index/parent_prefix_path/go2_slam
[1.398s] -- Installing: /home/unitree/go2slam/install/go2_slam/share/go2_slam/environment/ament_prefix_path.sh
[1.398s] -- Up-to-date: /home/unitree/go2slam/install/go2_slam/share/go2_slam/environment/ament_prefix_path.dsv
[1.398s] -- Installing: /home/unitree/go2slam/install/go2_slam/share/go2_slam/environment/path.sh
[1.398s] -- Up-to-date: /home/unitree/go2slam/install/go2_slam/share/go2_slam/environment/path.dsv
[1.398s] -- Up-to-date: /home/unitree/go2slam/install/go2_slam/share/go2_slam/local_setup.bash
[1.398s] -- Up-to-date: /home/unitree/go2slam/install/go2_slam/share/go2_slam/local_setup.sh
[1.399s] -- Up-to-date: /home/unitree/go2slam/install/go2_slam/share/go2_slam/local_setup.zsh
[1.399s] -- Up-to-date: /home/unitree/go2slam/install/go2_slam/share/go2_slam/local_setup.dsv
[1.399s] -- Up-to-date: /home/unitree/go2slam/install/go2_slam/share/go2_slam/package.dsv
[1.399s] -- Up-to-date: /home/unitree/go2slam/install/go2_slam/share/ament_index/resource_index/packages/go2_slam
[1.399s] -- Up-to-date: /home/unitree/go2slam/install/go2_slam/share/go2_slam/cmake/go2_slamConfig.cmake
[1.399s] -- Up-to-date: /home/unitree/go2slam/install/go2_slam/share/go2_slam/cmake/go2_slamConfig-version.cmake
[1.399s] -- Installing: /home/unitree/go2slam/install/go2_slam/share/go2_slam/package.xml
[1.504s] Invoked command in '/home/unitree/go2slam/build/go2_slam' returned '0': CMAKE_PREFIX_PATH=${CMAKE_PREFIX_PATH}:/home/unitree/unitree_ros2/install/unitree_hg:/home/unitree/unitree_ros2/install/unitree_go:/home/unitree/unitree_ros2/install/unitree_api:/opt/ros/jazzy /usr/bin/cmake --install /home/unitree/go2slam/build/go2_slam
