[0.106s] Invoking command in '/home/unitree/go2slam/build/unitree_api': CMAKE_PREFIX_PATH=${CMAKE_PREFIX_PATH}:/home/unitree/unitree_ros2/install/unitree_hg:/home/unitree/unitree_ros2/install/unitree_go:/home/unitree/unitree_ros2/install/unitree_api:/opt/ros/jazzy /usr/bin/cmake /home/unitree/go2slam/unitree_ros2/cyclonedds_ws/src/unitree/unitree_api -DCMAKE_INSTALL_PREFIX=/home/unitree/go2slam/install/unitree_api
[0.334s] -- The C compiler identification is GNU 13.3.0
[0.578s] -- The CXX compiler identification is GNU 13.3.0
[0.635s] -- Detecting C compiler ABI info
[1.046s] -- Detecting C compiler ABI info - done
[1.072s] -- Check for working C compiler: /usr/bin/cc - skipped
[1.073s] -- Detecting C compile features
[1.075s] -- Detecting C compile features - done
[1.112s] -- Detecting CXX compiler ABI info
[1.434s] -- Detecting CXX compiler ABI info - done
[1.474s] -- Check for working CXX compiler: /usr/bin/c++ - skipped
[1.482s] -- Detecting CXX compile features
[1.482s] -- Detecting CXX compile features - done
[1.505s] -- Found ament_cmake: 2.5.6 (/opt/ros/jazzy/share/ament_cmake/cmake)
[2.024s] -- Found Python3: /usr/bin/python3 (found version "3.12.3") found components: Interpreter 
[2.563s] -- Found geometry_msgs: 5.3.7 (/opt/ros/jazzy/share/geometry_msgs/cmake)
[2.772s] -- Found rosidl_generator_c: 4.6.7 (/opt/ros/jazzy/share/rosidl_generator_c/cmake)
[2.861s] -- Found rosidl_generator_cpp: 4.6.7 (/opt/ros/jazzy/share/rosidl_generator_cpp/cmake)
[2.941s] -- Using all available rosidl_typesupport_c: rosidl_typesupport_fastrtps_c;rosidl_typesupport_introspection_c
[3.018s] -- Using all available rosidl_typesupport_cpp: rosidl_typesupport_fastrtps_cpp;rosidl_typesupport_introspection_cpp
[3.162s] -- Found rosidl_default_generators: 1.6.0 (/opt/ros/jazzy/share/rosidl_default_generators/cmake)
[3.260s] -- Found rosidl_adapter: 4.6.7 (/opt/ros/jazzy/share/rosidl_adapter/cmake)
[3.277s] -- Found rosidl_generator_dds_idl: 0.11.1 (/opt/ros/jazzy/share/rosidl_generator_dds_idl/cmake)
[4.803s] -- Found ament_cmake_ros: 0.12.0 (/opt/ros/jazzy/share/ament_cmake_ros/cmake)
[6.969s] -- Using all available rosidl_typesupport_c: rosidl_typesupport_fastrtps_c;rosidl_typesupport_introspection_c
[7.744s] -- Using all available rosidl_typesupport_cpp: rosidl_typesupport_fastrtps_cpp;rosidl_typesupport_introspection_cpp
[7.766s] -- Found python_cmake_module: 0.11.1 (/opt/ros/jazzy/share/python_cmake_module/cmake)
[8.065s] -- Found PythonExtra: /usr/bin/python3  
[9.228s] -- Found Python3: /usr/bin/python3 (found version "3.12.3") found components: Interpreter Development NumPy Development.Module Development.Embed 
[9.545s] -- Found Python3: /usr/bin/python3 (found version "3.12.3") found components: Interpreter 
[9.627s] -- Found ament_lint_auto: 0.17.5 (/opt/ros/jazzy/share/ament_lint_auto/cmake)
[9.769s] -- Added test 'copyright' to check source files copyright and LICENSE
[9.775s] -- Added test 'lint_cmake' to check CMake code style
[9.778s] -- Added test 'xmllint' to check XML markup files
[9.787s] -- Configuring done (9.6s)
[9.957s] -- Generating done (0.1s)
[9.993s] -- Build files have been written to: /home/unitree/go2slam/build/unitree_api
