[0.035s] Invoking command in '/home/unitree/go2slam/build/go2_driver': AMENT_PREFIX_PATH=/home/unitree/go2slam/install/go2_twist_bridge:/home/unitree/go2slam/install/unitree_go:/home/unitree/go2slam/install/unitree_api:/home/unitree/go2slam/install/go2_description:${AMENT_PREFIX_PATH} CMAKE_PREFIX_PATH=/home/unitree/go2slam/install/go2_twist_bridge:/home/unitree/go2slam/install/unitree_go:/home/unitree/go2slam/install/unitree_api:/home/unitree/go2slam/install/go2_description:/opt/ros/jazzy/opt/gz_sim_vendor:/opt/ros/jazzy/opt/gz_sensors_vendor:/opt/ros/jazzy/opt/gz_physics_vendor:/opt/ros/jazzy/opt/sdformat_vendor:/opt/ros/jazzy/opt/gz_gui_vendor:/opt/ros/jazzy/opt/gz_transport_vendor:/opt/ros/jazzy/opt/gz_rendering_vendor:/opt/ros/jazzy/opt/gz_plugin_vendor:/opt/ros/jazzy/opt/gz_fuel_tools_vendor:/opt/ros/jazzy/opt/gz_msgs_vendor:/opt/ros/jazzy/opt/gz_common_vendor:/opt/ros/jazzy/opt/gz_math_vendor:/opt/ros/jazzy/opt/gz_utils_vendor:/opt/ros/jazzy/opt/gz_tools_vendor:/opt/ros/jazzy/opt/gz_ogre_next_vendor:/opt/ros/jazzy/opt/gz_dartsim_vendor:/opt/ros/jazzy/opt/gz_cmake_vendor:/opt/ros/jazzy LD_LIBRARY_PATH=/home/unitree/go2slam/install/unitree_go/lib:/home/unitree/go2slam/install/unitree_api/lib:${LD_LIBRARY_PATH} PYTHONPATH=/home/unitree/go2slam/install/unitree_go/lib/python3.12/site-packages:/home/unitree/go2slam/install/unitree_api/lib/python3.12/site-packages:${PYTHONPATH} /usr/bin/cmake --build /home/unitree/go2slam/build/go2_driver -- -j6 -l6
[0.196s] [ 33%] Built target footprint_to_link
[0.202s] [ 66%] Built target lowstate_to_imu
[0.206s] [100%] Built target driver
[0.231s] Invoked command in '/home/unitree/go2slam/build/go2_driver' returned '0': AMENT_PREFIX_PATH=/home/unitree/go2slam/install/go2_twist_bridge:/home/unitree/go2slam/install/unitree_go:/home/unitree/go2slam/install/unitree_api:/home/unitree/go2slam/install/go2_description:${AMENT_PREFIX_PATH} CMAKE_PREFIX_PATH=/home/unitree/go2slam/install/go2_twist_bridge:/home/unitree/go2slam/install/unitree_go:/home/unitree/go2slam/install/unitree_api:/home/unitree/go2slam/install/go2_description:/opt/ros/jazzy/opt/gz_sim_vendor:/opt/ros/jazzy/opt/gz_sensors_vendor:/opt/ros/jazzy/opt/gz_physics_vendor:/opt/ros/jazzy/opt/sdformat_vendor:/opt/ros/jazzy/opt/gz_gui_vendor:/opt/ros/jazzy/opt/gz_transport_vendor:/opt/ros/jazzy/opt/gz_rendering_vendor:/opt/ros/jazzy/opt/gz_plugin_vendor:/opt/ros/jazzy/opt/gz_fuel_tools_vendor:/opt/ros/jazzy/opt/gz_msgs_vendor:/opt/ros/jazzy/opt/gz_common_vendor:/opt/ros/jazzy/opt/gz_math_vendor:/opt/ros/jazzy/opt/gz_utils_vendor:/opt/ros/jazzy/opt/gz_tools_vendor:/opt/ros/jazzy/opt/gz_ogre_next_vendor:/opt/ros/jazzy/opt/gz_dartsim_vendor:/opt/ros/jazzy/opt/gz_cmake_vendor:/opt/ros/jazzy LD_LIBRARY_PATH=/home/unitree/go2slam/install/unitree_go/lib:/home/unitree/go2slam/install/unitree_api/lib:${LD_LIBRARY_PATH} PYTHONPATH=/home/unitree/go2slam/install/unitree_go/lib/python3.12/site-packages:/home/unitree/go2slam/install/unitree_api/lib/python3.12/site-packages:${PYTHONPATH} /usr/bin/cmake --build /home/unitree/go2slam/build/go2_driver -- -j6 -l6
[0.233s] Invoking command in '/home/unitree/go2slam/build/go2_driver': AMENT_PREFIX_PATH=/home/unitree/go2slam/install/go2_twist_bridge:/home/unitree/go2slam/install/unitree_go:/home/unitree/go2slam/install/unitree_api:/home/unitree/go2slam/install/go2_description:${AMENT_PREFIX_PATH} CMAKE_PREFIX_PATH=/home/unitree/go2slam/install/go2_twist_bridge:/home/unitree/go2slam/install/unitree_go:/home/unitree/go2slam/install/unitree_api:/home/unitree/go2slam/install/go2_description:/opt/ros/jazzy/opt/gz_sim_vendor:/opt/ros/jazzy/opt/gz_sensors_vendor:/opt/ros/jazzy/opt/gz_physics_vendor:/opt/ros/jazzy/opt/sdformat_vendor:/opt/ros/jazzy/opt/gz_gui_vendor:/opt/ros/jazzy/opt/gz_transport_vendor:/opt/ros/jazzy/opt/gz_rendering_vendor:/opt/ros/jazzy/opt/gz_plugin_vendor:/opt/ros/jazzy/opt/gz_fuel_tools_vendor:/opt/ros/jazzy/opt/gz_msgs_vendor:/opt/ros/jazzy/opt/gz_common_vendor:/opt/ros/jazzy/opt/gz_math_vendor:/opt/ros/jazzy/opt/gz_utils_vendor:/opt/ros/jazzy/opt/gz_tools_vendor:/opt/ros/jazzy/opt/gz_ogre_next_vendor:/opt/ros/jazzy/opt/gz_dartsim_vendor:/opt/ros/jazzy/opt/gz_cmake_vendor:/opt/ros/jazzy LD_LIBRARY_PATH=/home/unitree/go2slam/install/unitree_go/lib:/home/unitree/go2slam/install/unitree_api/lib:${LD_LIBRARY_PATH} PYTHONPATH=/home/unitree/go2slam/install/unitree_go/lib/python3.12/site-packages:/home/unitree/go2slam/install/unitree_api/lib/python3.12/site-packages:${PYTHONPATH} /usr/bin/cmake --install /home/unitree/go2slam/build/go2_driver
[0.252s] -- Install configuration: ""
[0.252s] -- Up-to-date: /home/unitree/go2slam/install/go2_driver/lib/go2_driver/driver
[0.253s] -- Up-to-date: /home/unitree/go2slam/install/go2_driver/lib/go2_driver/footprint_to_link
[0.253s] -- Up-to-date: /home/unitree/go2slam/install/go2_driver/lib/go2_driver/lowstate_to_imu
[0.253s] -- Up-to-date: /home/unitree/go2slam/install/go2_driver/share/go2_driver/launch
[0.254s] -- Up-to-date: /home/unitree/go2slam/install/go2_driver/share/go2_driver/launch/__pycache__
[0.254s] -- Up-to-date: /home/unitree/go2slam/install/go2_driver/share/go2_driver/launch/__pycache__/driver.launch.cpython-312.pyc
[0.254s] -- Up-to-date: /home/unitree/go2slam/install/go2_driver/share/go2_driver/launch/driver.launch.py
[0.254s] -- Up-to-date: /home/unitree/go2slam/install/go2_driver/share/go2_driver/params
[0.255s] -- Up-to-date: /home/unitree/go2slam/install/go2_driver/share/go2_driver/params/driver.yaml
[0.255s] -- Up-to-date: /home/unitree/go2slam/install/go2_driver/share/go2_driver/rviz
[0.255s] -- Up-to-date: /home/unitree/go2slam/install/go2_driver/share/go2_driver/rviz/display.rviz
[0.255s] -- Up-to-date: /home/unitree/go2slam/install/go2_driver/share/ament_index/resource_index/package_run_dependencies/go2_driver
[0.255s] -- Up-to-date: /home/unitree/go2slam/install/go2_driver/share/ament_index/resource_index/parent_prefix_path/go2_driver
[0.256s] -- Up-to-date: /home/unitree/go2slam/install/go2_driver/share/go2_driver/environment/ament_prefix_path.sh
[0.256s] -- Up-to-date: /home/unitree/go2slam/install/go2_driver/share/go2_driver/environment/ament_prefix_path.dsv
[0.256s] -- Up-to-date: /home/unitree/go2slam/install/go2_driver/share/go2_driver/environment/path.sh
[0.256s] -- Up-to-date: /home/unitree/go2slam/install/go2_driver/share/go2_driver/environment/path.dsv
[0.256s] -- Up-to-date: /home/unitree/go2slam/install/go2_driver/share/go2_driver/local_setup.bash
[0.256s] -- Up-to-date: /home/unitree/go2slam/install/go2_driver/share/go2_driver/local_setup.sh
[0.256s] -- Up-to-date: /home/unitree/go2slam/install/go2_driver/share/go2_driver/local_setup.zsh
[0.257s] -- Up-to-date: /home/unitree/go2slam/install/go2_driver/share/go2_driver/local_setup.dsv
[0.257s] -- Installing: /home/unitree/go2slam/install/go2_driver/share/go2_driver/package.dsv
[0.257s] -- Up-to-date: /home/unitree/go2slam/install/go2_driver/share/ament_index/resource_index/packages/go2_driver
[0.257s] -- Up-to-date: /home/unitree/go2slam/install/go2_driver/share/go2_driver/cmake/go2_driverConfig.cmake
[0.257s] -- Up-to-date: /home/unitree/go2slam/install/go2_driver/share/go2_driver/cmake/go2_driverConfig-version.cmake
[0.257s] -- Up-to-date: /home/unitree/go2slam/install/go2_driver/share/go2_driver/package.xml
[0.260s] Invoked command in '/home/unitree/go2slam/build/go2_driver' returned '0': AMENT_PREFIX_PATH=/home/unitree/go2slam/install/go2_twist_bridge:/home/unitree/go2slam/install/unitree_go:/home/unitree/go2slam/install/unitree_api:/home/unitree/go2slam/install/go2_description:${AMENT_PREFIX_PATH} CMAKE_PREFIX_PATH=/home/unitree/go2slam/install/go2_twist_bridge:/home/unitree/go2slam/install/unitree_go:/home/unitree/go2slam/install/unitree_api:/home/unitree/go2slam/install/go2_description:/opt/ros/jazzy/opt/gz_sim_vendor:/opt/ros/jazzy/opt/gz_sensors_vendor:/opt/ros/jazzy/opt/gz_physics_vendor:/opt/ros/jazzy/opt/sdformat_vendor:/opt/ros/jazzy/opt/gz_gui_vendor:/opt/ros/jazzy/opt/gz_transport_vendor:/opt/ros/jazzy/opt/gz_rendering_vendor:/opt/ros/jazzy/opt/gz_plugin_vendor:/opt/ros/jazzy/opt/gz_fuel_tools_vendor:/opt/ros/jazzy/opt/gz_msgs_vendor:/opt/ros/jazzy/opt/gz_common_vendor:/opt/ros/jazzy/opt/gz_math_vendor:/opt/ros/jazzy/opt/gz_utils_vendor:/opt/ros/jazzy/opt/gz_tools_vendor:/opt/ros/jazzy/opt/gz_ogre_next_vendor:/opt/ros/jazzy/opt/gz_dartsim_vendor:/opt/ros/jazzy/opt/gz_cmake_vendor:/opt/ros/jazzy LD_LIBRARY_PATH=/home/unitree/go2slam/install/unitree_go/lib:/home/unitree/go2slam/install/unitree_api/lib:${LD_LIBRARY_PATH} PYTHONPATH=/home/unitree/go2slam/install/unitree_go/lib/python3.12/site-packages:/home/unitree/go2slam/install/unitree_api/lib/python3.12/site-packages:${PYTHONPATH} /usr/bin/cmake --install /home/unitree/go2slam/build/go2_driver
