[0.050s] Invoking command in '/home/unitree/go2slam/build/go2_perception': CMAKE_PREFIX_PATH=${CMAKE_PREFIX_PATH}:/opt/ros/jazzy /usr/bin/cmake --build /home/unitree/go2slam/build/go2_perception -- -j6 -l6
[0.523s] [ 33%] Built target pointcloud_to_laserscan
[0.524s] [ 66%] Built target pointcloud_to_laserscan_node
[0.525s] [100%] Built target cloud_accumulation
[0.534s] Invoked command in '/home/unitree/go2slam/build/go2_perception' returned '0': CMAKE_PREFIX_PATH=${CMAKE_PREFIX_PATH}:/opt/ros/jazzy /usr/bin/cmake --build /home/unitree/go2slam/build/go2_perception -- -j6 -l6
[0.537s] Invoking command in '/home/unitree/go2slam/build/go2_perception': CMAKE_PREFIX_PATH=${CMAKE_PREFIX_PATH}:/opt/ros/jazzy /usr/bin/cmake --install /home/unitree/go2slam/build/go2_perception
[0.599s] -- Install configuration: ""
[0.601s] -- Up-to-date: /home/unitree/go2slam/install/go2_perception/lib/go2_perception/pointcloud_to_laserscan_node
[0.602s] -- Up-to-date: /home/unitree/go2slam/install/go2_perception/lib/libpointcloud_to_laserscan.so
[0.605s] -- Up-to-date: /home/unitree/go2slam/install/go2_perception/lib/go2_perception/cloud_accumulation
[0.606s] -- Up-to-date: /home/unitree/go2slam/install/go2_perception/share/go2_perception/launch
[0.606s] -- Up-to-date: /home/unitree/go2slam/install/go2_perception/share/go2_perception/launch/__pycache__
[0.607s] -- Up-to-date: /home/unitree/go2slam/install/go2_perception/share/go2_perception/launch/__pycache__/go2_pointcloud.launch.cpython-312.pyc
[0.608s] -- Up-to-date: /home/unitree/go2slam/install/go2_perception/share/go2_perception/launch/go2_pointcloud.launch.py
[0.608s] -- Up-to-date: /home/unitree/go2slam/install/go2_perception/share/ament_index/resource_index/package_run_dependencies/go2_perception
[0.609s] -- Up-to-date: /home/unitree/go2slam/install/go2_perception/share/ament_index/resource_index/parent_prefix_path/go2_perception
[0.609s] -- Up-to-date: /home/unitree/go2slam/install/go2_perception/share/go2_perception/environment/ament_prefix_path.sh
[0.610s] -- Up-to-date: /home/unitree/go2slam/install/go2_perception/share/go2_perception/environment/ament_prefix_path.dsv
[0.610s] -- Up-to-date: /home/unitree/go2slam/install/go2_perception/share/go2_perception/environment/path.sh
[0.611s] -- Up-to-date: /home/unitree/go2slam/install/go2_perception/share/go2_perception/environment/path.dsv
[0.611s] -- Up-to-date: /home/unitree/go2slam/install/go2_perception/share/go2_perception/local_setup.bash
[0.612s] -- Up-to-date: /home/unitree/go2slam/install/go2_perception/share/go2_perception/local_setup.sh
[0.613s] -- Up-to-date: /home/unitree/go2slam/install/go2_perception/share/go2_perception/local_setup.zsh
[0.613s] -- Up-to-date: /home/unitree/go2slam/install/go2_perception/share/go2_perception/local_setup.dsv
[0.614s] -- Installing: /home/unitree/go2slam/install/go2_perception/share/go2_perception/package.dsv
[0.615s] -- Up-to-date: /home/unitree/go2slam/install/go2_perception/share/ament_index/resource_index/packages/go2_perception
[0.615s] -- Up-to-date: /home/unitree/go2slam/install/go2_perception/share/ament_index/resource_index/rclcpp_components/go2_perception
[0.616s] -- Up-to-date: /home/unitree/go2slam/install/go2_perception/share/go2_perception/cmake/go2_perceptionConfig.cmake
[0.616s] -- Up-to-date: /home/unitree/go2slam/install/go2_perception/share/go2_perception/cmake/go2_perceptionConfig-version.cmake
[0.617s] -- Up-to-date: /home/unitree/go2slam/install/go2_perception/share/go2_perception/package.xml
[0.626s] Invoked command in '/home/unitree/go2slam/build/go2_perception' returned '0': CMAKE_PREFIX_PATH=${CMAKE_PREFIX_PATH}:/opt/ros/jazzy /usr/bin/cmake --install /home/unitree/go2slam/build/go2_perception
