[0.056s] Invoking command in '/home/unitree/go2slam/build/unitree_go': CMAKE_PREFIX_PATH=${CMAKE_PREFIX_PATH}:/opt/ros/jazzy /usr/bin/cmake --build /home/unitree/go2slam/build/unitree_go -- -j6 -l6
[0.338s] [  0%] Built target unitree_go__rosidl_generator_type_description
[0.477s] [  0%] Built target unitree_go__rs
[0.494s] [  0%] Built target unitree_go__cpp
[0.525s] [  0%] Built target unitree_go__dds_connext_idl
[0.574s] [  0%] Built target ament_cmake_python_copy_unitree_go
[0.593s] [ 27%] Built target unitree_go__rosidl_generator_c
[0.931s] [ 36%] Built target unitree_go__rosidl_typesupport_fastrtps_cpp
[0.940s] [ 46%] Built target unitree_go__rosidl_typesupport_c
[0.982s] [ 56%] Built target unitree_go__rosidl_typesupport_fastrtps_c
[0.984s] [ 66%] Built target unitree_go__rosidl_typesupport_introspection_cpp
[0.994s] [ 76%] Built target unitree_go__rosidl_typesupport_introspection_c
[1.075s] [ 86%] Built target unitree_go__rosidl_typesupport_cpp
[1.225s] [ 86%] Built target unitree_go
[1.312s] [ 87%] Built target unitree_go__py
[1.572s] [ 97%] Built target unitree_go__rosidl_generator_py
[1.660s] running egg_info
[1.714s] writing unitree_go.egg-info/PKG-INFO
[1.715s] writing dependency_links to unitree_go.egg-info/dependency_links.txt
[1.716s] writing top-level names to unitree_go.egg-info/top_level.txt
[1.723s] [ 98%] Built target unitree_go_s__rosidl_typesupport_c
[1.748s] [ 99%] Built target unitree_go_s__rosidl_typesupport_introspection_c
[1.772s] [100%] Built target unitree_go_s__rosidl_typesupport_fastrtps_c
[1.860s] reading manifest file 'unitree_go.egg-info/SOURCES.txt'
[1.862s] writing manifest file 'unitree_go.egg-info/SOURCES.txt'
[1.975s] [100%] Built target ament_cmake_python_build_unitree_go_egg
[2.014s] Invoked command in '/home/unitree/go2slam/build/unitree_go' returned '0': CMAKE_PREFIX_PATH=${CMAKE_PREFIX_PATH}:/opt/ros/jazzy /usr/bin/cmake --build /home/unitree/go2slam/build/unitree_go -- -j6 -l6
[2.015s] Invoking command in '/home/unitree/go2slam/build/unitree_go': CMAKE_PREFIX_PATH=${CMAKE_PREFIX_PATH}:/opt/ros/jazzy /usr/bin/cmake --install /home/unitree/go2slam/build/unitree_go
[2.044s] -- Install configuration: ""
[2.045s] -- Up-to-date: /home/unitree/go2slam/install/unitree_go/share/ament_index/resource_index/rosidl_interfaces/unitree_go
[2.045s] -- Up-to-date: /home/unitree/go2slam/install/unitree_go/share/unitree_go/msg/AudioData.json
[2.046s] -- Up-to-date: /home/unitree/go2slam/install/unitree_go/share/unitree_go/msg/BmsCmd.json
[2.047s] -- Up-to-date: /home/unitree/go2slam/install/unitree_go/share/unitree_go/msg/BmsState.json
[2.049s] -- Up-to-date: /home/unitree/go2slam/install/unitree_go/share/unitree_go/msg/Error.json
[2.050s] -- Up-to-date: /home/unitree/go2slam/install/unitree_go/share/unitree_go/msg/Go2FrontVideoData.json
[2.051s] -- Up-to-date: /home/unitree/go2slam/install/unitree_go/share/unitree_go/msg/HeightMap.json
[2.051s] -- Up-to-date: /home/unitree/go2slam/install/unitree_go/share/unitree_go/msg/IMUState.json
[2.052s] -- Up-to-date: /home/unitree/go2slam/install/unitree_go/share/unitree_go/msg/InterfaceConfig.json
[2.052s] -- Up-to-date: /home/unitree/go2slam/install/unitree_go/share/unitree_go/msg/LidarState.json
[2.053s] -- Up-to-date: /home/unitree/go2slam/install/unitree_go/share/unitree_go/msg/LowCmd.json
[2.053s] -- Up-to-date: /home/unitree/go2slam/install/unitree_go/share/unitree_go/msg/LowState.json
[2.055s] -- Up-to-date: /home/unitree/go2slam/install/unitree_go/share/unitree_go/msg/MotorCmd.json
[2.058s] -- Up-to-date: /home/unitree/go2slam/install/unitree_go/share/unitree_go/msg/MotorCmds.json
[2.059s] -- Up-to-date: /home/unitree/go2slam/install/unitree_go/share/unitree_go/msg/MotorState.json
[2.060s] -- Up-to-date: /home/unitree/go2slam/install/unitree_go/share/unitree_go/msg/MotorStates.json
[2.060s] -- Up-to-date: /home/unitree/go2slam/install/unitree_go/share/unitree_go/msg/PathPoint.json
[2.061s] -- Up-to-date: /home/unitree/go2slam/install/unitree_go/share/unitree_go/msg/Req.json
[2.062s] -- Up-to-date: /home/unitree/go2slam/install/unitree_go/share/unitree_go/msg/Res.json
[2.062s] -- Up-to-date: /home/unitree/go2slam/install/unitree_go/share/unitree_go/msg/SportModeCmd.json
[2.065s] -- Up-to-date: /home/unitree/go2slam/install/unitree_go/share/unitree_go/msg/SportModeState.json
[2.065s] -- Up-to-date: /home/unitree/go2slam/install/unitree_go/share/unitree_go/msg/TimeSpec.json
[2.066s] -- Up-to-date: /home/unitree/go2slam/install/unitree_go/share/unitree_go/msg/UwbState.json
[2.067s] -- Up-to-date: /home/unitree/go2slam/install/unitree_go/share/unitree_go/msg/UwbSwitch.json
[2.067s] -- Up-to-date: /home/unitree/go2slam/install/unitree_go/share/unitree_go/msg/WirelessController.json
[2.068s] -- Up-to-date: /home/unitree/go2slam/install/unitree_go/include/unitree_go/unitree_go
[2.081s] -- Up-to-date: /home/unitree/go2slam/install/unitree_go/include/unitree_go/unitree_go/msg
[2.081s] -- Up-to-date: /home/unitree/go2slam/install/unitree_go/include/unitree_go/unitree_go/msg/sport_mode_cmd.h
[2.082s] -- Up-to-date: /home/unitree/go2slam/install/unitree_go/include/unitree_go/unitree_go/msg/path_point.h
[2.082s] -- Up-to-date: /home/unitree/go2slam/install/unitree_go/include/unitree_go/unitree_go/msg/lidar_state.h
[2.082s] -- Up-to-date: /home/unitree/go2slam/install/unitree_go/include/unitree_go/unitree_go/msg/time_spec.h
[2.083s] -- Up-to-date: /home/unitree/go2slam/install/unitree_go/include/unitree_go/unitree_go/msg/low_cmd.h
[2.099s] -- Up-to-date: /home/unitree/go2slam/install/unitree_go/include/unitree_go/unitree_go/msg/interface_config.h
[2.104s] -- Up-to-date: /home/unitree/go2slam/install/unitree_go/include/unitree_go/unitree_go/msg/bms_state.h
[2.105s] -- Up-to-date: /home/unitree/go2slam/install/unitree_go/include/unitree_go/unitree_go/msg/rosidl_generator_c__visibility_control.h
[2.105s] -- Up-to-date: /home/unitree/go2slam/install/unitree_go/include/unitree_go/unitree_go/msg/req.h
[2.106s] -- Up-to-date: /home/unitree/go2slam/install/unitree_go/include/unitree_go/unitree_go/msg/audio_data.h
[2.106s] -- Up-to-date: /home/unitree/go2slam/install/unitree_go/include/unitree_go/unitree_go/msg/motor_cmd.h
[2.106s] -- Up-to-date: /home/unitree/go2slam/install/unitree_go/include/unitree_go/unitree_go/msg/motor_states.h
[2.107s] -- Up-to-date: /home/unitree/go2slam/install/unitree_go/include/unitree_go/unitree_go/msg/detail
[2.107s] -- Up-to-date: /home/unitree/go2slam/install/unitree_go/include/unitree_go/unitree_go/msg/detail/height_map__struct.h
[2.107s] -- Up-to-date: /home/unitree/go2slam/install/unitree_go/include/unitree_go/unitree_go/msg/detail/motor_cmd__functions.c
[2.107s] -- Up-to-date: /home/unitree/go2slam/install/unitree_go/include/unitree_go/unitree_go/msg/detail/imu_state__functions.c
[2.108s] -- Up-to-date: /home/unitree/go2slam/install/unitree_go/include/unitree_go/unitree_go/msg/detail/motor_cmds__description.c
[2.116s] -- Up-to-date: /home/unitree/go2slam/install/unitree_go/include/unitree_go/unitree_go/msg/detail/res__functions.h
[2.116s] -- Installing: /home/unitree/go2slam/install/unitree_go/include/unitree_go/unitree_go/msg/detail/sport_mode_cmd__type_support.c
[2.116s] -- Installing: /home/unitree/go2slam/install/unitree_go/include/unitree_go/unitree_go/msg/detail/go2_front_video_data__type_support.c
[2.116s] -- Installing: /home/unitree/go2slam/install/unitree_go/include/unitree_go/unitree_go/msg/detail/bms_cmd__type_support.c
[2.117s] -- Up-to-date: /home/unitree/go2slam/install/unitree_go/include/unitree_go/unitree_go/msg/detail/bms_cmd__struct.h
[2.117s] -- Up-to-date: /home/unitree/go2slam/install/unitree_go/include/unitree_go/unitree_go/msg/detail/audio_data__functions.h
[2.117s] -- Up-to-date: /home/unitree/go2slam/install/unitree_go/include/unitree_go/unitree_go/msg/detail/go2_front_video_data__description.c
[2.118s] -- Up-to-date: /home/unitree/go2slam/install/unitree_go/include/unitree_go/unitree_go/msg/detail/motor_states__type_support.h
[2.118s] -- Up-to-date: /home/unitree/go2slam/install/unitree_go/include/unitree_go/unitree_go/msg/detail/imu_state__description.c
[2.118s] -- Up-to-date: /home/unitree/go2slam/install/unitree_go/include/unitree_go/unitree_go/msg/detail/motor_cmds__type_support.h
[2.118s] -- Up-to-date: /home/unitree/go2slam/install/unitree_go/include/unitree_go/unitree_go/msg/detail/lidar_state__type_support.h
[2.119s] -- Up-to-date: /home/unitree/go2slam/install/unitree_go/include/unitree_go/unitree_go/msg/detail/time_spec__type_support.h
[2.119s] -- Installing: /home/unitree/go2slam/install/unitree_go/include/unitree_go/unitree_go/msg/detail/motor_cmds__type_support.c
[2.119s] -- Up-to-date: /home/unitree/go2slam/install/unitree_go/include/unitree_go/unitree_go/msg/detail/sport_mode_cmd__description.c
[2.119s] -- Installing: /home/unitree/go2slam/install/unitree_go/include/unitree_go/unitree_go/msg/detail/low_state__type_support.c
[2.120s] -- Up-to-date: /home/unitree/go2slam/install/unitree_go/include/unitree_go/unitree_go/msg/detail/go2_front_video_data__type_support.h
[2.120s] -- Up-to-date: /home/unitree/go2slam/install/unitree_go/include/unitree_go/unitree_go/msg/detail/error__type_support.h
[2.120s] -- Up-to-date: /home/unitree/go2slam/install/unitree_go/include/unitree_go/unitree_go/msg/detail/req__functions.c
[2.120s] -- Installing: /home/unitree/go2slam/install/unitree_go/include/unitree_go/unitree_go/msg/detail/interface_config__type_support.c
[2.120s] -- Up-to-date: /home/unitree/go2slam/install/unitree_go/include/unitree_go/unitree_go/msg/detail/interface_config__type_support.h
[2.121s] -- Installing: /home/unitree/go2slam/install/unitree_go/include/unitree_go/unitree_go/msg/detail/imu_state__type_support.c
[2.131s] -- Up-to-date: /home/unitree/go2slam/install/unitree_go/include/unitree_go/unitree_go/msg/detail/wireless_controller__functions.h
[2.131s] -- Up-to-date: /home/unitree/go2slam/install/unitree_go/include/unitree_go/unitree_go/msg/detail/low_state__struct.h
[2.131s] -- Up-to-date: /home/unitree/go2slam/install/unitree_go/include/unitree_go/unitree_go/msg/detail/res__description.c
[2.132s] -- Up-to-date: /home/unitree/go2slam/install/unitree_go/include/unitree_go/unitree_go/msg/detail/go2_front_video_data__struct.h
[2.132s] -- Installing: /home/unitree/go2slam/install/unitree_go/include/unitree_go/unitree_go/msg/detail/req__type_support.c
[2.132s] -- Up-to-date: /home/unitree/go2slam/install/unitree_go/include/unitree_go/unitree_go/msg/detail/interface_config__description.c
[2.132s] -- Up-to-date: /home/unitree/go2slam/install/unitree_go/include/unitree_go/unitree_go/msg/detail/low_state__type_support.h
[2.133s] -- Up-to-date: /home/unitree/go2slam/install/unitree_go/include/unitree_go/unitree_go/msg/detail/low_state__description.c
[2.133s] -- Up-to-date: /home/unitree/go2slam/install/unitree_go/include/unitree_go/unitree_go/msg/detail/lidar_state__functions.c
[2.133s] -- Installing: /home/unitree/go2slam/install/unitree_go/include/unitree_go/unitree_go/msg/detail/time_spec__type_support.c
[2.133s] -- Installing: /home/unitree/go2slam/install/unitree_go/include/unitree_go/unitree_go/msg/detail/lidar_state__type_support.c
[2.133s] -- Up-to-date: /home/unitree/go2slam/install/unitree_go/include/unitree_go/unitree_go/msg/detail/motor_cmds__struct.h
[2.133s] -- Up-to-date: /home/unitree/go2slam/install/unitree_go/include/unitree_go/unitree_go/msg/detail/height_map__type_support.h
[2.134s] -- Up-to-date: /home/unitree/go2slam/install/unitree_go/include/unitree_go/unitree_go/msg/detail/time_spec__description.c
[2.134s] -- Up-to-date: /home/unitree/go2slam/install/unitree_go/include/unitree_go/unitree_go/msg/detail/path_point__description.c
[2.134s] -- Up-to-date: /home/unitree/go2slam/install/unitree_go/include/unitree_go/unitree_go/msg/detail/motor_state__description.c
[2.134s] -- Up-to-date: /home/unitree/go2slam/install/unitree_go/include/unitree_go/unitree_go/msg/detail/uwb_switch__functions.c
[2.134s] -- Up-to-date: /home/unitree/go2slam/install/unitree_go/include/unitree_go/unitree_go/msg/detail/audio_data__description.c
[2.134s] -- Up-to-date: /home/unitree/go2slam/install/unitree_go/include/unitree_go/unitree_go/msg/detail/low_cmd__description.c
[2.135s] -- Installing: /home/unitree/go2slam/install/unitree_go/include/unitree_go/unitree_go/msg/detail/path_point__type_support.c
[2.135s] -- Up-to-date: /home/unitree/go2slam/install/unitree_go/include/unitree_go/unitree_go/msg/detail/motor_states__functions.c
[2.135s] -- Installing: /home/unitree/go2slam/install/unitree_go/include/unitree_go/unitree_go/msg/detail/low_cmd__type_support.c
[2.135s] -- Installing: /home/unitree/go2slam/install/unitree_go/include/unitree_go/unitree_go/msg/detail/sport_mode_state__type_support.c
[2.136s] -- Up-to-date: /home/unitree/go2slam/install/unitree_go/include/unitree_go/unitree_go/msg/detail/interface_config__functions.c
[2.136s] -- Up-to-date: /home/unitree/go2slam/install/unitree_go/include/unitree_go/unitree_go/msg/detail/motor_state__struct.h
[2.137s] -- Up-to-date: /home/unitree/go2slam/install/unitree_go/include/unitree_go/unitree_go/msg/detail/low_cmd__type_support.h
[2.140s] -- Up-to-date: /home/unitree/go2slam/install/unitree_go/include/unitree_go/unitree_go/msg/detail/motor_cmds__functions.c
[2.140s] -- Up-to-date: /home/unitree/go2slam/install/unitree_go/include/unitree_go/unitree_go/msg/detail/audio_data__functions.c
[2.140s] -- Up-to-date: /home/unitree/go2slam/install/unitree_go/include/unitree_go/unitree_go/msg/detail/wireless_controller__description.c
[2.140s] -- Up-to-date: /home/unitree/go2slam/install/unitree_go/include/unitree_go/unitree_go/msg/detail/go2_front_video_data__functions.c
[2.141s] -- Up-to-date: /home/unitree/go2slam/install/unitree_go/include/unitree_go/unitree_go/msg/detail/path_point__functions.h
[2.141s] -- Up-to-date: /home/unitree/go2slam/install/unitree_go/include/unitree_go/unitree_go/msg/detail/wireless_controller__struct.h
[2.141s] -- Up-to-date: /home/unitree/go2slam/install/unitree_go/include/unitree_go/unitree_go/msg/detail/height_map__functions.c
[2.141s] -- Up-to-date: /home/unitree/go2slam/install/unitree_go/include/unitree_go/unitree_go/msg/detail/uwb_state__functions.h
[2.141s] -- Up-to-date: /home/unitree/go2slam/install/unitree_go/include/unitree_go/unitree_go/msg/detail/time_spec__struct.h
[2.142s] -- Up-to-date: /home/unitree/go2slam/install/unitree_go/include/unitree_go/unitree_go/msg/detail/uwb_state__functions.c
[2.142s] -- Up-to-date: /home/unitree/go2slam/install/unitree_go/include/unitree_go/unitree_go/msg/detail/path_point__struct.h
[2.142s] -- Up-to-date: /home/unitree/go2slam/install/unitree_go/include/unitree_go/unitree_go/msg/detail/motor_cmds__functions.h
[2.142s] -- Up-to-date: /home/unitree/go2slam/install/unitree_go/include/unitree_go/unitree_go/msg/detail/bms_cmd__type_support.h
[2.142s] -- Installing: /home/unitree/go2slam/install/unitree_go/include/unitree_go/unitree_go/msg/detail/audio_data__type_support.c
[2.142s] -- Installing: /home/unitree/go2slam/install/unitree_go/include/unitree_go/unitree_go/msg/detail/wireless_controller__type_support.c
[2.143s] -- Up-to-date: /home/unitree/go2slam/install/unitree_go/include/unitree_go/unitree_go/msg/detail/motor_cmd__type_support.h
[2.143s] -- Up-to-date: /home/unitree/go2slam/install/unitree_go/include/unitree_go/unitree_go/msg/detail/sport_mode_cmd__type_support.h
[2.143s] -- Up-to-date: /home/unitree/go2slam/install/unitree_go/include/unitree_go/unitree_go/msg/detail/uwb_state__description.c
[2.143s] -- Up-to-date: /home/unitree/go2slam/install/unitree_go/include/unitree_go/unitree_go/msg/detail/uwb_switch__functions.h
[2.143s] -- Up-to-date: /home/unitree/go2slam/install/unitree_go/include/unitree_go/unitree_go/msg/detail/go2_front_video_data__functions.h
[2.144s] -- Installing: /home/unitree/go2slam/install/unitree_go/include/unitree_go/unitree_go/msg/detail/uwb_state__type_support.c
[2.144s] -- Up-to-date: /home/unitree/go2slam/install/unitree_go/include/unitree_go/unitree_go/msg/detail/motor_cmd__description.c
[2.144s] -- Up-to-date: /home/unitree/go2slam/install/unitree_go/include/unitree_go/unitree_go/msg/detail/bms_cmd__functions.h
[2.145s] -- Up-to-date: /home/unitree/go2slam/install/unitree_go/include/unitree_go/unitree_go/msg/detail/uwb_switch__type_support.h
[2.145s] -- Up-to-date: /home/unitree/go2slam/install/unitree_go/include/unitree_go/unitree_go/msg/detail/bms_state__functions.c
[2.145s] -- Up-to-date: /home/unitree/go2slam/install/unitree_go/include/unitree_go/unitree_go/msg/detail/error__description.c
[2.146s] -- Up-to-date: /home/unitree/go2slam/install/unitree_go/include/unitree_go/unitree_go/msg/detail/motor_state__functions.h
[2.147s] -- Up-to-date: /home/unitree/go2slam/install/unitree_go/include/unitree_go/unitree_go/msg/detail/sport_mode_cmd__functions.h
[2.152s] -- Up-to-date: /home/unitree/go2slam/install/unitree_go/include/unitree_go/unitree_go/msg/detail/low_state__functions.c
[2.152s] -- Up-to-date: /home/unitree/go2slam/install/unitree_go/include/unitree_go/unitree_go/msg/detail/bms_state__description.c
[2.152s] -- Up-to-date: /home/unitree/go2slam/install/unitree_go/include/unitree_go/unitree_go/msg/detail/lidar_state__struct.h
[2.153s] -- Up-to-date: /home/unitree/go2slam/install/unitree_go/include/unitree_go/unitree_go/msg/detail/imu_state__type_support.h
[2.160s] -- Up-to-date: /home/unitree/go2slam/install/unitree_go/include/unitree_go/unitree_go/msg/detail/motor_states__description.c
[2.160s] -- Up-to-date: /home/unitree/go2slam/install/unitree_go/include/unitree_go/unitree_go/msg/detail/sport_mode_state__type_support.h
[2.160s] -- Up-to-date: /home/unitree/go2slam/install/unitree_go/include/unitree_go/unitree_go/msg/detail/sport_mode_state__description.c
[2.160s] -- Up-to-date: /home/unitree/go2slam/install/unitree_go/include/unitree_go/unitree_go/msg/detail/low_cmd__functions.h
[2.160s] -- Up-to-date: /home/unitree/go2slam/install/unitree_go/include/unitree_go/unitree_go/msg/detail/motor_cmd__functions.h
[2.161s] -- Up-to-date: /home/unitree/go2slam/install/unitree_go/include/unitree_go/unitree_go/msg/detail/res__type_support.h
[2.161s] -- Up-to-date: /home/unitree/go2slam/install/unitree_go/include/unitree_go/unitree_go/msg/detail/req__type_support.h
[2.161s] -- Up-to-date: /home/unitree/go2slam/install/unitree_go/include/unitree_go/unitree_go/msg/detail/time_spec__functions.h
[2.161s] -- Up-to-date: /home/unitree/go2slam/install/unitree_go/include/unitree_go/unitree_go/msg/detail/sport_mode_cmd__functions.c
[2.161s] -- Installing: /home/unitree/go2slam/install/unitree_go/include/unitree_go/unitree_go/msg/detail/motor_state__type_support.c
[2.162s] -- Up-to-date: /home/unitree/go2slam/install/unitree_go/include/unitree_go/unitree_go/msg/detail/bms_state__struct.h
[2.162s] -- Up-to-date: /home/unitree/go2slam/install/unitree_go/include/unitree_go/unitree_go/msg/detail/bms_state__type_support.h
[2.162s] -- Up-to-date: /home/unitree/go2slam/install/unitree_go/include/unitree_go/unitree_go/msg/detail/lidar_state__description.c
[2.162s] -- Up-to-date: /home/unitree/go2slam/install/unitree_go/include/unitree_go/unitree_go/msg/detail/uwb_switch__struct.h
[2.162s] -- Up-to-date: /home/unitree/go2slam/install/unitree_go/include/unitree_go/unitree_go/msg/detail/path_point__functions.c
[2.162s] -- Installing: /home/unitree/go2slam/install/unitree_go/include/unitree_go/unitree_go/msg/detail/error__type_support.c
[2.163s] -- Up-to-date: /home/unitree/go2slam/install/unitree_go/include/unitree_go/unitree_go/msg/detail/bms_cmd__description.c
[2.163s] -- Up-to-date: /home/unitree/go2slam/install/unitree_go/include/unitree_go/unitree_go/msg/detail/height_map__description.c
[2.163s] -- Up-to-date: /home/unitree/go2slam/install/unitree_go/include/unitree_go/unitree_go/msg/detail/sport_mode_state__functions.c
[2.163s] -- Up-to-date: /home/unitree/go2slam/install/unitree_go/include/unitree_go/unitree_go/msg/detail/req__functions.h
[2.163s] -- Up-to-date: /home/unitree/go2slam/install/unitree_go/include/unitree_go/unitree_go/msg/detail/wireless_controller__type_support.h
[2.163s] -- Installing: /home/unitree/go2slam/install/unitree_go/include/unitree_go/unitree_go/msg/detail/motor_cmd__type_support.c
[2.163s] -- Up-to-date: /home/unitree/go2slam/install/unitree_go/include/unitree_go/unitree_go/msg/detail/lidar_state__functions.h
[2.164s] -- Up-to-date: /home/unitree/go2slam/install/unitree_go/include/unitree_go/unitree_go/msg/detail/time_spec__functions.c
[2.164s] -- Up-to-date: /home/unitree/go2slam/install/unitree_go/include/unitree_go/unitree_go/msg/detail/bms_state__functions.h
[2.164s] -- Up-to-date: /home/unitree/go2slam/install/unitree_go/include/unitree_go/unitree_go/msg/detail/res__struct.h
[2.164s] -- Installing: /home/unitree/go2slam/install/unitree_go/include/unitree_go/unitree_go/msg/detail/motor_states__type_support.c
[2.164s] -- Up-to-date: /home/unitree/go2slam/install/unitree_go/include/unitree_go/unitree_go/msg/detail/error__functions.h
[2.164s] -- Installing: /home/unitree/go2slam/install/unitree_go/include/unitree_go/unitree_go/msg/detail/bms_state__type_support.c
[2.165s] -- Up-to-date: /home/unitree/go2slam/install/unitree_go/include/unitree_go/unitree_go/msg/detail/motor_states__struct.h
[2.165s] -- Up-to-date: /home/unitree/go2slam/install/unitree_go/include/unitree_go/unitree_go/msg/detail/error__struct.h
[2.165s] -- Up-to-date: /home/unitree/go2slam/install/unitree_go/include/unitree_go/unitree_go/msg/detail/req__struct.h
[2.165s] -- Up-to-date: /home/unitree/go2slam/install/unitree_go/include/unitree_go/unitree_go/msg/detail/req__description.c
[2.165s] -- Up-to-date: /home/unitree/go2slam/install/unitree_go/include/unitree_go/unitree_go/msg/detail/sport_mode_state__struct.h
[2.165s] -- Up-to-date: /home/unitree/go2slam/install/unitree_go/include/unitree_go/unitree_go/msg/detail/low_cmd__struct.h
[2.166s] -- Up-to-date: /home/unitree/go2slam/install/unitree_go/include/unitree_go/unitree_go/msg/detail/interface_config__functions.h
[2.166s] -- Up-to-date: /home/unitree/go2slam/install/unitree_go/include/unitree_go/unitree_go/msg/detail/imu_state__functions.h
[2.166s] -- Up-to-date: /home/unitree/go2slam/install/unitree_go/include/unitree_go/unitree_go/msg/detail/audio_data__type_support.h
[2.166s] -- Up-to-date: /home/unitree/go2slam/install/unitree_go/include/unitree_go/unitree_go/msg/detail/uwb_switch__description.c
[2.166s] -- Up-to-date: /home/unitree/go2slam/install/unitree_go/include/unitree_go/unitree_go/msg/detail/sport_mode_state__functions.h
[2.166s] -- Up-to-date: /home/unitree/go2slam/install/unitree_go/include/unitree_go/unitree_go/msg/detail/bms_cmd__functions.c
[2.167s] -- Up-to-date: /home/unitree/go2slam/install/unitree_go/include/unitree_go/unitree_go/msg/detail/uwb_state__type_support.h
[2.167s] -- Up-to-date: /home/unitree/go2slam/install/unitree_go/include/unitree_go/unitree_go/msg/detail/path_point__type_support.h
[2.167s] -- Up-to-date: /home/unitree/go2slam/install/unitree_go/include/unitree_go/unitree_go/msg/detail/motor_states__functions.h
[2.167s] -- Installing: /home/unitree/go2slam/install/unitree_go/include/unitree_go/unitree_go/msg/detail/height_map__type_support.c
[2.167s] -- Up-to-date: /home/unitree/go2slam/install/unitree_go/include/unitree_go/unitree_go/msg/detail/low_cmd__functions.c
[2.168s] -- Up-to-date: /home/unitree/go2slam/install/unitree_go/include/unitree_go/unitree_go/msg/detail/res__functions.c
[2.168s] -- Up-to-date: /home/unitree/go2slam/install/unitree_go/include/unitree_go/unitree_go/msg/detail/imu_state__struct.h
[2.168s] -- Installing: /home/unitree/go2slam/install/unitree_go/include/unitree_go/unitree_go/msg/detail/uwb_switch__type_support.c
[2.168s] -- Up-to-date: /home/unitree/go2slam/install/unitree_go/include/unitree_go/unitree_go/msg/detail/motor_state__functions.c
[2.168s] -- Up-to-date: /home/unitree/go2slam/install/unitree_go/include/unitree_go/unitree_go/msg/detail/height_map__functions.h
[2.168s] -- Up-to-date: /home/unitree/go2slam/install/unitree_go/include/unitree_go/unitree_go/msg/detail/sport_mode_cmd__struct.h
[2.168s] -- Up-to-date: /home/unitree/go2slam/install/unitree_go/include/unitree_go/unitree_go/msg/detail/wireless_controller__functions.c
[2.169s] -- Up-to-date: /home/unitree/go2slam/install/unitree_go/include/unitree_go/unitree_go/msg/detail/uwb_state__struct.h
[2.169s] -- Up-to-date: /home/unitree/go2slam/install/unitree_go/include/unitree_go/unitree_go/msg/detail/audio_data__struct.h
[2.169s] -- Up-to-date: /home/unitree/go2slam/install/unitree_go/include/unitree_go/unitree_go/msg/detail/low_state__functions.h
[2.169s] -- Installing: /home/unitree/go2slam/install/unitree_go/include/unitree_go/unitree_go/msg/detail/res__type_support.c
[2.169s] -- Up-to-date: /home/unitree/go2slam/install/unitree_go/include/unitree_go/unitree_go/msg/detail/motor_state__type_support.h
[2.169s] -- Up-to-date: /home/unitree/go2slam/install/unitree_go/include/unitree_go/unitree_go/msg/detail/motor_cmd__struct.h
[2.170s] -- Up-to-date: /home/unitree/go2slam/install/unitree_go/include/unitree_go/unitree_go/msg/detail/interface_config__struct.h
[2.170s] -- Up-to-date: /home/unitree/go2slam/install/unitree_go/include/unitree_go/unitree_go/msg/detail/error__functions.c
[2.170s] -- Up-to-date: /home/unitree/go2slam/install/unitree_go/include/unitree_go/unitree_go/msg/motor_cmds.h
[2.170s] -- Up-to-date: /home/unitree/go2slam/install/unitree_go/include/unitree_go/unitree_go/msg/low_state.h
[2.170s] -- Up-to-date: /home/unitree/go2slam/install/unitree_go/include/unitree_go/unitree_go/msg/uwb_state.h
[2.170s] -- Up-to-date: /home/unitree/go2slam/install/unitree_go/include/unitree_go/unitree_go/msg/go2_front_video_data.h
[2.171s] -- Up-to-date: /home/unitree/go2slam/install/unitree_go/include/unitree_go/unitree_go/msg/bms_cmd.h
[2.171s] -- Up-to-date: /home/unitree/go2slam/install/unitree_go/include/unitree_go/unitree_go/msg/imu_state.h
[2.171s] -- Up-to-date: /home/unitree/go2slam/install/unitree_go/include/unitree_go/unitree_go/msg/sport_mode_state.h
[2.171s] -- Up-to-date: /home/unitree/go2slam/install/unitree_go/include/unitree_go/unitree_go/msg/error.h
[2.175s] -- Up-to-date: /home/unitree/go2slam/install/unitree_go/include/unitree_go/unitree_go/msg/motor_state.h
[2.176s] -- Up-to-date: /home/unitree/go2slam/install/unitree_go/include/unitree_go/unitree_go/msg/res.h
[2.176s] -- Up-to-date: /home/unitree/go2slam/install/unitree_go/include/unitree_go/unitree_go/msg/wireless_controller.h
[2.176s] -- Up-to-date: /home/unitree/go2slam/install/unitree_go/include/unitree_go/unitree_go/msg/uwb_switch.h
[2.176s] -- Up-to-date: /home/unitree/go2slam/install/unitree_go/include/unitree_go/unitree_go/msg/height_map.h
[2.176s] -- Up-to-date: /home/unitree/go2slam/install/unitree_go/share/unitree_go/environment/library_path.sh
[2.177s] -- Up-to-date: /home/unitree/go2slam/install/unitree_go/share/unitree_go/environment/library_path.dsv
[2.177s] -- Up-to-date: /home/unitree/go2slam/install/unitree_go/lib/libunitree_go__rosidl_generator_c.so
[2.177s] -- Up-to-date: /home/unitree/go2slam/install/unitree_go/include/unitree_go/unitree_go
[2.177s] -- Up-to-date: /home/unitree/go2slam/install/unitree_go/include/unitree_go/unitree_go/msg
[2.177s] -- Up-to-date: /home/unitree/go2slam/install/unitree_go/include/unitree_go/unitree_go/msg/rosidl_typesupport_fastrtps_c__visibility_control.h
[2.177s] -- Up-to-date: /home/unitree/go2slam/install/unitree_go/include/unitree_go/unitree_go/msg/detail
[2.178s] -- Up-to-date: /home/unitree/go2slam/install/unitree_go/include/unitree_go/unitree_go/msg/detail/error__rosidl_typesupport_fastrtps_c.h
[2.178s] -- Up-to-date: /home/unitree/go2slam/install/unitree_go/include/unitree_go/unitree_go/msg/detail/motor_states__rosidl_typesupport_fastrtps_c.h
[2.178s] -- Up-to-date: /home/unitree/go2slam/install/unitree_go/include/unitree_go/unitree_go/msg/detail/uwb_switch__rosidl_typesupport_fastrtps_c.h
[2.178s] -- Up-to-date: /home/unitree/go2slam/install/unitree_go/include/unitree_go/unitree_go/msg/detail/imu_state__rosidl_typesupport_fastrtps_c.h
[2.178s] -- Up-to-date: /home/unitree/go2slam/install/unitree_go/include/unitree_go/unitree_go/msg/detail/res__rosidl_typesupport_fastrtps_c.h
[2.178s] -- Up-to-date: /home/unitree/go2slam/install/unitree_go/include/unitree_go/unitree_go/msg/detail/height_map__rosidl_typesupport_fastrtps_c.h
[2.179s] -- Up-to-date: /home/unitree/go2slam/install/unitree_go/include/unitree_go/unitree_go/msg/detail/motor_cmds__rosidl_typesupport_fastrtps_c.h
[2.179s] -- Up-to-date: /home/unitree/go2slam/install/unitree_go/include/unitree_go/unitree_go/msg/detail/sport_mode_state__rosidl_typesupport_fastrtps_c.h
[2.179s] -- Up-to-date: /home/unitree/go2slam/install/unitree_go/include/unitree_go/unitree_go/msg/detail/go2_front_video_data__rosidl_typesupport_fastrtps_c.h
[2.179s] -- Up-to-date: /home/unitree/go2slam/install/unitree_go/include/unitree_go/unitree_go/msg/detail/low_cmd__rosidl_typesupport_fastrtps_c.h
[2.179s] -- Up-to-date: /home/unitree/go2slam/install/unitree_go/include/unitree_go/unitree_go/msg/detail/audio_data__rosidl_typesupport_fastrtps_c.h
[2.179s] -- Up-to-date: /home/unitree/go2slam/install/unitree_go/include/unitree_go/unitree_go/msg/detail/bms_state__rosidl_typesupport_fastrtps_c.h
[2.180s] -- Up-to-date: /home/unitree/go2slam/install/unitree_go/include/unitree_go/unitree_go/msg/detail/path_point__rosidl_typesupport_fastrtps_c.h
[2.180s] -- Up-to-date: /home/unitree/go2slam/install/unitree_go/include/unitree_go/unitree_go/msg/detail/motor_cmd__rosidl_typesupport_fastrtps_c.h
[2.180s] -- Up-to-date: /home/unitree/go2slam/install/unitree_go/include/unitree_go/unitree_go/msg/detail/req__rosidl_typesupport_fastrtps_c.h
[2.180s] -- Up-to-date: /home/unitree/go2slam/install/unitree_go/include/unitree_go/unitree_go/msg/detail/uwb_state__rosidl_typesupport_fastrtps_c.h
[2.180s] -- Up-to-date: /home/unitree/go2slam/install/unitree_go/include/unitree_go/unitree_go/msg/detail/interface_config__rosidl_typesupport_fastrtps_c.h
[2.180s] -- Up-to-date: /home/unitree/go2slam/install/unitree_go/include/unitree_go/unitree_go/msg/detail/low_state__rosidl_typesupport_fastrtps_c.h
[2.180s] -- Up-to-date: /home/unitree/go2slam/install/unitree_go/include/unitree_go/unitree_go/msg/detail/time_spec__rosidl_typesupport_fastrtps_c.h
[2.181s] -- Up-to-date: /home/unitree/go2slam/install/unitree_go/include/unitree_go/unitree_go/msg/detail/wireless_controller__rosidl_typesupport_fastrtps_c.h
[2.181s] -- Up-to-date: /home/unitree/go2slam/install/unitree_go/include/unitree_go/unitree_go/msg/detail/motor_state__rosidl_typesupport_fastrtps_c.h
[2.181s] -- Up-to-date: /home/unitree/go2slam/install/unitree_go/include/unitree_go/unitree_go/msg/detail/bms_cmd__rosidl_typesupport_fastrtps_c.h
[2.181s] -- Up-to-date: /home/unitree/go2slam/install/unitree_go/include/unitree_go/unitree_go/msg/detail/lidar_state__rosidl_typesupport_fastrtps_c.h
[2.181s] -- Up-to-date: /home/unitree/go2slam/install/unitree_go/include/unitree_go/unitree_go/msg/detail/sport_mode_cmd__rosidl_typesupport_fastrtps_c.h
[2.181s] -- Up-to-date: /home/unitree/go2slam/install/unitree_go/lib/libunitree_go__rosidl_typesupport_fastrtps_c.so
[2.182s] -- Up-to-date: /home/unitree/go2slam/install/unitree_go/include/unitree_go/unitree_go
[2.182s] -- Up-to-date: /home/unitree/go2slam/install/unitree_go/include/unitree_go/unitree_go/msg
[2.182s] -- Up-to-date: /home/unitree/go2slam/install/unitree_go/include/unitree_go/unitree_go/msg/audio_data.hpp
[2.182s] -- Up-to-date: /home/unitree/go2slam/install/unitree_go/include/unitree_go/unitree_go/msg/motor_cmd.hpp
[2.182s] -- Up-to-date: /home/unitree/go2slam/install/unitree_go/include/unitree_go/unitree_go/msg/time_spec.hpp
[2.182s] -- Up-to-date: /home/unitree/go2slam/install/unitree_go/include/unitree_go/unitree_go/msg/motor_state.hpp
[2.183s] -- Up-to-date: /home/unitree/go2slam/install/unitree_go/include/unitree_go/unitree_go/msg/bms_cmd.hpp
[2.183s] -- Up-to-date: /home/unitree/go2slam/install/unitree_go/include/unitree_go/unitree_go/msg/low_cmd.hpp
[2.183s] -- Up-to-date: /home/unitree/go2slam/install/unitree_go/include/unitree_go/unitree_go/msg/motor_cmds.hpp
[2.183s] -- Up-to-date: /home/unitree/go2slam/install/unitree_go/include/unitree_go/unitree_go/msg/imu_state.hpp
[2.183s] -- Up-to-date: /home/unitree/go2slam/install/unitree_go/include/unitree_go/unitree_go/msg/height_map.hpp
[2.183s] -- Up-to-date: /home/unitree/go2slam/install/unitree_go/include/unitree_go/unitree_go/msg/go2_front_video_data.hpp
[2.184s] -- Up-to-date: /home/unitree/go2slam/install/unitree_go/include/unitree_go/unitree_go/msg/error.hpp
[2.184s] -- Up-to-date: /home/unitree/go2slam/install/unitree_go/include/unitree_go/unitree_go/msg/detail
[2.184s] -- Up-to-date: /home/unitree/go2slam/install/unitree_go/include/unitree_go/unitree_go/msg/detail/sport_mode_cmd__traits.hpp
[2.184s] -- Up-to-date: /home/unitree/go2slam/install/unitree_go/include/unitree_go/unitree_go/msg/detail/error__builder.hpp
[2.184s] -- Up-to-date: /home/unitree/go2slam/install/unitree_go/include/unitree_go/unitree_go/msg/detail/motor_cmd__traits.hpp
[2.184s] -- Up-to-date: /home/unitree/go2slam/install/unitree_go/include/unitree_go/unitree_go/msg/detail/wireless_controller__struct.hpp
[2.185s] -- Up-to-date: /home/unitree/go2slam/install/unitree_go/include/unitree_go/unitree_go/msg/detail/motor_cmds__struct.hpp
[2.185s] -- Up-to-date: /home/unitree/go2slam/install/unitree_go/include/unitree_go/unitree_go/msg/detail/res__type_support.hpp
[2.185s] -- Up-to-date: /home/unitree/go2slam/install/unitree_go/include/unitree_go/unitree_go/msg/detail/interface_config__type_support.hpp
[2.185s] -- Up-to-date: /home/unitree/go2slam/install/unitree_go/include/unitree_go/unitree_go/msg/detail/audio_data__type_support.hpp
[2.185s] -- Up-to-date: /home/unitree/go2slam/install/unitree_go/include/unitree_go/unitree_go/msg/detail/path_point__traits.hpp
[2.185s] -- Up-to-date: /home/unitree/go2slam/install/unitree_go/include/unitree_go/unitree_go/msg/detail/low_cmd__type_support.hpp
[2.186s] -- Up-to-date: /home/unitree/go2slam/install/unitree_go/include/unitree_go/unitree_go/msg/detail/req__builder.hpp
[2.186s] -- Up-to-date: /home/unitree/go2slam/install/unitree_go/include/unitree_go/unitree_go/msg/detail/bms_cmd__builder.hpp
[2.186s] -- Up-to-date: /home/unitree/go2slam/install/unitree_go/include/unitree_go/unitree_go/msg/detail/path_point__type_support.hpp
[2.186s] -- Up-to-date: /home/unitree/go2slam/install/unitree_go/include/unitree_go/unitree_go/msg/detail/low_state__builder.hpp
[2.186s] -- Up-to-date: /home/unitree/go2slam/install/unitree_go/include/unitree_go/unitree_go/msg/detail/motor_cmds__builder.hpp
[2.186s] -- Up-to-date: /home/unitree/go2slam/install/unitree_go/include/unitree_go/unitree_go/msg/detail/motor_states__builder.hpp
[2.187s] -- Up-to-date: /home/unitree/go2slam/install/unitree_go/include/unitree_go/unitree_go/msg/detail/motor_state__struct.hpp
[2.187s] -- Up-to-date: /home/unitree/go2slam/install/unitree_go/include/unitree_go/unitree_go/msg/detail/audio_data__struct.hpp
[2.187s] -- Up-to-date: /home/unitree/go2slam/install/unitree_go/include/unitree_go/unitree_go/msg/detail/error__type_support.hpp
[2.187s] -- Up-to-date: /home/unitree/go2slam/install/unitree_go/include/unitree_go/unitree_go/msg/detail/low_state__struct.hpp
[2.187s] -- Up-to-date: /home/unitree/go2slam/install/unitree_go/include/unitree_go/unitree_go/msg/detail/imu_state__type_support.hpp
[2.200s] -- Up-to-date: /home/unitree/go2slam/install/unitree_go/include/unitree_go/unitree_go/msg/detail/req__traits.hpp
[2.200s] -- Up-to-date: /home/unitree/go2slam/install/unitree_go/include/unitree_go/unitree_go/msg/detail/sport_mode_cmd__builder.hpp
[2.200s] -- Up-to-date: /home/unitree/go2slam/install/unitree_go/include/unitree_go/unitree_go/msg/detail/low_cmd__builder.hpp
[2.200s] -- Up-to-date: /home/unitree/go2slam/install/unitree_go/include/unitree_go/unitree_go/msg/detail/motor_cmd__type_support.hpp
[2.200s] -- Up-to-date: /home/unitree/go2slam/install/unitree_go/include/unitree_go/unitree_go/msg/detail/path_point__builder.hpp
[2.201s] -- Up-to-date: /home/unitree/go2slam/install/unitree_go/include/unitree_go/unitree_go/msg/detail/uwb_state__type_support.hpp
[2.201s] -- Up-to-date: /home/unitree/go2slam/install/unitree_go/include/unitree_go/unitree_go/msg/detail/time_spec__traits.hpp
[2.201s] -- Up-to-date: /home/unitree/go2slam/install/unitree_go/include/unitree_go/unitree_go/msg/detail/sport_mode_cmd__struct.hpp
[2.201s] -- Up-to-date: /home/unitree/go2slam/install/unitree_go/include/unitree_go/unitree_go/msg/detail/wireless_controller__builder.hpp
[2.201s] -- Up-to-date: /home/unitree/go2slam/install/unitree_go/include/unitree_go/unitree_go/msg/detail/error__traits.hpp
[2.202s] -- Up-to-date: /home/unitree/go2slam/install/unitree_go/include/unitree_go/unitree_go/msg/detail/uwb_state__traits.hpp
[2.202s] -- Up-to-date: /home/unitree/go2slam/install/unitree_go/include/unitree_go/unitree_go/msg/detail/imu_state__struct.hpp
[2.202s] -- Up-to-date: /home/unitree/go2slam/install/unitree_go/include/unitree_go/unitree_go/msg/detail/time_spec__builder.hpp
[2.202s] -- Up-to-date: /home/unitree/go2slam/install/unitree_go/include/unitree_go/unitree_go/msg/detail/go2_front_video_data__builder.hpp
[2.202s] -- Up-to-date: /home/unitree/go2slam/install/unitree_go/include/unitree_go/unitree_go/msg/detail/req__struct.hpp
[2.202s] -- Up-to-date: /home/unitree/go2slam/install/unitree_go/include/unitree_go/unitree_go/msg/detail/bms_state__type_support.hpp
[2.203s] -- Up-to-date: /home/unitree/go2slam/install/unitree_go/include/unitree_go/unitree_go/msg/detail/lidar_state__struct.hpp
[2.203s] -- Up-to-date: /home/unitree/go2slam/install/unitree_go/include/unitree_go/unitree_go/msg/detail/motor_states__traits.hpp
[2.203s] -- Up-to-date: /home/unitree/go2slam/install/unitree_go/include/unitree_go/unitree_go/msg/detail/bms_cmd__traits.hpp
[2.203s] -- Up-to-date: /home/unitree/go2slam/install/unitree_go/include/unitree_go/unitree_go/msg/detail/sport_mode_cmd__type_support.hpp
[2.203s] -- Up-to-date: /home/unitree/go2slam/install/unitree_go/include/unitree_go/unitree_go/msg/detail/bms_state__builder.hpp
[2.203s] -- Up-to-date: /home/unitree/go2slam/install/unitree_go/include/unitree_go/unitree_go/msg/detail/lidar_state__traits.hpp
[2.217s] -- Up-to-date: /home/unitree/go2slam/install/unitree_go/include/unitree_go/unitree_go/msg/detail/sport_mode_state__builder.hpp
[2.217s] -- Up-to-date: /home/unitree/go2slam/install/unitree_go/include/unitree_go/unitree_go/msg/detail/interface_config__traits.hpp
[2.217s] -- Up-to-date: /home/unitree/go2slam/install/unitree_go/include/unitree_go/unitree_go/msg/detail/lidar_state__builder.hpp
[2.217s] -- Up-to-date: /home/unitree/go2slam/install/unitree_go/include/unitree_go/unitree_go/msg/detail/low_cmd__struct.hpp
[2.217s] -- Up-to-date: /home/unitree/go2slam/install/unitree_go/include/unitree_go/unitree_go/msg/detail/motor_state__type_support.hpp
[2.218s] -- Up-to-date: /home/unitree/go2slam/install/unitree_go/include/unitree_go/unitree_go/msg/detail/motor_states__struct.hpp
[2.218s] -- Up-to-date: /home/unitree/go2slam/install/unitree_go/include/unitree_go/unitree_go/msg/detail/height_map__type_support.hpp
[2.218s] -- Up-to-date: /home/unitree/go2slam/install/unitree_go/include/unitree_go/unitree_go/msg/detail/sport_mode_state__type_support.hpp
[2.218s] -- Up-to-date: /home/unitree/go2slam/install/unitree_go/include/unitree_go/unitree_go/msg/detail/uwb_switch__struct.hpp
[2.218s] -- Up-to-date: /home/unitree/go2slam/install/unitree_go/include/unitree_go/unitree_go/msg/detail/req__type_support.hpp
[2.219s] -- Up-to-date: /home/unitree/go2slam/install/unitree_go/include/unitree_go/unitree_go/msg/detail/motor_cmds__traits.hpp
[2.219s] -- Up-to-date: /home/unitree/go2slam/install/unitree_go/include/unitree_go/unitree_go/msg/detail/go2_front_video_data__traits.hpp
[2.219s] -- Up-to-date: /home/unitree/go2slam/install/unitree_go/include/unitree_go/unitree_go/msg/detail/motor_cmd__builder.hpp
[2.220s] -- Up-to-date: /home/unitree/go2slam/install/unitree_go/include/unitree_go/unitree_go/msg/detail/lidar_state__type_support.hpp
[2.220s] -- Up-to-date: /home/unitree/go2slam/install/unitree_go/include/unitree_go/unitree_go/msg/detail/motor_cmd__struct.hpp
[2.220s] -- Up-to-date: /home/unitree/go2slam/install/unitree_go/include/unitree_go/unitree_go/msg/detail/bms_state__traits.hpp
[2.220s] -- Up-to-date: /home/unitree/go2slam/install/unitree_go/include/unitree_go/unitree_go/msg/detail/motor_state__builder.hpp
[2.220s] -- Up-to-date: /home/unitree/go2slam/install/unitree_go/include/unitree_go/unitree_go/msg/detail/res__builder.hpp
[2.220s] -- Up-to-date: /home/unitree/go2slam/install/unitree_go/include/unitree_go/unitree_go/msg/detail/sport_mode_state__struct.hpp
[2.221s] -- Up-to-date: /home/unitree/go2slam/install/unitree_go/include/unitree_go/unitree_go/msg/detail/bms_cmd__type_support.hpp
[2.221s] -- Up-to-date: /home/unitree/go2slam/install/unitree_go/include/unitree_go/unitree_go/msg/detail/uwb_switch__builder.hpp
[2.221s] -- Up-to-date: /home/unitree/go2slam/install/unitree_go/include/unitree_go/unitree_go/msg/detail/time_spec__type_support.hpp
[2.221s] -- Up-to-date: /home/unitree/go2slam/install/unitree_go/include/unitree_go/unitree_go/msg/detail/audio_data__builder.hpp
[2.221s] -- Up-to-date: /home/unitree/go2slam/install/unitree_go/include/unitree_go/unitree_go/msg/detail/time_spec__struct.hpp
[2.222s] -- Up-to-date: /home/unitree/go2slam/install/unitree_go/include/unitree_go/unitree_go/msg/detail/height_map__traits.hpp
[2.222s] -- Up-to-date: /home/unitree/go2slam/install/unitree_go/include/unitree_go/unitree_go/msg/detail/low_state__type_support.hpp
[2.222s] -- Up-to-date: /home/unitree/go2slam/install/unitree_go/include/unitree_go/unitree_go/msg/detail/low_cmd__traits.hpp
[2.222s] -- Up-to-date: /home/unitree/go2slam/install/unitree_go/include/unitree_go/unitree_go/msg/detail/uwb_switch__traits.hpp
[2.222s] -- Up-to-date: /home/unitree/go2slam/install/unitree_go/include/unitree_go/unitree_go/msg/detail/go2_front_video_data__struct.hpp
[2.233s] -- Up-to-date: /home/unitree/go2slam/install/unitree_go/include/unitree_go/unitree_go/msg/detail/uwb_state__builder.hpp
[2.234s] -- Up-to-date: /home/unitree/go2slam/install/unitree_go/include/unitree_go/unitree_go/msg/detail/interface_config__struct.hpp
[2.234s] -- Up-to-date: /home/unitree/go2slam/install/unitree_go/include/unitree_go/unitree_go/msg/detail/motor_state__traits.hpp
[2.234s] -- Up-to-date: /home/unitree/go2slam/install/unitree_go/include/unitree_go/unitree_go/msg/detail/motor_states__type_support.hpp
[2.234s] -- Up-to-date: /home/unitree/go2slam/install/unitree_go/include/unitree_go/unitree_go/msg/detail/height_map__struct.hpp
[2.234s] -- Up-to-date: /home/unitree/go2slam/install/unitree_go/include/unitree_go/unitree_go/msg/detail/path_point__struct.hpp
[2.234s] -- Up-to-date: /home/unitree/go2slam/install/unitree_go/include/unitree_go/unitree_go/msg/detail/imu_state__builder.hpp
[2.235s] -- Up-to-date: /home/unitree/go2slam/install/unitree_go/include/unitree_go/unitree_go/msg/detail/go2_front_video_data__type_support.hpp
[2.235s] -- Up-to-date: /home/unitree/go2slam/install/unitree_go/include/unitree_go/unitree_go/msg/detail/res__struct.hpp
[2.235s] -- Up-to-date: /home/unitree/go2slam/install/unitree_go/include/unitree_go/unitree_go/msg/detail/low_state__traits.hpp
[2.235s] -- Up-to-date: /home/unitree/go2slam/install/unitree_go/include/unitree_go/unitree_go/msg/detail/interface_config__builder.hpp
[2.235s] -- Up-to-date: /home/unitree/go2slam/install/unitree_go/include/unitree_go/unitree_go/msg/detail/audio_data__traits.hpp
[2.236s] -- Up-to-date: /home/unitree/go2slam/install/unitree_go/include/unitree_go/unitree_go/msg/detail/res__traits.hpp
[2.236s] -- Up-to-date: /home/unitree/go2slam/install/unitree_go/include/unitree_go/unitree_go/msg/detail/wireless_controller__type_support.hpp
[2.236s] -- Up-to-date: /home/unitree/go2slam/install/unitree_go/include/unitree_go/unitree_go/msg/detail/motor_cmds__type_support.hpp
[2.236s] -- Up-to-date: /home/unitree/go2slam/install/unitree_go/include/unitree_go/unitree_go/msg/detail/sport_mode_state__traits.hpp
[2.236s] -- Up-to-date: /home/unitree/go2slam/install/unitree_go/include/unitree_go/unitree_go/msg/detail/error__struct.hpp
[2.236s] -- Up-to-date: /home/unitree/go2slam/install/unitree_go/include/unitree_go/unitree_go/msg/detail/bms_state__struct.hpp
[2.236s] -- Up-to-date: /home/unitree/go2slam/install/unitree_go/include/unitree_go/unitree_go/msg/detail/uwb_switch__type_support.hpp
[2.237s] -- Up-to-date: /home/unitree/go2slam/install/unitree_go/include/unitree_go/unitree_go/msg/detail/imu_state__traits.hpp
[2.237s] -- Up-to-date: /home/unitree/go2slam/install/unitree_go/include/unitree_go/unitree_go/msg/detail/height_map__builder.hpp
[2.237s] -- Up-to-date: /home/unitree/go2slam/install/unitree_go/include/unitree_go/unitree_go/msg/detail/wireless_controller__traits.hpp
[2.237s] -- Up-to-date: /home/unitree/go2slam/install/unitree_go/include/unitree_go/unitree_go/msg/detail/bms_cmd__struct.hpp
[2.237s] -- Up-to-date: /home/unitree/go2slam/install/unitree_go/include/unitree_go/unitree_go/msg/detail/uwb_state__struct.hpp
[2.238s] -- Up-to-date: /home/unitree/go2slam/install/unitree_go/include/unitree_go/unitree_go/msg/res.hpp
[2.238s] -- Up-to-date: /home/unitree/go2slam/install/unitree_go/include/unitree_go/unitree_go/msg/uwb_switch.hpp
[2.238s] -- Up-to-date: /home/unitree/go2slam/install/unitree_go/include/unitree_go/unitree_go/msg/motor_states.hpp
[2.238s] -- Up-to-date: /home/unitree/go2slam/install/unitree_go/include/unitree_go/unitree_go/msg/sport_mode_state.hpp
[2.238s] -- Up-to-date: /home/unitree/go2slam/install/unitree_go/include/unitree_go/unitree_go/msg/uwb_state.hpp
[2.238s] -- Up-to-date: /home/unitree/go2slam/install/unitree_go/include/unitree_go/unitree_go/msg/bms_state.hpp
[2.238s] -- Up-to-date: /home/unitree/go2slam/install/unitree_go/include/unitree_go/unitree_go/msg/rosidl_generator_cpp__visibility_control.hpp
[2.239s] -- Up-to-date: /home/unitree/go2slam/install/unitree_go/include/unitree_go/unitree_go/msg/lidar_state.hpp
[2.239s] -- Up-to-date: /home/unitree/go2slam/install/unitree_go/include/unitree_go/unitree_go/msg/sport_mode_cmd.hpp
[2.239s] -- Up-to-date: /home/unitree/go2slam/install/unitree_go/include/unitree_go/unitree_go/msg/path_point.hpp
[2.239s] -- Up-to-date: /home/unitree/go2slam/install/unitree_go/include/unitree_go/unitree_go/msg/interface_config.hpp
[2.242s] -- Up-to-date: /home/unitree/go2slam/install/unitree_go/include/unitree_go/unitree_go/msg/wireless_controller.hpp
[2.242s] -- Up-to-date: /home/unitree/go2slam/install/unitree_go/include/unitree_go/unitree_go/msg/req.hpp
[2.242s] -- Up-to-date: /home/unitree/go2slam/install/unitree_go/include/unitree_go/unitree_go/msg/low_state.hpp
[2.242s] -- Up-to-date: /home/unitree/go2slam/install/unitree_go/include/unitree_go/unitree_go
[2.242s] -- Up-to-date: /home/unitree/go2slam/install/unitree_go/include/unitree_go/unitree_go/msg
[2.242s] -- Up-to-date: /home/unitree/go2slam/install/unitree_go/include/unitree_go/unitree_go/msg/rosidl_typesupport_fastrtps_cpp__visibility_control.h
[2.248s] -- Up-to-date: /home/unitree/go2slam/install/unitree_go/include/unitree_go/unitree_go/msg/detail
[2.248s] -- Up-to-date: /home/unitree/go2slam/install/unitree_go/include/unitree_go/unitree_go/msg/detail/error__rosidl_typesupport_fastrtps_cpp.hpp
[2.248s] -- Up-to-date: /home/unitree/go2slam/install/unitree_go/include/unitree_go/unitree_go/msg/detail/path_point__rosidl_typesupport_fastrtps_cpp.hpp
[2.248s] -- Up-to-date: /home/unitree/go2slam/install/unitree_go/include/unitree_go/unitree_go/msg/detail/uwb_state__rosidl_typesupport_fastrtps_cpp.hpp
[2.248s] -- Up-to-date: /home/unitree/go2slam/install/unitree_go/include/unitree_go/unitree_go/msg/detail/motor_cmds__rosidl_typesupport_fastrtps_cpp.hpp
[2.249s] -- Up-to-date: /home/unitree/go2slam/install/unitree_go/include/unitree_go/unitree_go/msg/detail/go2_front_video_data__rosidl_typesupport_fastrtps_cpp.hpp
[2.249s] -- Up-to-date: /home/unitree/go2slam/install/unitree_go/include/unitree_go/unitree_go/msg/detail/low_state__rosidl_typesupport_fastrtps_cpp.hpp
[2.249s] -- Up-to-date: /home/unitree/go2slam/install/unitree_go/include/unitree_go/unitree_go/msg/detail/uwb_switch__rosidl_typesupport_fastrtps_cpp.hpp
[2.249s] -- Up-to-date: /home/unitree/go2slam/install/unitree_go/include/unitree_go/unitree_go/msg/detail/bms_cmd__rosidl_typesupport_fastrtps_cpp.hpp
[2.249s] -- Up-to-date: /home/unitree/go2slam/install/unitree_go/include/unitree_go/unitree_go/msg/detail/bms_state__rosidl_typesupport_fastrtps_cpp.hpp
[2.249s] -- Up-to-date: /home/unitree/go2slam/install/unitree_go/include/unitree_go/unitree_go/msg/detail/lidar_state__rosidl_typesupport_fastrtps_cpp.hpp
[2.250s] -- Up-to-date: /home/unitree/go2slam/install/unitree_go/include/unitree_go/unitree_go/msg/detail/wireless_controller__rosidl_typesupport_fastrtps_cpp.hpp
[2.250s] -- Up-to-date: /home/unitree/go2slam/install/unitree_go/include/unitree_go/unitree_go/msg/detail/interface_config__rosidl_typesupport_fastrtps_cpp.hpp
[2.250s] -- Up-to-date: /home/unitree/go2slam/install/unitree_go/include/unitree_go/unitree_go/msg/detail/sport_mode_cmd__rosidl_typesupport_fastrtps_cpp.hpp
[2.250s] -- Up-to-date: /home/unitree/go2slam/install/unitree_go/include/unitree_go/unitree_go/msg/detail/dds_fastrtps
[2.250s] -- Up-to-date: /home/unitree/go2slam/install/unitree_go/include/unitree_go/unitree_go/msg/detail/motor_state__rosidl_typesupport_fastrtps_cpp.hpp
[2.251s] -- Up-to-date: /home/unitree/go2slam/install/unitree_go/include/unitree_go/unitree_go/msg/detail/motor_cmd__rosidl_typesupport_fastrtps_cpp.hpp
[2.251s] -- Up-to-date: /home/unitree/go2slam/install/unitree_go/include/unitree_go/unitree_go/msg/detail/imu_state__rosidl_typesupport_fastrtps_cpp.hpp
[2.251s] -- Up-to-date: /home/unitree/go2slam/install/unitree_go/include/unitree_go/unitree_go/msg/detail/time_spec__rosidl_typesupport_fastrtps_cpp.hpp
[2.251s] -- Up-to-date: /home/unitree/go2slam/install/unitree_go/include/unitree_go/unitree_go/msg/detail/req__rosidl_typesupport_fastrtps_cpp.hpp
[2.255s] -- Up-to-date: /home/unitree/go2slam/install/unitree_go/include/unitree_go/unitree_go/msg/detail/sport_mode_state__rosidl_typesupport_fastrtps_cpp.hpp
[2.256s] -- Up-to-date: /home/unitree/go2slam/install/unitree_go/include/unitree_go/unitree_go/msg/detail/motor_states__rosidl_typesupport_fastrtps_cpp.hpp
[2.256s] -- Up-to-date: /home/unitree/go2slam/install/unitree_go/include/unitree_go/unitree_go/msg/detail/audio_data__rosidl_typesupport_fastrtps_cpp.hpp
[2.256s] -- Up-to-date: /home/unitree/go2slam/install/unitree_go/include/unitree_go/unitree_go/msg/detail/res__rosidl_typesupport_fastrtps_cpp.hpp
[2.256s] -- Up-to-date: /home/unitree/go2slam/install/unitree_go/include/unitree_go/unitree_go/msg/detail/height_map__rosidl_typesupport_fastrtps_cpp.hpp
[2.256s] -- Up-to-date: /home/unitree/go2slam/install/unitree_go/include/unitree_go/unitree_go/msg/detail/low_cmd__rosidl_typesupport_fastrtps_cpp.hpp
[2.256s] -- Up-to-date: /home/unitree/go2slam/install/unitree_go/lib/libunitree_go__rosidl_typesupport_fastrtps_cpp.so
[2.257s] -- Up-to-date: /home/unitree/go2slam/install/unitree_go/include/unitree_go/unitree_go
[2.257s] -- Up-to-date: /home/unitree/go2slam/install/unitree_go/include/unitree_go/unitree_go/msg
[2.257s] -- Up-to-date: /home/unitree/go2slam/install/unitree_go/include/unitree_go/unitree_go/msg/detail
[2.257s] -- Installing: /home/unitree/go2slam/install/unitree_go/include/unitree_go/unitree_go/msg/detail/sport_mode_cmd__type_support.c
[2.257s] -- Installing: /home/unitree/go2slam/install/unitree_go/include/unitree_go/unitree_go/msg/detail/go2_front_video_data__type_support.c
[2.257s] -- Installing: /home/unitree/go2slam/install/unitree_go/include/unitree_go/unitree_go/msg/detail/bms_cmd__type_support.c
[2.258s] -- Installing: /home/unitree/go2slam/install/unitree_go/include/unitree_go/unitree_go/msg/detail/motor_cmds__type_support.c
[2.258s] -- Installing: /home/unitree/go2slam/install/unitree_go/include/unitree_go/unitree_go/msg/detail/low_state__type_support.c
[2.258s] -- Up-to-date: /home/unitree/go2slam/install/unitree_go/include/unitree_go/unitree_go/msg/detail/height_map__rosidl_typesupport_introspection_c.h
[2.258s] -- Installing: /home/unitree/go2slam/install/unitree_go/include/unitree_go/unitree_go/msg/detail/interface_config__type_support.c
[2.258s] -- Installing: /home/unitree/go2slam/install/unitree_go/include/unitree_go/unitree_go/msg/detail/imu_state__type_support.c
[2.258s] -- Up-to-date: /home/unitree/go2slam/install/unitree_go/include/unitree_go/unitree_go/msg/detail/motor_cmds__rosidl_typesupport_introspection_c.h
[2.259s] -- Installing: /home/unitree/go2slam/install/unitree_go/include/unitree_go/unitree_go/msg/detail/req__type_support.c
[2.259s] -- Up-to-date: /home/unitree/go2slam/install/unitree_go/include/unitree_go/unitree_go/msg/detail/sport_mode_cmd__rosidl_typesupport_introspection_c.h
[2.259s] -- Up-to-date: /home/unitree/go2slam/install/unitree_go/include/unitree_go/unitree_go/msg/detail/sport_mode_state__rosidl_typesupport_introspection_c.h
[2.259s] -- Installing: /home/unitree/go2slam/install/unitree_go/include/unitree_go/unitree_go/msg/detail/time_spec__type_support.c
[2.259s] -- Installing: /home/unitree/go2slam/install/unitree_go/include/unitree_go/unitree_go/msg/detail/lidar_state__type_support.c
[2.260s] -- Up-to-date: /home/unitree/go2slam/install/unitree_go/include/unitree_go/unitree_go/msg/detail/bms_cmd__rosidl_typesupport_introspection_c.h
[2.260s] -- Installing: /home/unitree/go2slam/install/unitree_go/include/unitree_go/unitree_go/msg/detail/path_point__type_support.c
[2.260s] -- Installing: /home/unitree/go2slam/install/unitree_go/include/unitree_go/unitree_go/msg/detail/low_cmd__type_support.c
[2.260s] -- Installing: /home/unitree/go2slam/install/unitree_go/include/unitree_go/unitree_go/msg/detail/sport_mode_state__type_support.c
[2.260s] -- Up-to-date: /home/unitree/go2slam/install/unitree_go/include/unitree_go/unitree_go/msg/detail/low_state__rosidl_typesupport_introspection_c.h
[2.260s] -- Up-to-date: /home/unitree/go2slam/install/unitree_go/include/unitree_go/unitree_go/msg/detail/time_spec__rosidl_typesupport_introspection_c.h
[2.261s] -- Installing: /home/unitree/go2slam/install/unitree_go/include/unitree_go/unitree_go/msg/detail/audio_data__type_support.c
[2.261s] -- Installing: /home/unitree/go2slam/install/unitree_go/include/unitree_go/unitree_go/msg/detail/wireless_controller__type_support.c
[2.261s] -- Up-to-date: /home/unitree/go2slam/install/unitree_go/include/unitree_go/unitree_go/msg/detail/motor_cmd__rosidl_typesupport_introspection_c.h
[2.261s] -- Installing: /home/unitree/go2slam/install/unitree_go/include/unitree_go/unitree_go/msg/detail/uwb_state__type_support.c
[2.261s] -- Up-to-date: /home/unitree/go2slam/install/unitree_go/include/unitree_go/unitree_go/msg/detail/interface_config__rosidl_typesupport_introspection_c.h
[2.261s] -- Up-to-date: /home/unitree/go2slam/install/unitree_go/include/unitree_go/unitree_go/msg/detail/audio_data__rosidl_typesupport_introspection_c.h
[2.261s] -- Up-to-date: /home/unitree/go2slam/install/unitree_go/include/unitree_go/unitree_go/msg/detail/path_point__rosidl_typesupport_introspection_c.h
[2.262s] -- Installing: /home/unitree/go2slam/install/unitree_go/include/unitree_go/unitree_go/msg/detail/motor_state__type_support.c
[2.262s] -- Up-to-date: /home/unitree/go2slam/install/unitree_go/include/unitree_go/unitree_go/msg/detail/error__rosidl_typesupport_introspection_c.h
[2.262s] -- Up-to-date: /home/unitree/go2slam/install/unitree_go/include/unitree_go/unitree_go/msg/detail/imu_state__rosidl_typesupport_introspection_c.h
[2.262s] -- Up-to-date: /home/unitree/go2slam/install/unitree_go/include/unitree_go/unitree_go/msg/detail/req__rosidl_typesupport_introspection_c.h
[2.266s] -- Installing: /home/unitree/go2slam/install/unitree_go/include/unitree_go/unitree_go/msg/detail/error__type_support.c
[2.267s] -- Up-to-date: /home/unitree/go2slam/install/unitree_go/include/unitree_go/unitree_go/msg/detail/uwb_state__rosidl_typesupport_introspection_c.h
[2.267s] -- Installing: /home/unitree/go2slam/install/unitree_go/include/unitree_go/unitree_go/msg/detail/motor_cmd__type_support.c
[2.267s] -- Installing: /home/unitree/go2slam/install/unitree_go/include/unitree_go/unitree_go/msg/detail/motor_states__type_support.c
[2.267s] -- Up-to-date: /home/unitree/go2slam/install/unitree_go/include/unitree_go/unitree_go/msg/detail/lidar_state__rosidl_typesupport_introspection_c.h
[2.267s] -- Installing: /home/unitree/go2slam/install/unitree_go/include/unitree_go/unitree_go/msg/detail/bms_state__type_support.c
[2.268s] -- Up-to-date: /home/unitree/go2slam/install/unitree_go/include/unitree_go/unitree_go/msg/detail/low_cmd__rosidl_typesupport_introspection_c.h
[2.268s] -- Up-to-date: /home/unitree/go2slam/install/unitree_go/include/unitree_go/unitree_go/msg/detail/res__rosidl_typesupport_introspection_c.h
[2.268s] -- Up-to-date: /home/unitree/go2slam/install/unitree_go/include/unitree_go/unitree_go/msg/detail/go2_front_video_data__rosidl_typesupport_introspection_c.h
[2.268s] -- Installing: /home/unitree/go2slam/install/unitree_go/include/unitree_go/unitree_go/msg/detail/height_map__type_support.c
[2.268s] -- Up-to-date: /home/unitree/go2slam/install/unitree_go/include/unitree_go/unitree_go/msg/detail/wireless_controller__rosidl_typesupport_introspection_c.h
[2.268s] -- Up-to-date: /home/unitree/go2slam/install/unitree_go/include/unitree_go/unitree_go/msg/detail/uwb_switch__rosidl_typesupport_introspection_c.h
[2.269s] -- Installing: /home/unitree/go2slam/install/unitree_go/include/unitree_go/unitree_go/msg/detail/uwb_switch__type_support.c
[2.269s] -- Up-to-date: /home/unitree/go2slam/install/unitree_go/include/unitree_go/unitree_go/msg/detail/motor_states__rosidl_typesupport_introspection_c.h
[2.269s] -- Installing: /home/unitree/go2slam/install/unitree_go/include/unitree_go/unitree_go/msg/detail/res__type_support.c
[2.269s] -- Up-to-date: /home/unitree/go2slam/install/unitree_go/include/unitree_go/unitree_go/msg/detail/bms_state__rosidl_typesupport_introspection_c.h
[2.269s] -- Up-to-date: /home/unitree/go2slam/install/unitree_go/include/unitree_go/unitree_go/msg/detail/motor_state__rosidl_typesupport_introspection_c.h
[2.270s] -- Up-to-date: /home/unitree/go2slam/install/unitree_go/include/unitree_go/unitree_go/msg/rosidl_typesupport_introspection_c__visibility_control.h
[2.270s] -- Up-to-date: /home/unitree/go2slam/install/unitree_go/lib/libunitree_go__rosidl_typesupport_introspection_c.so
[2.270s] -- Up-to-date: /home/unitree/go2slam/install/unitree_go/lib/libunitree_go__rosidl_typesupport_c.so
[2.270s] -- Up-to-date: /home/unitree/go2slam/install/unitree_go/include/unitree_go/unitree_go
[2.270s] -- Up-to-date: /home/unitree/go2slam/install/unitree_go/include/unitree_go/unitree_go/msg
[2.270s] -- Up-to-date: /home/unitree/go2slam/install/unitree_go/include/unitree_go/unitree_go/msg/detail
[2.271s] -- Up-to-date: /home/unitree/go2slam/install/unitree_go/include/unitree_go/unitree_go/msg/detail/low_state__type_support.cpp
[2.271s] -- Up-to-date: /home/unitree/go2slam/install/unitree_go/include/unitree_go/unitree_go/msg/detail/motor_cmds__rosidl_typesupport_introspection_cpp.hpp
[2.271s] -- Up-to-date: /home/unitree/go2slam/install/unitree_go/include/unitree_go/unitree_go/msg/detail/lidar_state__type_support.cpp
[2.271s] -- Up-to-date: /home/unitree/go2slam/install/unitree_go/include/unitree_go/unitree_go/msg/detail/wireless_controller__type_support.cpp
[2.275s] -- Up-to-date: /home/unitree/go2slam/install/unitree_go/include/unitree_go/unitree_go/msg/detail/sport_mode_state__type_support.cpp
[2.279s] -- Up-to-date: /home/unitree/go2slam/install/unitree_go/include/unitree_go/unitree_go/msg/detail/motor_cmd__rosidl_typesupport_introspection_cpp.hpp
[2.280s] -- Up-to-date: /home/unitree/go2slam/install/unitree_go/include/unitree_go/unitree_go/msg/detail/audio_data__type_support.cpp
[2.280s] -- Up-to-date: /home/unitree/go2slam/install/unitree_go/include/unitree_go/unitree_go/msg/detail/lidar_state__rosidl_typesupport_introspection_cpp.hpp
[2.280s] -- Up-to-date: /home/unitree/go2slam/install/unitree_go/include/unitree_go/unitree_go/msg/detail/uwb_switch__type_support.cpp
[2.280s] -- Up-to-date: /home/unitree/go2slam/install/unitree_go/include/unitree_go/unitree_go/msg/detail/bms_state__rosidl_typesupport_introspection_cpp.hpp
[2.280s] -- Up-to-date: /home/unitree/go2slam/install/unitree_go/include/unitree_go/unitree_go/msg/detail/motor_state__type_support.cpp
[2.281s] -- Up-to-date: /home/unitree/go2slam/install/unitree_go/include/unitree_go/unitree_go/msg/detail/motor_states__rosidl_typesupport_introspection_cpp.hpp
[2.281s] -- Up-to-date: /home/unitree/go2slam/install/unitree_go/include/unitree_go/unitree_go/msg/detail/motor_state__rosidl_typesupport_introspection_cpp.hpp
[2.281s] -- Up-to-date: /home/unitree/go2slam/install/unitree_go/include/unitree_go/unitree_go/msg/detail/height_map__type_support.cpp
[2.281s] -- Up-to-date: /home/unitree/go2slam/install/unitree_go/include/unitree_go/unitree_go/msg/detail/low_cmd__type_support.cpp
[2.281s] -- Up-to-date: /home/unitree/go2slam/install/unitree_go/include/unitree_go/unitree_go/msg/detail/error__rosidl_typesupport_introspection_cpp.hpp
[2.295s] -- Up-to-date: /home/unitree/go2slam/install/unitree_go/include/unitree_go/unitree_go/msg/detail/interface_config__rosidl_typesupport_introspection_cpp.hpp
[2.295s] -- Up-to-date: /home/unitree/go2slam/install/unitree_go/include/unitree_go/unitree_go/msg/detail/low_cmd__rosidl_typesupport_introspection_cpp.hpp
[2.295s] -- Up-to-date: /home/unitree/go2slam/install/unitree_go/include/unitree_go/unitree_go/msg/detail/time_spec__type_support.cpp
[2.295s] -- Up-to-date: /home/unitree/go2slam/install/unitree_go/include/unitree_go/unitree_go/msg/detail/req__type_support.cpp
[2.309s] -- Up-to-date: /home/unitree/go2slam/install/unitree_go/include/unitree_go/unitree_go/msg/detail/sport_mode_cmd__rosidl_typesupport_introspection_cpp.hpp
[2.309s] -- Up-to-date: /home/unitree/go2slam/install/unitree_go/include/unitree_go/unitree_go/msg/detail/uwb_state__rosidl_typesupport_introspection_cpp.hpp
[2.310s] -- Up-to-date: /home/unitree/go2slam/install/unitree_go/include/unitree_go/unitree_go/msg/detail/time_spec__rosidl_typesupport_introspection_cpp.hpp
[2.311s] -- Up-to-date: /home/unitree/go2slam/install/unitree_go/include/unitree_go/unitree_go/msg/detail/sport_mode_state__rosidl_typesupport_introspection_cpp.hpp
[2.312s] -- Up-to-date: /home/unitree/go2slam/install/unitree_go/include/unitree_go/unitree_go/msg/detail/interface_config__type_support.cpp
[2.312s] -- Up-to-date: /home/unitree/go2slam/install/unitree_go/include/unitree_go/unitree_go/msg/detail/motor_cmds__type_support.cpp
[2.312s] -- Up-to-date: /home/unitree/go2slam/install/unitree_go/include/unitree_go/unitree_go/msg/detail/uwb_switch__rosidl_typesupport_introspection_cpp.hpp
[2.312s] -- Up-to-date: /home/unitree/go2slam/install/unitree_go/include/unitree_go/unitree_go/msg/detail/go2_front_video_data__type_support.cpp
[2.312s] -- Up-to-date: /home/unitree/go2slam/install/unitree_go/include/unitree_go/unitree_go/msg/detail/sport_mode_cmd__type_support.cpp
[2.314s] -- Up-to-date: /home/unitree/go2slam/install/unitree_go/include/unitree_go/unitree_go/msg/detail/motor_cmd__type_support.cpp
[2.315s] -- Up-to-date: /home/unitree/go2slam/install/unitree_go/include/unitree_go/unitree_go/msg/detail/req__rosidl_typesupport_introspection_cpp.hpp
[2.315s] -- Up-to-date: /home/unitree/go2slam/install/unitree_go/include/unitree_go/unitree_go/msg/detail/error__type_support.cpp
[2.315s] -- Up-to-date: /home/unitree/go2slam/install/unitree_go/include/unitree_go/unitree_go/msg/detail/res__type_support.cpp
[2.316s] -- Up-to-date: /home/unitree/go2slam/install/unitree_go/include/unitree_go/unitree_go/msg/detail/res__rosidl_typesupport_introspection_cpp.hpp
[2.316s] -- Up-to-date: /home/unitree/go2slam/install/unitree_go/include/unitree_go/unitree_go/msg/detail/go2_front_video_data__rosidl_typesupport_introspection_cpp.hpp
[2.316s] -- Up-to-date: /home/unitree/go2slam/install/unitree_go/include/unitree_go/unitree_go/msg/detail/low_state__rosidl_typesupport_introspection_cpp.hpp
[2.317s] -- Up-to-date: /home/unitree/go2slam/install/unitree_go/include/unitree_go/unitree_go/msg/detail/audio_data__rosidl_typesupport_introspection_cpp.hpp
[2.317s] -- Up-to-date: /home/unitree/go2slam/install/unitree_go/include/unitree_go/unitree_go/msg/detail/bms_cmd__rosidl_typesupport_introspection_cpp.hpp
[2.318s] -- Up-to-date: /home/unitree/go2slam/install/unitree_go/include/unitree_go/unitree_go/msg/detail/bms_state__type_support.cpp
[2.318s] -- Up-to-date: /home/unitree/go2slam/install/unitree_go/include/unitree_go/unitree_go/msg/detail/motor_states__type_support.cpp
[2.318s] -- Up-to-date: /home/unitree/go2slam/install/unitree_go/include/unitree_go/unitree_go/msg/detail/uwb_state__type_support.cpp
[2.318s] -- Up-to-date: /home/unitree/go2slam/install/unitree_go/include/unitree_go/unitree_go/msg/detail/bms_cmd__type_support.cpp
[2.318s] -- Up-to-date: /home/unitree/go2slam/install/unitree_go/include/unitree_go/unitree_go/msg/detail/wireless_controller__rosidl_typesupport_introspection_cpp.hpp
[2.319s] -- Up-to-date: /home/unitree/go2slam/install/unitree_go/include/unitree_go/unitree_go/msg/detail/imu_state__rosidl_typesupport_introspection_cpp.hpp
[2.319s] -- Up-to-date: /home/unitree/go2slam/install/unitree_go/include/unitree_go/unitree_go/msg/detail/path_point__rosidl_typesupport_introspection_cpp.hpp
[2.319s] -- Up-to-date: /home/unitree/go2slam/install/unitree_go/include/unitree_go/unitree_go/msg/detail/imu_state__type_support.cpp
[2.319s] -- Up-to-date: /home/unitree/go2slam/install/unitree_go/include/unitree_go/unitree_go/msg/detail/path_point__type_support.cpp
[2.323s] -- Up-to-date: /home/unitree/go2slam/install/unitree_go/include/unitree_go/unitree_go/msg/detail/height_map__rosidl_typesupport_introspection_cpp.hpp
[2.323s] -- Up-to-date: /home/unitree/go2slam/install/unitree_go/lib/libunitree_go__rosidl_typesupport_introspection_cpp.so
[2.324s] -- Up-to-date: /home/unitree/go2slam/install/unitree_go/lib/libunitree_go__rosidl_typesupport_cpp.so
[2.324s] -- Up-to-date: /home/unitree/go2slam/install/unitree_go/share/unitree_go/environment/pythonpath.sh
[2.324s] -- Up-to-date: /home/unitree/go2slam/install/unitree_go/share/unitree_go/environment/pythonpath.dsv
[2.325s] -- Up-to-date: /home/unitree/go2slam/install/unitree_go/lib/python3.12/site-packages/unitree_go-0.0.0-py3.12.egg-info
[2.325s] -- Installing: /home/unitree/go2slam/install/unitree_go/lib/python3.12/site-packages/unitree_go-0.0.0-py3.12.egg-info/top_level.txt
[2.326s] -- Installing: /home/unitree/go2slam/install/unitree_go/lib/python3.12/site-packages/unitree_go-0.0.0-py3.12.egg-info/PKG-INFO
[2.326s] -- Installing: /home/unitree/go2slam/install/unitree_go/lib/python3.12/site-packages/unitree_go-0.0.0-py3.12.egg-info/dependency_links.txt
[2.327s] -- Installing: /home/unitree/go2slam/install/unitree_go/lib/python3.12/site-packages/unitree_go-0.0.0-py3.12.egg-info/SOURCES.txt
[2.327s] -- Up-to-date: /home/unitree/go2slam/install/unitree_go/lib/python3.12/site-packages/unitree_go
[2.329s] -- Up-to-date: /home/unitree/go2slam/install/unitree_go/lib/python3.12/site-packages/unitree_go/unitree_go_s__rosidl_typesupport_introspection_c.so
[2.329s] -- Up-to-date: /home/unitree/go2slam/install/unitree_go/lib/python3.12/site-packages/unitree_go/_unitree_go_s.ep.rosidl_typesupport_introspection_c.c
[2.330s] -- Up-to-date: /home/unitree/go2slam/install/unitree_go/lib/python3.12/site-packages/unitree_go/_unitree_go_s.ep.rosidl_typesupport_fastrtps_c.c
[2.331s] -- Up-to-date: /home/unitree/go2slam/install/unitree_go/lib/python3.12/site-packages/unitree_go/__init__.py
[2.331s] -- Up-to-date: /home/unitree/go2slam/install/unitree_go/lib/python3.12/site-packages/unitree_go/msg
[2.332s] -- Up-to-date: /home/unitree/go2slam/install/unitree_go/lib/python3.12/site-packages/unitree_go/msg/_motor_cmd_s.c
[2.333s] -- Up-to-date: /home/unitree/go2slam/install/unitree_go/lib/python3.12/site-packages/unitree_go/msg/_sport_mode_cmd_s.c
[2.333s] -- Up-to-date: /home/unitree/go2slam/install/unitree_go/lib/python3.12/site-packages/unitree_go/msg/_interface_config_s.c
[2.333s] -- Up-to-date: /home/unitree/go2slam/install/unitree_go/lib/python3.12/site-packages/unitree_go/msg/_wireless_controller.py
[2.334s] -- Up-to-date: /home/unitree/go2slam/install/unitree_go/lib/python3.12/site-packages/unitree_go/msg/_height_map_s.c
[2.334s] -- Up-to-date: /home/unitree/go2slam/install/unitree_go/lib/python3.12/site-packages/unitree_go/msg/_time_spec.py
[2.335s] -- Up-to-date: /home/unitree/go2slam/install/unitree_go/lib/python3.12/site-packages/unitree_go/msg/_audio_data_s.c
[2.335s] -- Up-to-date: /home/unitree/go2slam/install/unitree_go/lib/python3.12/site-packages/unitree_go/msg/_low_cmd.py
[2.336s] -- Up-to-date: /home/unitree/go2slam/install/unitree_go/lib/python3.12/site-packages/unitree_go/msg/_go2_front_video_data_s.c
[2.336s] -- Up-to-date: /home/unitree/go2slam/install/unitree_go/lib/python3.12/site-packages/unitree_go/msg/_motor_cmds.py
[2.337s] -- Up-to-date: /home/unitree/go2slam/install/unitree_go/lib/python3.12/site-packages/unitree_go/msg/_error_s.c
[2.337s] -- Up-to-date: /home/unitree/go2slam/install/unitree_go/lib/python3.12/site-packages/unitree_go/msg/_lidar_state_s.c
[2.338s] -- Up-to-date: /home/unitree/go2slam/install/unitree_go/lib/python3.12/site-packages/unitree_go/msg/_req.py
[2.338s] -- Up-to-date: /home/unitree/go2slam/install/unitree_go/lib/python3.12/site-packages/unitree_go/msg/_imu_state.py
[2.338s] -- Up-to-date: /home/unitree/go2slam/install/unitree_go/lib/python3.12/site-packages/unitree_go/msg/_uwb_switch.py
[2.339s] -- Up-to-date: /home/unitree/go2slam/install/unitree_go/lib/python3.12/site-packages/unitree_go/msg/_low_state.py
[2.339s] -- Up-to-date: /home/unitree/go2slam/install/unitree_go/lib/python3.12/site-packages/unitree_go/msg/_lidar_state.py
[2.339s] -- Up-to-date: /home/unitree/go2slam/install/unitree_go/lib/python3.12/site-packages/unitree_go/msg/_motor_cmds_s.c
[2.339s] -- Up-to-date: /home/unitree/go2slam/install/unitree_go/lib/python3.12/site-packages/unitree_go/msg/_motor_state.py
[2.339s] -- Up-to-date: /home/unitree/go2slam/install/unitree_go/lib/python3.12/site-packages/unitree_go/msg/_path_point_s.c
[2.340s] -- Up-to-date: /home/unitree/go2slam/install/unitree_go/lib/python3.12/site-packages/unitree_go/msg/_imu_state_s.c
[2.340s] -- Up-to-date: /home/unitree/go2slam/install/unitree_go/lib/python3.12/site-packages/unitree_go/msg/_low_state_s.c
[2.350s] -- Up-to-date: /home/unitree/go2slam/install/unitree_go/lib/python3.12/site-packages/unitree_go/msg/_res_s.c
[2.350s] -- Up-to-date: /home/unitree/go2slam/install/unitree_go/lib/python3.12/site-packages/unitree_go/msg/__init__.py
[2.351s] -- Up-to-date: /home/unitree/go2slam/install/unitree_go/lib/python3.12/site-packages/unitree_go/msg/_res.py
[2.351s] -- Up-to-date: /home/unitree/go2slam/install/unitree_go/lib/python3.12/site-packages/unitree_go/msg/_time_spec_s.c
[2.354s] -- Up-to-date: /home/unitree/go2slam/install/unitree_go/lib/python3.12/site-packages/unitree_go/msg/_uwb_state_s.c
[2.354s] -- Up-to-date: /home/unitree/go2slam/install/unitree_go/lib/python3.12/site-packages/unitree_go/msg/_motor_states.py
[2.369s] -- Up-to-date: /home/unitree/go2slam/install/unitree_go/lib/python3.12/site-packages/unitree_go/msg/_uwb_switch_s.c
[2.369s] -- Up-to-date: /home/unitree/go2slam/install/unitree_go/lib/python3.12/site-packages/unitree_go/msg/_bms_state.py
[2.370s] -- Up-to-date: /home/unitree/go2slam/install/unitree_go/lib/python3.12/site-packages/unitree_go/msg/_go2_front_video_data.py
[2.370s] -- Up-to-date: /home/unitree/go2slam/install/unitree_go/lib/python3.12/site-packages/unitree_go/msg/_path_point.py
[2.370s] -- Up-to-date: /home/unitree/go2slam/install/unitree_go/lib/python3.12/site-packages/unitree_go/msg/_bms_cmd.py
[2.370s] -- Up-to-date: /home/unitree/go2slam/install/unitree_go/lib/python3.12/site-packages/unitree_go/msg/_wireless_controller_s.c
[2.371s] -- Up-to-date: /home/unitree/go2slam/install/unitree_go/lib/python3.12/site-packages/unitree_go/msg/_bms_state_s.c
[2.371s] -- Up-to-date: /home/unitree/go2slam/install/unitree_go/lib/python3.12/site-packages/unitree_go/msg/_bms_cmd_s.c
[2.371s] -- Up-to-date: /home/unitree/go2slam/install/unitree_go/lib/python3.12/site-packages/unitree_go/msg/_interface_config.py
[2.371s] -- Up-to-date: /home/unitree/go2slam/install/unitree_go/lib/python3.12/site-packages/unitree_go/msg/_req_s.c
[2.371s] -- Up-to-date: /home/unitree/go2slam/install/unitree_go/lib/python3.12/site-packages/unitree_go/msg/_uwb_state.py
[2.372s] -- Up-to-date: /home/unitree/go2slam/install/unitree_go/lib/python3.12/site-packages/unitree_go/msg/_low_cmd_s.c
[2.372s] -- Up-to-date: /home/unitree/go2slam/install/unitree_go/lib/python3.12/site-packages/unitree_go/msg/_sport_mode_cmd.py
[2.372s] -- Up-to-date: /home/unitree/go2slam/install/unitree_go/lib/python3.12/site-packages/unitree_go/msg/_sport_mode_state.py
[2.372s] -- Up-to-date: /home/unitree/go2slam/install/unitree_go/lib/python3.12/site-packages/unitree_go/msg/_height_map.py
[2.372s] -- Up-to-date: /home/unitree/go2slam/install/unitree_go/lib/python3.12/site-packages/unitree_go/msg/_motor_states_s.c
[2.373s] -- Up-to-date: /home/unitree/go2slam/install/unitree_go/lib/python3.12/site-packages/unitree_go/msg/_sport_mode_state_s.c
[2.373s] -- Up-to-date: /home/unitree/go2slam/install/unitree_go/lib/python3.12/site-packages/unitree_go/msg/_audio_data.py
[2.373s] -- Up-to-date: /home/unitree/go2slam/install/unitree_go/lib/python3.12/site-packages/unitree_go/msg/_motor_cmd.py
[2.373s] -- Up-to-date: /home/unitree/go2slam/install/unitree_go/lib/python3.12/site-packages/unitree_go/msg/_motor_state_s.c
[2.373s] -- Up-to-date: /home/unitree/go2slam/install/unitree_go/lib/python3.12/site-packages/unitree_go/msg/_error.py
[2.374s] -- Up-to-date: /home/unitree/go2slam/install/unitree_go/lib/python3.12/site-packages/unitree_go/unitree_go_s__rosidl_typesupport_fastrtps_c.so
[2.374s] -- Up-to-date: /home/unitree/go2slam/install/unitree_go/lib/python3.12/site-packages/unitree_go/unitree_go_s__rosidl_typesupport_c.so
[2.375s] -- Up-to-date: /home/unitree/go2slam/install/unitree_go/lib/python3.12/site-packages/unitree_go/_unitree_go_s.ep.rosidl_typesupport_c.c
[2.460s] Listing '/home/unitree/go2slam/install/unitree_go/lib/python3.12/site-packages/unitree_go'...
[2.461s] Listing '/home/unitree/go2slam/install/unitree_go/lib/python3.12/site-packages/unitree_go/msg'...
[2.462s] -- Up-to-date: /home/unitree/go2slam/install/unitree_go/lib/python3.12/site-packages/unitree_go/unitree_go_s__rosidl_typesupport_fastrtps_c.so
[2.462s] -- Up-to-date: /home/unitree/go2slam/install/unitree_go/lib/python3.12/site-packages/unitree_go/unitree_go_s__rosidl_typesupport_introspection_c.so
[2.462s] -- Up-to-date: /home/unitree/go2slam/install/unitree_go/lib/python3.12/site-packages/unitree_go/unitree_go_s__rosidl_typesupport_c.so
[2.463s] -- Up-to-date: /home/unitree/go2slam/install/unitree_go/lib/libunitree_go__rosidl_generator_py.so
[2.463s] -- Up-to-date: /home/unitree/go2slam/install/unitree_go/share/ament_index/resource_index/rust_packages/unitree_go
[2.464s] -- Up-to-date: /home/unitree/go2slam/install/unitree_go/share/unitree_go/rust
[2.464s] -- Up-to-date: /home/unitree/go2slam/install/unitree_go/share/unitree_go/rust/build.rs
[2.466s] -- Up-to-date: /home/unitree/go2slam/install/unitree_go/share/unitree_go/rust/src
[2.467s] -- Up-to-date: /home/unitree/go2slam/install/unitree_go/share/unitree_go/rust/src/msg
[2.467s] -- Up-to-date: /home/unitree/go2slam/install/unitree_go/share/unitree_go/rust/src/msg/rmw.rs
[2.468s] -- Up-to-date: /home/unitree/go2slam/install/unitree_go/share/unitree_go/rust/src/msg.rs
[2.468s] -- Up-to-date: /home/unitree/go2slam/install/unitree_go/share/unitree_go/rust/src/lib.rs
[2.468s] -- Up-to-date: /home/unitree/go2slam/install/unitree_go/share/unitree_go/rust/Cargo.toml
[2.468s] -- Up-to-date: /home/unitree/go2slam/install/unitree_go/share/unitree_go/msg/AudioData.idl
[2.468s] -- Up-to-date: /home/unitree/go2slam/install/unitree_go/share/unitree_go/msg/BmsCmd.idl
[2.469s] -- Up-to-date: /home/unitree/go2slam/install/unitree_go/share/unitree_go/msg/BmsState.idl
[2.470s] -- Up-to-date: /home/unitree/go2slam/install/unitree_go/share/unitree_go/msg/Error.idl
[2.470s] -- Up-to-date: /home/unitree/go2slam/install/unitree_go/share/unitree_go/msg/Go2FrontVideoData.idl
[2.470s] -- Up-to-date: /home/unitree/go2slam/install/unitree_go/share/unitree_go/msg/HeightMap.idl
[2.470s] -- Up-to-date: /home/unitree/go2slam/install/unitree_go/share/unitree_go/msg/IMUState.idl
[2.470s] -- Up-to-date: /home/unitree/go2slam/install/unitree_go/share/unitree_go/msg/InterfaceConfig.idl
[2.471s] -- Up-to-date: /home/unitree/go2slam/install/unitree_go/share/unitree_go/msg/LidarState.idl
[2.471s] -- Up-to-date: /home/unitree/go2slam/install/unitree_go/share/unitree_go/msg/LowCmd.idl
[2.471s] -- Up-to-date: /home/unitree/go2slam/install/unitree_go/share/unitree_go/msg/LowState.idl
[2.471s] -- Up-to-date: /home/unitree/go2slam/install/unitree_go/share/unitree_go/msg/MotorCmd.idl
[2.471s] -- Up-to-date: /home/unitree/go2slam/install/unitree_go/share/unitree_go/msg/MotorCmds.idl
[2.472s] -- Up-to-date: /home/unitree/go2slam/install/unitree_go/share/unitree_go/msg/MotorState.idl
[2.473s] -- Up-to-date: /home/unitree/go2slam/install/unitree_go/share/unitree_go/msg/MotorStates.idl
[2.473s] -- Up-to-date: /home/unitree/go2slam/install/unitree_go/share/unitree_go/msg/PathPoint.idl
[2.474s] -- Up-to-date: /home/unitree/go2slam/install/unitree_go/share/unitree_go/msg/Req.idl
[2.474s] -- Up-to-date: /home/unitree/go2slam/install/unitree_go/share/unitree_go/msg/Res.idl
[2.474s] -- Up-to-date: /home/unitree/go2slam/install/unitree_go/share/unitree_go/msg/SportModeCmd.idl
[2.474s] -- Up-to-date: /home/unitree/go2slam/install/unitree_go/share/unitree_go/msg/SportModeState.idl
[2.474s] -- Up-to-date: /home/unitree/go2slam/install/unitree_go/share/unitree_go/msg/TimeSpec.idl
[2.475s] -- Up-to-date: /home/unitree/go2slam/install/unitree_go/share/unitree_go/msg/UwbState.idl
[2.475s] -- Up-to-date: /home/unitree/go2slam/install/unitree_go/share/unitree_go/msg/UwbSwitch.idl
[2.477s] -- Up-to-date: /home/unitree/go2slam/install/unitree_go/share/unitree_go/msg/WirelessController.idl
[2.477s] -- Up-to-date: /home/unitree/go2slam/install/unitree_go/share/unitree_go/msg/AudioData.msg
[2.479s] -- Up-to-date: /home/unitree/go2slam/install/unitree_go/share/unitree_go/msg/BmsCmd.msg
[2.479s] -- Up-to-date: /home/unitree/go2slam/install/unitree_go/share/unitree_go/msg/BmsState.msg
[2.480s] -- Up-to-date: /home/unitree/go2slam/install/unitree_go/share/unitree_go/msg/Error.msg
[2.480s] -- Up-to-date: /home/unitree/go2slam/install/unitree_go/share/unitree_go/msg/Go2FrontVideoData.msg
[2.481s] -- Up-to-date: /home/unitree/go2slam/install/unitree_go/share/unitree_go/msg/HeightMap.msg
[2.482s] -- Up-to-date: /home/unitree/go2slam/install/unitree_go/share/unitree_go/msg/IMUState.msg
[2.483s] -- Up-to-date: /home/unitree/go2slam/install/unitree_go/share/unitree_go/msg/InterfaceConfig.msg
[2.483s] -- Up-to-date: /home/unitree/go2slam/install/unitree_go/share/unitree_go/msg/LidarState.msg
[2.483s] -- Up-to-date: /home/unitree/go2slam/install/unitree_go/share/unitree_go/msg/LowCmd.msg
[2.484s] -- Up-to-date: /home/unitree/go2slam/install/unitree_go/share/unitree_go/msg/LowState.msg
[2.485s] -- Up-to-date: /home/unitree/go2slam/install/unitree_go/share/unitree_go/msg/MotorCmd.msg
[2.485s] -- Up-to-date: /home/unitree/go2slam/install/unitree_go/share/unitree_go/msg/MotorCmds.msg
[2.486s] -- Up-to-date: /home/unitree/go2slam/install/unitree_go/share/unitree_go/msg/MotorState.msg
[2.486s] -- Up-to-date: /home/unitree/go2slam/install/unitree_go/share/unitree_go/msg/MotorStates.msg
[2.486s] -- Up-to-date: /home/unitree/go2slam/install/unitree_go/share/unitree_go/msg/PathPoint.msg
[2.487s] -- Up-to-date: /home/unitree/go2slam/install/unitree_go/share/unitree_go/msg/Req.msg
[2.487s] -- Up-to-date: /home/unitree/go2slam/install/unitree_go/share/unitree_go/msg/Res.msg
[2.487s] -- Up-to-date: /home/unitree/go2slam/install/unitree_go/share/unitree_go/msg/SportModeCmd.msg
[2.488s] -- Up-to-date: /home/unitree/go2slam/install/unitree_go/share/unitree_go/msg/SportModeState.msg
[2.489s] -- Up-to-date: /home/unitree/go2slam/install/unitree_go/share/unitree_go/msg/TimeSpec.msg
[2.490s] -- Up-to-date: /home/unitree/go2slam/install/unitree_go/share/unitree_go/msg/UwbState.msg
[2.490s] -- Up-to-date: /home/unitree/go2slam/install/unitree_go/share/unitree_go/msg/UwbSwitch.msg
[2.490s] -- Up-to-date: /home/unitree/go2slam/install/unitree_go/share/unitree_go/msg/WirelessController.msg
[2.491s] -- Up-to-date: /home/unitree/go2slam/install/unitree_go/share/unitree_go/msg/dds_connext
[2.491s] -- Up-to-date: /home/unitree/go2slam/install/unitree_go/share/unitree_go/msg/dds_connext/InterfaceConfig_.idl
[2.492s] -- Up-to-date: /home/unitree/go2slam/install/unitree_go/share/unitree_go/msg/dds_connext/WirelessController_.idl
[2.492s] -- Up-to-date: /home/unitree/go2slam/install/unitree_go/share/unitree_go/msg/dds_connext/SportModeCmd_.idl
[2.492s] -- Up-to-date: /home/unitree/go2slam/install/unitree_go/share/unitree_go/msg/dds_connext/MotorState_.idl
[2.493s] -- Up-to-date: /home/unitree/go2slam/install/unitree_go/share/unitree_go/msg/dds_connext/AudioData_.idl
[2.493s] -- Up-to-date: /home/unitree/go2slam/install/unitree_go/share/unitree_go/msg/dds_connext/MotorCmds_.idl
[2.493s] -- Up-to-date: /home/unitree/go2slam/install/unitree_go/share/unitree_go/msg/dds_connext/HeightMap_.idl
[2.494s] -- Up-to-date: /home/unitree/go2slam/install/unitree_go/share/unitree_go/msg/dds_connext/BmsState_.idl
[2.494s] -- Up-to-date: /home/unitree/go2slam/install/unitree_go/share/unitree_go/msg/dds_connext/LowState_.idl
[2.495s] -- Up-to-date: /home/unitree/go2slam/install/unitree_go/share/unitree_go/msg/dds_connext/MotorCmd_.idl
[2.495s] -- Up-to-date: /home/unitree/go2slam/install/unitree_go/share/unitree_go/msg/dds_connext/UwbState_.idl
[2.495s] -- Up-to-date: /home/unitree/go2slam/install/unitree_go/share/unitree_go/msg/dds_connext/Error_.idl
[2.495s] -- Up-to-date: /home/unitree/go2slam/install/unitree_go/share/unitree_go/msg/dds_connext/MotorStates_.idl
[2.496s] -- Up-to-date: /home/unitree/go2slam/install/unitree_go/share/unitree_go/msg/dds_connext/Res_.idl
[2.496s] -- Up-to-date: /home/unitree/go2slam/install/unitree_go/share/unitree_go/msg/dds_connext/UwbSwitch_.idl
[2.496s] -- Up-to-date: /home/unitree/go2slam/install/unitree_go/share/unitree_go/msg/dds_connext/PathPoint_.idl
[2.496s] -- Up-to-date: /home/unitree/go2slam/install/unitree_go/share/unitree_go/msg/dds_connext/TimeSpec_.idl
[2.496s] -- Up-to-date: /home/unitree/go2slam/install/unitree_go/share/unitree_go/msg/dds_connext/LowCmd_.idl
[2.497s] -- Up-to-date: /home/unitree/go2slam/install/unitree_go/share/unitree_go/msg/dds_connext/SportModeState_.idl
[2.497s] -- Up-to-date: /home/unitree/go2slam/install/unitree_go/share/unitree_go/msg/dds_connext/LidarState_.idl
[2.497s] -- Up-to-date: /home/unitree/go2slam/install/unitree_go/share/unitree_go/msg/dds_connext/IMUState_.idl
[2.497s] -- Up-to-date: /home/unitree/go2slam/install/unitree_go/share/unitree_go/msg/dds_connext/Req_.idl
[2.497s] -- Up-to-date: /home/unitree/go2slam/install/unitree_go/share/unitree_go/msg/dds_connext/Go2FrontVideoData_.idl
[2.497s] -- Up-to-date: /home/unitree/go2slam/install/unitree_go/share/unitree_go/msg/dds_connext/BmsCmd_.idl
[2.498s] -- Up-to-date: /home/unitree/go2slam/install/unitree_go/share/ament_index/resource_index/package_run_dependencies/unitree_go
[2.498s] -- Up-to-date: /home/unitree/go2slam/install/unitree_go/share/ament_index/resource_index/parent_prefix_path/unitree_go
[2.498s] -- Up-to-date: /home/unitree/go2slam/install/unitree_go/share/unitree_go/environment/ament_prefix_path.sh
[2.498s] -- Up-to-date: /home/unitree/go2slam/install/unitree_go/share/unitree_go/environment/ament_prefix_path.dsv
[2.498s] -- Up-to-date: /home/unitree/go2slam/install/unitree_go/share/unitree_go/environment/path.sh
[2.499s] -- Up-to-date: /home/unitree/go2slam/install/unitree_go/share/unitree_go/environment/path.dsv
[2.499s] -- Up-to-date: /home/unitree/go2slam/install/unitree_go/share/unitree_go/local_setup.bash
[2.499s] -- Up-to-date: /home/unitree/go2slam/install/unitree_go/share/unitree_go/local_setup.sh
[2.499s] -- Up-to-date: /home/unitree/go2slam/install/unitree_go/share/unitree_go/local_setup.zsh
[2.500s] -- Up-to-date: /home/unitree/go2slam/install/unitree_go/share/unitree_go/local_setup.dsv
[2.500s] -- Installing: /home/unitree/go2slam/install/unitree_go/share/unitree_go/package.dsv
[2.500s] -- Up-to-date: /home/unitree/go2slam/install/unitree_go/share/ament_index/resource_index/packages/unitree_go
[2.501s] -- Up-to-date: /home/unitree/go2slam/install/unitree_go/share/unitree_go/cmake/export_unitree_go__rosidl_generator_cExport.cmake
[2.501s] -- Up-to-date: /home/unitree/go2slam/install/unitree_go/share/unitree_go/cmake/export_unitree_go__rosidl_generator_cExport-noconfig.cmake
[2.501s] -- Up-to-date: /home/unitree/go2slam/install/unitree_go/share/unitree_go/cmake/export_unitree_go__rosidl_typesupport_fastrtps_cExport.cmake
[2.502s] -- Up-to-date: /home/unitree/go2slam/install/unitree_go/share/unitree_go/cmake/export_unitree_go__rosidl_typesupport_fastrtps_cExport-noconfig.cmake
[2.502s] -- Up-to-date: /home/unitree/go2slam/install/unitree_go/share/unitree_go/cmake/export_unitree_go__rosidl_generator_cppExport.cmake
[2.502s] -- Up-to-date: /home/unitree/go2slam/install/unitree_go/share/unitree_go/cmake/export_unitree_go__rosidl_typesupport_fastrtps_cppExport.cmake
[2.503s] -- Up-to-date: /home/unitree/go2slam/install/unitree_go/share/unitree_go/cmake/export_unitree_go__rosidl_typesupport_fastrtps_cppExport-noconfig.cmake
[2.503s] -- Up-to-date: /home/unitree/go2slam/install/unitree_go/share/unitree_go/cmake/unitree_go__rosidl_typesupport_introspection_cExport.cmake
[2.503s] -- Up-to-date: /home/unitree/go2slam/install/unitree_go/share/unitree_go/cmake/unitree_go__rosidl_typesupport_introspection_cExport-noconfig.cmake
[2.504s] -- Up-to-date: /home/unitree/go2slam/install/unitree_go/share/unitree_go/cmake/unitree_go__rosidl_typesupport_cExport.cmake
[2.504s] -- Up-to-date: /home/unitree/go2slam/install/unitree_go/share/unitree_go/cmake/unitree_go__rosidl_typesupport_cExport-noconfig.cmake
[2.504s] -- Up-to-date: /home/unitree/go2slam/install/unitree_go/share/unitree_go/cmake/unitree_go__rosidl_typesupport_introspection_cppExport.cmake
[2.505s] -- Up-to-date: /home/unitree/go2slam/install/unitree_go/share/unitree_go/cmake/unitree_go__rosidl_typesupport_introspection_cppExport-noconfig.cmake
[2.505s] -- Up-to-date: /home/unitree/go2slam/install/unitree_go/share/unitree_go/cmake/unitree_go__rosidl_typesupport_cppExport.cmake
[2.505s] -- Up-to-date: /home/unitree/go2slam/install/unitree_go/share/unitree_go/cmake/unitree_go__rosidl_typesupport_cppExport-noconfig.cmake
[2.506s] -- Up-to-date: /home/unitree/go2slam/install/unitree_go/share/unitree_go/cmake/export_unitree_go__rosidl_generator_pyExport.cmake
[2.506s] -- Up-to-date: /home/unitree/go2slam/install/unitree_go/share/unitree_go/cmake/export_unitree_go__rosidl_generator_pyExport-noconfig.cmake
[2.506s] -- Up-to-date: /home/unitree/go2slam/install/unitree_go/share/unitree_go/cmake/rosidl_cmake-extras.cmake
[2.506s] -- Up-to-date: /home/unitree/go2slam/install/unitree_go/share/unitree_go/cmake/ament_cmake_export_dependencies-extras.cmake
[2.507s] -- Up-to-date: /home/unitree/go2slam/install/unitree_go/share/unitree_go/cmake/ament_cmake_export_include_directories-extras.cmake
[2.508s] -- Up-to-date: /home/unitree/go2slam/install/unitree_go/share/unitree_go/cmake/ament_cmake_export_libraries-extras.cmake
[2.509s] -- Up-to-date: /home/unitree/go2slam/install/unitree_go/share/unitree_go/cmake/ament_cmake_export_targets-extras.cmake
[2.509s] -- Up-to-date: /home/unitree/go2slam/install/unitree_go/share/unitree_go/cmake/rosidl_cmake_export_typesupport_targets-extras.cmake
[2.510s] -- Up-to-date: /home/unitree/go2slam/install/unitree_go/share/unitree_go/cmake/rosidl_cmake_export_typesupport_libraries-extras.cmake
[2.510s] -- Up-to-date: /home/unitree/go2slam/install/unitree_go/share/unitree_go/cmake/unitree_goConfig.cmake
[2.511s] -- Up-to-date: /home/unitree/go2slam/install/unitree_go/share/unitree_go/cmake/unitree_goConfig-version.cmake
[2.511s] -- Up-to-date: /home/unitree/go2slam/install/unitree_go/share/unitree_go/package.xml
[2.515s] Invoked command in '/home/unitree/go2slam/build/unitree_go' returned '0': CMAKE_PREFIX_PATH=${CMAKE_PREFIX_PATH}:/opt/ros/jazzy /usr/bin/cmake --install /home/unitree/go2slam/build/unitree_go
