[0.049s] Invoking command in '/home/unitree/go2slam/build/unitree_go': CMAKE_PREFIX_PATH=${CMAKE_PREFIX_PATH}:/opt/ros/jazzy /usr/bin/cmake --build /home/unitree/go2slam/build/unitree_go -- -j6 -l6
[0.537s] [  0%] Built target unitree_go__rosidl_generator_type_description
[0.538s] [  0%] Built target unitree_go__rs
[0.539s] [  0%] Built target unitree_go__dds_connext_idl
[0.564s] [  0%] Built target ament_cmake_python_copy_unitree_go
[0.696s] [  0%] Built target unitree_go__cpp
[0.766s] [ 27%] Built target unitree_go__rosidl_generator_c
[1.063s] [ 37%] Built target unitree_go__rosidl_typesupport_fastrtps_cpp
[1.072s] [ 46%] Built target unitree_go__rosidl_typesupport_c
[1.090s] [ 56%] Built target unitree_go__rosidl_typesupport_introspection_c
[1.095s] [ 66%] Built target unitree_go__rosidl_typesupport_introspection_cpp
[1.148s] [ 76%] Built target unitree_go__rosidl_typesupport_fastrtps_c
[1.369s] [ 86%] Built target unitree_go__rosidl_typesupport_cpp
[1.493s] [ 86%] Built target unitree_go
[1.716s] [ 87%] Built target unitree_go__py
[1.760s] running egg_info
[1.840s] writing unitree_go.egg-info/PKG-INFO
[1.845s] writing dependency_links to unitree_go.egg-info/dependency_links.txt
[1.848s] writing top-level names to unitree_go.egg-info/top_level.txt
[1.980s] [ 97%] Built target unitree_go__rosidl_generator_py
[2.084s] [ 98%] Built target unitree_go_s__rosidl_typesupport_fastrtps_c
[2.099s] reading manifest file 'unitree_go.egg-info/SOURCES.txt'
[2.101s] writing manifest file 'unitree_go.egg-info/SOURCES.txt'
[2.107s] [ 99%] Built target unitree_go_s__rosidl_typesupport_c
[2.118s] [100%] Built target unitree_go_s__rosidl_typesupport_introspection_c
[2.244s] [100%] Built target ament_cmake_python_build_unitree_go_egg
[2.299s] Invoked command in '/home/unitree/go2slam/build/unitree_go' returned '0': CMAKE_PREFIX_PATH=${CMAKE_PREFIX_PATH}:/opt/ros/jazzy /usr/bin/cmake --build /home/unitree/go2slam/build/unitree_go -- -j6 -l6
[2.299s] Invoking command in '/home/unitree/go2slam/build/unitree_go': CMAKE_PREFIX_PATH=${CMAKE_PREFIX_PATH}:/opt/ros/jazzy /usr/bin/cmake --install /home/unitree/go2slam/build/unitree_go
[2.344s] -- Install configuration: ""
[2.345s] -- Installing: /home/unitree/go2slam/install/unitree_go/share/ament_index/resource_index/rosidl_interfaces/unitree_go
[2.345s] -- Installing: /home/unitree/go2slam/install/unitree_go/share/unitree_go/msg/AudioData.json
[2.346s] -- Installing: /home/unitree/go2slam/install/unitree_go/share/unitree_go/msg/BmsCmd.json
[2.346s] -- Installing: /home/unitree/go2slam/install/unitree_go/share/unitree_go/msg/BmsState.json
[2.347s] -- Installing: /home/unitree/go2slam/install/unitree_go/share/unitree_go/msg/Error.json
[2.347s] -- Installing: /home/unitree/go2slam/install/unitree_go/share/unitree_go/msg/Go2FrontVideoData.json
[2.348s] -- Installing: /home/unitree/go2slam/install/unitree_go/share/unitree_go/msg/HeightMap.json
[2.348s] -- Installing: /home/unitree/go2slam/install/unitree_go/share/unitree_go/msg/IMUState.json
[2.349s] -- Installing: /home/unitree/go2slam/install/unitree_go/share/unitree_go/msg/InterfaceConfig.json
[2.349s] -- Installing: /home/unitree/go2slam/install/unitree_go/share/unitree_go/msg/LidarState.json
[2.350s] -- Installing: /home/unitree/go2slam/install/unitree_go/share/unitree_go/msg/LowCmd.json
[2.350s] -- Installing: /home/unitree/go2slam/install/unitree_go/share/unitree_go/msg/LowState.json
[2.351s] -- Installing: /home/unitree/go2slam/install/unitree_go/share/unitree_go/msg/MotorCmd.json
[2.351s] -- Installing: /home/unitree/go2slam/install/unitree_go/share/unitree_go/msg/MotorCmds.json
[2.352s] -- Installing: /home/unitree/go2slam/install/unitree_go/share/unitree_go/msg/MotorState.json
[2.352s] -- Installing: /home/unitree/go2slam/install/unitree_go/share/unitree_go/msg/MotorStates.json
[2.353s] -- Installing: /home/unitree/go2slam/install/unitree_go/share/unitree_go/msg/PathPoint.json
[2.353s] -- Installing: /home/unitree/go2slam/install/unitree_go/share/unitree_go/msg/Req.json
[2.354s] -- Installing: /home/unitree/go2slam/install/unitree_go/share/unitree_go/msg/Res.json
[2.354s] -- Installing: /home/unitree/go2slam/install/unitree_go/share/unitree_go/msg/SportModeCmd.json
[2.355s] -- Installing: /home/unitree/go2slam/install/unitree_go/share/unitree_go/msg/SportModeState.json
[2.355s] -- Installing: /home/unitree/go2slam/install/unitree_go/share/unitree_go/msg/TimeSpec.json
[2.356s] -- Installing: /home/unitree/go2slam/install/unitree_go/share/unitree_go/msg/UwbState.json
[2.356s] -- Installing: /home/unitree/go2slam/install/unitree_go/share/unitree_go/msg/UwbSwitch.json
[2.356s] -- Installing: /home/unitree/go2slam/install/unitree_go/share/unitree_go/msg/WirelessController.json
[2.357s] -- Installing: /home/unitree/go2slam/install/unitree_go/include/unitree_go/unitree_go
[2.357s] -- Installing: /home/unitree/go2slam/install/unitree_go/include/unitree_go/unitree_go/msg
[2.358s] -- Installing: /home/unitree/go2slam/install/unitree_go/include/unitree_go/unitree_go/msg/sport_mode_cmd.h
[2.358s] -- Installing: /home/unitree/go2slam/install/unitree_go/include/unitree_go/unitree_go/msg/path_point.h
[2.359s] -- Installing: /home/unitree/go2slam/install/unitree_go/include/unitree_go/unitree_go/msg/lidar_state.h
[2.359s] -- Installing: /home/unitree/go2slam/install/unitree_go/include/unitree_go/unitree_go/msg/time_spec.h
[2.360s] -- Installing: /home/unitree/go2slam/install/unitree_go/include/unitree_go/unitree_go/msg/low_cmd.h
[2.360s] -- Installing: /home/unitree/go2slam/install/unitree_go/include/unitree_go/unitree_go/msg/interface_config.h
[2.361s] -- Installing: /home/unitree/go2slam/install/unitree_go/include/unitree_go/unitree_go/msg/bms_state.h
[2.361s] -- Installing: /home/unitree/go2slam/install/unitree_go/include/unitree_go/unitree_go/msg/rosidl_generator_c__visibility_control.h
[2.361s] -- Installing: /home/unitree/go2slam/install/unitree_go/include/unitree_go/unitree_go/msg/req.h
[2.362s] -- Installing: /home/unitree/go2slam/install/unitree_go/include/unitree_go/unitree_go/msg/audio_data.h
[2.362s] -- Installing: /home/unitree/go2slam/install/unitree_go/include/unitree_go/unitree_go/msg/motor_cmd.h
[2.363s] -- Installing: /home/unitree/go2slam/install/unitree_go/include/unitree_go/unitree_go/msg/motor_states.h
[2.363s] -- Installing: /home/unitree/go2slam/install/unitree_go/include/unitree_go/unitree_go/msg/detail
[2.364s] -- Installing: /home/unitree/go2slam/install/unitree_go/include/unitree_go/unitree_go/msg/detail/height_map__struct.h
[2.364s] -- Installing: /home/unitree/go2slam/install/unitree_go/include/unitree_go/unitree_go/msg/detail/motor_cmd__functions.c
[2.364s] -- Installing: /home/unitree/go2slam/install/unitree_go/include/unitree_go/unitree_go/msg/detail/imu_state__functions.c
[2.365s] -- Installing: /home/unitree/go2slam/install/unitree_go/include/unitree_go/unitree_go/msg/detail/motor_cmds__description.c
[2.365s] -- Installing: /home/unitree/go2slam/install/unitree_go/include/unitree_go/unitree_go/msg/detail/res__functions.h
[2.375s] -- Installing: /home/unitree/go2slam/install/unitree_go/include/unitree_go/unitree_go/msg/detail/sport_mode_cmd__type_support.c
[2.376s] -- Installing: /home/unitree/go2slam/install/unitree_go/include/unitree_go/unitree_go/msg/detail/go2_front_video_data__type_support.c
[2.378s] -- Installing: /home/unitree/go2slam/install/unitree_go/include/unitree_go/unitree_go/msg/detail/bms_cmd__type_support.c
[2.380s] -- Installing: /home/unitree/go2slam/install/unitree_go/include/unitree_go/unitree_go/msg/detail/bms_cmd__struct.h
[2.380s] -- Installing: /home/unitree/go2slam/install/unitree_go/include/unitree_go/unitree_go/msg/detail/audio_data__functions.h
[2.381s] -- Installing: /home/unitree/go2slam/install/unitree_go/include/unitree_go/unitree_go/msg/detail/go2_front_video_data__description.c
[2.381s] -- Installing: /home/unitree/go2slam/install/unitree_go/include/unitree_go/unitree_go/msg/detail/motor_states__type_support.h
[2.382s] -- Installing: /home/unitree/go2slam/install/unitree_go/include/unitree_go/unitree_go/msg/detail/imu_state__description.c
[2.382s] -- Installing: /home/unitree/go2slam/install/unitree_go/include/unitree_go/unitree_go/msg/detail/motor_cmds__type_support.h
[2.382s] -- Installing: /home/unitree/go2slam/install/unitree_go/include/unitree_go/unitree_go/msg/detail/lidar_state__type_support.h
[2.382s] -- Installing: /home/unitree/go2slam/install/unitree_go/include/unitree_go/unitree_go/msg/detail/time_spec__type_support.h
[2.382s] -- Installing: /home/unitree/go2slam/install/unitree_go/include/unitree_go/unitree_go/msg/detail/motor_cmds__type_support.c
[2.383s] -- Installing: /home/unitree/go2slam/install/unitree_go/include/unitree_go/unitree_go/msg/detail/sport_mode_cmd__description.c
[2.383s] -- Installing: /home/unitree/go2slam/install/unitree_go/include/unitree_go/unitree_go/msg/detail/low_state__type_support.c
[2.383s] -- Installing: /home/unitree/go2slam/install/unitree_go/include/unitree_go/unitree_go/msg/detail/go2_front_video_data__type_support.h
[2.386s] -- Installing: /home/unitree/go2slam/install/unitree_go/include/unitree_go/unitree_go/msg/detail/error__type_support.h
[2.388s] -- Installing: /home/unitree/go2slam/install/unitree_go/include/unitree_go/unitree_go/msg/detail/req__functions.c
[2.389s] -- Installing: /home/unitree/go2slam/install/unitree_go/include/unitree_go/unitree_go/msg/detail/interface_config__type_support.c
[2.389s] -- Installing: /home/unitree/go2slam/install/unitree_go/include/unitree_go/unitree_go/msg/detail/interface_config__type_support.h
[2.390s] -- Installing: /home/unitree/go2slam/install/unitree_go/include/unitree_go/unitree_go/msg/detail/imu_state__type_support.c
[2.390s] -- Installing: /home/unitree/go2slam/install/unitree_go/include/unitree_go/unitree_go/msg/detail/wireless_controller__functions.h
[2.390s] -- Installing: /home/unitree/go2slam/install/unitree_go/include/unitree_go/unitree_go/msg/detail/low_state__struct.h
[2.390s] -- Installing: /home/unitree/go2slam/install/unitree_go/include/unitree_go/unitree_go/msg/detail/res__description.c
[2.391s] -- Installing: /home/unitree/go2slam/install/unitree_go/include/unitree_go/unitree_go/msg/detail/go2_front_video_data__struct.h
[2.391s] -- Installing: /home/unitree/go2slam/install/unitree_go/include/unitree_go/unitree_go/msg/detail/req__type_support.c
[2.391s] -- Installing: /home/unitree/go2slam/install/unitree_go/include/unitree_go/unitree_go/msg/detail/interface_config__description.c
[2.392s] -- Installing: /home/unitree/go2slam/install/unitree_go/include/unitree_go/unitree_go/msg/detail/low_state__type_support.h
[2.392s] -- Installing: /home/unitree/go2slam/install/unitree_go/include/unitree_go/unitree_go/msg/detail/low_state__description.c
[2.392s] -- Installing: /home/unitree/go2slam/install/unitree_go/include/unitree_go/unitree_go/msg/detail/lidar_state__functions.c
[2.392s] -- Installing: /home/unitree/go2slam/install/unitree_go/include/unitree_go/unitree_go/msg/detail/time_spec__type_support.c
[2.392s] -- Installing: /home/unitree/go2slam/install/unitree_go/include/unitree_go/unitree_go/msg/detail/lidar_state__type_support.c
[2.393s] -- Installing: /home/unitree/go2slam/install/unitree_go/include/unitree_go/unitree_go/msg/detail/motor_cmds__struct.h
[2.393s] -- Installing: /home/unitree/go2slam/install/unitree_go/include/unitree_go/unitree_go/msg/detail/height_map__type_support.h
[2.393s] -- Installing: /home/unitree/go2slam/install/unitree_go/include/unitree_go/unitree_go/msg/detail/time_spec__description.c
[2.393s] -- Installing: /home/unitree/go2slam/install/unitree_go/include/unitree_go/unitree_go/msg/detail/path_point__description.c
[2.393s] -- Installing: /home/unitree/go2slam/install/unitree_go/include/unitree_go/unitree_go/msg/detail/motor_state__description.c
[2.394s] -- Installing: /home/unitree/go2slam/install/unitree_go/include/unitree_go/unitree_go/msg/detail/uwb_switch__functions.c
[2.394s] -- Installing: /home/unitree/go2slam/install/unitree_go/include/unitree_go/unitree_go/msg/detail/audio_data__description.c
[2.394s] -- Installing: /home/unitree/go2slam/install/unitree_go/include/unitree_go/unitree_go/msg/detail/low_cmd__description.c
[2.395s] -- Installing: /home/unitree/go2slam/install/unitree_go/include/unitree_go/unitree_go/msg/detail/path_point__type_support.c
[2.396s] -- Installing: /home/unitree/go2slam/install/unitree_go/include/unitree_go/unitree_go/msg/detail/motor_states__functions.c
[2.396s] -- Installing: /home/unitree/go2slam/install/unitree_go/include/unitree_go/unitree_go/msg/detail/low_cmd__type_support.c
[2.396s] -- Installing: /home/unitree/go2slam/install/unitree_go/include/unitree_go/unitree_go/msg/detail/sport_mode_state__type_support.c
[2.396s] -- Installing: /home/unitree/go2slam/install/unitree_go/include/unitree_go/unitree_go/msg/detail/interface_config__functions.c
[2.397s] -- Installing: /home/unitree/go2slam/install/unitree_go/include/unitree_go/unitree_go/msg/detail/motor_state__struct.h
[2.397s] -- Installing: /home/unitree/go2slam/install/unitree_go/include/unitree_go/unitree_go/msg/detail/low_cmd__type_support.h
[2.397s] -- Installing: /home/unitree/go2slam/install/unitree_go/include/unitree_go/unitree_go/msg/detail/motor_cmds__functions.c
[2.397s] -- Installing: /home/unitree/go2slam/install/unitree_go/include/unitree_go/unitree_go/msg/detail/audio_data__functions.c
[2.397s] -- Installing: /home/unitree/go2slam/install/unitree_go/include/unitree_go/unitree_go/msg/detail/wireless_controller__description.c
[2.398s] -- Installing: /home/unitree/go2slam/install/unitree_go/include/unitree_go/unitree_go/msg/detail/go2_front_video_data__functions.c
[2.398s] -- Installing: /home/unitree/go2slam/install/unitree_go/include/unitree_go/unitree_go/msg/detail/path_point__functions.h
[2.398s] -- Installing: /home/unitree/go2slam/install/unitree_go/include/unitree_go/unitree_go/msg/detail/wireless_controller__struct.h
[2.398s] -- Installing: /home/unitree/go2slam/install/unitree_go/include/unitree_go/unitree_go/msg/detail/height_map__functions.c
[2.399s] -- Installing: /home/unitree/go2slam/install/unitree_go/include/unitree_go/unitree_go/msg/detail/uwb_state__functions.h
[2.399s] -- Installing: /home/unitree/go2slam/install/unitree_go/include/unitree_go/unitree_go/msg/detail/time_spec__struct.h
[2.399s] -- Installing: /home/unitree/go2slam/install/unitree_go/include/unitree_go/unitree_go/msg/detail/uwb_state__functions.c
[2.400s] -- Installing: /home/unitree/go2slam/install/unitree_go/include/unitree_go/unitree_go/msg/detail/path_point__struct.h
[2.400s] -- Installing: /home/unitree/go2slam/install/unitree_go/include/unitree_go/unitree_go/msg/detail/motor_cmds__functions.h
[2.400s] -- Installing: /home/unitree/go2slam/install/unitree_go/include/unitree_go/unitree_go/msg/detail/bms_cmd__type_support.h
[2.401s] -- Installing: /home/unitree/go2slam/install/unitree_go/include/unitree_go/unitree_go/msg/detail/audio_data__type_support.c
[2.401s] -- Installing: /home/unitree/go2slam/install/unitree_go/include/unitree_go/unitree_go/msg/detail/wireless_controller__type_support.c
[2.401s] -- Installing: /home/unitree/go2slam/install/unitree_go/include/unitree_go/unitree_go/msg/detail/motor_cmd__type_support.h
[2.402s] -- Installing: /home/unitree/go2slam/install/unitree_go/include/unitree_go/unitree_go/msg/detail/sport_mode_cmd__type_support.h
[2.402s] -- Installing: /home/unitree/go2slam/install/unitree_go/include/unitree_go/unitree_go/msg/detail/uwb_state__description.c
[2.403s] -- Installing: /home/unitree/go2slam/install/unitree_go/include/unitree_go/unitree_go/msg/detail/uwb_switch__functions.h
[2.403s] -- Installing: /home/unitree/go2slam/install/unitree_go/include/unitree_go/unitree_go/msg/detail/go2_front_video_data__functions.h
[2.403s] -- Installing: /home/unitree/go2slam/install/unitree_go/include/unitree_go/unitree_go/msg/detail/uwb_state__type_support.c
[2.404s] -- Installing: /home/unitree/go2slam/install/unitree_go/include/unitree_go/unitree_go/msg/detail/motor_cmd__description.c
[2.404s] -- Installing: /home/unitree/go2slam/install/unitree_go/include/unitree_go/unitree_go/msg/detail/bms_cmd__functions.h
[2.404s] -- Installing: /home/unitree/go2slam/install/unitree_go/include/unitree_go/unitree_go/msg/detail/uwb_switch__type_support.h
[2.405s] -- Installing: /home/unitree/go2slam/install/unitree_go/include/unitree_go/unitree_go/msg/detail/bms_state__functions.c
[2.407s] -- Installing: /home/unitree/go2slam/install/unitree_go/include/unitree_go/unitree_go/msg/detail/error__description.c
[2.408s] -- Installing: /home/unitree/go2slam/install/unitree_go/include/unitree_go/unitree_go/msg/detail/motor_state__functions.h
[2.409s] -- Installing: /home/unitree/go2slam/install/unitree_go/include/unitree_go/unitree_go/msg/detail/sport_mode_cmd__functions.h
[2.409s] -- Installing: /home/unitree/go2slam/install/unitree_go/include/unitree_go/unitree_go/msg/detail/low_state__functions.c
[2.409s] -- Installing: /home/unitree/go2slam/install/unitree_go/include/unitree_go/unitree_go/msg/detail/bms_state__description.c
[2.410s] -- Installing: /home/unitree/go2slam/install/unitree_go/include/unitree_go/unitree_go/msg/detail/lidar_state__struct.h
[2.410s] -- Installing: /home/unitree/go2slam/install/unitree_go/include/unitree_go/unitree_go/msg/detail/imu_state__type_support.h
[2.410s] -- Installing: /home/unitree/go2slam/install/unitree_go/include/unitree_go/unitree_go/msg/detail/motor_states__description.c
[2.410s] -- Installing: /home/unitree/go2slam/install/unitree_go/include/unitree_go/unitree_go/msg/detail/sport_mode_state__type_support.h
[2.410s] -- Installing: /home/unitree/go2slam/install/unitree_go/include/unitree_go/unitree_go/msg/detail/sport_mode_state__description.c
[2.411s] -- Installing: /home/unitree/go2slam/install/unitree_go/include/unitree_go/unitree_go/msg/detail/low_cmd__functions.h
[2.411s] -- Installing: /home/unitree/go2slam/install/unitree_go/include/unitree_go/unitree_go/msg/detail/motor_cmd__functions.h
[2.415s] -- Installing: /home/unitree/go2slam/install/unitree_go/include/unitree_go/unitree_go/msg/detail/res__type_support.h
[2.416s] -- Installing: /home/unitree/go2slam/install/unitree_go/include/unitree_go/unitree_go/msg/detail/req__type_support.h
[2.416s] -- Installing: /home/unitree/go2slam/install/unitree_go/include/unitree_go/unitree_go/msg/detail/time_spec__functions.h
[2.416s] -- Installing: /home/unitree/go2slam/install/unitree_go/include/unitree_go/unitree_go/msg/detail/sport_mode_cmd__functions.c
[2.416s] -- Installing: /home/unitree/go2slam/install/unitree_go/include/unitree_go/unitree_go/msg/detail/motor_state__type_support.c
[2.416s] -- Installing: /home/unitree/go2slam/install/unitree_go/include/unitree_go/unitree_go/msg/detail/bms_state__struct.h
[2.416s] -- Installing: /home/unitree/go2slam/install/unitree_go/include/unitree_go/unitree_go/msg/detail/bms_state__type_support.h
[2.417s] -- Installing: /home/unitree/go2slam/install/unitree_go/include/unitree_go/unitree_go/msg/detail/lidar_state__description.c
[2.428s] -- Installing: /home/unitree/go2slam/install/unitree_go/include/unitree_go/unitree_go/msg/detail/uwb_switch__struct.h
[2.429s] -- Installing: /home/unitree/go2slam/install/unitree_go/include/unitree_go/unitree_go/msg/detail/path_point__functions.c
[2.429s] -- Installing: /home/unitree/go2slam/install/unitree_go/include/unitree_go/unitree_go/msg/detail/error__type_support.c
[2.430s] -- Installing: /home/unitree/go2slam/install/unitree_go/include/unitree_go/unitree_go/msg/detail/bms_cmd__description.c
[2.430s] -- Installing: /home/unitree/go2slam/install/unitree_go/include/unitree_go/unitree_go/msg/detail/height_map__description.c
[2.431s] -- Installing: /home/unitree/go2slam/install/unitree_go/include/unitree_go/unitree_go/msg/detail/sport_mode_state__functions.c
[2.431s] -- Installing: /home/unitree/go2slam/install/unitree_go/include/unitree_go/unitree_go/msg/detail/req__functions.h
[2.431s] -- Installing: /home/unitree/go2slam/install/unitree_go/include/unitree_go/unitree_go/msg/detail/wireless_controller__type_support.h
[2.432s] -- Installing: /home/unitree/go2slam/install/unitree_go/include/unitree_go/unitree_go/msg/detail/motor_cmd__type_support.c
[2.436s] -- Installing: /home/unitree/go2slam/install/unitree_go/include/unitree_go/unitree_go/msg/detail/lidar_state__functions.h
[2.436s] -- Installing: /home/unitree/go2slam/install/unitree_go/include/unitree_go/unitree_go/msg/detail/time_spec__functions.c
[2.436s] -- Installing: /home/unitree/go2slam/install/unitree_go/include/unitree_go/unitree_go/msg/detail/bms_state__functions.h
[2.437s] -- Installing: /home/unitree/go2slam/install/unitree_go/include/unitree_go/unitree_go/msg/detail/res__struct.h
[2.438s] -- Installing: /home/unitree/go2slam/install/unitree_go/include/unitree_go/unitree_go/msg/detail/motor_states__type_support.c
[2.439s] -- Installing: /home/unitree/go2slam/install/unitree_go/include/unitree_go/unitree_go/msg/detail/error__functions.h
[2.442s] -- Installing: /home/unitree/go2slam/install/unitree_go/include/unitree_go/unitree_go/msg/detail/bms_state__type_support.c
[2.445s] -- Installing: /home/unitree/go2slam/install/unitree_go/include/unitree_go/unitree_go/msg/detail/motor_states__struct.h
[2.447s] -- Installing: /home/unitree/go2slam/install/unitree_go/include/unitree_go/unitree_go/msg/detail/error__struct.h
[2.447s] -- Installing: /home/unitree/go2slam/install/unitree_go/include/unitree_go/unitree_go/msg/detail/req__struct.h
[2.448s] -- Installing: /home/unitree/go2slam/install/unitree_go/include/unitree_go/unitree_go/msg/detail/req__description.c
[2.449s] -- Installing: /home/unitree/go2slam/install/unitree_go/include/unitree_go/unitree_go/msg/detail/sport_mode_state__struct.h
[2.451s] -- Installing: /home/unitree/go2slam/install/unitree_go/include/unitree_go/unitree_go/msg/detail/low_cmd__struct.h
[2.451s] -- Installing: /home/unitree/go2slam/install/unitree_go/include/unitree_go/unitree_go/msg/detail/interface_config__functions.h
[2.451s] -- Installing: /home/unitree/go2slam/install/unitree_go/include/unitree_go/unitree_go/msg/detail/imu_state__functions.h
[2.452s] -- Installing: /home/unitree/go2slam/install/unitree_go/include/unitree_go/unitree_go/msg/detail/audio_data__type_support.h
[2.452s] -- Installing: /home/unitree/go2slam/install/unitree_go/include/unitree_go/unitree_go/msg/detail/uwb_switch__description.c
[2.456s] -- Installing: /home/unitree/go2slam/install/unitree_go/include/unitree_go/unitree_go/msg/detail/sport_mode_state__functions.h
[2.457s] -- Installing: /home/unitree/go2slam/install/unitree_go/include/unitree_go/unitree_go/msg/detail/bms_cmd__functions.c
[2.458s] -- Installing: /home/unitree/go2slam/install/unitree_go/include/unitree_go/unitree_go/msg/detail/uwb_state__type_support.h
[2.460s] -- Installing: /home/unitree/go2slam/install/unitree_go/include/unitree_go/unitree_go/msg/detail/path_point__type_support.h
[2.461s] -- Installing: /home/unitree/go2slam/install/unitree_go/include/unitree_go/unitree_go/msg/detail/motor_states__functions.h
[2.464s] -- Installing: /home/unitree/go2slam/install/unitree_go/include/unitree_go/unitree_go/msg/detail/height_map__type_support.c
[2.465s] -- Installing: /home/unitree/go2slam/install/unitree_go/include/unitree_go/unitree_go/msg/detail/low_cmd__functions.c
[2.467s] -- Installing: /home/unitree/go2slam/install/unitree_go/include/unitree_go/unitree_go/msg/detail/res__functions.c
[2.469s] -- Installing: /home/unitree/go2slam/install/unitree_go/include/unitree_go/unitree_go/msg/detail/imu_state__struct.h
[2.470s] -- Installing: /home/unitree/go2slam/install/unitree_go/include/unitree_go/unitree_go/msg/detail/uwb_switch__type_support.c
[2.472s] -- Installing: /home/unitree/go2slam/install/unitree_go/include/unitree_go/unitree_go/msg/detail/motor_state__functions.c
[2.473s] -- Installing: /home/unitree/go2slam/install/unitree_go/include/unitree_go/unitree_go/msg/detail/height_map__functions.h
[2.475s] -- Installing: /home/unitree/go2slam/install/unitree_go/include/unitree_go/unitree_go/msg/detail/sport_mode_cmd__struct.h
[2.477s] -- Installing: /home/unitree/go2slam/install/unitree_go/include/unitree_go/unitree_go/msg/detail/wireless_controller__functions.c
[2.478s] -- Installing: /home/unitree/go2slam/install/unitree_go/include/unitree_go/unitree_go/msg/detail/uwb_state__struct.h
[2.480s] -- Installing: /home/unitree/go2slam/install/unitree_go/include/unitree_go/unitree_go/msg/detail/audio_data__struct.h
[2.481s] -- Installing: /home/unitree/go2slam/install/unitree_go/include/unitree_go/unitree_go/msg/detail/low_state__functions.h
[2.482s] -- Installing: /home/unitree/go2slam/install/unitree_go/include/unitree_go/unitree_go/msg/detail/res__type_support.c
[2.492s] -- Installing: /home/unitree/go2slam/install/unitree_go/include/unitree_go/unitree_go/msg/detail/motor_state__type_support.h
[2.492s] -- Installing: /home/unitree/go2slam/install/unitree_go/include/unitree_go/unitree_go/msg/detail/motor_cmd__struct.h
[2.492s] -- Installing: /home/unitree/go2slam/install/unitree_go/include/unitree_go/unitree_go/msg/detail/interface_config__struct.h
[2.492s] -- Installing: /home/unitree/go2slam/install/unitree_go/include/unitree_go/unitree_go/msg/detail/error__functions.c
[2.493s] -- Installing: /home/unitree/go2slam/install/unitree_go/include/unitree_go/unitree_go/msg/motor_cmds.h
[2.493s] -- Installing: /home/unitree/go2slam/install/unitree_go/include/unitree_go/unitree_go/msg/low_state.h
[2.493s] -- Installing: /home/unitree/go2slam/install/unitree_go/include/unitree_go/unitree_go/msg/uwb_state.h
[2.502s] -- Installing: /home/unitree/go2slam/install/unitree_go/include/unitree_go/unitree_go/msg/go2_front_video_data.h
[2.502s] -- Installing: /home/unitree/go2slam/install/unitree_go/include/unitree_go/unitree_go/msg/bms_cmd.h
[2.503s] -- Installing: /home/unitree/go2slam/install/unitree_go/include/unitree_go/unitree_go/msg/imu_state.h
[2.503s] -- Installing: /home/unitree/go2slam/install/unitree_go/include/unitree_go/unitree_go/msg/sport_mode_state.h
[2.503s] -- Installing: /home/unitree/go2slam/install/unitree_go/include/unitree_go/unitree_go/msg/error.h
[2.504s] -- Installing: /home/unitree/go2slam/install/unitree_go/include/unitree_go/unitree_go/msg/motor_state.h
[2.504s] -- Installing: /home/unitree/go2slam/install/unitree_go/include/unitree_go/unitree_go/msg/res.h
[2.504s] -- Installing: /home/unitree/go2slam/install/unitree_go/include/unitree_go/unitree_go/msg/wireless_controller.h
[2.504s] -- Installing: /home/unitree/go2slam/install/unitree_go/include/unitree_go/unitree_go/msg/uwb_switch.h
[2.505s] -- Installing: /home/unitree/go2slam/install/unitree_go/include/unitree_go/unitree_go/msg/height_map.h
[2.505s] -- Installing: /home/unitree/go2slam/install/unitree_go/share/unitree_go/environment/library_path.sh
[2.505s] -- Installing: /home/unitree/go2slam/install/unitree_go/share/unitree_go/environment/library_path.dsv
[2.506s] -- Installing: /home/unitree/go2slam/install/unitree_go/lib/libunitree_go__rosidl_generator_c.so
[2.506s] -- Set non-toolchain portion of runtime path of "/home/unitree/go2slam/install/unitree_go/lib/libunitree_go__rosidl_generator_c.so" to ""
[2.506s] -- Up-to-date: /home/unitree/go2slam/install/unitree_go/include/unitree_go/unitree_go
[2.506s] -- Up-to-date: /home/unitree/go2slam/install/unitree_go/include/unitree_go/unitree_go/msg
[2.506s] -- Installing: /home/unitree/go2slam/install/unitree_go/include/unitree_go/unitree_go/msg/rosidl_typesupport_fastrtps_c__visibility_control.h
[2.507s] -- Up-to-date: /home/unitree/go2slam/install/unitree_go/include/unitree_go/unitree_go/msg/detail
[2.507s] -- Installing: /home/unitree/go2slam/install/unitree_go/include/unitree_go/unitree_go/msg/detail/error__rosidl_typesupport_fastrtps_c.h
[2.507s] -- Installing: /home/unitree/go2slam/install/unitree_go/include/unitree_go/unitree_go/msg/detail/motor_states__rosidl_typesupport_fastrtps_c.h
[2.507s] -- Installing: /home/unitree/go2slam/install/unitree_go/include/unitree_go/unitree_go/msg/detail/uwb_switch__rosidl_typesupport_fastrtps_c.h
[2.507s] -- Installing: /home/unitree/go2slam/install/unitree_go/include/unitree_go/unitree_go/msg/detail/imu_state__rosidl_typesupport_fastrtps_c.h
[2.508s] -- Installing: /home/unitree/go2slam/install/unitree_go/include/unitree_go/unitree_go/msg/detail/res__rosidl_typesupport_fastrtps_c.h
[2.508s] -- Installing: /home/unitree/go2slam/install/unitree_go/include/unitree_go/unitree_go/msg/detail/height_map__rosidl_typesupport_fastrtps_c.h
[2.508s] -- Installing: /home/unitree/go2slam/install/unitree_go/include/unitree_go/unitree_go/msg/detail/motor_cmds__rosidl_typesupport_fastrtps_c.h
[2.509s] -- Installing: /home/unitree/go2slam/install/unitree_go/include/unitree_go/unitree_go/msg/detail/sport_mode_state__rosidl_typesupport_fastrtps_c.h
[2.509s] -- Installing: /home/unitree/go2slam/install/unitree_go/include/unitree_go/unitree_go/msg/detail/go2_front_video_data__rosidl_typesupport_fastrtps_c.h
[2.509s] -- Installing: /home/unitree/go2slam/install/unitree_go/include/unitree_go/unitree_go/msg/detail/low_cmd__rosidl_typesupport_fastrtps_c.h
[2.510s] -- Installing: /home/unitree/go2slam/install/unitree_go/include/unitree_go/unitree_go/msg/detail/audio_data__rosidl_typesupport_fastrtps_c.h
[2.510s] -- Installing: /home/unitree/go2slam/install/unitree_go/include/unitree_go/unitree_go/msg/detail/bms_state__rosidl_typesupport_fastrtps_c.h
[2.511s] -- Installing: /home/unitree/go2slam/install/unitree_go/include/unitree_go/unitree_go/msg/detail/path_point__rosidl_typesupport_fastrtps_c.h
[2.525s] -- Installing: /home/unitree/go2slam/install/unitree_go/include/unitree_go/unitree_go/msg/detail/motor_cmd__rosidl_typesupport_fastrtps_c.h
[2.525s] -- Installing: /home/unitree/go2slam/install/unitree_go/include/unitree_go/unitree_go/msg/detail/req__rosidl_typesupport_fastrtps_c.h
[2.525s] -- Installing: /home/unitree/go2slam/install/unitree_go/include/unitree_go/unitree_go/msg/detail/uwb_state__rosidl_typesupport_fastrtps_c.h
[2.526s] -- Installing: /home/unitree/go2slam/install/unitree_go/include/unitree_go/unitree_go/msg/detail/interface_config__rosidl_typesupport_fastrtps_c.h
[2.526s] -- Installing: /home/unitree/go2slam/install/unitree_go/include/unitree_go/unitree_go/msg/detail/low_state__rosidl_typesupport_fastrtps_c.h
[2.527s] -- Installing: /home/unitree/go2slam/install/unitree_go/include/unitree_go/unitree_go/msg/detail/time_spec__rosidl_typesupport_fastrtps_c.h
[2.527s] -- Installing: /home/unitree/go2slam/install/unitree_go/include/unitree_go/unitree_go/msg/detail/wireless_controller__rosidl_typesupport_fastrtps_c.h
[2.527s] -- Installing: /home/unitree/go2slam/install/unitree_go/include/unitree_go/unitree_go/msg/detail/motor_state__rosidl_typesupport_fastrtps_c.h
[2.528s] -- Installing: /home/unitree/go2slam/install/unitree_go/include/unitree_go/unitree_go/msg/detail/bms_cmd__rosidl_typesupport_fastrtps_c.h
[2.528s] -- Installing: /home/unitree/go2slam/install/unitree_go/include/unitree_go/unitree_go/msg/detail/lidar_state__rosidl_typesupport_fastrtps_c.h
[2.528s] -- Installing: /home/unitree/go2slam/install/unitree_go/include/unitree_go/unitree_go/msg/detail/sport_mode_cmd__rosidl_typesupport_fastrtps_c.h
[2.528s] -- Installing: /home/unitree/go2slam/install/unitree_go/lib/libunitree_go__rosidl_typesupport_fastrtps_c.so
[2.529s] -- Set non-toolchain portion of runtime path of "/home/unitree/go2slam/install/unitree_go/lib/libunitree_go__rosidl_typesupport_fastrtps_c.so" to ""
[2.529s] -- Up-to-date: /home/unitree/go2slam/install/unitree_go/include/unitree_go/unitree_go
[2.529s] -- Up-to-date: /home/unitree/go2slam/install/unitree_go/include/unitree_go/unitree_go/msg
[2.530s] -- Installing: /home/unitree/go2slam/install/unitree_go/include/unitree_go/unitree_go/msg/audio_data.hpp
[2.530s] -- Installing: /home/unitree/go2slam/install/unitree_go/include/unitree_go/unitree_go/msg/motor_cmd.hpp
[2.531s] -- Installing: /home/unitree/go2slam/install/unitree_go/include/unitree_go/unitree_go/msg/time_spec.hpp
[2.532s] -- Installing: /home/unitree/go2slam/install/unitree_go/include/unitree_go/unitree_go/msg/motor_state.hpp
[2.532s] -- Installing: /home/unitree/go2slam/install/unitree_go/include/unitree_go/unitree_go/msg/bms_cmd.hpp
[2.532s] -- Installing: /home/unitree/go2slam/install/unitree_go/include/unitree_go/unitree_go/msg/low_cmd.hpp
[2.532s] -- Installing: /home/unitree/go2slam/install/unitree_go/include/unitree_go/unitree_go/msg/motor_cmds.hpp
[2.533s] -- Installing: /home/unitree/go2slam/install/unitree_go/include/unitree_go/unitree_go/msg/imu_state.hpp
[2.533s] -- Installing: /home/unitree/go2slam/install/unitree_go/include/unitree_go/unitree_go/msg/height_map.hpp
[2.533s] -- Installing: /home/unitree/go2slam/install/unitree_go/include/unitree_go/unitree_go/msg/go2_front_video_data.hpp
[2.533s] -- Installing: /home/unitree/go2slam/install/unitree_go/include/unitree_go/unitree_go/msg/error.hpp
[2.533s] -- Up-to-date: /home/unitree/go2slam/install/unitree_go/include/unitree_go/unitree_go/msg/detail
[2.533s] -- Installing: /home/unitree/go2slam/install/unitree_go/include/unitree_go/unitree_go/msg/detail/sport_mode_cmd__traits.hpp
[2.533s] -- Installing: /home/unitree/go2slam/install/unitree_go/include/unitree_go/unitree_go/msg/detail/error__builder.hpp
[2.534s] -- Installing: /home/unitree/go2slam/install/unitree_go/include/unitree_go/unitree_go/msg/detail/motor_cmd__traits.hpp
[2.534s] -- Installing: /home/unitree/go2slam/install/unitree_go/include/unitree_go/unitree_go/msg/detail/wireless_controller__struct.hpp
[2.534s] -- Installing: /home/unitree/go2slam/install/unitree_go/include/unitree_go/unitree_go/msg/detail/motor_cmds__struct.hpp
[2.534s] -- Installing: /home/unitree/go2slam/install/unitree_go/include/unitree_go/unitree_go/msg/detail/res__type_support.hpp
[2.534s] -- Installing: /home/unitree/go2slam/install/unitree_go/include/unitree_go/unitree_go/msg/detail/interface_config__type_support.hpp
[2.534s] -- Installing: /home/unitree/go2slam/install/unitree_go/include/unitree_go/unitree_go/msg/detail/audio_data__type_support.hpp
[2.535s] -- Installing: /home/unitree/go2slam/install/unitree_go/include/unitree_go/unitree_go/msg/detail/path_point__traits.hpp
[2.535s] -- Installing: /home/unitree/go2slam/install/unitree_go/include/unitree_go/unitree_go/msg/detail/low_cmd__type_support.hpp
[2.548s] -- Installing: /home/unitree/go2slam/install/unitree_go/include/unitree_go/unitree_go/msg/detail/req__builder.hpp
[2.548s] -- Installing: /home/unitree/go2slam/install/unitree_go/include/unitree_go/unitree_go/msg/detail/bms_cmd__builder.hpp
[2.548s] -- Installing: /home/unitree/go2slam/install/unitree_go/include/unitree_go/unitree_go/msg/detail/path_point__type_support.hpp
[2.549s] -- Installing: /home/unitree/go2slam/install/unitree_go/include/unitree_go/unitree_go/msg/detail/low_state__builder.hpp
[2.549s] -- Installing: /home/unitree/go2slam/install/unitree_go/include/unitree_go/unitree_go/msg/detail/motor_cmds__builder.hpp
[2.549s] -- Installing: /home/unitree/go2slam/install/unitree_go/include/unitree_go/unitree_go/msg/detail/motor_states__builder.hpp
[2.549s] -- Installing: /home/unitree/go2slam/install/unitree_go/include/unitree_go/unitree_go/msg/detail/motor_state__struct.hpp
[2.549s] -- Installing: /home/unitree/go2slam/install/unitree_go/include/unitree_go/unitree_go/msg/detail/audio_data__struct.hpp
[2.549s] -- Installing: /home/unitree/go2slam/install/unitree_go/include/unitree_go/unitree_go/msg/detail/error__type_support.hpp
[2.550s] -- Installing: /home/unitree/go2slam/install/unitree_go/include/unitree_go/unitree_go/msg/detail/low_state__struct.hpp
[2.550s] -- Installing: /home/unitree/go2slam/install/unitree_go/include/unitree_go/unitree_go/msg/detail/imu_state__type_support.hpp
[2.550s] -- Installing: /home/unitree/go2slam/install/unitree_go/include/unitree_go/unitree_go/msg/detail/req__traits.hpp
[2.550s] -- Installing: /home/unitree/go2slam/install/unitree_go/include/unitree_go/unitree_go/msg/detail/sport_mode_cmd__builder.hpp
[2.550s] -- Installing: /home/unitree/go2slam/install/unitree_go/include/unitree_go/unitree_go/msg/detail/low_cmd__builder.hpp
[2.550s] -- Installing: /home/unitree/go2slam/install/unitree_go/include/unitree_go/unitree_go/msg/detail/motor_cmd__type_support.hpp
[2.551s] -- Installing: /home/unitree/go2slam/install/unitree_go/include/unitree_go/unitree_go/msg/detail/path_point__builder.hpp
[2.551s] -- Installing: /home/unitree/go2slam/install/unitree_go/include/unitree_go/unitree_go/msg/detail/uwb_state__type_support.hpp
[2.551s] -- Installing: /home/unitree/go2slam/install/unitree_go/include/unitree_go/unitree_go/msg/detail/time_spec__traits.hpp
[2.551s] -- Installing: /home/unitree/go2slam/install/unitree_go/include/unitree_go/unitree_go/msg/detail/sport_mode_cmd__struct.hpp
[2.551s] -- Installing: /home/unitree/go2slam/install/unitree_go/include/unitree_go/unitree_go/msg/detail/wireless_controller__builder.hpp
[2.551s] -- Installing: /home/unitree/go2slam/install/unitree_go/include/unitree_go/unitree_go/msg/detail/error__traits.hpp
[2.552s] -- Installing: /home/unitree/go2slam/install/unitree_go/include/unitree_go/unitree_go/msg/detail/uwb_state__traits.hpp
[2.552s] -- Installing: /home/unitree/go2slam/install/unitree_go/include/unitree_go/unitree_go/msg/detail/imu_state__struct.hpp
[2.552s] -- Installing: /home/unitree/go2slam/install/unitree_go/include/unitree_go/unitree_go/msg/detail/time_spec__builder.hpp
[2.552s] -- Installing: /home/unitree/go2slam/install/unitree_go/include/unitree_go/unitree_go/msg/detail/go2_front_video_data__builder.hpp
[2.552s] -- Installing: /home/unitree/go2slam/install/unitree_go/include/unitree_go/unitree_go/msg/detail/req__struct.hpp
[2.552s] -- Installing: /home/unitree/go2slam/install/unitree_go/include/unitree_go/unitree_go/msg/detail/bms_state__type_support.hpp
[2.552s] -- Installing: /home/unitree/go2slam/install/unitree_go/include/unitree_go/unitree_go/msg/detail/lidar_state__struct.hpp
[2.553s] -- Installing: /home/unitree/go2slam/install/unitree_go/include/unitree_go/unitree_go/msg/detail/motor_states__traits.hpp
[2.553s] -- Installing: /home/unitree/go2slam/install/unitree_go/include/unitree_go/unitree_go/msg/detail/bms_cmd__traits.hpp
[2.553s] -- Installing: /home/unitree/go2slam/install/unitree_go/include/unitree_go/unitree_go/msg/detail/sport_mode_cmd__type_support.hpp
[2.553s] -- Installing: /home/unitree/go2slam/install/unitree_go/include/unitree_go/unitree_go/msg/detail/bms_state__builder.hpp
[2.553s] -- Installing: /home/unitree/go2slam/install/unitree_go/include/unitree_go/unitree_go/msg/detail/lidar_state__traits.hpp
[2.553s] -- Installing: /home/unitree/go2slam/install/unitree_go/include/unitree_go/unitree_go/msg/detail/sport_mode_state__builder.hpp
[2.553s] -- Installing: /home/unitree/go2slam/install/unitree_go/include/unitree_go/unitree_go/msg/detail/interface_config__traits.hpp
[2.554s] -- Installing: /home/unitree/go2slam/install/unitree_go/include/unitree_go/unitree_go/msg/detail/lidar_state__builder.hpp
[2.554s] -- Installing: /home/unitree/go2slam/install/unitree_go/include/unitree_go/unitree_go/msg/detail/low_cmd__struct.hpp
[2.554s] -- Installing: /home/unitree/go2slam/install/unitree_go/include/unitree_go/unitree_go/msg/detail/motor_state__type_support.hpp
[2.554s] -- Installing: /home/unitree/go2slam/install/unitree_go/include/unitree_go/unitree_go/msg/detail/motor_states__struct.hpp
[2.554s] -- Installing: /home/unitree/go2slam/install/unitree_go/include/unitree_go/unitree_go/msg/detail/height_map__type_support.hpp
[2.554s] -- Installing: /home/unitree/go2slam/install/unitree_go/include/unitree_go/unitree_go/msg/detail/sport_mode_state__type_support.hpp
[2.555s] -- Installing: /home/unitree/go2slam/install/unitree_go/include/unitree_go/unitree_go/msg/detail/uwb_switch__struct.hpp
[2.555s] -- Installing: /home/unitree/go2slam/install/unitree_go/include/unitree_go/unitree_go/msg/detail/req__type_support.hpp
[2.555s] -- Installing: /home/unitree/go2slam/install/unitree_go/include/unitree_go/unitree_go/msg/detail/motor_cmds__traits.hpp
[2.555s] -- Installing: /home/unitree/go2slam/install/unitree_go/include/unitree_go/unitree_go/msg/detail/go2_front_video_data__traits.hpp
[2.555s] -- Installing: /home/unitree/go2slam/install/unitree_go/include/unitree_go/unitree_go/msg/detail/motor_cmd__builder.hpp
[2.555s] -- Installing: /home/unitree/go2slam/install/unitree_go/include/unitree_go/unitree_go/msg/detail/lidar_state__type_support.hpp
[2.556s] -- Installing: /home/unitree/go2slam/install/unitree_go/include/unitree_go/unitree_go/msg/detail/motor_cmd__struct.hpp
[2.556s] -- Installing: /home/unitree/go2slam/install/unitree_go/include/unitree_go/unitree_go/msg/detail/bms_state__traits.hpp
[2.556s] -- Installing: /home/unitree/go2slam/install/unitree_go/include/unitree_go/unitree_go/msg/detail/motor_state__builder.hpp
[2.556s] -- Installing: /home/unitree/go2slam/install/unitree_go/include/unitree_go/unitree_go/msg/detail/res__builder.hpp
[2.556s] -- Installing: /home/unitree/go2slam/install/unitree_go/include/unitree_go/unitree_go/msg/detail/sport_mode_state__struct.hpp
[2.556s] -- Installing: /home/unitree/go2slam/install/unitree_go/include/unitree_go/unitree_go/msg/detail/bms_cmd__type_support.hpp
[2.557s] -- Installing: /home/unitree/go2slam/install/unitree_go/include/unitree_go/unitree_go/msg/detail/uwb_switch__builder.hpp
[2.557s] -- Installing: /home/unitree/go2slam/install/unitree_go/include/unitree_go/unitree_go/msg/detail/time_spec__type_support.hpp
[2.557s] -- Installing: /home/unitree/go2slam/install/unitree_go/include/unitree_go/unitree_go/msg/detail/audio_data__builder.hpp
[2.557s] -- Installing: /home/unitree/go2slam/install/unitree_go/include/unitree_go/unitree_go/msg/detail/time_spec__struct.hpp
[2.557s] -- Installing: /home/unitree/go2slam/install/unitree_go/include/unitree_go/unitree_go/msg/detail/height_map__traits.hpp
[2.557s] -- Installing: /home/unitree/go2slam/install/unitree_go/include/unitree_go/unitree_go/msg/detail/low_state__type_support.hpp
[2.557s] -- Installing: /home/unitree/go2slam/install/unitree_go/include/unitree_go/unitree_go/msg/detail/low_cmd__traits.hpp
[2.558s] -- Installing: /home/unitree/go2slam/install/unitree_go/include/unitree_go/unitree_go/msg/detail/uwb_switch__traits.hpp
[2.558s] -- Installing: /home/unitree/go2slam/install/unitree_go/include/unitree_go/unitree_go/msg/detail/go2_front_video_data__struct.hpp
[2.558s] -- Installing: /home/unitree/go2slam/install/unitree_go/include/unitree_go/unitree_go/msg/detail/uwb_state__builder.hpp
[2.558s] -- Installing: /home/unitree/go2slam/install/unitree_go/include/unitree_go/unitree_go/msg/detail/interface_config__struct.hpp
[2.558s] -- Installing: /home/unitree/go2slam/install/unitree_go/include/unitree_go/unitree_go/msg/detail/motor_state__traits.hpp
[2.558s] -- Installing: /home/unitree/go2slam/install/unitree_go/include/unitree_go/unitree_go/msg/detail/motor_states__type_support.hpp
[2.558s] -- Installing: /home/unitree/go2slam/install/unitree_go/include/unitree_go/unitree_go/msg/detail/height_map__struct.hpp
[2.559s] -- Installing: /home/unitree/go2slam/install/unitree_go/include/unitree_go/unitree_go/msg/detail/path_point__struct.hpp
[2.569s] -- Installing: /home/unitree/go2slam/install/unitree_go/include/unitree_go/unitree_go/msg/detail/imu_state__builder.hpp
[2.569s] -- Installing: /home/unitree/go2slam/install/unitree_go/include/unitree_go/unitree_go/msg/detail/go2_front_video_data__type_support.hpp
[2.570s] -- Installing: /home/unitree/go2slam/install/unitree_go/include/unitree_go/unitree_go/msg/detail/res__struct.hpp
[2.570s] -- Installing: /home/unitree/go2slam/install/unitree_go/include/unitree_go/unitree_go/msg/detail/low_state__traits.hpp
[2.570s] -- Installing: /home/unitree/go2slam/install/unitree_go/include/unitree_go/unitree_go/msg/detail/interface_config__builder.hpp
[2.570s] -- Installing: /home/unitree/go2slam/install/unitree_go/include/unitree_go/unitree_go/msg/detail/audio_data__traits.hpp
[2.570s] -- Installing: /home/unitree/go2slam/install/unitree_go/include/unitree_go/unitree_go/msg/detail/res__traits.hpp
[2.571s] -- Installing: /home/unitree/go2slam/install/unitree_go/include/unitree_go/unitree_go/msg/detail/wireless_controller__type_support.hpp
[2.571s] -- Installing: /home/unitree/go2slam/install/unitree_go/include/unitree_go/unitree_go/msg/detail/motor_cmds__type_support.hpp
[2.571s] -- Installing: /home/unitree/go2slam/install/unitree_go/include/unitree_go/unitree_go/msg/detail/sport_mode_state__traits.hpp
[2.571s] -- Installing: /home/unitree/go2slam/install/unitree_go/include/unitree_go/unitree_go/msg/detail/error__struct.hpp
[2.571s] -- Installing: /home/unitree/go2slam/install/unitree_go/include/unitree_go/unitree_go/msg/detail/bms_state__struct.hpp
[2.571s] -- Installing: /home/unitree/go2slam/install/unitree_go/include/unitree_go/unitree_go/msg/detail/uwb_switch__type_support.hpp
[2.572s] -- Installing: /home/unitree/go2slam/install/unitree_go/include/unitree_go/unitree_go/msg/detail/imu_state__traits.hpp
[2.584s] -- Installing: /home/unitree/go2slam/install/unitree_go/include/unitree_go/unitree_go/msg/detail/height_map__builder.hpp
[2.584s] -- Installing: /home/unitree/go2slam/install/unitree_go/include/unitree_go/unitree_go/msg/detail/wireless_controller__traits.hpp
[2.584s] -- Installing: /home/unitree/go2slam/install/unitree_go/include/unitree_go/unitree_go/msg/detail/bms_cmd__struct.hpp
[2.584s] -- Installing: /home/unitree/go2slam/install/unitree_go/include/unitree_go/unitree_go/msg/detail/uwb_state__struct.hpp
[2.584s] -- Installing: /home/unitree/go2slam/install/unitree_go/include/unitree_go/unitree_go/msg/res.hpp
[2.585s] -- Installing: /home/unitree/go2slam/install/unitree_go/include/unitree_go/unitree_go/msg/uwb_switch.hpp
[2.585s] -- Installing: /home/unitree/go2slam/install/unitree_go/include/unitree_go/unitree_go/msg/motor_states.hpp
[2.585s] -- Installing: /home/unitree/go2slam/install/unitree_go/include/unitree_go/unitree_go/msg/sport_mode_state.hpp
[2.585s] -- Installing: /home/unitree/go2slam/install/unitree_go/include/unitree_go/unitree_go/msg/uwb_state.hpp
[2.585s] -- Installing: /home/unitree/go2slam/install/unitree_go/include/unitree_go/unitree_go/msg/bms_state.hpp
[2.585s] -- Installing: /home/unitree/go2slam/install/unitree_go/include/unitree_go/unitree_go/msg/rosidl_generator_cpp__visibility_control.hpp
[2.585s] -- Installing: /home/unitree/go2slam/install/unitree_go/include/unitree_go/unitree_go/msg/lidar_state.hpp
[2.586s] -- Installing: /home/unitree/go2slam/install/unitree_go/include/unitree_go/unitree_go/msg/sport_mode_cmd.hpp
[2.586s] -- Installing: /home/unitree/go2slam/install/unitree_go/include/unitree_go/unitree_go/msg/path_point.hpp
[2.586s] -- Installing: /home/unitree/go2slam/install/unitree_go/include/unitree_go/unitree_go/msg/interface_config.hpp
[2.586s] -- Installing: /home/unitree/go2slam/install/unitree_go/include/unitree_go/unitree_go/msg/wireless_controller.hpp
[2.586s] -- Installing: /home/unitree/go2slam/install/unitree_go/include/unitree_go/unitree_go/msg/req.hpp
[2.586s] -- Installing: /home/unitree/go2slam/install/unitree_go/include/unitree_go/unitree_go/msg/low_state.hpp
[2.587s] -- Up-to-date: /home/unitree/go2slam/install/unitree_go/include/unitree_go/unitree_go
[2.587s] -- Up-to-date: /home/unitree/go2slam/install/unitree_go/include/unitree_go/unitree_go/msg
[2.587s] -- Installing: /home/unitree/go2slam/install/unitree_go/include/unitree_go/unitree_go/msg/rosidl_typesupport_fastrtps_cpp__visibility_control.h
[2.587s] -- Up-to-date: /home/unitree/go2slam/install/unitree_go/include/unitree_go/unitree_go/msg/detail
[2.587s] -- Installing: /home/unitree/go2slam/install/unitree_go/include/unitree_go/unitree_go/msg/detail/error__rosidl_typesupport_fastrtps_cpp.hpp
[2.587s] -- Installing: /home/unitree/go2slam/install/unitree_go/include/unitree_go/unitree_go/msg/detail/path_point__rosidl_typesupport_fastrtps_cpp.hpp
[2.588s] -- Installing: /home/unitree/go2slam/install/unitree_go/include/unitree_go/unitree_go/msg/detail/uwb_state__rosidl_typesupport_fastrtps_cpp.hpp
[2.588s] -- Installing: /home/unitree/go2slam/install/unitree_go/include/unitree_go/unitree_go/msg/detail/motor_cmds__rosidl_typesupport_fastrtps_cpp.hpp
[2.588s] -- Installing: /home/unitree/go2slam/install/unitree_go/include/unitree_go/unitree_go/msg/detail/go2_front_video_data__rosidl_typesupport_fastrtps_cpp.hpp
[2.588s] -- Installing: /home/unitree/go2slam/install/unitree_go/include/unitree_go/unitree_go/msg/detail/low_state__rosidl_typesupport_fastrtps_cpp.hpp
[2.588s] -- Installing: /home/unitree/go2slam/install/unitree_go/include/unitree_go/unitree_go/msg/detail/uwb_switch__rosidl_typesupport_fastrtps_cpp.hpp
[2.599s] -- Installing: /home/unitree/go2slam/install/unitree_go/include/unitree_go/unitree_go/msg/detail/bms_cmd__rosidl_typesupport_fastrtps_cpp.hpp
[2.599s] -- Installing: /home/unitree/go2slam/install/unitree_go/include/unitree_go/unitree_go/msg/detail/bms_state__rosidl_typesupport_fastrtps_cpp.hpp
[2.600s] -- Installing: /home/unitree/go2slam/install/unitree_go/include/unitree_go/unitree_go/msg/detail/lidar_state__rosidl_typesupport_fastrtps_cpp.hpp
[2.600s] -- Installing: /home/unitree/go2slam/install/unitree_go/include/unitree_go/unitree_go/msg/detail/wireless_controller__rosidl_typesupport_fastrtps_cpp.hpp
[2.600s] -- Installing: /home/unitree/go2slam/install/unitree_go/include/unitree_go/unitree_go/msg/detail/interface_config__rosidl_typesupport_fastrtps_cpp.hpp
[2.600s] -- Installing: /home/unitree/go2slam/install/unitree_go/include/unitree_go/unitree_go/msg/detail/sport_mode_cmd__rosidl_typesupport_fastrtps_cpp.hpp
[2.600s] -- Installing: /home/unitree/go2slam/install/unitree_go/include/unitree_go/unitree_go/msg/detail/dds_fastrtps
[2.601s] -- Installing: /home/unitree/go2slam/install/unitree_go/include/unitree_go/unitree_go/msg/detail/motor_state__rosidl_typesupport_fastrtps_cpp.hpp
[2.601s] -- Installing: /home/unitree/go2slam/install/unitree_go/include/unitree_go/unitree_go/msg/detail/motor_cmd__rosidl_typesupport_fastrtps_cpp.hpp
[2.601s] -- Installing: /home/unitree/go2slam/install/unitree_go/include/unitree_go/unitree_go/msg/detail/imu_state__rosidl_typesupport_fastrtps_cpp.hpp
[2.601s] -- Installing: /home/unitree/go2slam/install/unitree_go/include/unitree_go/unitree_go/msg/detail/time_spec__rosidl_typesupport_fastrtps_cpp.hpp
[2.601s] -- Installing: /home/unitree/go2slam/install/unitree_go/include/unitree_go/unitree_go/msg/detail/req__rosidl_typesupport_fastrtps_cpp.hpp
[2.601s] -- Installing: /home/unitree/go2slam/install/unitree_go/include/unitree_go/unitree_go/msg/detail/sport_mode_state__rosidl_typesupport_fastrtps_cpp.hpp
[2.601s] -- Installing: /home/unitree/go2slam/install/unitree_go/include/unitree_go/unitree_go/msg/detail/motor_states__rosidl_typesupport_fastrtps_cpp.hpp
[2.602s] -- Installing: /home/unitree/go2slam/install/unitree_go/include/unitree_go/unitree_go/msg/detail/audio_data__rosidl_typesupport_fastrtps_cpp.hpp
[2.602s] -- Installing: /home/unitree/go2slam/install/unitree_go/include/unitree_go/unitree_go/msg/detail/res__rosidl_typesupport_fastrtps_cpp.hpp
[2.602s] -- Installing: /home/unitree/go2slam/install/unitree_go/include/unitree_go/unitree_go/msg/detail/height_map__rosidl_typesupport_fastrtps_cpp.hpp
[2.603s] -- Installing: /home/unitree/go2slam/install/unitree_go/include/unitree_go/unitree_go/msg/detail/low_cmd__rosidl_typesupport_fastrtps_cpp.hpp
[2.603s] -- Installing: /home/unitree/go2slam/install/unitree_go/lib/libunitree_go__rosidl_typesupport_fastrtps_cpp.so
[2.603s] -- Set non-toolchain portion of runtime path of "/home/unitree/go2slam/install/unitree_go/lib/libunitree_go__rosidl_typesupport_fastrtps_cpp.so" to ""
[2.603s] -- Up-to-date: /home/unitree/go2slam/install/unitree_go/include/unitree_go/unitree_go
[2.603s] -- Up-to-date: /home/unitree/go2slam/install/unitree_go/include/unitree_go/unitree_go/msg
[2.604s] -- Up-to-date: /home/unitree/go2slam/install/unitree_go/include/unitree_go/unitree_go/msg/detail
[2.604s] -- Installing: /home/unitree/go2slam/install/unitree_go/include/unitree_go/unitree_go/msg/detail/sport_mode_cmd__type_support.c
[2.604s] -- Installing: /home/unitree/go2slam/install/unitree_go/include/unitree_go/unitree_go/msg/detail/go2_front_video_data__type_support.c
[2.605s] -- Installing: /home/unitree/go2slam/install/unitree_go/include/unitree_go/unitree_go/msg/detail/bms_cmd__type_support.c
[2.606s] -- Installing: /home/unitree/go2slam/install/unitree_go/include/unitree_go/unitree_go/msg/detail/motor_cmds__type_support.c
[2.606s] -- Installing: /home/unitree/go2slam/install/unitree_go/include/unitree_go/unitree_go/msg/detail/low_state__type_support.c
[2.606s] -- Installing: /home/unitree/go2slam/install/unitree_go/include/unitree_go/unitree_go/msg/detail/height_map__rosidl_typesupport_introspection_c.h
[2.606s] -- Installing: /home/unitree/go2slam/install/unitree_go/include/unitree_go/unitree_go/msg/detail/interface_config__type_support.c
[2.607s] -- Installing: /home/unitree/go2slam/install/unitree_go/include/unitree_go/unitree_go/msg/detail/imu_state__type_support.c
[2.612s] -- Installing: /home/unitree/go2slam/install/unitree_go/include/unitree_go/unitree_go/msg/detail/motor_cmds__rosidl_typesupport_introspection_c.h
[2.612s] -- Installing: /home/unitree/go2slam/install/unitree_go/include/unitree_go/unitree_go/msg/detail/req__type_support.c
[2.613s] -- Installing: /home/unitree/go2slam/install/unitree_go/include/unitree_go/unitree_go/msg/detail/sport_mode_cmd__rosidl_typesupport_introspection_c.h
[2.613s] -- Installing: /home/unitree/go2slam/install/unitree_go/include/unitree_go/unitree_go/msg/detail/sport_mode_state__rosidl_typesupport_introspection_c.h
[2.614s] -- Installing: /home/unitree/go2slam/install/unitree_go/include/unitree_go/unitree_go/msg/detail/time_spec__type_support.c
[2.614s] -- Installing: /home/unitree/go2slam/install/unitree_go/include/unitree_go/unitree_go/msg/detail/lidar_state__type_support.c
[2.615s] -- Installing: /home/unitree/go2slam/install/unitree_go/include/unitree_go/unitree_go/msg/detail/bms_cmd__rosidl_typesupport_introspection_c.h
[2.615s] -- Installing: /home/unitree/go2slam/install/unitree_go/include/unitree_go/unitree_go/msg/detail/path_point__type_support.c
[2.615s] -- Installing: /home/unitree/go2slam/install/unitree_go/include/unitree_go/unitree_go/msg/detail/low_cmd__type_support.c
[2.615s] -- Installing: /home/unitree/go2slam/install/unitree_go/include/unitree_go/unitree_go/msg/detail/sport_mode_state__type_support.c
[2.616s] -- Installing: /home/unitree/go2slam/install/unitree_go/include/unitree_go/unitree_go/msg/detail/low_state__rosidl_typesupport_introspection_c.h
[2.616s] -- Installing: /home/unitree/go2slam/install/unitree_go/include/unitree_go/unitree_go/msg/detail/time_spec__rosidl_typesupport_introspection_c.h
[2.616s] -- Installing: /home/unitree/go2slam/install/unitree_go/include/unitree_go/unitree_go/msg/detail/audio_data__type_support.c
[2.617s] -- Installing: /home/unitree/go2slam/install/unitree_go/include/unitree_go/unitree_go/msg/detail/wireless_controller__type_support.c
[2.617s] -- Installing: /home/unitree/go2slam/install/unitree_go/include/unitree_go/unitree_go/msg/detail/motor_cmd__rosidl_typesupport_introspection_c.h
[2.617s] -- Installing: /home/unitree/go2slam/install/unitree_go/include/unitree_go/unitree_go/msg/detail/uwb_state__type_support.c
[2.617s] -- Installing: /home/unitree/go2slam/install/unitree_go/include/unitree_go/unitree_go/msg/detail/interface_config__rosidl_typesupport_introspection_c.h
[2.618s] -- Installing: /home/unitree/go2slam/install/unitree_go/include/unitree_go/unitree_go/msg/detail/audio_data__rosidl_typesupport_introspection_c.h
[2.618s] -- Installing: /home/unitree/go2slam/install/unitree_go/include/unitree_go/unitree_go/msg/detail/path_point__rosidl_typesupport_introspection_c.h
[2.618s] -- Installing: /home/unitree/go2slam/install/unitree_go/include/unitree_go/unitree_go/msg/detail/motor_state__type_support.c
[2.619s] -- Installing: /home/unitree/go2slam/install/unitree_go/include/unitree_go/unitree_go/msg/detail/error__rosidl_typesupport_introspection_c.h
[2.619s] -- Installing: /home/unitree/go2slam/install/unitree_go/include/unitree_go/unitree_go/msg/detail/imu_state__rosidl_typesupport_introspection_c.h
[2.620s] -- Installing: /home/unitree/go2slam/install/unitree_go/include/unitree_go/unitree_go/msg/detail/req__rosidl_typesupport_introspection_c.h
[2.627s] -- Installing: /home/unitree/go2slam/install/unitree_go/include/unitree_go/unitree_go/msg/detail/error__type_support.c
[2.628s] -- Installing: /home/unitree/go2slam/install/unitree_go/include/unitree_go/unitree_go/msg/detail/uwb_state__rosidl_typesupport_introspection_c.h
[2.628s] -- Installing: /home/unitree/go2slam/install/unitree_go/include/unitree_go/unitree_go/msg/detail/motor_cmd__type_support.c
[2.628s] -- Installing: /home/unitree/go2slam/install/unitree_go/include/unitree_go/unitree_go/msg/detail/motor_states__type_support.c
[2.628s] -- Installing: /home/unitree/go2slam/install/unitree_go/include/unitree_go/unitree_go/msg/detail/lidar_state__rosidl_typesupport_introspection_c.h
[2.628s] -- Installing: /home/unitree/go2slam/install/unitree_go/include/unitree_go/unitree_go/msg/detail/bms_state__type_support.c
[2.629s] -- Installing: /home/unitree/go2slam/install/unitree_go/include/unitree_go/unitree_go/msg/detail/low_cmd__rosidl_typesupport_introspection_c.h
[2.629s] -- Installing: /home/unitree/go2slam/install/unitree_go/include/unitree_go/unitree_go/msg/detail/res__rosidl_typesupport_introspection_c.h
[2.629s] -- Installing: /home/unitree/go2slam/install/unitree_go/include/unitree_go/unitree_go/msg/detail/go2_front_video_data__rosidl_typesupport_introspection_c.h
[2.629s] -- Installing: /home/unitree/go2slam/install/unitree_go/include/unitree_go/unitree_go/msg/detail/height_map__type_support.c
[2.636s] -- Installing: /home/unitree/go2slam/install/unitree_go/include/unitree_go/unitree_go/msg/detail/wireless_controller__rosidl_typesupport_introspection_c.h
[2.637s] -- Installing: /home/unitree/go2slam/install/unitree_go/include/unitree_go/unitree_go/msg/detail/uwb_switch__rosidl_typesupport_introspection_c.h
[2.637s] -- Installing: /home/unitree/go2slam/install/unitree_go/include/unitree_go/unitree_go/msg/detail/uwb_switch__type_support.c
[2.637s] -- Installing: /home/unitree/go2slam/install/unitree_go/include/unitree_go/unitree_go/msg/detail/motor_states__rosidl_typesupport_introspection_c.h
[2.638s] -- Installing: /home/unitree/go2slam/install/unitree_go/include/unitree_go/unitree_go/msg/detail/res__type_support.c
[2.638s] -- Installing: /home/unitree/go2slam/install/unitree_go/include/unitree_go/unitree_go/msg/detail/bms_state__rosidl_typesupport_introspection_c.h
[2.638s] -- Installing: /home/unitree/go2slam/install/unitree_go/include/unitree_go/unitree_go/msg/detail/motor_state__rosidl_typesupport_introspection_c.h
[2.639s] -- Installing: /home/unitree/go2slam/install/unitree_go/include/unitree_go/unitree_go/msg/rosidl_typesupport_introspection_c__visibility_control.h
[2.640s] -- Installing: /home/unitree/go2slam/install/unitree_go/lib/libunitree_go__rosidl_typesupport_introspection_c.so
[2.653s] -- Set non-toolchain portion of runtime path of "/home/unitree/go2slam/install/unitree_go/lib/libunitree_go__rosidl_typesupport_introspection_c.so" to ""
[2.654s] -- Installing: /home/unitree/go2slam/install/unitree_go/lib/libunitree_go__rosidl_typesupport_c.so
[2.654s] -- Set non-toolchain portion of runtime path of "/home/unitree/go2slam/install/unitree_go/lib/libunitree_go__rosidl_typesupport_c.so" to ""
[2.654s] -- Up-to-date: /home/unitree/go2slam/install/unitree_go/include/unitree_go/unitree_go
[2.654s] -- Up-to-date: /home/unitree/go2slam/install/unitree_go/include/unitree_go/unitree_go/msg
[2.666s] -- Up-to-date: /home/unitree/go2slam/install/unitree_go/include/unitree_go/unitree_go/msg/detail
[2.667s] -- Installing: /home/unitree/go2slam/install/unitree_go/include/unitree_go/unitree_go/msg/detail/low_state__type_support.cpp
[2.667s] -- Installing: /home/unitree/go2slam/install/unitree_go/include/unitree_go/unitree_go/msg/detail/motor_cmds__rosidl_typesupport_introspection_cpp.hpp
[2.667s] -- Installing: /home/unitree/go2slam/install/unitree_go/include/unitree_go/unitree_go/msg/detail/lidar_state__type_support.cpp
[2.667s] -- Installing: /home/unitree/go2slam/install/unitree_go/include/unitree_go/unitree_go/msg/detail/wireless_controller__type_support.cpp
[2.667s] -- Installing: /home/unitree/go2slam/install/unitree_go/include/unitree_go/unitree_go/msg/detail/sport_mode_state__type_support.cpp
[2.668s] -- Installing: /home/unitree/go2slam/install/unitree_go/include/unitree_go/unitree_go/msg/detail/motor_cmd__rosidl_typesupport_introspection_cpp.hpp
[2.668s] -- Installing: /home/unitree/go2slam/install/unitree_go/include/unitree_go/unitree_go/msg/detail/audio_data__type_support.cpp
[2.668s] -- Installing: /home/unitree/go2slam/install/unitree_go/include/unitree_go/unitree_go/msg/detail/lidar_state__rosidl_typesupport_introspection_cpp.hpp
[2.668s] -- Installing: /home/unitree/go2slam/install/unitree_go/include/unitree_go/unitree_go/msg/detail/uwb_switch__type_support.cpp
[2.671s] -- Installing: /home/unitree/go2slam/install/unitree_go/include/unitree_go/unitree_go/msg/detail/bms_state__rosidl_typesupport_introspection_cpp.hpp
[2.671s] -- Installing: /home/unitree/go2slam/install/unitree_go/include/unitree_go/unitree_go/msg/detail/motor_state__type_support.cpp
[2.671s] -- Installing: /home/unitree/go2slam/install/unitree_go/include/unitree_go/unitree_go/msg/detail/motor_states__rosidl_typesupport_introspection_cpp.hpp
[2.672s] -- Installing: /home/unitree/go2slam/install/unitree_go/include/unitree_go/unitree_go/msg/detail/motor_state__rosidl_typesupport_introspection_cpp.hpp
[2.672s] -- Installing: /home/unitree/go2slam/install/unitree_go/include/unitree_go/unitree_go/msg/detail/height_map__type_support.cpp
[2.673s] -- Installing: /home/unitree/go2slam/install/unitree_go/include/unitree_go/unitree_go/msg/detail/low_cmd__type_support.cpp
[2.682s] -- Installing: /home/unitree/go2slam/install/unitree_go/include/unitree_go/unitree_go/msg/detail/error__rosidl_typesupport_introspection_cpp.hpp
[2.682s] -- Installing: /home/unitree/go2slam/install/unitree_go/include/unitree_go/unitree_go/msg/detail/interface_config__rosidl_typesupport_introspection_cpp.hpp
[2.682s] -- Installing: /home/unitree/go2slam/install/unitree_go/include/unitree_go/unitree_go/msg/detail/low_cmd__rosidl_typesupport_introspection_cpp.hpp
[2.683s] -- Installing: /home/unitree/go2slam/install/unitree_go/include/unitree_go/unitree_go/msg/detail/time_spec__type_support.cpp
[2.683s] -- Installing: /home/unitree/go2slam/install/unitree_go/include/unitree_go/unitree_go/msg/detail/req__type_support.cpp
[2.683s] -- Installing: /home/unitree/go2slam/install/unitree_go/include/unitree_go/unitree_go/msg/detail/sport_mode_cmd__rosidl_typesupport_introspection_cpp.hpp
[2.684s] -- Installing: /home/unitree/go2slam/install/unitree_go/include/unitree_go/unitree_go/msg/detail/uwb_state__rosidl_typesupport_introspection_cpp.hpp
[2.684s] -- Installing: /home/unitree/go2slam/install/unitree_go/include/unitree_go/unitree_go/msg/detail/time_spec__rosidl_typesupport_introspection_cpp.hpp
[2.684s] -- Installing: /home/unitree/go2slam/install/unitree_go/include/unitree_go/unitree_go/msg/detail/sport_mode_state__rosidl_typesupport_introspection_cpp.hpp
[2.685s] -- Installing: /home/unitree/go2slam/install/unitree_go/include/unitree_go/unitree_go/msg/detail/interface_config__type_support.cpp
[2.685s] -- Installing: /home/unitree/go2slam/install/unitree_go/include/unitree_go/unitree_go/msg/detail/motor_cmds__type_support.cpp
[2.694s] -- Installing: /home/unitree/go2slam/install/unitree_go/include/unitree_go/unitree_go/msg/detail/uwb_switch__rosidl_typesupport_introspection_cpp.hpp
[2.694s] -- Installing: /home/unitree/go2slam/install/unitree_go/include/unitree_go/unitree_go/msg/detail/go2_front_video_data__type_support.cpp
[2.694s] -- Installing: /home/unitree/go2slam/install/unitree_go/include/unitree_go/unitree_go/msg/detail/sport_mode_cmd__type_support.cpp
[2.695s] -- Installing: /home/unitree/go2slam/install/unitree_go/include/unitree_go/unitree_go/msg/detail/motor_cmd__type_support.cpp
[2.695s] -- Installing: /home/unitree/go2slam/install/unitree_go/include/unitree_go/unitree_go/msg/detail/req__rosidl_typesupport_introspection_cpp.hpp
[2.695s] -- Installing: /home/unitree/go2slam/install/unitree_go/include/unitree_go/unitree_go/msg/detail/error__type_support.cpp
[2.696s] -- Installing: /home/unitree/go2slam/install/unitree_go/include/unitree_go/unitree_go/msg/detail/res__type_support.cpp
[2.696s] -- Installing: /home/unitree/go2slam/install/unitree_go/include/unitree_go/unitree_go/msg/detail/res__rosidl_typesupport_introspection_cpp.hpp
[2.696s] -- Installing: /home/unitree/go2slam/install/unitree_go/include/unitree_go/unitree_go/msg/detail/go2_front_video_data__rosidl_typesupport_introspection_cpp.hpp
[2.697s] -- Installing: /home/unitree/go2slam/install/unitree_go/include/unitree_go/unitree_go/msg/detail/low_state__rosidl_typesupport_introspection_cpp.hpp
[2.697s] -- Installing: /home/unitree/go2slam/install/unitree_go/include/unitree_go/unitree_go/msg/detail/audio_data__rosidl_typesupport_introspection_cpp.hpp
[2.697s] -- Installing: /home/unitree/go2slam/install/unitree_go/include/unitree_go/unitree_go/msg/detail/bms_cmd__rosidl_typesupport_introspection_cpp.hpp
[2.698s] -- Installing: /home/unitree/go2slam/install/unitree_go/include/unitree_go/unitree_go/msg/detail/bms_state__type_support.cpp
[2.698s] -- Installing: /home/unitree/go2slam/install/unitree_go/include/unitree_go/unitree_go/msg/detail/motor_states__type_support.cpp
[2.699s] -- Installing: /home/unitree/go2slam/install/unitree_go/include/unitree_go/unitree_go/msg/detail/uwb_state__type_support.cpp
[2.699s] -- Installing: /home/unitree/go2slam/install/unitree_go/include/unitree_go/unitree_go/msg/detail/bms_cmd__type_support.cpp
[2.699s] -- Installing: /home/unitree/go2slam/install/unitree_go/include/unitree_go/unitree_go/msg/detail/wireless_controller__rosidl_typesupport_introspection_cpp.hpp
[2.699s] -- Installing: /home/unitree/go2slam/install/unitree_go/include/unitree_go/unitree_go/msg/detail/imu_state__rosidl_typesupport_introspection_cpp.hpp
[2.700s] -- Installing: /home/unitree/go2slam/install/unitree_go/include/unitree_go/unitree_go/msg/detail/path_point__rosidl_typesupport_introspection_cpp.hpp
[2.700s] -- Installing: /home/unitree/go2slam/install/unitree_go/include/unitree_go/unitree_go/msg/detail/imu_state__type_support.cpp
[2.700s] -- Installing: /home/unitree/go2slam/install/unitree_go/include/unitree_go/unitree_go/msg/detail/path_point__type_support.cpp
[2.700s] -- Installing: /home/unitree/go2slam/install/unitree_go/include/unitree_go/unitree_go/msg/detail/height_map__rosidl_typesupport_introspection_cpp.hpp
[2.700s] -- Installing: /home/unitree/go2slam/install/unitree_go/lib/libunitree_go__rosidl_typesupport_introspection_cpp.so
[2.701s] -- Set non-toolchain portion of runtime path of "/home/unitree/go2slam/install/unitree_go/lib/libunitree_go__rosidl_typesupport_introspection_cpp.so" to ""
[2.702s] -- Installing: /home/unitree/go2slam/install/unitree_go/lib/libunitree_go__rosidl_typesupport_cpp.so
[2.703s] -- Set non-toolchain portion of runtime path of "/home/unitree/go2slam/install/unitree_go/lib/libunitree_go__rosidl_typesupport_cpp.so" to ""
[2.714s] -- Installing: /home/unitree/go2slam/install/unitree_go/share/unitree_go/environment/pythonpath.sh
[2.718s] -- Installing: /home/unitree/go2slam/install/unitree_go/share/unitree_go/environment/pythonpath.dsv
[2.723s] -- Installing: /home/unitree/go2slam/install/unitree_go/lib/python3.12/site-packages/unitree_go-0.0.0-py3.12.egg-info
[2.723s] -- Installing: /home/unitree/go2slam/install/unitree_go/lib/python3.12/site-packages/unitree_go-0.0.0-py3.12.egg-info/top_level.txt
[2.723s] -- Installing: /home/unitree/go2slam/install/unitree_go/lib/python3.12/site-packages/unitree_go-0.0.0-py3.12.egg-info/PKG-INFO
[2.724s] -- Installing: /home/unitree/go2slam/install/unitree_go/lib/python3.12/site-packages/unitree_go-0.0.0-py3.12.egg-info/dependency_links.txt
[2.724s] -- Installing: /home/unitree/go2slam/install/unitree_go/lib/python3.12/site-packages/unitree_go-0.0.0-py3.12.egg-info/SOURCES.txt
[2.724s] -- Installing: /home/unitree/go2slam/install/unitree_go/lib/python3.12/site-packages/unitree_go
[2.724s] -- Installing: /home/unitree/go2slam/install/unitree_go/lib/python3.12/site-packages/unitree_go/unitree_go_s__rosidl_typesupport_introspection_c.so
[2.725s] -- Installing: /home/unitree/go2slam/install/unitree_go/lib/python3.12/site-packages/unitree_go/_unitree_go_s.ep.rosidl_typesupport_introspection_c.c
[2.725s] -- Installing: /home/unitree/go2slam/install/unitree_go/lib/python3.12/site-packages/unitree_go/_unitree_go_s.ep.rosidl_typesupport_fastrtps_c.c
[2.725s] -- Installing: /home/unitree/go2slam/install/unitree_go/lib/python3.12/site-packages/unitree_go/__init__.py
[2.726s] -- Installing: /home/unitree/go2slam/install/unitree_go/lib/python3.12/site-packages/unitree_go/msg
[2.726s] -- Installing: /home/unitree/go2slam/install/unitree_go/lib/python3.12/site-packages/unitree_go/msg/_motor_cmd_s.c
[2.726s] -- Installing: /home/unitree/go2slam/install/unitree_go/lib/python3.12/site-packages/unitree_go/msg/_sport_mode_cmd_s.c
[2.730s] -- Installing: /home/unitree/go2slam/install/unitree_go/lib/python3.12/site-packages/unitree_go/msg/_interface_config_s.c
[2.731s] -- Installing: /home/unitree/go2slam/install/unitree_go/lib/python3.12/site-packages/unitree_go/msg/_wireless_controller.py
[2.731s] -- Installing: /home/unitree/go2slam/install/unitree_go/lib/python3.12/site-packages/unitree_go/msg/_height_map_s.c
[2.731s] -- Installing: /home/unitree/go2slam/install/unitree_go/lib/python3.12/site-packages/unitree_go/msg/_time_spec.py
[2.736s] -- Installing: /home/unitree/go2slam/install/unitree_go/lib/python3.12/site-packages/unitree_go/msg/_audio_data_s.c
[2.738s] -- Installing: /home/unitree/go2slam/install/unitree_go/lib/python3.12/site-packages/unitree_go/msg/_low_cmd.py
[2.738s] -- Installing: /home/unitree/go2slam/install/unitree_go/lib/python3.12/site-packages/unitree_go/msg/_go2_front_video_data_s.c
[2.755s] -- Installing: /home/unitree/go2slam/install/unitree_go/lib/python3.12/site-packages/unitree_go/msg/_motor_cmds.py
[2.756s] -- Installing: /home/unitree/go2slam/install/unitree_go/lib/python3.12/site-packages/unitree_go/msg/_error_s.c
[2.756s] -- Installing: /home/unitree/go2slam/install/unitree_go/lib/python3.12/site-packages/unitree_go/msg/_lidar_state_s.c
[2.757s] -- Installing: /home/unitree/go2slam/install/unitree_go/lib/python3.12/site-packages/unitree_go/msg/_req.py
[2.758s] -- Installing: /home/unitree/go2slam/install/unitree_go/lib/python3.12/site-packages/unitree_go/msg/_imu_state.py
[2.758s] -- Installing: /home/unitree/go2slam/install/unitree_go/lib/python3.12/site-packages/unitree_go/msg/_uwb_switch.py
[2.758s] -- Installing: /home/unitree/go2slam/install/unitree_go/lib/python3.12/site-packages/unitree_go/msg/_low_state.py
[2.759s] -- Installing: /home/unitree/go2slam/install/unitree_go/lib/python3.12/site-packages/unitree_go/msg/_lidar_state.py
[2.759s] -- Installing: /home/unitree/go2slam/install/unitree_go/lib/python3.12/site-packages/unitree_go/msg/_motor_cmds_s.c
[2.760s] -- Installing: /home/unitree/go2slam/install/unitree_go/lib/python3.12/site-packages/unitree_go/msg/_motor_state.py
[2.760s] -- Installing: /home/unitree/go2slam/install/unitree_go/lib/python3.12/site-packages/unitree_go/msg/_path_point_s.c
[2.761s] -- Installing: /home/unitree/go2slam/install/unitree_go/lib/python3.12/site-packages/unitree_go/msg/_imu_state_s.c
[2.761s] -- Installing: /home/unitree/go2slam/install/unitree_go/lib/python3.12/site-packages/unitree_go/msg/_low_state_s.c
[2.762s] -- Installing: /home/unitree/go2slam/install/unitree_go/lib/python3.12/site-packages/unitree_go/msg/_res_s.c
[2.763s] -- Installing: /home/unitree/go2slam/install/unitree_go/lib/python3.12/site-packages/unitree_go/msg/__init__.py
[2.765s] -- Installing: /home/unitree/go2slam/install/unitree_go/lib/python3.12/site-packages/unitree_go/msg/_res.py
[2.766s] -- Installing: /home/unitree/go2slam/install/unitree_go/lib/python3.12/site-packages/unitree_go/msg/_time_spec_s.c
[2.766s] -- Installing: /home/unitree/go2slam/install/unitree_go/lib/python3.12/site-packages/unitree_go/msg/_uwb_state_s.c
[2.766s] -- Installing: /home/unitree/go2slam/install/unitree_go/lib/python3.12/site-packages/unitree_go/msg/_motor_states.py
[2.766s] -- Installing: /home/unitree/go2slam/install/unitree_go/lib/python3.12/site-packages/unitree_go/msg/_uwb_switch_s.c
[2.766s] -- Installing: /home/unitree/go2slam/install/unitree_go/lib/python3.12/site-packages/unitree_go/msg/_bms_state.py
[2.767s] -- Installing: /home/unitree/go2slam/install/unitree_go/lib/python3.12/site-packages/unitree_go/msg/_go2_front_video_data.py
[2.770s] -- Installing: /home/unitree/go2slam/install/unitree_go/lib/python3.12/site-packages/unitree_go/msg/_path_point.py
[2.770s] -- Installing: /home/unitree/go2slam/install/unitree_go/lib/python3.12/site-packages/unitree_go/msg/_bms_cmd.py
[2.770s] -- Installing: /home/unitree/go2slam/install/unitree_go/lib/python3.12/site-packages/unitree_go/msg/_wireless_controller_s.c
[2.771s] -- Installing: /home/unitree/go2slam/install/unitree_go/lib/python3.12/site-packages/unitree_go/msg/_bms_state_s.c
[2.771s] -- Installing: /home/unitree/go2slam/install/unitree_go/lib/python3.12/site-packages/unitree_go/msg/_bms_cmd_s.c
[2.771s] -- Installing: /home/unitree/go2slam/install/unitree_go/lib/python3.12/site-packages/unitree_go/msg/_interface_config.py
[2.771s] -- Installing: /home/unitree/go2slam/install/unitree_go/lib/python3.12/site-packages/unitree_go/msg/_req_s.c
[2.771s] -- Installing: /home/unitree/go2slam/install/unitree_go/lib/python3.12/site-packages/unitree_go/msg/_uwb_state.py
[2.771s] -- Installing: /home/unitree/go2slam/install/unitree_go/lib/python3.12/site-packages/unitree_go/msg/_low_cmd_s.c
[2.772s] -- Installing: /home/unitree/go2slam/install/unitree_go/lib/python3.12/site-packages/unitree_go/msg/_sport_mode_cmd.py
[2.772s] -- Installing: /home/unitree/go2slam/install/unitree_go/lib/python3.12/site-packages/unitree_go/msg/_sport_mode_state.py
[2.772s] -- Installing: /home/unitree/go2slam/install/unitree_go/lib/python3.12/site-packages/unitree_go/msg/_height_map.py
[2.772s] -- Installing: /home/unitree/go2slam/install/unitree_go/lib/python3.12/site-packages/unitree_go/msg/_motor_states_s.c
[2.772s] -- Installing: /home/unitree/go2slam/install/unitree_go/lib/python3.12/site-packages/unitree_go/msg/_sport_mode_state_s.c
[2.773s] -- Installing: /home/unitree/go2slam/install/unitree_go/lib/python3.12/site-packages/unitree_go/msg/_audio_data.py
[2.773s] -- Installing: /home/unitree/go2slam/install/unitree_go/lib/python3.12/site-packages/unitree_go/msg/_motor_cmd.py
[2.773s] -- Installing: /home/unitree/go2slam/install/unitree_go/lib/python3.12/site-packages/unitree_go/msg/_motor_state_s.c
[2.773s] -- Installing: /home/unitree/go2slam/install/unitree_go/lib/python3.12/site-packages/unitree_go/msg/_error.py
[2.774s] -- Installing: /home/unitree/go2slam/install/unitree_go/lib/python3.12/site-packages/unitree_go/unitree_go_s__rosidl_typesupport_fastrtps_c.so
[2.774s] -- Installing: /home/unitree/go2slam/install/unitree_go/lib/python3.12/site-packages/unitree_go/unitree_go_s__rosidl_typesupport_c.so
[2.774s] -- Installing: /home/unitree/go2slam/install/unitree_go/lib/python3.12/site-packages/unitree_go/_unitree_go_s.ep.rosidl_typesupport_c.c
[2.924s] Listing '/home/unitree/go2slam/install/unitree_go/lib/python3.12/site-packages/unitree_go'...
[2.924s] Compiling '/home/unitree/go2slam/install/unitree_go/lib/python3.12/site-packages/unitree_go/__init__.py'...
[2.925s] Listing '/home/unitree/go2slam/install/unitree_go/lib/python3.12/site-packages/unitree_go/msg'...
[2.925s] Compiling '/home/unitree/go2slam/install/unitree_go/lib/python3.12/site-packages/unitree_go/msg/__init__.py'...
[2.925s] Compiling '/home/unitree/go2slam/install/unitree_go/lib/python3.12/site-packages/unitree_go/msg/_audio_data.py'...
[2.925s] Compiling '/home/unitree/go2slam/install/unitree_go/lib/python3.12/site-packages/unitree_go/msg/_bms_cmd.py'...
[2.925s] Compiling '/home/unitree/go2slam/install/unitree_go/lib/python3.12/site-packages/unitree_go/msg/_bms_state.py'...
[2.925s] Compiling '/home/unitree/go2slam/install/unitree_go/lib/python3.12/site-packages/unitree_go/msg/_error.py'...
[2.926s] Compiling '/home/unitree/go2slam/install/unitree_go/lib/python3.12/site-packages/unitree_go/msg/_go2_front_video_data.py'...
[2.926s] Compiling '/home/unitree/go2slam/install/unitree_go/lib/python3.12/site-packages/unitree_go/msg/_height_map.py'...
[2.926s] Compiling '/home/unitree/go2slam/install/unitree_go/lib/python3.12/site-packages/unitree_go/msg/_imu_state.py'...
[2.926s] Compiling '/home/unitree/go2slam/install/unitree_go/lib/python3.12/site-packages/unitree_go/msg/_interface_config.py'...
[2.926s] Compiling '/home/unitree/go2slam/install/unitree_go/lib/python3.12/site-packages/unitree_go/msg/_lidar_state.py'...
[2.926s] Compiling '/home/unitree/go2slam/install/unitree_go/lib/python3.12/site-packages/unitree_go/msg/_low_cmd.py'...
[2.926s] Compiling '/home/unitree/go2slam/install/unitree_go/lib/python3.12/site-packages/unitree_go/msg/_low_state.py'...
[2.927s] Compiling '/home/unitree/go2slam/install/unitree_go/lib/python3.12/site-packages/unitree_go/msg/_motor_cmd.py'...
[2.927s] Compiling '/home/unitree/go2slam/install/unitree_go/lib/python3.12/site-packages/unitree_go/msg/_motor_cmds.py'...
[2.927s] Compiling '/home/unitree/go2slam/install/unitree_go/lib/python3.12/site-packages/unitree_go/msg/_motor_state.py'...
[2.927s] Compiling '/home/unitree/go2slam/install/unitree_go/lib/python3.12/site-packages/unitree_go/msg/_motor_states.py'...
[2.927s] Compiling '/home/unitree/go2slam/install/unitree_go/lib/python3.12/site-packages/unitree_go/msg/_path_point.py'...
[2.927s] Compiling '/home/unitree/go2slam/install/unitree_go/lib/python3.12/site-packages/unitree_go/msg/_req.py'...
[2.928s] Compiling '/home/unitree/go2slam/install/unitree_go/lib/python3.12/site-packages/unitree_go/msg/_res.py'...
[2.928s] Compiling '/home/unitree/go2slam/install/unitree_go/lib/python3.12/site-packages/unitree_go/msg/_sport_mode_cmd.py'...
[2.928s] Compiling '/home/unitree/go2slam/install/unitree_go/lib/python3.12/site-packages/unitree_go/msg/_sport_mode_state.py'...
[2.928s] Compiling '/home/unitree/go2slam/install/unitree_go/lib/python3.12/site-packages/unitree_go/msg/_time_spec.py'...
[2.928s] Compiling '/home/unitree/go2slam/install/unitree_go/lib/python3.12/site-packages/unitree_go/msg/_uwb_state.py'...
[2.928s] Compiling '/home/unitree/go2slam/install/unitree_go/lib/python3.12/site-packages/unitree_go/msg/_uwb_switch.py'...
[2.929s] Compiling '/home/unitree/go2slam/install/unitree_go/lib/python3.12/site-packages/unitree_go/msg/_wireless_controller.py'...
[2.943s] -- Installing: /home/unitree/go2slam/install/unitree_go/lib/python3.12/site-packages/unitree_go/unitree_go_s__rosidl_typesupport_fastrtps_c.so
[2.944s] -- Set non-toolchain portion of runtime path of "/home/unitree/go2slam/install/unitree_go/lib/python3.12/site-packages/unitree_go/unitree_go_s__rosidl_typesupport_fastrtps_c.so" to ""
[2.945s] -- Installing: /home/unitree/go2slam/install/unitree_go/lib/python3.12/site-packages/unitree_go/unitree_go_s__rosidl_typesupport_introspection_c.so
[2.947s] -- Set non-toolchain portion of runtime path of "/home/unitree/go2slam/install/unitree_go/lib/python3.12/site-packages/unitree_go/unitree_go_s__rosidl_typesupport_introspection_c.so" to ""
[2.948s] -- Installing: /home/unitree/go2slam/install/unitree_go/lib/python3.12/site-packages/unitree_go/unitree_go_s__rosidl_typesupport_c.so
[2.948s] -- Set non-toolchain portion of runtime path of "/home/unitree/go2slam/install/unitree_go/lib/python3.12/site-packages/unitree_go/unitree_go_s__rosidl_typesupport_c.so" to ""
[2.948s] -- Installing: /home/unitree/go2slam/install/unitree_go/lib/libunitree_go__rosidl_generator_py.so
[2.951s] -- Set non-toolchain portion of runtime path of "/home/unitree/go2slam/install/unitree_go/lib/libunitree_go__rosidl_generator_py.so" to ""
[2.952s] -- Installing: /home/unitree/go2slam/install/unitree_go/share/ament_index/resource_index/rust_packages/unitree_go
[2.954s] -- Installing: /home/unitree/go2slam/install/unitree_go/share/unitree_go/rust
[2.954s] -- Installing: /home/unitree/go2slam/install/unitree_go/share/unitree_go/rust/build.rs
[2.955s] -- Installing: /home/unitree/go2slam/install/unitree_go/share/unitree_go/rust/src
[2.955s] -- Installing: /home/unitree/go2slam/install/unitree_go/share/unitree_go/rust/src/msg
[3.016s] -- Installing: /home/unitree/go2slam/install/unitree_go/share/unitree_go/rust/src/msg/rmw.rs
[3.016s] -- Installing: /home/unitree/go2slam/install/unitree_go/share/unitree_go/rust/src/msg.rs
[3.016s] -- Installing: /home/unitree/go2slam/install/unitree_go/share/unitree_go/rust/src/lib.rs
[3.016s] -- Installing: /home/unitree/go2slam/install/unitree_go/share/unitree_go/rust/Cargo.toml
[3.016s] -- Installing: /home/unitree/go2slam/install/unitree_go/share/unitree_go/msg/AudioData.idl
[3.017s] -- Installing: /home/unitree/go2slam/install/unitree_go/share/unitree_go/msg/BmsCmd.idl
[3.017s] -- Installing: /home/unitree/go2slam/install/unitree_go/share/unitree_go/msg/BmsState.idl
[3.017s] -- Installing: /home/unitree/go2slam/install/unitree_go/share/unitree_go/msg/Error.idl
[3.017s] -- Installing: /home/unitree/go2slam/install/unitree_go/share/unitree_go/msg/Go2FrontVideoData.idl
[3.017s] -- Installing: /home/unitree/go2slam/install/unitree_go/share/unitree_go/msg/HeightMap.idl
[3.017s] -- Installing: /home/unitree/go2slam/install/unitree_go/share/unitree_go/msg/IMUState.idl
[3.018s] -- Installing: /home/unitree/go2slam/install/unitree_go/share/unitree_go/msg/InterfaceConfig.idl
[3.018s] -- Installing: /home/unitree/go2slam/install/unitree_go/share/unitree_go/msg/LidarState.idl
[3.018s] -- Installing: /home/unitree/go2slam/install/unitree_go/share/unitree_go/msg/LowCmd.idl
[3.018s] -- Installing: /home/unitree/go2slam/install/unitree_go/share/unitree_go/msg/LowState.idl
[3.018s] -- Installing: /home/unitree/go2slam/install/unitree_go/share/unitree_go/msg/MotorCmd.idl
[3.018s] -- Installing: /home/unitree/go2slam/install/unitree_go/share/unitree_go/msg/MotorCmds.idl
[3.019s] -- Installing: /home/unitree/go2slam/install/unitree_go/share/unitree_go/msg/MotorState.idl
[3.019s] -- Installing: /home/unitree/go2slam/install/unitree_go/share/unitree_go/msg/MotorStates.idl
[3.019s] -- Installing: /home/unitree/go2slam/install/unitree_go/share/unitree_go/msg/PathPoint.idl
[3.019s] -- Installing: /home/unitree/go2slam/install/unitree_go/share/unitree_go/msg/Req.idl
[3.019s] -- Installing: /home/unitree/go2slam/install/unitree_go/share/unitree_go/msg/Res.idl
[3.019s] -- Installing: /home/unitree/go2slam/install/unitree_go/share/unitree_go/msg/SportModeCmd.idl
[3.020s] -- Installing: /home/unitree/go2slam/install/unitree_go/share/unitree_go/msg/SportModeState.idl
[3.020s] -- Installing: /home/unitree/go2slam/install/unitree_go/share/unitree_go/msg/TimeSpec.idl
[3.020s] -- Installing: /home/unitree/go2slam/install/unitree_go/share/unitree_go/msg/UwbState.idl
[3.020s] -- Installing: /home/unitree/go2slam/install/unitree_go/share/unitree_go/msg/UwbSwitch.idl
[3.020s] -- Installing: /home/unitree/go2slam/install/unitree_go/share/unitree_go/msg/WirelessController.idl
[3.020s] -- Installing: /home/unitree/go2slam/install/unitree_go/share/unitree_go/msg/AudioData.msg
[3.020s] -- Installing: /home/unitree/go2slam/install/unitree_go/share/unitree_go/msg/BmsCmd.msg
[3.021s] -- Installing: /home/unitree/go2slam/install/unitree_go/share/unitree_go/msg/BmsState.msg
[3.021s] -- Installing: /home/unitree/go2slam/install/unitree_go/share/unitree_go/msg/Error.msg
[3.021s] -- Installing: /home/unitree/go2slam/install/unitree_go/share/unitree_go/msg/Go2FrontVideoData.msg
[3.021s] -- Installing: /home/unitree/go2slam/install/unitree_go/share/unitree_go/msg/HeightMap.msg
[3.021s] -- Installing: /home/unitree/go2slam/install/unitree_go/share/unitree_go/msg/IMUState.msg
[3.021s] -- Installing: /home/unitree/go2slam/install/unitree_go/share/unitree_go/msg/InterfaceConfig.msg
[3.022s] -- Installing: /home/unitree/go2slam/install/unitree_go/share/unitree_go/msg/LidarState.msg
[3.022s] -- Installing: /home/unitree/go2slam/install/unitree_go/share/unitree_go/msg/LowCmd.msg
[3.022s] -- Installing: /home/unitree/go2slam/install/unitree_go/share/unitree_go/msg/LowState.msg
[3.022s] -- Installing: /home/unitree/go2slam/install/unitree_go/share/unitree_go/msg/MotorCmd.msg
[3.022s] -- Installing: /home/unitree/go2slam/install/unitree_go/share/unitree_go/msg/MotorCmds.msg
[3.022s] -- Installing: /home/unitree/go2slam/install/unitree_go/share/unitree_go/msg/MotorState.msg
[3.023s] -- Installing: /home/unitree/go2slam/install/unitree_go/share/unitree_go/msg/MotorStates.msg
[3.023s] -- Installing: /home/unitree/go2slam/install/unitree_go/share/unitree_go/msg/PathPoint.msg
[3.023s] -- Installing: /home/unitree/go2slam/install/unitree_go/share/unitree_go/msg/Req.msg
[3.023s] -- Installing: /home/unitree/go2slam/install/unitree_go/share/unitree_go/msg/Res.msg
[3.023s] -- Installing: /home/unitree/go2slam/install/unitree_go/share/unitree_go/msg/SportModeCmd.msg
[3.023s] -- Installing: /home/unitree/go2slam/install/unitree_go/share/unitree_go/msg/SportModeState.msg
[3.024s] -- Installing: /home/unitree/go2slam/install/unitree_go/share/unitree_go/msg/TimeSpec.msg
[3.024s] -- Installing: /home/unitree/go2slam/install/unitree_go/share/unitree_go/msg/UwbState.msg
[3.024s] -- Installing: /home/unitree/go2slam/install/unitree_go/share/unitree_go/msg/UwbSwitch.msg
[3.024s] -- Installing: /home/unitree/go2slam/install/unitree_go/share/unitree_go/msg/WirelessController.msg
[3.024s] -- Installing: /home/unitree/go2slam/install/unitree_go/share/unitree_go/msg/dds_connext
[3.024s] -- Installing: /home/unitree/go2slam/install/unitree_go/share/unitree_go/msg/dds_connext/InterfaceConfig_.idl
[3.024s] -- Installing: /home/unitree/go2slam/install/unitree_go/share/unitree_go/msg/dds_connext/WirelessController_.idl
[3.025s] -- Installing: /home/unitree/go2slam/install/unitree_go/share/unitree_go/msg/dds_connext/SportModeCmd_.idl
[3.025s] -- Installing: /home/unitree/go2slam/install/unitree_go/share/unitree_go/msg/dds_connext/MotorState_.idl
[3.025s] -- Installing: /home/unitree/go2slam/install/unitree_go/share/unitree_go/msg/dds_connext/AudioData_.idl
[3.025s] -- Installing: /home/unitree/go2slam/install/unitree_go/share/unitree_go/msg/dds_connext/MotorCmds_.idl
[3.025s] -- Installing: /home/unitree/go2slam/install/unitree_go/share/unitree_go/msg/dds_connext/HeightMap_.idl
[3.025s] -- Installing: /home/unitree/go2slam/install/unitree_go/share/unitree_go/msg/dds_connext/BmsState_.idl
[3.026s] -- Installing: /home/unitree/go2slam/install/unitree_go/share/unitree_go/msg/dds_connext/LowState_.idl
[3.026s] -- Installing: /home/unitree/go2slam/install/unitree_go/share/unitree_go/msg/dds_connext/MotorCmd_.idl
[3.026s] -- Installing: /home/unitree/go2slam/install/unitree_go/share/unitree_go/msg/dds_connext/UwbState_.idl
[3.026s] -- Installing: /home/unitree/go2slam/install/unitree_go/share/unitree_go/msg/dds_connext/Error_.idl
[3.026s] -- Installing: /home/unitree/go2slam/install/unitree_go/share/unitree_go/msg/dds_connext/MotorStates_.idl
[3.026s] -- Installing: /home/unitree/go2slam/install/unitree_go/share/unitree_go/msg/dds_connext/Res_.idl
[3.027s] -- Installing: /home/unitree/go2slam/install/unitree_go/share/unitree_go/msg/dds_connext/UwbSwitch_.idl
[3.027s] -- Installing: /home/unitree/go2slam/install/unitree_go/share/unitree_go/msg/dds_connext/PathPoint_.idl
[3.027s] -- Installing: /home/unitree/go2slam/install/unitree_go/share/unitree_go/msg/dds_connext/TimeSpec_.idl
[3.027s] -- Installing: /home/unitree/go2slam/install/unitree_go/share/unitree_go/msg/dds_connext/LowCmd_.idl
[3.027s] -- Installing: /home/unitree/go2slam/install/unitree_go/share/unitree_go/msg/dds_connext/SportModeState_.idl
[3.027s] -- Installing: /home/unitree/go2slam/install/unitree_go/share/unitree_go/msg/dds_connext/LidarState_.idl
[3.028s] -- Installing: /home/unitree/go2slam/install/unitree_go/share/unitree_go/msg/dds_connext/IMUState_.idl
[3.028s] -- Installing: /home/unitree/go2slam/install/unitree_go/share/unitree_go/msg/dds_connext/Req_.idl
[3.028s] -- Installing: /home/unitree/go2slam/install/unitree_go/share/unitree_go/msg/dds_connext/Go2FrontVideoData_.idl
[3.028s] -- Installing: /home/unitree/go2slam/install/unitree_go/share/unitree_go/msg/dds_connext/BmsCmd_.idl
[3.028s] -- Installing: /home/unitree/go2slam/install/unitree_go/share/ament_index/resource_index/package_run_dependencies/unitree_go
[3.028s] -- Installing: /home/unitree/go2slam/install/unitree_go/share/ament_index/resource_index/parent_prefix_path/unitree_go
[3.029s] -- Installing: /home/unitree/go2slam/install/unitree_go/share/unitree_go/environment/ament_prefix_path.sh
[3.029s] -- Installing: /home/unitree/go2slam/install/unitree_go/share/unitree_go/environment/ament_prefix_path.dsv
[3.029s] -- Installing: /home/unitree/go2slam/install/unitree_go/share/unitree_go/environment/path.sh
[3.029s] -- Installing: /home/unitree/go2slam/install/unitree_go/share/unitree_go/environment/path.dsv
[3.029s] -- Installing: /home/unitree/go2slam/install/unitree_go/share/unitree_go/local_setup.bash
[3.029s] -- Installing: /home/unitree/go2slam/install/unitree_go/share/unitree_go/local_setup.sh
[3.030s] -- Installing: /home/unitree/go2slam/install/unitree_go/share/unitree_go/local_setup.zsh
[3.030s] -- Installing: /home/unitree/go2slam/install/unitree_go/share/unitree_go/local_setup.dsv
[3.030s] -- Installing: /home/unitree/go2slam/install/unitree_go/share/unitree_go/package.dsv
[3.030s] -- Installing: /home/unitree/go2slam/install/unitree_go/share/ament_index/resource_index/packages/unitree_go
[3.030s] -- Installing: /home/unitree/go2slam/install/unitree_go/share/unitree_go/cmake/export_unitree_go__rosidl_generator_cExport.cmake
[3.030s] -- Installing: /home/unitree/go2slam/install/unitree_go/share/unitree_go/cmake/export_unitree_go__rosidl_generator_cExport-noconfig.cmake
[3.031s] -- Installing: /home/unitree/go2slam/install/unitree_go/share/unitree_go/cmake/export_unitree_go__rosidl_typesupport_fastrtps_cExport.cmake
[3.031s] -- Installing: /home/unitree/go2slam/install/unitree_go/share/unitree_go/cmake/export_unitree_go__rosidl_typesupport_fastrtps_cExport-noconfig.cmake
[3.031s] -- Installing: /home/unitree/go2slam/install/unitree_go/share/unitree_go/cmake/export_unitree_go__rosidl_generator_cppExport.cmake
[3.031s] -- Installing: /home/unitree/go2slam/install/unitree_go/share/unitree_go/cmake/export_unitree_go__rosidl_typesupport_fastrtps_cppExport.cmake
[3.031s] -- Installing: /home/unitree/go2slam/install/unitree_go/share/unitree_go/cmake/export_unitree_go__rosidl_typesupport_fastrtps_cppExport-noconfig.cmake
[3.031s] -- Installing: /home/unitree/go2slam/install/unitree_go/share/unitree_go/cmake/unitree_go__rosidl_typesupport_introspection_cExport.cmake
[3.032s] -- Installing: /home/unitree/go2slam/install/unitree_go/share/unitree_go/cmake/unitree_go__rosidl_typesupport_introspection_cExport-noconfig.cmake
[3.032s] -- Installing: /home/unitree/go2slam/install/unitree_go/share/unitree_go/cmake/unitree_go__rosidl_typesupport_cExport.cmake
[3.032s] -- Installing: /home/unitree/go2slam/install/unitree_go/share/unitree_go/cmake/unitree_go__rosidl_typesupport_cExport-noconfig.cmake
[3.032s] -- Installing: /home/unitree/go2slam/install/unitree_go/share/unitree_go/cmake/unitree_go__rosidl_typesupport_introspection_cppExport.cmake
[3.032s] -- Installing: /home/unitree/go2slam/install/unitree_go/share/unitree_go/cmake/unitree_go__rosidl_typesupport_introspection_cppExport-noconfig.cmake
[3.032s] -- Installing: /home/unitree/go2slam/install/unitree_go/share/unitree_go/cmake/unitree_go__rosidl_typesupport_cppExport.cmake
[3.032s] -- Installing: /home/unitree/go2slam/install/unitree_go/share/unitree_go/cmake/unitree_go__rosidl_typesupport_cppExport-noconfig.cmake
[3.033s] -- Installing: /home/unitree/go2slam/install/unitree_go/share/unitree_go/cmake/export_unitree_go__rosidl_generator_pyExport.cmake
[3.033s] -- Installing: /home/unitree/go2slam/install/unitree_go/share/unitree_go/cmake/export_unitree_go__rosidl_generator_pyExport-noconfig.cmake
[3.033s] -- Installing: /home/unitree/go2slam/install/unitree_go/share/unitree_go/cmake/rosidl_cmake-extras.cmake
[3.033s] -- Installing: /home/unitree/go2slam/install/unitree_go/share/unitree_go/cmake/ament_cmake_export_dependencies-extras.cmake
[3.033s] -- Installing: /home/unitree/go2slam/install/unitree_go/share/unitree_go/cmake/ament_cmake_export_include_directories-extras.cmake
[3.033s] -- Installing: /home/unitree/go2slam/install/unitree_go/share/unitree_go/cmake/ament_cmake_export_libraries-extras.cmake
[3.034s] -- Installing: /home/unitree/go2slam/install/unitree_go/share/unitree_go/cmake/ament_cmake_export_targets-extras.cmake
[3.034s] -- Installing: /home/unitree/go2slam/install/unitree_go/share/unitree_go/cmake/rosidl_cmake_export_typesupport_targets-extras.cmake
[3.034s] -- Installing: /home/unitree/go2slam/install/unitree_go/share/unitree_go/cmake/rosidl_cmake_export_typesupport_libraries-extras.cmake
[3.034s] -- Installing: /home/unitree/go2slam/install/unitree_go/share/unitree_go/cmake/unitree_goConfig.cmake
[3.034s] -- Installing: /home/unitree/go2slam/install/unitree_go/share/unitree_go/cmake/unitree_goConfig-version.cmake
[3.034s] -- Installing: /home/unitree/go2slam/install/unitree_go/share/unitree_go/package.xml
[3.055s] Invoked command in '/home/unitree/go2slam/build/unitree_go' returned '0': CMAKE_PREFIX_PATH=${CMAKE_PREFIX_PATH}:/opt/ros/jazzy /usr/bin/cmake --install /home/unitree/go2slam/build/unitree_go
