[0.065s] Invoking command in '/home/unitree/go2slam/build/unitree_api': CMAKE_PREFIX_PATH=${CMAKE_PREFIX_PATH}:/opt/ros/jazzy /usr/bin/cmake --build /home/unitree/go2slam/build/unitree_api -- -j6 -l6
[0.350s] [  1%] Built target unitree_api__rs
[0.411s] [  2%] Built target unitree_api__rosidl_generator_type_description
[0.441s] [  3%] Built target unitree_api__dds_connext_idl
[0.554s] [  3%] Built target ament_cmake_python_copy_unitree_api
[0.595s] [  3%] Built target unitree_api__cpp
[0.642s] [ 28%] Built target unitree_api__rosidl_generator_c
[0.856s] [ 38%] Built target unitree_api__rosidl_typesupport_fastrtps_c
[0.877s] [ 48%] Built target unitree_api__rosidl_typesupport_c
[0.894s] [ 57%] Built target unitree_api__rosidl_typesupport_introspection_c
[0.927s] [ 66%] Built target unitree_api__rosidl_typesupport_fastrtps_cpp
[0.989s] [ 76%] Built target unitree_api__rosidl_typesupport_introspection_cpp
[1.018s] [ 85%] Built target unitree_api__rosidl_typesupport_cpp
[1.187s] [ 85%] Built target unitree_api
[1.277s] [ 86%] Built target unitree_api__py
[1.365s] [ 94%] Built target unitree_api__rosidl_generator_py
[1.517s] [ 96%] Built target unitree_api_s__rosidl_typesupport_fastrtps_c
[1.538s] [ 98%] Built target unitree_api_s__rosidl_typesupport_c
[1.546s] [100%] Built target unitree_api_s__rosidl_typesupport_introspection_c
[1.732s] running egg_info
[1.808s] writing unitree_api.egg-info/PKG-INFO
[1.809s] writing dependency_links to unitree_api.egg-info/dependency_links.txt
[1.810s] writing top-level names to unitree_api.egg-info/top_level.txt
[1.925s] reading manifest file 'unitree_api.egg-info/SOURCES.txt'
[1.926s] writing manifest file 'unitree_api.egg-info/SOURCES.txt'
[2.037s] [100%] Built target ament_cmake_python_build_unitree_api_egg
[2.141s] Invoked command in '/home/unitree/go2slam/build/unitree_api' returned '0': CMAKE_PREFIX_PATH=${CMAKE_PREFIX_PATH}:/opt/ros/jazzy /usr/bin/cmake --build /home/unitree/go2slam/build/unitree_api -- -j6 -l6
[2.142s] Invoking command in '/home/unitree/go2slam/build/unitree_api': CMAKE_PREFIX_PATH=${CMAKE_PREFIX_PATH}:/opt/ros/jazzy /usr/bin/cmake --install /home/unitree/go2slam/build/unitree_api
[2.361s] -- Install configuration: ""
[2.361s] -- Up-to-date: /home/unitree/go2slam/install/unitree_api/share/ament_index/resource_index/rosidl_interfaces/unitree_api
[2.361s] -- Up-to-date: /home/unitree/go2slam/install/unitree_api/share/unitree_api/msg/Request.json
[2.361s] -- Up-to-date: /home/unitree/go2slam/install/unitree_api/share/unitree_api/msg/RequestHeader.json
[2.362s] -- Up-to-date: /home/unitree/go2slam/install/unitree_api/share/unitree_api/msg/RequestIdentity.json
[2.362s] -- Up-to-date: /home/unitree/go2slam/install/unitree_api/share/unitree_api/msg/RequestLease.json
[2.362s] -- Up-to-date: /home/unitree/go2slam/install/unitree_api/share/unitree_api/msg/RequestPolicy.json
[2.362s] -- Up-to-date: /home/unitree/go2slam/install/unitree_api/share/unitree_api/msg/Response.json
[2.363s] -- Up-to-date: /home/unitree/go2slam/install/unitree_api/share/unitree_api/msg/ResponseHeader.json
[2.363s] -- Up-to-date: /home/unitree/go2slam/install/unitree_api/share/unitree_api/msg/ResponseStatus.json
[2.363s] -- Up-to-date: /home/unitree/go2slam/install/unitree_api/include/unitree_api/unitree_api
[2.363s] -- Up-to-date: /home/unitree/go2slam/install/unitree_api/include/unitree_api/unitree_api/msg
[2.364s] -- Up-to-date: /home/unitree/go2slam/install/unitree_api/include/unitree_api/unitree_api/msg/request.h
[2.364s] -- Up-to-date: /home/unitree/go2slam/install/unitree_api/include/unitree_api/unitree_api/msg/response_status.h
[2.366s] -- Up-to-date: /home/unitree/go2slam/install/unitree_api/include/unitree_api/unitree_api/msg/request_header.h
[2.366s] -- Up-to-date: /home/unitree/go2slam/install/unitree_api/include/unitree_api/unitree_api/msg/response_header.h
[2.366s] -- Up-to-date: /home/unitree/go2slam/install/unitree_api/include/unitree_api/unitree_api/msg/rosidl_generator_c__visibility_control.h
[2.367s] -- Up-to-date: /home/unitree/go2slam/install/unitree_api/include/unitree_api/unitree_api/msg/request_policy.h
[2.368s] -- Up-to-date: /home/unitree/go2slam/install/unitree_api/include/unitree_api/unitree_api/msg/detail
[2.368s] -- Up-to-date: /home/unitree/go2slam/install/unitree_api/include/unitree_api/unitree_api/msg/detail/request_identity__struct.h
[2.368s] -- Up-to-date: /home/unitree/go2slam/install/unitree_api/include/unitree_api/unitree_api/msg/detail/request_lease__struct.h
[2.369s] -- Up-to-date: /home/unitree/go2slam/install/unitree_api/include/unitree_api/unitree_api/msg/detail/request_header__struct.h
[2.369s] -- Up-to-date: /home/unitree/go2slam/install/unitree_api/include/unitree_api/unitree_api/msg/detail/request_header__functions.h
[2.369s] -- Installing: /home/unitree/go2slam/install/unitree_api/include/unitree_api/unitree_api/msg/detail/request_header__type_support.c
[2.369s] -- Up-to-date: /home/unitree/go2slam/install/unitree_api/include/unitree_api/unitree_api/msg/detail/request_identity__functions.c
[2.369s] -- Installing: /home/unitree/go2slam/install/unitree_api/include/unitree_api/unitree_api/msg/detail/request_identity__type_support.c
[2.369s] -- Up-to-date: /home/unitree/go2slam/install/unitree_api/include/unitree_api/unitree_api/msg/detail/response_header__description.c
[2.370s] -- Up-to-date: /home/unitree/go2slam/install/unitree_api/include/unitree_api/unitree_api/msg/detail/request__description.c
[2.370s] -- Up-to-date: /home/unitree/go2slam/install/unitree_api/include/unitree_api/unitree_api/msg/detail/response__description.c
[2.370s] -- Up-to-date: /home/unitree/go2slam/install/unitree_api/include/unitree_api/unitree_api/msg/detail/request_policy__struct.h
[2.370s] -- Up-to-date: /home/unitree/go2slam/install/unitree_api/include/unitree_api/unitree_api/msg/detail/response_status__functions.c
[2.370s] -- Up-to-date: /home/unitree/go2slam/install/unitree_api/include/unitree_api/unitree_api/msg/detail/response__struct.h
[2.371s] -- Up-to-date: /home/unitree/go2slam/install/unitree_api/include/unitree_api/unitree_api/msg/detail/request_header__description.c
[2.371s] -- Installing: /home/unitree/go2slam/install/unitree_api/include/unitree_api/unitree_api/msg/detail/response_status__type_support.c
[2.375s] -- Installing: /home/unitree/go2slam/install/unitree_api/include/unitree_api/unitree_api/msg/detail/request_policy__type_support.c
[2.375s] -- Up-to-date: /home/unitree/go2slam/install/unitree_api/include/unitree_api/unitree_api/msg/detail/request__type_support.h
[2.375s] -- Up-to-date: /home/unitree/go2slam/install/unitree_api/include/unitree_api/unitree_api/msg/detail/response_status__type_support.h
[2.376s] -- Up-to-date: /home/unitree/go2slam/install/unitree_api/include/unitree_api/unitree_api/msg/detail/request_policy__description.c
[2.376s] -- Up-to-date: /home/unitree/go2slam/install/unitree_api/include/unitree_api/unitree_api/msg/detail/request_identity__functions.h
[2.376s] -- Up-to-date: /home/unitree/go2slam/install/unitree_api/include/unitree_api/unitree_api/msg/detail/request__functions.h
[2.377s] -- Up-to-date: /home/unitree/go2slam/install/unitree_api/include/unitree_api/unitree_api/msg/detail/response_header__functions.h
[2.377s] -- Installing: /home/unitree/go2slam/install/unitree_api/include/unitree_api/unitree_api/msg/detail/response_header__type_support.c
[2.377s] -- Up-to-date: /home/unitree/go2slam/install/unitree_api/include/unitree_api/unitree_api/msg/detail/request_lease__functions.c
[2.377s] -- Up-to-date: /home/unitree/go2slam/install/unitree_api/include/unitree_api/unitree_api/msg/detail/request_header__type_support.h
[2.377s] -- Installing: /home/unitree/go2slam/install/unitree_api/include/unitree_api/unitree_api/msg/detail/request_lease__type_support.c
[2.377s] -- Up-to-date: /home/unitree/go2slam/install/unitree_api/include/unitree_api/unitree_api/msg/detail/request__struct.h
[2.378s] -- Up-to-date: /home/unitree/go2slam/install/unitree_api/include/unitree_api/unitree_api/msg/detail/response__type_support.h
[2.378s] -- Up-to-date: /home/unitree/go2slam/install/unitree_api/include/unitree_api/unitree_api/msg/detail/response_header__struct.h
[2.378s] -- Up-to-date: /home/unitree/go2slam/install/unitree_api/include/unitree_api/unitree_api/msg/detail/request_policy__type_support.h
[2.378s] -- Up-to-date: /home/unitree/go2slam/install/unitree_api/include/unitree_api/unitree_api/msg/detail/response_status__description.c
[2.378s] -- Up-to-date: /home/unitree/go2slam/install/unitree_api/include/unitree_api/unitree_api/msg/detail/response_status__struct.h
[2.379s] -- Installing: /home/unitree/go2slam/install/unitree_api/include/unitree_api/unitree_api/msg/detail/response__type_support.c
[2.379s] -- Up-to-date: /home/unitree/go2slam/install/unitree_api/include/unitree_api/unitree_api/msg/detail/response_status__functions.h
[2.379s] -- Installing: /home/unitree/go2slam/install/unitree_api/include/unitree_api/unitree_api/msg/detail/request__type_support.c
[2.379s] -- Up-to-date: /home/unitree/go2slam/install/unitree_api/include/unitree_api/unitree_api/msg/detail/request_lease__description.c
[2.379s] -- Up-to-date: /home/unitree/go2slam/install/unitree_api/include/unitree_api/unitree_api/msg/detail/request_lease__type_support.h
[2.379s] -- Up-to-date: /home/unitree/go2slam/install/unitree_api/include/unitree_api/unitree_api/msg/detail/response__functions.c
[2.380s] -- Up-to-date: /home/unitree/go2slam/install/unitree_api/include/unitree_api/unitree_api/msg/detail/request__functions.c
[2.380s] -- Up-to-date: /home/unitree/go2slam/install/unitree_api/include/unitree_api/unitree_api/msg/detail/request_header__functions.c
[2.380s] -- Up-to-date: /home/unitree/go2slam/install/unitree_api/include/unitree_api/unitree_api/msg/detail/request_identity__type_support.h
[2.381s] -- Up-to-date: /home/unitree/go2slam/install/unitree_api/include/unitree_api/unitree_api/msg/detail/response_header__functions.c
[2.381s] -- Up-to-date: /home/unitree/go2slam/install/unitree_api/include/unitree_api/unitree_api/msg/detail/request_policy__functions.h
[2.381s] -- Up-to-date: /home/unitree/go2slam/install/unitree_api/include/unitree_api/unitree_api/msg/detail/request_lease__functions.h
[2.382s] -- Up-to-date: /home/unitree/go2slam/install/unitree_api/include/unitree_api/unitree_api/msg/detail/response__functions.h
[2.382s] -- Up-to-date: /home/unitree/go2slam/install/unitree_api/include/unitree_api/unitree_api/msg/detail/response_header__type_support.h
[2.382s] -- Up-to-date: /home/unitree/go2slam/install/unitree_api/include/unitree_api/unitree_api/msg/detail/request_policy__functions.c
[2.383s] -- Up-to-date: /home/unitree/go2slam/install/unitree_api/include/unitree_api/unitree_api/msg/detail/request_identity__description.c
[2.383s] -- Up-to-date: /home/unitree/go2slam/install/unitree_api/include/unitree_api/unitree_api/msg/response.h
[2.383s] -- Up-to-date: /home/unitree/go2slam/install/unitree_api/include/unitree_api/unitree_api/msg/request_identity.h
[2.383s] -- Up-to-date: /home/unitree/go2slam/install/unitree_api/include/unitree_api/unitree_api/msg/request_lease.h
[2.384s] -- Up-to-date: /home/unitree/go2slam/install/unitree_api/share/unitree_api/environment/library_path.sh
[2.384s] -- Up-to-date: /home/unitree/go2slam/install/unitree_api/share/unitree_api/environment/library_path.dsv
[2.384s] -- Up-to-date: /home/unitree/go2slam/install/unitree_api/lib/libunitree_api__rosidl_generator_c.so
[2.384s] -- Up-to-date: /home/unitree/go2slam/install/unitree_api/include/unitree_api/unitree_api
[2.384s] -- Up-to-date: /home/unitree/go2slam/install/unitree_api/include/unitree_api/unitree_api/msg
[2.384s] -- Up-to-date: /home/unitree/go2slam/install/unitree_api/include/unitree_api/unitree_api/msg/rosidl_typesupport_fastrtps_c__visibility_control.h
[2.385s] -- Up-to-date: /home/unitree/go2slam/install/unitree_api/include/unitree_api/unitree_api/msg/detail
[2.385s] -- Up-to-date: /home/unitree/go2slam/install/unitree_api/include/unitree_api/unitree_api/msg/detail/request_identity__rosidl_typesupport_fastrtps_c.h
[2.385s] -- Up-to-date: /home/unitree/go2slam/install/unitree_api/include/unitree_api/unitree_api/msg/detail/response__rosidl_typesupport_fastrtps_c.h
[2.385s] -- Up-to-date: /home/unitree/go2slam/install/unitree_api/include/unitree_api/unitree_api/msg/detail/request_lease__rosidl_typesupport_fastrtps_c.h
[2.385s] -- Up-to-date: /home/unitree/go2slam/install/unitree_api/include/unitree_api/unitree_api/msg/detail/request_policy__rosidl_typesupport_fastrtps_c.h
[2.386s] -- Up-to-date: /home/unitree/go2slam/install/unitree_api/include/unitree_api/unitree_api/msg/detail/response_status__rosidl_typesupport_fastrtps_c.h
[2.386s] -- Up-to-date: /home/unitree/go2slam/install/unitree_api/include/unitree_api/unitree_api/msg/detail/response_header__rosidl_typesupport_fastrtps_c.h
[2.386s] -- Up-to-date: /home/unitree/go2slam/install/unitree_api/include/unitree_api/unitree_api/msg/detail/request__rosidl_typesupport_fastrtps_c.h
[2.386s] -- Up-to-date: /home/unitree/go2slam/install/unitree_api/include/unitree_api/unitree_api/msg/detail/request_header__rosidl_typesupport_fastrtps_c.h
[2.386s] -- Up-to-date: /home/unitree/go2slam/install/unitree_api/lib/libunitree_api__rosidl_typesupport_fastrtps_c.so
[2.386s] -- Up-to-date: /home/unitree/go2slam/install/unitree_api/include/unitree_api/unitree_api
[2.387s] -- Up-to-date: /home/unitree/go2slam/install/unitree_api/include/unitree_api/unitree_api/msg
[2.387s] -- Up-to-date: /home/unitree/go2slam/install/unitree_api/include/unitree_api/unitree_api/msg/response_header.hpp
[2.387s] -- Up-to-date: /home/unitree/go2slam/install/unitree_api/include/unitree_api/unitree_api/msg/request_lease.hpp
[2.388s] -- Up-to-date: /home/unitree/go2slam/install/unitree_api/include/unitree_api/unitree_api/msg/request_header.hpp
[2.388s] -- Up-to-date: /home/unitree/go2slam/install/unitree_api/include/unitree_api/unitree_api/msg/request.hpp
[2.388s] -- Up-to-date: /home/unitree/go2slam/install/unitree_api/include/unitree_api/unitree_api/msg/detail
[2.389s] -- Up-to-date: /home/unitree/go2slam/install/unitree_api/include/unitree_api/unitree_api/msg/detail/request_header__traits.hpp
[2.389s] -- Up-to-date: /home/unitree/go2slam/install/unitree_api/include/unitree_api/unitree_api/msg/detail/response__builder.hpp
[2.389s] -- Up-to-date: /home/unitree/go2slam/install/unitree_api/include/unitree_api/unitree_api/msg/detail/response__type_support.hpp
[2.389s] -- Up-to-date: /home/unitree/go2slam/install/unitree_api/include/unitree_api/unitree_api/msg/detail/request__type_support.hpp
[2.389s] -- Up-to-date: /home/unitree/go2slam/install/unitree_api/include/unitree_api/unitree_api/msg/detail/request_header__struct.hpp
[2.390s] -- Up-to-date: /home/unitree/go2slam/install/unitree_api/include/unitree_api/unitree_api/msg/detail/request_identity__traits.hpp
[2.395s] -- Up-to-date: /home/unitree/go2slam/install/unitree_api/include/unitree_api/unitree_api/msg/detail/request__struct.hpp
[2.396s] -- Up-to-date: /home/unitree/go2slam/install/unitree_api/include/unitree_api/unitree_api/msg/detail/response_header__struct.hpp
[2.396s] -- Up-to-date: /home/unitree/go2slam/install/unitree_api/include/unitree_api/unitree_api/msg/detail/request__traits.hpp
[2.396s] -- Up-to-date: /home/unitree/go2slam/install/unitree_api/include/unitree_api/unitree_api/msg/detail/request_lease__builder.hpp
[2.397s] -- Up-to-date: /home/unitree/go2slam/install/unitree_api/include/unitree_api/unitree_api/msg/detail/request__builder.hpp
[2.397s] -- Up-to-date: /home/unitree/go2slam/install/unitree_api/include/unitree_api/unitree_api/msg/detail/response_status__builder.hpp
[2.397s] -- Up-to-date: /home/unitree/go2slam/install/unitree_api/include/unitree_api/unitree_api/msg/detail/response_header__builder.hpp
[2.397s] -- Up-to-date: /home/unitree/go2slam/install/unitree_api/include/unitree_api/unitree_api/msg/detail/response__traits.hpp
[2.398s] -- Up-to-date: /home/unitree/go2slam/install/unitree_api/include/unitree_api/unitree_api/msg/detail/request_identity__struct.hpp
[2.399s] -- Up-to-date: /home/unitree/go2slam/install/unitree_api/include/unitree_api/unitree_api/msg/detail/response__struct.hpp
[2.402s] -- Up-to-date: /home/unitree/go2slam/install/unitree_api/include/unitree_api/unitree_api/msg/detail/response_status__type_support.hpp
[2.403s] -- Up-to-date: /home/unitree/go2slam/install/unitree_api/include/unitree_api/unitree_api/msg/detail/response_status__traits.hpp
[2.404s] -- Up-to-date: /home/unitree/go2slam/install/unitree_api/include/unitree_api/unitree_api/msg/detail/request_policy__struct.hpp
[2.404s] -- Up-to-date: /home/unitree/go2slam/install/unitree_api/include/unitree_api/unitree_api/msg/detail/request_header__type_support.hpp
[2.404s] -- Up-to-date: /home/unitree/go2slam/install/unitree_api/include/unitree_api/unitree_api/msg/detail/request_lease__type_support.hpp
[2.405s] -- Up-to-date: /home/unitree/go2slam/install/unitree_api/include/unitree_api/unitree_api/msg/detail/request_lease__traits.hpp
[2.405s] -- Up-to-date: /home/unitree/go2slam/install/unitree_api/include/unitree_api/unitree_api/msg/detail/request_policy__type_support.hpp
[2.406s] -- Up-to-date: /home/unitree/go2slam/install/unitree_api/include/unitree_api/unitree_api/msg/detail/response_status__struct.hpp
[2.406s] -- Up-to-date: /home/unitree/go2slam/install/unitree_api/include/unitree_api/unitree_api/msg/detail/request_lease__struct.hpp
[2.406s] -- Up-to-date: /home/unitree/go2slam/install/unitree_api/include/unitree_api/unitree_api/msg/detail/request_policy__traits.hpp
[2.407s] -- Up-to-date: /home/unitree/go2slam/install/unitree_api/include/unitree_api/unitree_api/msg/detail/request_identity__type_support.hpp
[2.408s] -- Up-to-date: /home/unitree/go2slam/install/unitree_api/include/unitree_api/unitree_api/msg/detail/response_header__traits.hpp
[2.409s] -- Up-to-date: /home/unitree/go2slam/install/unitree_api/include/unitree_api/unitree_api/msg/detail/request_policy__builder.hpp
[2.411s] -- Up-to-date: /home/unitree/go2slam/install/unitree_api/include/unitree_api/unitree_api/msg/detail/request_header__builder.hpp
[2.413s] -- Up-to-date: /home/unitree/go2slam/install/unitree_api/include/unitree_api/unitree_api/msg/detail/response_header__type_support.hpp
[2.416s] -- Up-to-date: /home/unitree/go2slam/install/unitree_api/include/unitree_api/unitree_api/msg/detail/request_identity__builder.hpp
[2.417s] -- Up-to-date: /home/unitree/go2slam/install/unitree_api/include/unitree_api/unitree_api/msg/response_status.hpp
[2.417s] -- Up-to-date: /home/unitree/go2slam/install/unitree_api/include/unitree_api/unitree_api/msg/request_identity.hpp
[2.418s] -- Up-to-date: /home/unitree/go2slam/install/unitree_api/include/unitree_api/unitree_api/msg/rosidl_generator_cpp__visibility_control.hpp
[2.418s] -- Up-to-date: /home/unitree/go2slam/install/unitree_api/include/unitree_api/unitree_api/msg/request_policy.hpp
[2.418s] -- Up-to-date: /home/unitree/go2slam/install/unitree_api/include/unitree_api/unitree_api/msg/response.hpp
[2.419s] -- Up-to-date: /home/unitree/go2slam/install/unitree_api/include/unitree_api/unitree_api
[2.419s] -- Up-to-date: /home/unitree/go2slam/install/unitree_api/include/unitree_api/unitree_api/msg
[2.420s] -- Up-to-date: /home/unitree/go2slam/install/unitree_api/include/unitree_api/unitree_api/msg/rosidl_typesupport_fastrtps_cpp__visibility_control.h
[2.421s] -- Up-to-date: /home/unitree/go2slam/install/unitree_api/include/unitree_api/unitree_api/msg/detail
[2.423s] -- Up-to-date: /home/unitree/go2slam/install/unitree_api/include/unitree_api/unitree_api/msg/detail/request_identity__rosidl_typesupport_fastrtps_cpp.hpp
[2.423s] -- Up-to-date: /home/unitree/go2slam/install/unitree_api/include/unitree_api/unitree_api/msg/detail/request__rosidl_typesupport_fastrtps_cpp.hpp
[2.423s] -- Up-to-date: /home/unitree/go2slam/install/unitree_api/include/unitree_api/unitree_api/msg/detail/request_lease__rosidl_typesupport_fastrtps_cpp.hpp
[2.424s] -- Up-to-date: /home/unitree/go2slam/install/unitree_api/include/unitree_api/unitree_api/msg/detail/request_policy__rosidl_typesupport_fastrtps_cpp.hpp
[2.425s] -- Up-to-date: /home/unitree/go2slam/install/unitree_api/include/unitree_api/unitree_api/msg/detail/response_status__rosidl_typesupport_fastrtps_cpp.hpp
[2.425s] -- Up-to-date: /home/unitree/go2slam/install/unitree_api/include/unitree_api/unitree_api/msg/detail/dds_fastrtps
[2.425s] -- Up-to-date: /home/unitree/go2slam/install/unitree_api/include/unitree_api/unitree_api/msg/detail/response__rosidl_typesupport_fastrtps_cpp.hpp
[2.426s] -- Up-to-date: /home/unitree/go2slam/install/unitree_api/include/unitree_api/unitree_api/msg/detail/response_header__rosidl_typesupport_fastrtps_cpp.hpp
[2.426s] -- Up-to-date: /home/unitree/go2slam/install/unitree_api/include/unitree_api/unitree_api/msg/detail/request_header__rosidl_typesupport_fastrtps_cpp.hpp
[2.427s] -- Up-to-date: /home/unitree/go2slam/install/unitree_api/lib/libunitree_api__rosidl_typesupport_fastrtps_cpp.so
[2.428s] -- Up-to-date: /home/unitree/go2slam/install/unitree_api/include/unitree_api/unitree_api
[2.428s] -- Up-to-date: /home/unitree/go2slam/install/unitree_api/include/unitree_api/unitree_api/msg
[2.428s] -- Up-to-date: /home/unitree/go2slam/install/unitree_api/include/unitree_api/unitree_api/msg/detail
[2.429s] -- Installing: /home/unitree/go2slam/install/unitree_api/include/unitree_api/unitree_api/msg/detail/request_header__type_support.c
[2.430s] -- Installing: /home/unitree/go2slam/install/unitree_api/include/unitree_api/unitree_api/msg/detail/request_identity__type_support.c
[2.430s] -- Up-to-date: /home/unitree/go2slam/install/unitree_api/include/unitree_api/unitree_api/msg/detail/request_policy__rosidl_typesupport_introspection_c.h
[2.431s] -- Installing: /home/unitree/go2slam/install/unitree_api/include/unitree_api/unitree_api/msg/detail/response_status__type_support.c
[2.432s] -- Installing: /home/unitree/go2slam/install/unitree_api/include/unitree_api/unitree_api/msg/detail/request_policy__type_support.c
[2.432s] -- Up-to-date: /home/unitree/go2slam/install/unitree_api/include/unitree_api/unitree_api/msg/detail/response_status__rosidl_typesupport_introspection_c.h
[2.432s] -- Up-to-date: /home/unitree/go2slam/install/unitree_api/include/unitree_api/unitree_api/msg/detail/request__rosidl_typesupport_introspection_c.h
[2.433s] -- Installing: /home/unitree/go2slam/install/unitree_api/include/unitree_api/unitree_api/msg/detail/response_header__type_support.c
[2.433s] -- Installing: /home/unitree/go2slam/install/unitree_api/include/unitree_api/unitree_api/msg/detail/request_lease__type_support.c
[2.433s] -- Up-to-date: /home/unitree/go2slam/install/unitree_api/include/unitree_api/unitree_api/msg/detail/request_header__rosidl_typesupport_introspection_c.h
[2.433s] -- Up-to-date: /home/unitree/go2slam/install/unitree_api/include/unitree_api/unitree_api/msg/detail/request_identity__rosidl_typesupport_introspection_c.h
[2.434s] -- Installing: /home/unitree/go2slam/install/unitree_api/include/unitree_api/unitree_api/msg/detail/response__type_support.c
[2.434s] -- Installing: /home/unitree/go2slam/install/unitree_api/include/unitree_api/unitree_api/msg/detail/request__type_support.c
[2.434s] -- Up-to-date: /home/unitree/go2slam/install/unitree_api/include/unitree_api/unitree_api/msg/detail/response_header__rosidl_typesupport_introspection_c.h
[2.435s] -- Up-to-date: /home/unitree/go2slam/install/unitree_api/include/unitree_api/unitree_api/msg/detail/response__rosidl_typesupport_introspection_c.h
[2.435s] -- Up-to-date: /home/unitree/go2slam/install/unitree_api/include/unitree_api/unitree_api/msg/detail/request_lease__rosidl_typesupport_introspection_c.h
[2.435s] -- Up-to-date: /home/unitree/go2slam/install/unitree_api/include/unitree_api/unitree_api/msg/rosidl_typesupport_introspection_c__visibility_control.h
[2.435s] -- Up-to-date: /home/unitree/go2slam/install/unitree_api/lib/libunitree_api__rosidl_typesupport_introspection_c.so
[2.436s] -- Up-to-date: /home/unitree/go2slam/install/unitree_api/lib/libunitree_api__rosidl_typesupport_c.so
[2.436s] -- Up-to-date: /home/unitree/go2slam/install/unitree_api/include/unitree_api/unitree_api
[2.437s] -- Up-to-date: /home/unitree/go2slam/install/unitree_api/include/unitree_api/unitree_api/msg
[2.438s] -- Up-to-date: /home/unitree/go2slam/install/unitree_api/include/unitree_api/unitree_api/msg/detail
[2.438s] -- Up-to-date: /home/unitree/go2slam/install/unitree_api/include/unitree_api/unitree_api/msg/detail/request_identity__type_support.cpp
[2.438s] -- Up-to-date: /home/unitree/go2slam/install/unitree_api/include/unitree_api/unitree_api/msg/detail/request_header__rosidl_typesupport_introspection_cpp.hpp
[2.439s] -- Up-to-date: /home/unitree/go2slam/install/unitree_api/include/unitree_api/unitree_api/msg/detail/request_lease__type_support.cpp
[2.439s] -- Up-to-date: /home/unitree/go2slam/install/unitree_api/include/unitree_api/unitree_api/msg/detail/response_header__type_support.cpp
[2.439s] -- Up-to-date: /home/unitree/go2slam/install/unitree_api/include/unitree_api/unitree_api/msg/detail/request_lease__rosidl_typesupport_introspection_cpp.hpp
[2.439s] -- Up-to-date: /home/unitree/go2slam/install/unitree_api/include/unitree_api/unitree_api/msg/detail/request__type_support.cpp
[2.440s] -- Up-to-date: /home/unitree/go2slam/install/unitree_api/include/unitree_api/unitree_api/msg/detail/request__rosidl_typesupport_introspection_cpp.hpp
[2.440s] -- Up-to-date: /home/unitree/go2slam/install/unitree_api/include/unitree_api/unitree_api/msg/detail/request_policy__type_support.cpp
[2.440s] -- Up-to-date: /home/unitree/go2slam/install/unitree_api/include/unitree_api/unitree_api/msg/detail/request_identity__rosidl_typesupport_introspection_cpp.hpp
[2.440s] -- Up-to-date: /home/unitree/go2slam/install/unitree_api/include/unitree_api/unitree_api/msg/detail/response_status__rosidl_typesupport_introspection_cpp.hpp
[2.440s] -- Up-to-date: /home/unitree/go2slam/install/unitree_api/include/unitree_api/unitree_api/msg/detail/response__rosidl_typesupport_introspection_cpp.hpp
[2.441s] -- Up-to-date: /home/unitree/go2slam/install/unitree_api/include/unitree_api/unitree_api/msg/detail/response_header__rosidl_typesupport_introspection_cpp.hpp
[2.441s] -- Up-to-date: /home/unitree/go2slam/install/unitree_api/include/unitree_api/unitree_api/msg/detail/response_status__type_support.cpp
[2.441s] -- Up-to-date: /home/unitree/go2slam/install/unitree_api/include/unitree_api/unitree_api/msg/detail/response__type_support.cpp
[2.441s] -- Up-to-date: /home/unitree/go2slam/install/unitree_api/include/unitree_api/unitree_api/msg/detail/request_policy__rosidl_typesupport_introspection_cpp.hpp
[2.441s] -- Up-to-date: /home/unitree/go2slam/install/unitree_api/include/unitree_api/unitree_api/msg/detail/request_header__type_support.cpp
[2.442s] -- Up-to-date: /home/unitree/go2slam/install/unitree_api/lib/libunitree_api__rosidl_typesupport_introspection_cpp.so
[2.442s] -- Up-to-date: /home/unitree/go2slam/install/unitree_api/lib/libunitree_api__rosidl_typesupport_cpp.so
[2.442s] -- Up-to-date: /home/unitree/go2slam/install/unitree_api/share/unitree_api/environment/pythonpath.sh
[2.442s] -- Up-to-date: /home/unitree/go2slam/install/unitree_api/share/unitree_api/environment/pythonpath.dsv
[2.443s] -- Up-to-date: /home/unitree/go2slam/install/unitree_api/lib/python3.12/site-packages/unitree_api-0.0.0-py3.12.egg-info
[2.443s] -- Installing: /home/unitree/go2slam/install/unitree_api/lib/python3.12/site-packages/unitree_api-0.0.0-py3.12.egg-info/top_level.txt
[2.443s] -- Installing: /home/unitree/go2slam/install/unitree_api/lib/python3.12/site-packages/unitree_api-0.0.0-py3.12.egg-info/PKG-INFO
[2.443s] -- Installing: /home/unitree/go2slam/install/unitree_api/lib/python3.12/site-packages/unitree_api-0.0.0-py3.12.egg-info/dependency_links.txt
[2.443s] -- Installing: /home/unitree/go2slam/install/unitree_api/lib/python3.12/site-packages/unitree_api-0.0.0-py3.12.egg-info/SOURCES.txt
[2.443s] -- Up-to-date: /home/unitree/go2slam/install/unitree_api/lib/python3.12/site-packages/unitree_api
[2.444s] -- Up-to-date: /home/unitree/go2slam/install/unitree_api/lib/python3.12/site-packages/unitree_api/unitree_api_s__rosidl_typesupport_introspection_c.so
[2.444s] -- Up-to-date: /home/unitree/go2slam/install/unitree_api/lib/python3.12/site-packages/unitree_api/unitree_api_s__rosidl_typesupport_fastrtps_c.so
[2.444s] -- Up-to-date: /home/unitree/go2slam/install/unitree_api/lib/python3.12/site-packages/unitree_api/unitree_api_s__rosidl_typesupport_c.so
[2.444s] -- Up-to-date: /home/unitree/go2slam/install/unitree_api/lib/python3.12/site-packages/unitree_api/__init__.py
[2.445s] -- Up-to-date: /home/unitree/go2slam/install/unitree_api/lib/python3.12/site-packages/unitree_api/msg
[2.445s] -- Up-to-date: /home/unitree/go2slam/install/unitree_api/lib/python3.12/site-packages/unitree_api/msg/_request_lease_s.c
[2.445s] -- Up-to-date: /home/unitree/go2slam/install/unitree_api/lib/python3.12/site-packages/unitree_api/msg/_response_status_s.c
[2.445s] -- Up-to-date: /home/unitree/go2slam/install/unitree_api/lib/python3.12/site-packages/unitree_api/msg/_request_s.c
[2.445s] -- Up-to-date: /home/unitree/go2slam/install/unitree_api/lib/python3.12/site-packages/unitree_api/msg/_request_identity.py
[2.446s] -- Up-to-date: /home/unitree/go2slam/install/unitree_api/lib/python3.12/site-packages/unitree_api/msg/_request.py
[2.446s] -- Up-to-date: /home/unitree/go2slam/install/unitree_api/lib/python3.12/site-packages/unitree_api/msg/_request_identity_s.c
[2.446s] -- Up-to-date: /home/unitree/go2slam/install/unitree_api/lib/python3.12/site-packages/unitree_api/msg/_request_header_s.c
[2.446s] -- Up-to-date: /home/unitree/go2slam/install/unitree_api/lib/python3.12/site-packages/unitree_api/msg/_response_status.py
[2.447s] -- Up-to-date: /home/unitree/go2slam/install/unitree_api/lib/python3.12/site-packages/unitree_api/msg/__init__.py
[2.447s] -- Up-to-date: /home/unitree/go2slam/install/unitree_api/lib/python3.12/site-packages/unitree_api/msg/_response_header_s.c
[2.447s] -- Up-to-date: /home/unitree/go2slam/install/unitree_api/lib/python3.12/site-packages/unitree_api/msg/_response.py
[2.447s] -- Up-to-date: /home/unitree/go2slam/install/unitree_api/lib/python3.12/site-packages/unitree_api/msg/_response_header.py
[2.448s] -- Up-to-date: /home/unitree/go2slam/install/unitree_api/lib/python3.12/site-packages/unitree_api/msg/_request_policy.py
[2.449s] -- Up-to-date: /home/unitree/go2slam/install/unitree_api/lib/python3.12/site-packages/unitree_api/msg/_response_s.c
[2.449s] -- Up-to-date: /home/unitree/go2slam/install/unitree_api/lib/python3.12/site-packages/unitree_api/msg/_request_lease.py
[2.449s] -- Up-to-date: /home/unitree/go2slam/install/unitree_api/lib/python3.12/site-packages/unitree_api/msg/_request_policy_s.c
[2.450s] -- Up-to-date: /home/unitree/go2slam/install/unitree_api/lib/python3.12/site-packages/unitree_api/msg/_request_header.py
[2.450s] -- Up-to-date: /home/unitree/go2slam/install/unitree_api/lib/python3.12/site-packages/unitree_api/_unitree_api_s.ep.rosidl_typesupport_fastrtps_c.c
[2.450s] -- Up-to-date: /home/unitree/go2slam/install/unitree_api/lib/python3.12/site-packages/unitree_api/_unitree_api_s.ep.rosidl_typesupport_c.c
[2.451s] -- Up-to-date: /home/unitree/go2slam/install/unitree_api/lib/python3.12/site-packages/unitree_api/_unitree_api_s.ep.rosidl_typesupport_introspection_c.c
[2.452s] Listing '/home/unitree/go2slam/install/unitree_api/lib/python3.12/site-packages/unitree_api'...
[2.452s] Listing '/home/unitree/go2slam/install/unitree_api/lib/python3.12/site-packages/unitree_api/msg'...
[2.453s] -- Up-to-date: /home/unitree/go2slam/install/unitree_api/lib/python3.12/site-packages/unitree_api/unitree_api_s__rosidl_typesupport_fastrtps_c.so
[2.453s] -- Up-to-date: /home/unitree/go2slam/install/unitree_api/lib/python3.12/site-packages/unitree_api/unitree_api_s__rosidl_typesupport_introspection_c.so
[2.453s] -- Up-to-date: /home/unitree/go2slam/install/unitree_api/lib/python3.12/site-packages/unitree_api/unitree_api_s__rosidl_typesupport_c.so
[2.454s] -- Up-to-date: /home/unitree/go2slam/install/unitree_api/lib/libunitree_api__rosidl_generator_py.so
[2.454s] -- Up-to-date: /home/unitree/go2slam/install/unitree_api/share/ament_index/resource_index/rust_packages/unitree_api
[2.454s] -- Up-to-date: /home/unitree/go2slam/install/unitree_api/share/unitree_api/rust
[2.455s] -- Up-to-date: /home/unitree/go2slam/install/unitree_api/share/unitree_api/rust/build.rs
[2.455s] -- Up-to-date: /home/unitree/go2slam/install/unitree_api/share/unitree_api/rust/src
[2.455s] -- Up-to-date: /home/unitree/go2slam/install/unitree_api/share/unitree_api/rust/src/msg
[2.457s] -- Up-to-date: /home/unitree/go2slam/install/unitree_api/share/unitree_api/rust/src/msg/rmw.rs
[2.457s] -- Up-to-date: /home/unitree/go2slam/install/unitree_api/share/unitree_api/rust/src/msg.rs
[2.457s] -- Up-to-date: /home/unitree/go2slam/install/unitree_api/share/unitree_api/rust/src/lib.rs
[2.457s] -- Up-to-date: /home/unitree/go2slam/install/unitree_api/share/unitree_api/rust/Cargo.toml
[2.457s] -- Up-to-date: /home/unitree/go2slam/install/unitree_api/share/unitree_api/msg/Request.idl
[2.458s] -- Up-to-date: /home/unitree/go2slam/install/unitree_api/share/unitree_api/msg/RequestHeader.idl
[2.458s] -- Up-to-date: /home/unitree/go2slam/install/unitree_api/share/unitree_api/msg/RequestIdentity.idl
[2.458s] -- Up-to-date: /home/unitree/go2slam/install/unitree_api/share/unitree_api/msg/RequestLease.idl
[2.460s] -- Up-to-date: /home/unitree/go2slam/install/unitree_api/share/unitree_api/msg/RequestPolicy.idl
[2.461s] -- Up-to-date: /home/unitree/go2slam/install/unitree_api/share/unitree_api/msg/Response.idl
[2.461s] -- Up-to-date: /home/unitree/go2slam/install/unitree_api/share/unitree_api/msg/ResponseHeader.idl
[2.461s] -- Up-to-date: /home/unitree/go2slam/install/unitree_api/share/unitree_api/msg/ResponseStatus.idl
[2.461s] -- Up-to-date: /home/unitree/go2slam/install/unitree_api/share/unitree_api/msg/Request.msg
[2.461s] -- Up-to-date: /home/unitree/go2slam/install/unitree_api/share/unitree_api/msg/RequestHeader.msg
[2.462s] -- Up-to-date: /home/unitree/go2slam/install/unitree_api/share/unitree_api/msg/RequestIdentity.msg
[2.462s] -- Up-to-date: /home/unitree/go2slam/install/unitree_api/share/unitree_api/msg/RequestLease.msg
[2.463s] -- Up-to-date: /home/unitree/go2slam/install/unitree_api/share/unitree_api/msg/RequestPolicy.msg
[2.464s] -- Up-to-date: /home/unitree/go2slam/install/unitree_api/share/unitree_api/msg/Response.msg
[2.464s] -- Up-to-date: /home/unitree/go2slam/install/unitree_api/share/unitree_api/msg/ResponseHeader.msg
[2.464s] -- Up-to-date: /home/unitree/go2slam/install/unitree_api/share/unitree_api/msg/ResponseStatus.msg
[2.464s] -- Up-to-date: /home/unitree/go2slam/install/unitree_api/share/unitree_api/msg/dds_connext
[2.464s] -- Up-to-date: /home/unitree/go2slam/install/unitree_api/share/unitree_api/msg/dds_connext/RequestHeader_.idl
[2.464s] -- Up-to-date: /home/unitree/go2slam/install/unitree_api/share/unitree_api/msg/dds_connext/ResponseStatus_.idl
[2.465s] -- Up-to-date: /home/unitree/go2slam/install/unitree_api/share/unitree_api/msg/dds_connext/Response_.idl
[2.465s] -- Up-to-date: /home/unitree/go2slam/install/unitree_api/share/unitree_api/msg/dds_connext/RequestIdentity_.idl
[2.465s] -- Up-to-date: /home/unitree/go2slam/install/unitree_api/share/unitree_api/msg/dds_connext/ResponseHeader_.idl
[2.465s] -- Up-to-date: /home/unitree/go2slam/install/unitree_api/share/unitree_api/msg/dds_connext/Request_.idl
[2.465s] -- Up-to-date: /home/unitree/go2slam/install/unitree_api/share/unitree_api/msg/dds_connext/RequestLease_.idl
[2.465s] -- Up-to-date: /home/unitree/go2slam/install/unitree_api/share/unitree_api/msg/dds_connext/RequestPolicy_.idl
[2.466s] -- Up-to-date: /home/unitree/go2slam/install/unitree_api/share/ament_index/resource_index/package_run_dependencies/unitree_api
[2.467s] -- Up-to-date: /home/unitree/go2slam/install/unitree_api/share/ament_index/resource_index/parent_prefix_path/unitree_api
[2.467s] -- Up-to-date: /home/unitree/go2slam/install/unitree_api/share/unitree_api/environment/ament_prefix_path.sh
[2.467s] -- Up-to-date: /home/unitree/go2slam/install/unitree_api/share/unitree_api/environment/ament_prefix_path.dsv
[2.467s] -- Up-to-date: /home/unitree/go2slam/install/unitree_api/share/unitree_api/environment/path.sh
[2.467s] -- Up-to-date: /home/unitree/go2slam/install/unitree_api/share/unitree_api/environment/path.dsv
[2.468s] -- Up-to-date: /home/unitree/go2slam/install/unitree_api/share/unitree_api/local_setup.bash
[2.468s] -- Up-to-date: /home/unitree/go2slam/install/unitree_api/share/unitree_api/local_setup.sh
[2.468s] -- Up-to-date: /home/unitree/go2slam/install/unitree_api/share/unitree_api/local_setup.zsh
[2.468s] -- Up-to-date: /home/unitree/go2slam/install/unitree_api/share/unitree_api/local_setup.dsv
[2.468s] -- Installing: /home/unitree/go2slam/install/unitree_api/share/unitree_api/package.dsv
[2.469s] -- Up-to-date: /home/unitree/go2slam/install/unitree_api/share/ament_index/resource_index/packages/unitree_api
[2.469s] -- Up-to-date: /home/unitree/go2slam/install/unitree_api/share/unitree_api/cmake/export_unitree_api__rosidl_generator_cExport.cmake
[2.469s] -- Up-to-date: /home/unitree/go2slam/install/unitree_api/share/unitree_api/cmake/export_unitree_api__rosidl_generator_cExport-noconfig.cmake
[2.469s] -- Up-to-date: /home/unitree/go2slam/install/unitree_api/share/unitree_api/cmake/export_unitree_api__rosidl_typesupport_fastrtps_cExport.cmake
[2.471s] -- Up-to-date: /home/unitree/go2slam/install/unitree_api/share/unitree_api/cmake/export_unitree_api__rosidl_typesupport_fastrtps_cExport-noconfig.cmake
[2.471s] -- Up-to-date: /home/unitree/go2slam/install/unitree_api/share/unitree_api/cmake/export_unitree_api__rosidl_generator_cppExport.cmake
[2.471s] -- Up-to-date: /home/unitree/go2slam/install/unitree_api/share/unitree_api/cmake/export_unitree_api__rosidl_typesupport_fastrtps_cppExport.cmake
[2.471s] -- Up-to-date: /home/unitree/go2slam/install/unitree_api/share/unitree_api/cmake/export_unitree_api__rosidl_typesupport_fastrtps_cppExport-noconfig.cmake
[2.472s] -- Up-to-date: /home/unitree/go2slam/install/unitree_api/share/unitree_api/cmake/unitree_api__rosidl_typesupport_introspection_cExport.cmake
[2.472s] -- Up-to-date: /home/unitree/go2slam/install/unitree_api/share/unitree_api/cmake/unitree_api__rosidl_typesupport_introspection_cExport-noconfig.cmake
[2.473s] -- Up-to-date: /home/unitree/go2slam/install/unitree_api/share/unitree_api/cmake/unitree_api__rosidl_typesupport_cExport.cmake
[2.473s] -- Up-to-date: /home/unitree/go2slam/install/unitree_api/share/unitree_api/cmake/unitree_api__rosidl_typesupport_cExport-noconfig.cmake
[2.473s] -- Up-to-date: /home/unitree/go2slam/install/unitree_api/share/unitree_api/cmake/unitree_api__rosidl_typesupport_introspection_cppExport.cmake
[2.473s] -- Up-to-date: /home/unitree/go2slam/install/unitree_api/share/unitree_api/cmake/unitree_api__rosidl_typesupport_introspection_cppExport-noconfig.cmake
[2.474s] -- Up-to-date: /home/unitree/go2slam/install/unitree_api/share/unitree_api/cmake/unitree_api__rosidl_typesupport_cppExport.cmake
[2.475s] -- Up-to-date: /home/unitree/go2slam/install/unitree_api/share/unitree_api/cmake/unitree_api__rosidl_typesupport_cppExport-noconfig.cmake
[2.475s] -- Up-to-date: /home/unitree/go2slam/install/unitree_api/share/unitree_api/cmake/export_unitree_api__rosidl_generator_pyExport.cmake
[2.476s] -- Up-to-date: /home/unitree/go2slam/install/unitree_api/share/unitree_api/cmake/export_unitree_api__rosidl_generator_pyExport-noconfig.cmake
[2.476s] -- Up-to-date: /home/unitree/go2slam/install/unitree_api/share/unitree_api/cmake/rosidl_cmake-extras.cmake
[2.476s] -- Up-to-date: /home/unitree/go2slam/install/unitree_api/share/unitree_api/cmake/ament_cmake_export_dependencies-extras.cmake
[2.477s] -- Up-to-date: /home/unitree/go2slam/install/unitree_api/share/unitree_api/cmake/ament_cmake_export_include_directories-extras.cmake
[2.477s] -- Up-to-date: /home/unitree/go2slam/install/unitree_api/share/unitree_api/cmake/ament_cmake_export_libraries-extras.cmake
[2.478s] -- Up-to-date: /home/unitree/go2slam/install/unitree_api/share/unitree_api/cmake/ament_cmake_export_targets-extras.cmake
[2.478s] -- Up-to-date: /home/unitree/go2slam/install/unitree_api/share/unitree_api/cmake/rosidl_cmake_export_typesupport_targets-extras.cmake
[2.479s] -- Up-to-date: /home/unitree/go2slam/install/unitree_api/share/unitree_api/cmake/rosidl_cmake_export_typesupport_libraries-extras.cmake
[2.479s] -- Up-to-date: /home/unitree/go2slam/install/unitree_api/share/unitree_api/cmake/unitree_apiConfig.cmake
[2.480s] -- Up-to-date: /home/unitree/go2slam/install/unitree_api/share/unitree_api/cmake/unitree_apiConfig-version.cmake
[2.480s] -- Up-to-date: /home/unitree/go2slam/install/unitree_api/share/unitree_api/package.xml
[2.482s] Invoked command in '/home/unitree/go2slam/build/unitree_api' returned '0': CMAKE_PREFIX_PATH=${CMAKE_PREFIX_PATH}:/opt/ros/jazzy /usr/bin/cmake --install /home/unitree/go2slam/build/unitree_api
