[0.078s] Invoking command in '/home/unitree/go2slam/build/go2_perception': CMAKE_PREFIX_PATH=${CMAKE_PREFIX_PATH}:/home/unitree/unitree_ros2/install/unitree_hg:/home/unitree/unitree_ros2/install/unitree_go:/home/unitree/unitree_ros2/install/unitree_api:/opt/ros/jazzy /usr/bin/cmake --build /home/unitree/go2slam/build/go2_perception -- -j6 -l6
[0.200s] -- Found ament_cmake: 2.5.6 (/opt/ros/jazzy/share/ament_cmake/cmake)
[0.954s] -- Found laser_geometry: 2.7.2 (/opt/ros/jazzy/share/laser_geometry/cmake)
[1.060s] -- Found rosidl_generator_c: 4.6.7 (/opt/ros/jazzy/share/rosidl_generator_c/cmake)
[1.085s] -- Found rosidl_generator_cpp: 4.6.7 (/opt/ros/jazzy/share/rosidl_generator_cpp/cmake)
[1.137s] -- Using all available rosidl_typesupport_c: rosidl_typesupport_fastrtps_c;rosidl_typesupport_introspection_c
[1.187s] -- Using all available rosidl_typesupport_cpp: rosidl_typesupport_fastrtps_cpp;rosidl_typesupport_introspection_cpp
[1.405s] -- Found message_filters: 4.11.12 (/opt/ros/jazzy/share/message_filters/cmake)
[1.494s] -- Found rmw_implementation_cmake: 7.3.3 (/opt/ros/jazzy/share/rmw_implementation_cmake/cmake)
[1.506s] -- Found rmw_fastrtps_cpp: 8.4.3 (/opt/ros/jazzy/share/rmw_fastrtps_cpp/cmake)
[1.730s] -- Using RMW implementation 'rmw_fastrtps_cpp' as default
[1.900s] -- Found rclcpp_components: 28.1.18 (/opt/ros/jazzy/share/rclcpp_components/cmake)
[1.968s] -- Found tf2_ros: 0.36.20 (/opt/ros/jazzy/share/tf2_ros/cmake)
[2.210s] -- Found tf2_sensor_msgs: 0.36.20 (/opt/ros/jazzy/share/tf2_sensor_msgs/cmake)
[2.248s] -- Found ament_lint_auto: 0.17.5 (/opt/ros/jazzy/share/ament_lint_auto/cmake)
[2.538s] -- Added test 'copyright' to check source files copyright and LICENSE
[2.542s] -- Added test 'cppcheck' to perform static code analysis on C / C++ code
[2.547s] -- Configured cppcheck include dirs: /home/unitree/go2slam/src/go2_perception/include
[2.547s] -- Configured cppcheck exclude dirs and/or files: 
[2.548s] -- Added test 'cpplint' to check C / C++ code against the Google style
[2.548s] -- Configured cpplint exclude dirs and/or files: 
[2.548s] -- Added test 'flake8' to check Python code syntax and style conventions
[2.548s] -- Configured 'flake8' exclude dirs and/or files: 
[2.549s] -- Added test 'lint_cmake' to check CMake code style
[2.550s] -- Added test 'pep257' to check Python code against some of the docstring style conventions in PEP 257
[2.553s] -- Added test 'uncrustify' to check C / C++ code style
[2.553s] -- Configured uncrustify additional arguments: 
[2.555s] -- Added test 'xmllint' to check XML markup files
[2.558s] -- Configuring done (2.4s)
[2.654s] -- Generating done (0.1s)
[2.673s] -- Build files have been written to: /home/unitree/go2slam/build/go2_perception
[2.872s] [ 33%] Built target pointcloud_to_laserscan
[2.884s] [ 66%] Built target cloud_accumulation
[2.904s] [ 83%] [32mBuilding CXX object CMakeFiles/pointcloud_to_laserscan_node.dir/rclcpp_components/node_main_pointcloud_to_laserscan_node.cpp.o[0m
[11.490s] [100%] [32m[1mLinking CXX executable pointcloud_to_laserscan_node[0m
[11.767s] [100%] Built target pointcloud_to_laserscan_node
