-- Found ament_cmake: 2.5.6 (/opt/ros/jazzy/share/ament_cmake/cmake)
-- Found rclcpp: 28.1.18 (/opt/ros/jazzy/share/rclcpp/cmake)
-- Found rosidl_generator_c: 4.6.7 (/opt/ros/jazzy/share/rosidl_generator_c/cmake)
-- Found rosidl_generator_cpp: 4.6.7 (/opt/ros/jazzy/share/rosidl_generator_cpp/cmake)
-- Using all available rosidl_typesupport_c: rosidl_typesupport_fastrtps_c;rosidl_typesupport_introspection_c
-- Using all available rosidl_typesupport_cpp: rosidl_typesupport_fastrtps_cpp;rosidl_typesupport_introspection_cpp
-- Found rmw_implementation_cmake: 7.3.3 (/opt/ros/jazzy/share/rmw_implementation_cmake/cmake)
-- Found rmw_fastrtps_cpp: 8.4.3 (/opt/ros/jazzy/share/rmw_fastrtps_cpp/cmake)
-- Using RMW implementation 'rmw_fastrtps_cpp' as default
-- Found geometry_msgs: 5.3.7 (/opt/ros/jazzy/share/geometry_msgs/cmake)
-- Found unitree_api: 0.0.0 (/home/unitree/unitree_ros2/install/unitree_api/share/unitree_api/cmake)
-- Found ament_lint_auto: 0.17.5 (/opt/ros/jazzy/share/ament_lint_auto/cmake)
-- Added test 'cppcheck' to perform static code analysis on C / C++ code
-- Configured cppcheck include dirs: $<BUILD_INTERFACE:/home/unitree/go2slam/src/base/go2_twist_bridge/include>
-- Configured cppcheck exclude dirs and/or files: 
-- Added test 'lint_cmake' to check CMake code style
-- Added test 'uncrustify' to check C / C++ code style
-- Configured uncrustify additional arguments: 
-- Added test 'xmllint' to check XML markup files
-- Configuring done (1.3s)
-- Generating done (0.0s)
-- Build files have been written to: /home/unitree/go2slam/build/go2_twist_bridge
[ 50%] Building CXX object CMakeFiles/twist_bridge.dir/src/twist_bridge.cpp.o
[100%] Linking CXX executable twist_bridge
[100%] Built target twist_bridge
-- Install configuration: ""
-- Installing: /home/unitree/go2slam/install/go2_twist_bridge/lib/go2_twist_bridge/twist_bridge
-- Set non-toolchain portion of runtime path of "/home/unitree/go2slam/install/go2_twist_bridge/lib/go2_twist_bridge/twist_bridge" to ""
-- Up-to-date: /home/unitree/go2slam/install/go2_twist_bridge/share/ament_index/resource_index/package_run_dependencies/go2_twist_bridge
-- Installing: /home/unitree/go2slam/install/go2_twist_bridge/share/ament_index/resource_index/parent_prefix_path/go2_twist_bridge
-- Installing: /home/unitree/go2slam/install/go2_twist_bridge/share/go2_twist_bridge/environment/ament_prefix_path.sh
-- Up-to-date: /home/unitree/go2slam/install/go2_twist_bridge/share/go2_twist_bridge/environment/ament_prefix_path.dsv
-- Installing: /home/unitree/go2slam/install/go2_twist_bridge/share/go2_twist_bridge/environment/path.sh
-- Up-to-date: /home/unitree/go2slam/install/go2_twist_bridge/share/go2_twist_bridge/environment/path.dsv
-- Up-to-date: /home/unitree/go2slam/install/go2_twist_bridge/share/go2_twist_bridge/local_setup.bash
-- Up-to-date: /home/unitree/go2slam/install/go2_twist_bridge/share/go2_twist_bridge/local_setup.sh
-- Up-to-date: /home/unitree/go2slam/install/go2_twist_bridge/share/go2_twist_bridge/local_setup.zsh
-- Up-to-date: /home/unitree/go2slam/install/go2_twist_bridge/share/go2_twist_bridge/local_setup.dsv
-- Up-to-date: /home/unitree/go2slam/install/go2_twist_bridge/share/go2_twist_bridge/package.dsv
-- Up-to-date: /home/unitree/go2slam/install/go2_twist_bridge/share/ament_index/resource_index/packages/go2_twist_bridge
-- Up-to-date: /home/unitree/go2slam/install/go2_twist_bridge/share/go2_twist_bridge/cmake/go2_twist_bridgeConfig.cmake
-- Up-to-date: /home/unitree/go2slam/install/go2_twist_bridge/share/go2_twist_bridge/cmake/go2_twist_bridgeConfig-version.cmake
-- Installing: /home/unitree/go2slam/install/go2_twist_bridge/share/go2_twist_bridge/package.xml
