[0.058s] Invoking command in '/home/unitree/go2slam/build/go2_twist_bridge': AMENT_PREFIX_PATH=/home/unitree/go2slam/install/unitree_api:${AMENT_PREFIX_PATH} CMAKE_PREFIX_PATH=/home/unitree/go2slam/install/unitree_api:/opt/ros/jazzy/opt/gz_sim_vendor:/opt/ros/jazzy/opt/gz_sensors_vendor:/opt/ros/jazzy/opt/gz_physics_vendor:/opt/ros/jazzy/opt/sdformat_vendor:/opt/ros/jazzy/opt/gz_gui_vendor:/opt/ros/jazzy/opt/gz_transport_vendor:/opt/ros/jazzy/opt/gz_rendering_vendor:/opt/ros/jazzy/opt/gz_plugin_vendor:/opt/ros/jazzy/opt/gz_fuel_tools_vendor:/opt/ros/jazzy/opt/gz_msgs_vendor:/opt/ros/jazzy/opt/gz_common_vendor:/opt/ros/jazzy/opt/gz_math_vendor:/opt/ros/jazzy/opt/gz_utils_vendor:/opt/ros/jazzy/opt/gz_tools_vendor:/opt/ros/jazzy/opt/gz_ogre_next_vendor:/opt/ros/jazzy/opt/gz_dartsim_vendor:/opt/ros/jazzy/opt/gz_cmake_vendor:/opt/ros/jazzy LD_LIBRARY_PATH=/home/unitree/go2slam/install/unitree_api/lib:${LD_LIBRARY_PATH} PYTHONPATH=/home/unitree/go2slam/install/unitree_api/lib/python3.12/site-packages:${PYTHONPATH} /usr/bin/cmake --build /home/unitree/go2slam/build/go2_twist_bridge -- -j6 -l6
[0.234s] -- Found ament_cmake: 2.5.6 (/opt/ros/jazzy/share/ament_cmake/cmake)
[0.599s] -- Found rclcpp: 28.1.18 (/opt/ros/jazzy/share/rclcpp/cmake)
[0.659s] -- Found rosidl_generator_c: 4.6.7 (/opt/ros/jazzy/share/rosidl_generator_c/cmake)
[0.678s] -- Found rosidl_generator_cpp: 4.6.7 (/opt/ros/jazzy/share/rosidl_generator_cpp/cmake)
[0.702s] -- Using all available rosidl_typesupport_c: rosidl_typesupport_fastrtps_c;rosidl_typesupport_introspection_c
[0.730s] -- Using all available rosidl_typesupport_cpp: rosidl_typesupport_fastrtps_cpp;rosidl_typesupport_introspection_cpp
[0.847s] -- Found rmw_implementation_cmake: 7.3.3 (/opt/ros/jazzy/share/rmw_implementation_cmake/cmake)
[0.850s] -- Found rmw_fastrtps_cpp: 8.4.3 (/opt/ros/jazzy/share/rmw_fastrtps_cpp/cmake)
[0.981s] -- Using RMW implementation 'rmw_fastrtps_cpp' as default
[1.096s] -- Found geometry_msgs: 5.3.7 (/opt/ros/jazzy/share/geometry_msgs/cmake)
[1.150s] -- Found unitree_api: 0.0.0 (/home/unitree/unitree_ros2/install/unitree_api/share/unitree_api/cmake)
[1.179s] -- Found ament_lint_auto: 0.17.5 (/opt/ros/jazzy/share/ament_lint_auto/cmake)
[1.408s] -- Added test 'cppcheck' to perform static code analysis on C / C++ code
[1.409s] -- Configured cppcheck include dirs: $<BUILD_INTERFACE:/home/unitree/go2slam/src/base/go2_twist_bridge/include>
[1.409s] -- Configured cppcheck exclude dirs and/or files: 
[1.411s] -- Added test 'lint_cmake' to check CMake code style
[1.418s] -- Added test 'uncrustify' to check C / C++ code style
[1.418s] -- Configured uncrustify additional arguments: 
[1.420s] -- Added test 'xmllint' to check XML markup files
[1.423s] -- Configuring done (1.3s)
[1.457s] -- Generating done (0.0s)
[1.466s] -- Build files have been written to: /home/unitree/go2slam/build/go2_twist_bridge
[1.572s] [ 50%] Building CXX object CMakeFiles/twist_bridge.dir/src/twist_bridge.cpp.o
[21.989s] [100%] Linking CXX executable twist_bridge
[22.682s] [100%] Built target twist_bridge
[22.706s] Invoked command in '/home/unitree/go2slam/build/go2_twist_bridge' returned '0': AMENT_PREFIX_PATH=/home/unitree/go2slam/install/unitree_api:${AMENT_PREFIX_PATH} CMAKE_PREFIX_PATH=/home/unitree/go2slam/install/unitree_api:/opt/ros/jazzy/opt/gz_sim_vendor:/opt/ros/jazzy/opt/gz_sensors_vendor:/opt/ros/jazzy/opt/gz_physics_vendor:/opt/ros/jazzy/opt/sdformat_vendor:/opt/ros/jazzy/opt/gz_gui_vendor:/opt/ros/jazzy/opt/gz_transport_vendor:/opt/ros/jazzy/opt/gz_rendering_vendor:/opt/ros/jazzy/opt/gz_plugin_vendor:/opt/ros/jazzy/opt/gz_fuel_tools_vendor:/opt/ros/jazzy/opt/gz_msgs_vendor:/opt/ros/jazzy/opt/gz_common_vendor:/opt/ros/jazzy/opt/gz_math_vendor:/opt/ros/jazzy/opt/gz_utils_vendor:/opt/ros/jazzy/opt/gz_tools_vendor:/opt/ros/jazzy/opt/gz_ogre_next_vendor:/opt/ros/jazzy/opt/gz_dartsim_vendor:/opt/ros/jazzy/opt/gz_cmake_vendor:/opt/ros/jazzy LD_LIBRARY_PATH=/home/unitree/go2slam/install/unitree_api/lib:${LD_LIBRARY_PATH} PYTHONPATH=/home/unitree/go2slam/install/unitree_api/lib/python3.12/site-packages:${PYTHONPATH} /usr/bin/cmake --build /home/unitree/go2slam/build/go2_twist_bridge -- -j6 -l6
[22.708s] Invoking command in '/home/unitree/go2slam/build/go2_twist_bridge': AMENT_PREFIX_PATH=/home/unitree/go2slam/install/unitree_api:${AMENT_PREFIX_PATH} CMAKE_PREFIX_PATH=/home/unitree/go2slam/install/unitree_api:/opt/ros/jazzy/opt/gz_sim_vendor:/opt/ros/jazzy/opt/gz_sensors_vendor:/opt/ros/jazzy/opt/gz_physics_vendor:/opt/ros/jazzy/opt/sdformat_vendor:/opt/ros/jazzy/opt/gz_gui_vendor:/opt/ros/jazzy/opt/gz_transport_vendor:/opt/ros/jazzy/opt/gz_rendering_vendor:/opt/ros/jazzy/opt/gz_plugin_vendor:/opt/ros/jazzy/opt/gz_fuel_tools_vendor:/opt/ros/jazzy/opt/gz_msgs_vendor:/opt/ros/jazzy/opt/gz_common_vendor:/opt/ros/jazzy/opt/gz_math_vendor:/opt/ros/jazzy/opt/gz_utils_vendor:/opt/ros/jazzy/opt/gz_tools_vendor:/opt/ros/jazzy/opt/gz_ogre_next_vendor:/opt/ros/jazzy/opt/gz_dartsim_vendor:/opt/ros/jazzy/opt/gz_cmake_vendor:/opt/ros/jazzy LD_LIBRARY_PATH=/home/unitree/go2slam/install/unitree_api/lib:${LD_LIBRARY_PATH} PYTHONPATH=/home/unitree/go2slam/install/unitree_api/lib/python3.12/site-packages:${PYTHONPATH} /usr/bin/cmake --install /home/unitree/go2slam/build/go2_twist_bridge
[22.726s] -- Install configuration: ""
[22.727s] -- Installing: /home/unitree/go2slam/install/go2_twist_bridge/lib/go2_twist_bridge/twist_bridge
[22.741s] -- Set non-toolchain portion of runtime path of "/home/unitree/go2slam/install/go2_twist_bridge/lib/go2_twist_bridge/twist_bridge" to ""
[22.741s] -- Up-to-date: /home/unitree/go2slam/install/go2_twist_bridge/share/ament_index/resource_index/package_run_dependencies/go2_twist_bridge
[22.741s] -- Installing: /home/unitree/go2slam/install/go2_twist_bridge/share/ament_index/resource_index/parent_prefix_path/go2_twist_bridge
[22.742s] -- Installing: /home/unitree/go2slam/install/go2_twist_bridge/share/go2_twist_bridge/environment/ament_prefix_path.sh
[22.742s] -- Up-to-date: /home/unitree/go2slam/install/go2_twist_bridge/share/go2_twist_bridge/environment/ament_prefix_path.dsv
[22.742s] -- Installing: /home/unitree/go2slam/install/go2_twist_bridge/share/go2_twist_bridge/environment/path.sh
[22.742s] -- Up-to-date: /home/unitree/go2slam/install/go2_twist_bridge/share/go2_twist_bridge/environment/path.dsv
[22.743s] -- Up-to-date: /home/unitree/go2slam/install/go2_twist_bridge/share/go2_twist_bridge/local_setup.bash
[22.743s] -- Up-to-date: /home/unitree/go2slam/install/go2_twist_bridge/share/go2_twist_bridge/local_setup.sh
[22.743s] -- Up-to-date: /home/unitree/go2slam/install/go2_twist_bridge/share/go2_twist_bridge/local_setup.zsh
[22.745s] -- Up-to-date: /home/unitree/go2slam/install/go2_twist_bridge/share/go2_twist_bridge/local_setup.dsv
[22.745s] -- Up-to-date: /home/unitree/go2slam/install/go2_twist_bridge/share/go2_twist_bridge/package.dsv
[22.745s] -- Up-to-date: /home/unitree/go2slam/install/go2_twist_bridge/share/ament_index/resource_index/packages/go2_twist_bridge
[22.745s] -- Up-to-date: /home/unitree/go2slam/install/go2_twist_bridge/share/go2_twist_bridge/cmake/go2_twist_bridgeConfig.cmake
[22.746s] -- Up-to-date: /home/unitree/go2slam/install/go2_twist_bridge/share/go2_twist_bridge/cmake/go2_twist_bridgeConfig-version.cmake
[22.750s] -- Installing: /home/unitree/go2slam/install/go2_twist_bridge/share/go2_twist_bridge/package.xml
[22.750s] Invoked command in '/home/unitree/go2slam/build/go2_twist_bridge' returned '0': AMENT_PREFIX_PATH=/home/unitree/go2slam/install/unitree_api:${AMENT_PREFIX_PATH} CMAKE_PREFIX_PATH=/home/unitree/go2slam/install/unitree_api:/opt/ros/jazzy/opt/gz_sim_vendor:/opt/ros/jazzy/opt/gz_sensors_vendor:/opt/ros/jazzy/opt/gz_physics_vendor:/opt/ros/jazzy/opt/sdformat_vendor:/opt/ros/jazzy/opt/gz_gui_vendor:/opt/ros/jazzy/opt/gz_transport_vendor:/opt/ros/jazzy/opt/gz_rendering_vendor:/opt/ros/jazzy/opt/gz_plugin_vendor:/opt/ros/jazzy/opt/gz_fuel_tools_vendor:/opt/ros/jazzy/opt/gz_msgs_vendor:/opt/ros/jazzy/opt/gz_common_vendor:/opt/ros/jazzy/opt/gz_math_vendor:/opt/ros/jazzy/opt/gz_utils_vendor:/opt/ros/jazzy/opt/gz_tools_vendor:/opt/ros/jazzy/opt/gz_ogre_next_vendor:/opt/ros/jazzy/opt/gz_dartsim_vendor:/opt/ros/jazzy/opt/gz_cmake_vendor:/opt/ros/jazzy LD_LIBRARY_PATH=/home/unitree/go2slam/install/unitree_api/lib:${LD_LIBRARY_PATH} PYTHONPATH=/home/unitree/go2slam/install/unitree_api/lib/python3.12/site-packages:${PYTHONPATH} /usr/bin/cmake --install /home/unitree/go2slam/build/go2_twist_bridge
