[0.050s] Invoking command in '/home/unitree/go2slam/build/go2_slam': CMAKE_PREFIX_PATH=${CMAKE_PREFIX_PATH}:/opt/ros/jazzy /usr/bin/cmake --build /home/unitree/go2slam/build/go2_slam -- -j6 -l6
[0.379s] Invoked command in '/home/unitree/go2slam/build/go2_slam' returned '0': CMAKE_PREFIX_PATH=${CMAKE_PREFIX_PATH}:/opt/ros/jazzy /usr/bin/cmake --build /home/unitree/go2slam/build/go2_slam -- -j6 -l6
[0.381s] Invoking command in '/home/unitree/go2slam/build/go2_slam': CMAKE_PREFIX_PATH=${CMAKE_PREFIX_PATH}:/opt/ros/jazzy /usr/bin/cmake --install /home/unitree/go2slam/build/go2_slam
[0.496s] -- Install configuration: ""
[0.497s] -- Up-to-date: /home/unitree/go2slam/install/go2_slam/share/go2_slam/launch
[0.499s] -- Up-to-date: /home/unitree/go2slam/install/go2_slam/share/go2_slam/launch/__pycache__
[0.501s] -- Up-to-date: /home/unitree/go2slam/install/go2_slam/share/go2_slam/launch/__pycache__/go2_slamtoolbox.launch.cpython-312.pyc
[0.502s] -- Up-to-date: /home/unitree/go2slam/install/go2_slam/share/go2_slam/launch/go2_slamtoolbox.launch.py
[0.502s] -- Up-to-date: /home/unitree/go2slam/install/go2_slam/share/go2_slam/config
[0.503s] -- Up-to-date: /home/unitree/go2slam/install/go2_slam/share/go2_slam/config/mapper_params_online_async.yaml
[0.505s] -- Up-to-date: /home/unitree/go2slam/install/go2_slam/share/ament_index/resource_index/package_run_dependencies/go2_slam
[0.507s] -- Up-to-date: /home/unitree/go2slam/install/go2_slam/share/ament_index/resource_index/parent_prefix_path/go2_slam
[0.507s] -- Up-to-date: /home/unitree/go2slam/install/go2_slam/share/go2_slam/environment/ament_prefix_path.sh
[0.509s] -- Up-to-date: /home/unitree/go2slam/install/go2_slam/share/go2_slam/environment/ament_prefix_path.dsv
[0.510s] -- Up-to-date: /home/unitree/go2slam/install/go2_slam/share/go2_slam/environment/path.sh
[0.511s] -- Up-to-date: /home/unitree/go2slam/install/go2_slam/share/go2_slam/environment/path.dsv
[0.512s] -- Up-to-date: /home/unitree/go2slam/install/go2_slam/share/go2_slam/local_setup.bash
[0.516s] -- Up-to-date: /home/unitree/go2slam/install/go2_slam/share/go2_slam/local_setup.sh
[0.517s] -- Up-to-date: /home/unitree/go2slam/install/go2_slam/share/go2_slam/local_setup.zsh
[0.518s] -- Up-to-date: /home/unitree/go2slam/install/go2_slam/share/go2_slam/local_setup.dsv
[0.520s] -- Installing: /home/unitree/go2slam/install/go2_slam/share/go2_slam/package.dsv
[0.522s] -- Up-to-date: /home/unitree/go2slam/install/go2_slam/share/ament_index/resource_index/packages/go2_slam
[0.523s] -- Up-to-date: /home/unitree/go2slam/install/go2_slam/share/go2_slam/cmake/go2_slamConfig.cmake
[0.524s] -- Up-to-date: /home/unitree/go2slam/install/go2_slam/share/go2_slam/cmake/go2_slamConfig-version.cmake
[0.525s] -- Up-to-date: /home/unitree/go2slam/install/go2_slam/share/go2_slam/package.xml
[0.529s] Invoked command in '/home/unitree/go2slam/build/go2_slam' returned '0': CMAKE_PREFIX_PATH=${CMAKE_PREFIX_PATH}:/opt/ros/jazzy /usr/bin/cmake --install /home/unitree/go2slam/build/go2_slam
