[0.054s] Invoking command in '/home/unitree/go2slam/build/go2_slam': CMAKE_PREFIX_PATH=${CMAKE_PREFIX_PATH}:/opt/ros/jazzy /usr/bin/cmake --build /home/unitree/go2slam/build/go2_slam -- -j6 -l6
[0.211s] Invoked command in '/home/unitree/go2slam/build/go2_slam' returned '0': CMAKE_PREFIX_PATH=${CMAKE_PREFIX_PATH}:/opt/ros/jazzy /usr/bin/cmake --build /home/unitree/go2slam/build/go2_slam -- -j6 -l6
[0.212s] Invoking command in '/home/unitree/go2slam/build/go2_slam': CMAKE_PREFIX_PATH=${CMAKE_PREFIX_PATH}:/opt/ros/jazzy /usr/bin/cmake --install /home/unitree/go2slam/build/go2_slam
[0.267s] -- Install configuration: ""
[0.276s] -- Up-to-date: /home/unitree/go2slam/install/go2_slam/share/go2_slam/launch
[0.277s] -- Up-to-date: /home/unitree/go2slam/install/go2_slam/share/go2_slam/launch/__pycache__
[0.277s] -- Up-to-date: /home/unitree/go2slam/install/go2_slam/share/go2_slam/launch/__pycache__/go2_slamtoolbox.launch.cpython-312.pyc
[0.312s] -- Up-to-date: /home/unitree/go2slam/install/go2_slam/share/go2_slam/launch/go2_slamtoolbox.launch.py
[0.312s] -- Up-to-date: /home/unitree/go2slam/install/go2_slam/share/go2_slam/config
[0.312s] -- Up-to-date: /home/unitree/go2slam/install/go2_slam/share/go2_slam/config/mapper_params_online_async.yaml
[0.312s] -- Up-to-date: /home/unitree/go2slam/install/go2_slam/share/ament_index/resource_index/package_run_dependencies/go2_slam
[0.312s] -- Up-to-date: /home/unitree/go2slam/install/go2_slam/share/ament_index/resource_index/parent_prefix_path/go2_slam
[0.313s] -- Up-to-date: /home/unitree/go2slam/install/go2_slam/share/go2_slam/environment/ament_prefix_path.sh
[0.313s] -- Up-to-date: /home/unitree/go2slam/install/go2_slam/share/go2_slam/environment/ament_prefix_path.dsv
[0.313s] -- Up-to-date: /home/unitree/go2slam/install/go2_slam/share/go2_slam/environment/path.sh
[0.313s] -- Up-to-date: /home/unitree/go2slam/install/go2_slam/share/go2_slam/environment/path.dsv
[0.313s] -- Up-to-date: /home/unitree/go2slam/install/go2_slam/share/go2_slam/local_setup.bash
[0.313s] -- Up-to-date: /home/unitree/go2slam/install/go2_slam/share/go2_slam/local_setup.sh
[0.314s] -- Up-to-date: /home/unitree/go2slam/install/go2_slam/share/go2_slam/local_setup.zsh
[0.318s] -- Up-to-date: /home/unitree/go2slam/install/go2_slam/share/go2_slam/local_setup.dsv
[0.318s] -- Installing: /home/unitree/go2slam/install/go2_slam/share/go2_slam/package.dsv
[0.318s] -- Up-to-date: /home/unitree/go2slam/install/go2_slam/share/ament_index/resource_index/packages/go2_slam
[0.318s] -- Up-to-date: /home/unitree/go2slam/install/go2_slam/share/go2_slam/cmake/go2_slamConfig.cmake
[0.319s] -- Up-to-date: /home/unitree/go2slam/install/go2_slam/share/go2_slam/cmake/go2_slamConfig-version.cmake
[0.319s] -- Up-to-date: /home/unitree/go2slam/install/go2_slam/share/go2_slam/package.xml
[0.402s] Invoked command in '/home/unitree/go2slam/build/go2_slam' returned '0': CMAKE_PREFIX_PATH=${CMAKE_PREFIX_PATH}:/opt/ros/jazzy /usr/bin/cmake --install /home/unitree/go2slam/build/go2_slam
