[0.026s] Invoking command in '/home/unitree/go2slam/build/go2_twist_bridge': AMENT_PREFIX_PATH=/home/unitree/go2slam/install/unitree_api:${AMENT_PREFIX_PATH} CMAKE_PREFIX_PATH=/home/unitree/go2slam/install/unitree_api:/opt/ros/jazzy/opt/gz_sim_vendor:/opt/ros/jazzy/opt/gz_sensors_vendor:/opt/ros/jazzy/opt/gz_physics_vendor:/opt/ros/jazzy/opt/sdformat_vendor:/opt/ros/jazzy/opt/gz_gui_vendor:/opt/ros/jazzy/opt/gz_transport_vendor:/opt/ros/jazzy/opt/gz_rendering_vendor:/opt/ros/jazzy/opt/gz_plugin_vendor:/opt/ros/jazzy/opt/gz_fuel_tools_vendor:/opt/ros/jazzy/opt/gz_msgs_vendor:/opt/ros/jazzy/opt/gz_common_vendor:/opt/ros/jazzy/opt/gz_math_vendor:/opt/ros/jazzy/opt/gz_utils_vendor:/opt/ros/jazzy/opt/gz_tools_vendor:/opt/ros/jazzy/opt/gz_ogre_next_vendor:/opt/ros/jazzy/opt/gz_dartsim_vendor:/opt/ros/jazzy/opt/gz_cmake_vendor:/opt/ros/jazzy LD_LIBRARY_PATH=/home/unitree/go2slam/install/unitree_api/lib:${LD_LIBRARY_PATH} PYTHONPATH=/home/unitree/go2slam/install/unitree_api/lib/python3.12/site-packages:${PYTHONPATH} /usr/bin/cmake --build /home/unitree/go2slam/build/go2_twist_bridge -- -j6 -l6
[0.206s] [100%] Built target twist_bridge
[0.253s] Invoked command in '/home/unitree/go2slam/build/go2_twist_bridge' returned '0': AMENT_PREFIX_PATH=/home/unitree/go2slam/install/unitree_api:${AMENT_PREFIX_PATH} CMAKE_PREFIX_PATH=/home/unitree/go2slam/install/unitree_api:/opt/ros/jazzy/opt/gz_sim_vendor:/opt/ros/jazzy/opt/gz_sensors_vendor:/opt/ros/jazzy/opt/gz_physics_vendor:/opt/ros/jazzy/opt/sdformat_vendor:/opt/ros/jazzy/opt/gz_gui_vendor:/opt/ros/jazzy/opt/gz_transport_vendor:/opt/ros/jazzy/opt/gz_rendering_vendor:/opt/ros/jazzy/opt/gz_plugin_vendor:/opt/ros/jazzy/opt/gz_fuel_tools_vendor:/opt/ros/jazzy/opt/gz_msgs_vendor:/opt/ros/jazzy/opt/gz_common_vendor:/opt/ros/jazzy/opt/gz_math_vendor:/opt/ros/jazzy/opt/gz_utils_vendor:/opt/ros/jazzy/opt/gz_tools_vendor:/opt/ros/jazzy/opt/gz_ogre_next_vendor:/opt/ros/jazzy/opt/gz_dartsim_vendor:/opt/ros/jazzy/opt/gz_cmake_vendor:/opt/ros/jazzy LD_LIBRARY_PATH=/home/unitree/go2slam/install/unitree_api/lib:${LD_LIBRARY_PATH} PYTHONPATH=/home/unitree/go2slam/install/unitree_api/lib/python3.12/site-packages:${PYTHONPATH} /usr/bin/cmake --build /home/unitree/go2slam/build/go2_twist_bridge -- -j6 -l6
[0.254s] Invoking command in '/home/unitree/go2slam/build/go2_twist_bridge': AMENT_PREFIX_PATH=/home/unitree/go2slam/install/unitree_api:${AMENT_PREFIX_PATH} CMAKE_PREFIX_PATH=/home/unitree/go2slam/install/unitree_api:/opt/ros/jazzy/opt/gz_sim_vendor:/opt/ros/jazzy/opt/gz_sensors_vendor:/opt/ros/jazzy/opt/gz_physics_vendor:/opt/ros/jazzy/opt/sdformat_vendor:/opt/ros/jazzy/opt/gz_gui_vendor:/opt/ros/jazzy/opt/gz_transport_vendor:/opt/ros/jazzy/opt/gz_rendering_vendor:/opt/ros/jazzy/opt/gz_plugin_vendor:/opt/ros/jazzy/opt/gz_fuel_tools_vendor:/opt/ros/jazzy/opt/gz_msgs_vendor:/opt/ros/jazzy/opt/gz_common_vendor:/opt/ros/jazzy/opt/gz_math_vendor:/opt/ros/jazzy/opt/gz_utils_vendor:/opt/ros/jazzy/opt/gz_tools_vendor:/opt/ros/jazzy/opt/gz_ogre_next_vendor:/opt/ros/jazzy/opt/gz_dartsim_vendor:/opt/ros/jazzy/opt/gz_cmake_vendor:/opt/ros/jazzy LD_LIBRARY_PATH=/home/unitree/go2slam/install/unitree_api/lib:${LD_LIBRARY_PATH} PYTHONPATH=/home/unitree/go2slam/install/unitree_api/lib/python3.12/site-packages:${PYTHONPATH} /usr/bin/cmake --install /home/unitree/go2slam/build/go2_twist_bridge
[0.263s] -- Install configuration: ""
[0.263s] -- Up-to-date: /home/unitree/go2slam/install/go2_twist_bridge/lib/go2_twist_bridge/twist_bridge
[0.265s] -- Up-to-date: /home/unitree/go2slam/install/go2_twist_bridge/share/ament_index/resource_index/package_run_dependencies/go2_twist_bridge
[0.266s] -- Up-to-date: /home/unitree/go2slam/install/go2_twist_bridge/share/ament_index/resource_index/parent_prefix_path/go2_twist_bridge
[0.266s] -- Up-to-date: /home/unitree/go2slam/install/go2_twist_bridge/share/go2_twist_bridge/environment/ament_prefix_path.sh
[0.266s] -- Up-to-date: /home/unitree/go2slam/install/go2_twist_bridge/share/go2_twist_bridge/environment/ament_prefix_path.dsv
[0.267s] -- Up-to-date: /home/unitree/go2slam/install/go2_twist_bridge/share/go2_twist_bridge/environment/path.sh
[0.267s] -- Up-to-date: /home/unitree/go2slam/install/go2_twist_bridge/share/go2_twist_bridge/environment/path.dsv
[0.268s] -- Up-to-date: /home/unitree/go2slam/install/go2_twist_bridge/share/go2_twist_bridge/local_setup.bash
[0.268s] -- Up-to-date: /home/unitree/go2slam/install/go2_twist_bridge/share/go2_twist_bridge/local_setup.sh
[0.268s] -- Up-to-date: /home/unitree/go2slam/install/go2_twist_bridge/share/go2_twist_bridge/local_setup.zsh
[0.270s] -- Up-to-date: /home/unitree/go2slam/install/go2_twist_bridge/share/go2_twist_bridge/local_setup.dsv
[0.271s] -- Installing: /home/unitree/go2slam/install/go2_twist_bridge/share/go2_twist_bridge/package.dsv
[0.271s] -- Up-to-date: /home/unitree/go2slam/install/go2_twist_bridge/share/ament_index/resource_index/packages/go2_twist_bridge
[0.272s] -- Up-to-date: /home/unitree/go2slam/install/go2_twist_bridge/share/go2_twist_bridge/cmake/go2_twist_bridgeConfig.cmake
[0.272s] -- Up-to-date: /home/unitree/go2slam/install/go2_twist_bridge/share/go2_twist_bridge/cmake/go2_twist_bridgeConfig-version.cmake
[0.273s] -- Up-to-date: /home/unitree/go2slam/install/go2_twist_bridge/share/go2_twist_bridge/package.xml
[0.302s] Invoked command in '/home/unitree/go2slam/build/go2_twist_bridge' returned '0': AMENT_PREFIX_PATH=/home/unitree/go2slam/install/unitree_api:${AMENT_PREFIX_PATH} CMAKE_PREFIX_PATH=/home/unitree/go2slam/install/unitree_api:/opt/ros/jazzy/opt/gz_sim_vendor:/opt/ros/jazzy/opt/gz_sensors_vendor:/opt/ros/jazzy/opt/gz_physics_vendor:/opt/ros/jazzy/opt/sdformat_vendor:/opt/ros/jazzy/opt/gz_gui_vendor:/opt/ros/jazzy/opt/gz_transport_vendor:/opt/ros/jazzy/opt/gz_rendering_vendor:/opt/ros/jazzy/opt/gz_plugin_vendor:/opt/ros/jazzy/opt/gz_fuel_tools_vendor:/opt/ros/jazzy/opt/gz_msgs_vendor:/opt/ros/jazzy/opt/gz_common_vendor:/opt/ros/jazzy/opt/gz_math_vendor:/opt/ros/jazzy/opt/gz_utils_vendor:/opt/ros/jazzy/opt/gz_tools_vendor:/opt/ros/jazzy/opt/gz_ogre_next_vendor:/opt/ros/jazzy/opt/gz_dartsim_vendor:/opt/ros/jazzy/opt/gz_cmake_vendor:/opt/ros/jazzy LD_LIBRARY_PATH=/home/unitree/go2slam/install/unitree_api/lib:${LD_LIBRARY_PATH} PYTHONPATH=/home/unitree/go2slam/install/unitree_api/lib/python3.12/site-packages:${PYTHONPATH} /usr/bin/cmake --install /home/unitree/go2slam/build/go2_twist_bridge
