[0.051s] Invoking command in '/home/unitree/go2slam/build/go2_description': CMAKE_PREFIX_PATH=${CMAKE_PREFIX_PATH}:/opt/ros/jazzy /usr/bin/cmake --build /home/unitree/go2slam/build/go2_description -- -j6 -l6
[0.193s] Invoked command in '/home/unitree/go2slam/build/go2_description' returned '0': CMAKE_PREFIX_PATH=${CMAKE_PREFIX_PATH}:/opt/ros/jazzy /usr/bin/cmake --build /home/unitree/go2slam/build/go2_description -- -j6 -l6
[0.223s] Invoking command in '/home/unitree/go2slam/build/go2_description': CMAKE_PREFIX_PATH=${CMAKE_PREFIX_PATH}:/opt/ros/jazzy /usr/bin/cmake --install /home/unitree/go2slam/build/go2_description
[0.267s] -- Install configuration: ""
[0.268s] -- Up-to-date: /home/unitree/go2slam/install/go2_description/share/go2_description/launch
[0.277s] -- Up-to-date: /home/unitree/go2slam/install/go2_description/share/go2_description/launch/display.launch.py
[0.277s] -- Up-to-date: /home/unitree/go2slam/install/go2_description/share/go2_description/launch/__pycache__
[0.278s] -- Up-to-date: /home/unitree/go2slam/install/go2_description/share/go2_description/launch/__pycache__/display.launch.cpython-312.pyc
[0.278s] -- Up-to-date: /home/unitree/go2slam/install/go2_description/share/go2_description/urdf
[0.279s] -- Up-to-date: /home/unitree/go2slam/install/go2_description/share/go2_description/urdf/Amended_collision_model.png
[0.279s] -- Up-to-date: /home/unitree/go2slam/install/go2_description/share/go2_description/urdf/Normal_collision_model.png
[0.280s] -- Up-to-date: /home/unitree/go2slam/install/go2_description/share/go2_description/urdf/go2_description.urdf
[0.281s] -- Up-to-date: /home/unitree/go2slam/install/go2_description/share/go2_description/urdf/.history
[0.281s] -- Up-to-date: /home/unitree/go2slam/install/go2_description/share/go2_description/urdf/.history/go2_description_20230905115226.urdf
[0.282s] -- Up-to-date: /home/unitree/go2slam/install/go2_description/share/go2_description/urdf/.history/go2_description_20230905112752.urdf
[0.283s] -- Up-to-date: /home/unitree/go2slam/install/go2_description/share/go2_description/urdf/.history/go2_description_20230905115300.urdf
[0.288s] -- Up-to-date: /home/unitree/go2slam/install/go2_description/share/go2_description/urdf/.history/go2_description_20230905112944.urdf
[0.289s] -- Up-to-date: /home/unitree/go2slam/install/go2_description/share/go2_description/urdf/.history/go2_description_20230904193711.urdf
[0.289s] -- Up-to-date: /home/unitree/go2slam/install/go2_description/share/go2_description/urdf/.history/go2_description_20230905112143.urdf
[0.290s] -- Up-to-date: /home/unitree/go2slam/install/go2_description/share/go2_description/urdf/.history/go2_description_20230905113633.urdf
[0.292s] -- Up-to-date: /home/unitree/go2slam/install/go2_description/share/go2_description/urdf/.history/go2_description_20230905112749.urdf
[0.292s] -- Up-to-date: /home/unitree/go2slam/install/go2_description/share/go2_description/urdf/.history/go2_description_20230904144240.urdf
[0.293s] -- Up-to-date: /home/unitree/go2slam/install/go2_description/share/go2_description/urdf/.history/go2_description_20230905115022.urdf
[0.293s] -- Up-to-date: /home/unitree/go2slam/install/go2_description/share/go2_description/urdf/.history/go2_description_20230905113754.urdf
[0.294s] -- Up-to-date: /home/unitree/go2slam/install/go2_description/share/go2_description/urdf/.history/go2_description_20230905114759.urdf
[0.294s] -- Up-to-date: /home/unitree/go2slam/install/go2_description/share/go2_description/urdf/.history/go2_description_20230905113000.urdf
[0.295s] -- Up-to-date: /home/unitree/go2slam/install/go2_description/share/go2_description/urdf/.history/go2_description_20230904182446.urdf
[0.295s] -- Up-to-date: /home/unitree/go2slam/install/go2_description/share/go2_description/urdf/.history/go2_description_20230904193653.urdf
[0.296s] -- Up-to-date: /home/unitree/go2slam/install/go2_description/share/go2_description/urdf/.history/go2_description_20230904193710.urdf
[0.296s] -- Up-to-date: /home/unitree/go2slam/install/go2_description/share/go2_description/urdf/.history/go2_description_20230905113059.urdf
[0.297s] -- Up-to-date: /home/unitree/go2slam/install/go2_description/share/go2_description/urdf/.history/go2_description_20230905112735.urdf
[0.306s] -- Up-to-date: /home/unitree/go2slam/install/go2_description/share/go2_description/urdf/.history/go2_description_20230905112047.urdf
[0.306s] -- Up-to-date: /home/unitree/go2slam/install/go2_description/share/go2_description/urdf/.history/go2_description_20230905113755.urdf
[0.307s] -- Up-to-date: /home/unitree/go2slam/install/go2_description/share/go2_description/urdf/.history/go2_description_20230905113840.urdf
[0.307s] -- Up-to-date: /home/unitree/go2slam/install/go2_description/share/go2_description/urdf/.history/go2_description_20230905115040.urdf
[0.308s] -- Up-to-date: /home/unitree/go2slam/install/go2_description/share/go2_description/urdf/.history/go2_description_20230904193644.urdf
[0.308s] -- Up-to-date: /home/unitree/go2slam/install/go2_description/share/go2_description/urdf/.history/go2_description_20230905112217.urdf
[0.309s] -- Up-to-date: /home/unitree/go2slam/install/go2_description/share/go2_description/urdf/.history/go2_description_20230904193705.urdf
[0.309s] -- Up-to-date: /home/unitree/go2slam/install/go2_description/share/go2_description/urdf/.history/go2_description_20230905114819.urdf
[0.309s] -- Up-to-date: /home/unitree/go2slam/install/go2_description/share/go2_description/urdf/.history/go2_description_20230905115021.urdf
[0.310s] -- Up-to-date: /home/unitree/go2slam/install/go2_description/share/go2_description/urdf/.history/go2_description_20230905115313.urdf
[0.310s] -- Up-to-date: /home/unitree/go2slam/install/go2_description/share/go2_description/urdf/.history/go2_description_20230904193628.urdf
[0.310s] -- Up-to-date: /home/unitree/go2slam/install/go2_description/share/go2_description/urdf/.history/go2_description_20230905113839.urdf
[0.310s] -- Up-to-date: /home/unitree/go2slam/install/go2_description/share/go2_description/urdf/.history/go2_description_20230905115215.urdf
[0.310s] -- Up-to-date: /home/unitree/go2slam/install/go2_description/share/go2_description/dae
[0.310s] -- Up-to-date: /home/unitree/go2slam/install/go2_description/share/go2_description/dae/hip.dae
[0.310s] -- Up-to-date: /home/unitree/go2slam/install/go2_description/share/go2_description/dae/calf_mirror.dae
[0.311s] -- Up-to-date: /home/unitree/go2slam/install/go2_description/share/go2_description/dae/base.dae
[0.311s] -- Up-to-date: /home/unitree/go2slam/install/go2_description/share/go2_description/dae/thigh.dae
[0.311s] -- Up-to-date: /home/unitree/go2slam/install/go2_description/share/go2_description/dae/foot.dae
[0.311s] -- Up-to-date: /home/unitree/go2slam/install/go2_description/share/go2_description/dae/calf.dae
[0.311s] -- Up-to-date: /home/unitree/go2slam/install/go2_description/share/go2_description/dae/thigh_mirror.dae
[0.315s] -- Up-to-date: /home/unitree/go2slam/install/go2_description/share/go2_description/meshes
[0.334s] -- Up-to-date: /home/unitree/go2slam/install/go2_description/share/go2_description/meshes/hip.dae
[0.335s] -- Up-to-date: /home/unitree/go2slam/install/go2_description/share/go2_description/meshes/calf_mirror.dae
[0.335s] -- Up-to-date: /home/unitree/go2slam/install/go2_description/share/go2_description/meshes/thigh.dae
[0.335s] -- Up-to-date: /home/unitree/go2slam/install/go2_description/share/go2_description/meshes/trunk.dae
[0.335s] -- Up-to-date: /home/unitree/go2slam/install/go2_description/share/go2_description/meshes/foot.dae
[0.335s] -- Up-to-date: /home/unitree/go2slam/install/go2_description/share/go2_description/meshes/calf.dae
[0.336s] -- Up-to-date: /home/unitree/go2slam/install/go2_description/share/go2_description/meshes/thigh_mirror.dae
[0.336s] -- Up-to-date: /home/unitree/go2slam/install/go2_description/share/ament_index/resource_index/package_run_dependencies/go2_description
[0.337s] -- Up-to-date: /home/unitree/go2slam/install/go2_description/share/ament_index/resource_index/parent_prefix_path/go2_description
[0.337s] -- Up-to-date: /home/unitree/go2slam/install/go2_description/share/go2_description/environment/ament_prefix_path.sh
[0.338s] -- Up-to-date: /home/unitree/go2slam/install/go2_description/share/go2_description/environment/ament_prefix_path.dsv
[0.338s] -- Up-to-date: /home/unitree/go2slam/install/go2_description/share/go2_description/environment/path.sh
[0.338s] -- Up-to-date: /home/unitree/go2slam/install/go2_description/share/go2_description/environment/path.dsv
[0.339s] -- Up-to-date: /home/unitree/go2slam/install/go2_description/share/go2_description/local_setup.bash
[0.339s] -- Up-to-date: /home/unitree/go2slam/install/go2_description/share/go2_description/local_setup.sh
[0.339s] -- Up-to-date: /home/unitree/go2slam/install/go2_description/share/go2_description/local_setup.zsh
[0.339s] -- Up-to-date: /home/unitree/go2slam/install/go2_description/share/go2_description/local_setup.dsv
[0.339s] -- Installing: /home/unitree/go2slam/install/go2_description/share/go2_description/package.dsv
[0.341s] -- Up-to-date: /home/unitree/go2slam/install/go2_description/share/ament_index/resource_index/packages/go2_description
[0.342s] -- Up-to-date: /home/unitree/go2slam/install/go2_description/share/go2_description/cmake/go2_descriptionConfig.cmake
[0.342s] -- Up-to-date: /home/unitree/go2slam/install/go2_description/share/go2_description/cmake/go2_descriptionConfig-version.cmake
[0.342s] -- Up-to-date: /home/unitree/go2slam/install/go2_description/share/go2_description/package.xml
[0.343s] Invoked command in '/home/unitree/go2slam/build/go2_description' returned '0': CMAKE_PREFIX_PATH=${CMAKE_PREFIX_PATH}:/opt/ros/jazzy /usr/bin/cmake --install /home/unitree/go2slam/build/go2_description
