[0.086s] Invoking command in '/home/unitree/go2slam/build/unitree_hg': CMAKE_PREFIX_PATH=${CMAKE_PREFIX_PATH}:/home/unitree/unitree_ros2/install/unitree_hg:/home/unitree/unitree_ros2/install/unitree_go:/home/unitree/unitree_ros2/install/unitree_api:/opt/ros/jazzy /usr/bin/cmake /home/unitree/go2slam/unitree_ros2/cyclonedds_ws/src/unitree/unitree_hg -DCMAKE_INSTALL_PREFIX=/home/unitree/go2slam/install/unitree_hg
[0.376s] -- The C compiler identification is GNU 13.3.0
[0.582s] -- The CXX compiler identification is GNU 13.3.0
[0.694s] -- Detecting C compiler ABI info
[1.065s] -- Detecting C compiler ABI info - done
[1.093s] -- Check for working C compiler: /usr/bin/cc - skipped
[1.094s] -- Detecting C compile features
[1.095s] -- Detecting C compile features - done
[1.131s] -- Detecting CXX compiler ABI info
[1.495s] -- Detecting CXX compiler ABI info - done
[1.517s] -- Check for working CXX compiler: /usr/bin/c++ - skipped
[1.519s] -- Detecting CXX compile features
[1.524s] -- Detecting CXX compile features - done
[1.542s] -- Found ament_cmake: 2.5.6 (/opt/ros/jazzy/share/ament_cmake/cmake)
[1.942s] -- Found Python3: /usr/bin/python3 (found version "3.12.3") found components: Interpreter 
[2.420s] -- Found geometry_msgs: 5.3.7 (/opt/ros/jazzy/share/geometry_msgs/cmake)
[2.629s] -- Found rosidl_generator_c: 4.6.7 (/opt/ros/jazzy/share/rosidl_generator_c/cmake)
[2.699s] -- Found rosidl_generator_cpp: 4.6.7 (/opt/ros/jazzy/share/rosidl_generator_cpp/cmake)
[2.770s] -- Using all available rosidl_typesupport_c: rosidl_typesupport_fastrtps_c;rosidl_typesupport_introspection_c
[2.844s] -- Using all available rosidl_typesupport_cpp: rosidl_typesupport_fastrtps_cpp;rosidl_typesupport_introspection_cpp
[2.989s] -- Found rosidl_default_generators: 1.6.0 (/opt/ros/jazzy/share/rosidl_default_generators/cmake)
[3.084s] -- Found rosidl_adapter: 4.6.7 (/opt/ros/jazzy/share/rosidl_adapter/cmake)
[3.103s] -- Found rosidl_generator_dds_idl: 0.11.1 (/opt/ros/jazzy/share/rosidl_generator_dds_idl/cmake)
[4.637s] -- Found ament_cmake_ros: 0.12.0 (/opt/ros/jazzy/share/ament_cmake_ros/cmake)
[6.706s] -- Using all available rosidl_typesupport_c: rosidl_typesupport_fastrtps_c;rosidl_typesupport_introspection_c
[7.503s] -- Using all available rosidl_typesupport_cpp: rosidl_typesupport_fastrtps_cpp;rosidl_typesupport_introspection_cpp
[7.519s] -- Found python_cmake_module: 0.11.1 (/opt/ros/jazzy/share/python_cmake_module/cmake)
[7.797s] -- Found PythonExtra: /usr/bin/python3  
[8.872s] -- Found Python3: /usr/bin/python3 (found version "3.12.3") found components: Interpreter Development NumPy Development.Module Development.Embed 
[9.132s] -- Found Python3: /usr/bin/python3 (found version "3.12.3") found components: Interpreter 
[9.209s] -- Found ament_lint_auto: 0.17.5 (/opt/ros/jazzy/share/ament_lint_auto/cmake)
[9.341s] -- Added test 'copyright' to check source files copyright and LICENSE
[9.346s] -- Added test 'lint_cmake' to check CMake code style
[9.350s] -- Added test 'xmllint' to check XML markup files
[9.360s] -- Configuring done (9.2s)
[9.502s] -- Generating done (0.1s)
[9.528s] -- Build files have been written to: /home/unitree/go2slam/build/unitree_hg
