[ 33%] Built target cloud_accumulation
[ 66%] Built target pointcloud_to_laserscan_node
[100%] Built target pointcloud_to_laserscan
-- Install configuration: ""
-- Installing: /home/unitree/go2slam/install/go2_perception/lib/go2_perception/pointcloud_to_laserscan_node
-- Set non-toolchain portion of runtime path of "/home/unitree/go2slam/install/go2_perception/lib/go2_perception/pointcloud_to_laserscan_node" to ""
-- Up-to-date: /home/unitree/go2slam/install/go2_perception/lib/libpointcloud_to_laserscan.so
-- Up-to-date: /home/unitree/go2slam/install/go2_perception/lib/go2_perception/cloud_accumulation
-- Up-to-date: /home/unitree/go2slam/install/go2_perception/share/go2_perception/launch
-- Up-to-date: /home/unitree/go2slam/install/go2_perception/share/go2_perception/launch/__pycache__
-- Installing: /home/unitree/go2slam/install/go2_perception/share/go2_perception/launch/__pycache__/go2_pointcloud.launch.cpython-312.pyc
-- Installing: /home/unitree/go2slam/install/go2_perception/share/go2_perception/launch/go2_pointcloud.launch.py
-- Up-to-date: /home/unitree/go2slam/install/go2_perception/share/ament_index/resource_index/package_run_dependencies/go2_perception
-- Installing: /home/unitree/go2slam/install/go2_perception/share/ament_index/resource_index/parent_prefix_path/go2_perception
-- Installing: /home/unitree/go2slam/install/go2_perception/share/go2_perception/environment/ament_prefix_path.sh
-- Up-to-date: /home/unitree/go2slam/install/go2_perception/share/go2_perception/environment/ament_prefix_path.dsv
-- Installing: /home/unitree/go2slam/install/go2_perception/share/go2_perception/environment/path.sh
-- Up-to-date: /home/unitree/go2slam/install/go2_perception/share/go2_perception/environment/path.dsv
-- Up-to-date: /home/unitree/go2slam/install/go2_perception/share/go2_perception/local_setup.bash
-- Up-to-date: /home/unitree/go2slam/install/go2_perception/share/go2_perception/local_setup.sh
-- Up-to-date: /home/unitree/go2slam/install/go2_perception/share/go2_perception/local_setup.zsh
-- Up-to-date: /home/unitree/go2slam/install/go2_perception/share/go2_perception/local_setup.dsv
-- Up-to-date: /home/unitree/go2slam/install/go2_perception/share/go2_perception/package.dsv
-- Up-to-date: /home/unitree/go2slam/install/go2_perception/share/ament_index/resource_index/packages/go2_perception
-- Up-to-date: /home/unitree/go2slam/install/go2_perception/share/ament_index/resource_index/rclcpp_components/go2_perception
-- Up-to-date: /home/unitree/go2slam/install/go2_perception/share/go2_perception/cmake/go2_perceptionConfig.cmake
-- Up-to-date: /home/unitree/go2slam/install/go2_perception/share/go2_perception/cmake/go2_perceptionConfig-version.cmake
-- Installing: /home/unitree/go2slam/install/go2_perception/share/go2_perception/package.xml
