[0.082s] Invoking command in '/home/unitree/go2slam/build/go2_mapping_only': CMAKE_PREFIX_PATH=${CMAKE_PREFIX_PATH}:/opt/ros/jazzy /usr/bin/cmake --build /home/unitree/go2slam/build/go2_mapping_only -- -j6 -l6
[0.247s] -- Found ament_cmake: 2.5.6 (/opt/ros/jazzy/share/ament_cmake/cmake)
[1.750s] -- Found rclcpp: 28.1.18 (/opt/ros/jazzy/share/rclcpp/cmake)
[1.901s] -- Found rosidl_generator_c: 4.6.7 (/opt/ros/jazzy/share/rosidl_generator_c/cmake)
[1.960s] -- Found rosidl_generator_cpp: 4.6.7 (/opt/ros/jazzy/share/rosidl_generator_cpp/cmake)
[2.066s] -- Using all available rosidl_typesupport_c: rosidl_typesupport_fastrtps_c;rosidl_typesupport_introspection_c
[2.205s] -- Using all available rosidl_typesupport_cpp: rosidl_typesupport_fastrtps_cpp;rosidl_typesupport_introspection_cpp
[2.680s] -- Found rmw_implementation_cmake: 7.3.3 (/opt/ros/jazzy/share/rmw_implementation_cmake/cmake)
[2.697s] -- Found rmw_fastrtps_cpp: 8.4.3 (/opt/ros/jazzy/share/rmw_fastrtps_cpp/cmake)
[3.134s] -- Using RMW implementation 'rmw_fastrtps_cpp' as default
[3.420s] -- Found sensor_msgs: 5.3.7 (/opt/ros/jazzy/share/sensor_msgs/cmake)
[3.751s] -- Found nav_msgs: 5.3.7 (/opt/ros/jazzy/share/nav_msgs/cmake)
[3.840s] -- Found tf2: 0.36.20 (/opt/ros/jazzy/share/tf2/cmake)
[3.868s] -- Found tf2_ros: 0.36.20 (/opt/ros/jazzy/share/tf2_ros/cmake)
[4.480s] CMake Error at CMakeLists.txt:15 (find_package):
[4.481s]   By not providing "Findpcl_ros.cmake" in CMAKE_MODULE_PATH this project has
[4.495s]   asked CMake to find a package configuration file provided by "pcl_ros", but
[4.496s]   CMake did not find one.
[4.496s] 
[4.498s]   Could not find a package configuration file provided by "pcl_ros" with any
[4.498s]   of the following names:
[4.499s] 
[4.500s]     pcl_rosConfig.cmake
[4.501s]     pcl_ros-config.cmake
[4.502s] 
[4.503s]   Add the installation prefix of "pcl_ros" to CMAKE_PREFIX_PATH or set
[4.504s]   "pcl_ros_DIR" to a directory containing one of the above files.  If
[4.505s]   "pcl_ros" provides a separate development package or SDK, be sure it has
[4.506s]   been installed.
[4.507s] 
[4.508s] 
[4.509s] -- Configuring incomplete, errors occurred!
[4.576s] gmake: *** [Makefile:267: cmake_check_build_system] Error 1
[4.579s] Invoked command in '/home/unitree/go2slam/build/go2_mapping_only' returned '2': CMAKE_PREFIX_PATH=${CMAKE_PREFIX_PATH}:/opt/ros/jazzy /usr/bin/cmake --build /home/unitree/go2slam/build/go2_mapping_only -- -j6 -l6
